[50] pix=49.51 pamr=56.65
[100] pix=54.21 pamr=60.16
[150] pix=54.58 pamr=60.53
[200] pix=55.29 pamr=61.24
[250] pix=55.31 pamr=61.31
[300] pix=55.02 pamr=61.02
[350] pix=55.45 pamr=61.48
[400] pix=56.25 pamr=62.06
[450] pix=56.25 pamr=61.92
[500] pix=55.96 pamr=61.53
[550] pix=56.45 pamr=62.11
[600] pix=56.93 pamr=62.40
[650] pix=57.03 pamr=62.50
[700] pix=56.92 pamr=62.50
[750] pix=57.24 pamr=62.78
[800] pix=57.00 pamr=62.56
[850] pix=56.88 pamr=62.47
[900] pix=56.93 pamr=62.51
[950] pix=56.90 pamr=62.56
[1000] pix=56.86 pamr=62.54
[1050] pix=57.07 pamr=62.74
[1100] pix=57.31 pamr=63.01
[1150] pix=57.31 pamr=63.00
[1200] pix=57.31 pamr=63.03
[1250] pix=57.21 pamr=62.90
[1300] pix=57.02 pamr=62.68
{
 "pix": 56.93,
 "pix_pamr": 62.63
}
[50] pix=47.32 pamr=53.75
[100] pix=51.87 pamr=56.44
[150] pix=52.29 pamr=56.73
[200] pix=53.52 pamr=57.82
[250] pix=53.00 pamr=57.44
[300] pix=52.69 pamr=57.07
[350] pix=53.16 pamr=57.39
[400] pix=53.99 pamr=58.15
[450] pix=54.17 pamr=58.29
[500] pix=53.82 pamr=57.86
[550] pix=53.98 pamr=58.03
[600] pix=54.49 pamr=58.44
[650] pix=54.44 pamr=58.44
[700] pix=54.39 pamr=58.50
[750] pix=54.49 pamr=58.49
[800] pix=54.32 pamr=58.36
[850] pix=54.28 pamr=58.37
[900] pix=54.31 pamr=58.46
[950] pix=54.19 pamr=58.39
[1000] pix=54.18 pamr=58.41
[1050] pix=54.46 pamr=58.74
[1100] pix=54.67 pamr=58.99
[1150] pix=54.61 pamr=58.97
[1200] pix=54.48 pamr=58.78
[1250] pix=54.35 pamr=58.64
[1300] pix=54.27 pamr=58.57
{
 "pix": 54.11,
 "pix_pamr": 58.48
}
PAMR_DONE
