/media/dell/DATA/ovss/miniconda3/envs/ovss/lib/python3.10/site-packages/segment_anything/build_sam.py:105: FutureWarning: You are using `torch.load` with `weights_only=False` (the current default value), which uses the default pickle module implicitly. It is possible to construct malicious pickle data which will execute arbitrary code during unpickling (See https://github.com/pytorch/pytorch/blob/main/SECURITY.md#untrusted-models for more details). In a future release, the default value for `weights_only` will be flipped to `True`. This limits the functions that could be executed during unpickling. Arbitrary objects will no longer be allowed to be loaded via this mode unless they are explicitly allowlisted by the user via `torch.serialization.add_safe_globals`. We recommend you start setting `weights_only=True` for any use case where you don't have full control of the loaded file. Please open an issue on GitHub for any issues related to this experimental feature.
  state_dict = torch.load(f)
[10] pix=47.89 sam=51.66 samrand=51.66
[20] pix=35.04 sam=37.29 samrand=37.29
[30] pix=32.00 sam=34.54 samrand=34.54
[40] pix=29.58 sam=31.48 samrand=31.48
[50] pix=31.94 sam=33.85 samrand=33.85
[60] pix=32.47 sam=34.24 samrand=34.24
[70] pix=32.61 sam=33.21 samrand=33.21
[80] pix=33.89 sam=34.93 samrand=34.93
[90] pix=34.22 sam=35.04 samrand=35.04
[100] pix=34.40 sam=34.96 samrand=34.96
[110] pix=33.94 sam=34.76 samrand=34.76
[120] pix=33.65 sam=34.58 samrand=34.58
[130] pix=33.75 sam=34.83 samrand=34.83
[140] pix=33.99 sam=35.05 samrand=35.05
[150] pix=34.50 sam=35.96 samrand=35.96
[160] pix=34.35 sam=35.93 samrand=35.93
[170] pix=33.77 sam=35.11 samrand=35.11
[180] pix=34.29 sam=35.50 samrand=35.50
[190] pix=34.34 sam=35.57 samrand=35.57
[200] pix=34.30 sam=35.61 samrand=35.61
[210] pix=34.61 sam=35.92 samrand=35.92
[220] pix=34.73 sam=36.10 samrand=36.10
[230] pix=34.81 sam=36.20 samrand=36.20
[240] pix=34.89 sam=36.31 samrand=36.31
[250] pix=35.26 sam=36.70 samrand=36.70
[260] pix=35.17 sam=36.64 samrand=36.64
[270] pix=35.43 sam=36.91 samrand=36.91
[280] pix=35.18 sam=36.65 samrand=36.65
[290] pix=34.91 sam=36.30 samrand=36.30
[300] pix=34.75 sam=36.09 samrand=36.09
[310] pix=34.50 sam=35.91 samrand=35.91
[320] pix=34.55 sam=35.96 samrand=35.96
[330] pix=34.89 sam=36.55 samrand=36.55
[340] pix=34.91 sam=36.63 samrand=36.63
[350] pix=34.86 sam=36.47 samrand=36.47
[360] pix=34.80 sam=36.36 samrand=36.36
[370] pix=34.94 sam=36.45 samrand=36.45
[380] pix=34.93 sam=36.26 samrand=36.26
[390] pix=35.05 sam=36.46 samrand=36.46
[400] pix=35.11 sam=36.66 samrand=36.66
[410] pix=35.04 sam=36.57 samrand=36.57
[420] pix=34.95 sam=36.42 samrand=36.42
[430] pix=35.39 sam=36.80 samrand=36.80
[440] pix=35.68 sam=37.04 samrand=37.04
[450] pix=35.47 sam=36.82 samrand=36.82
[460] pix=35.36 sam=36.67 samrand=36.67
[470] pix=35.21 sam=36.52 samrand=36.52
[480] pix=35.28 sam=36.50 samrand=36.50
[490] pix=35.24 sam=36.49 samrand=36.49
[500] pix=35.21 sam=36.46 samrand=36.46
[510] pix=35.00 sam=36.42 samrand=36.42
[520] pix=35.06 sam=36.50 samrand=36.50
[530] pix=35.30 sam=36.70 samrand=36.70
[540] pix=35.11 sam=36.56 samrand=36.56
[550] pix=35.10 sam=36.56 samrand=36.56
[560] pix=35.23 sam=36.70 samrand=36.70
[570] pix=35.14 sam=36.64 samrand=36.64
[580] pix=35.02 sam=36.50 samrand=36.50
[590] pix=35.29 sam=36.75 samrand=36.75
[600] pix=35.23 sam=36.74 samrand=36.74
[610] pix=35.31 sam=36.73 samrand=36.73
[620] pix=35.24 sam=36.66 samrand=36.66
[630] pix=35.28 sam=36.71 samrand=36.71
[640] pix=35.25 sam=36.64 samrand=36.64
[650] pix=35.21 sam=36.60 samrand=36.60
[660] pix=34.97 sam=36.31 samrand=36.31
[670] pix=34.86 sam=36.21 samrand=36.21
[680] pix=35.02 sam=36.43 samrand=36.43
[690] pix=34.94 sam=36.39 samrand=36.39
[700] pix=34.95 sam=36.42 samrand=36.42
[710] pix=35.06 sam=36.50 samrand=36.50
[720] pix=35.08 sam=36.49 samrand=36.49
[730] pix=35.06 sam=36.44 samrand=36.44
[740] pix=35.04 sam=36.42 samrand=36.42
[750] pix=35.23 sam=36.60 samrand=36.60
[760] pix=35.29 sam=36.65 samrand=36.65
[770] pix=35.20 sam=36.53 samrand=36.53
[780] pix=35.18 sam=36.51 samrand=36.51
[790] pix=35.22 sam=36.51 samrand=36.51
[800] pix=35.12 sam=36.39 samrand=36.39
[810] pix=34.91 sam=36.21 samrand=36.21
[820] pix=34.97 sam=36.26 samrand=36.26
[830] pix=34.85 sam=36.10 samrand=36.10
[840] pix=34.76 sam=35.97 samrand=35.97
[850] pix=34.88 sam=36.10 samrand=36.10
[860] pix=34.93 sam=36.16 samrand=36.16
[870] pix=35.12 sam=36.26 samrand=36.26
[880] pix=35.12 sam=36.23 samrand=36.23
[890] pix=35.14 sam=36.24 samrand=36.24
[900] pix=35.19 sam=36.27 samrand=36.27
[910] pix=35.17 sam=36.27 samrand=36.27
[920] pix=35.29 sam=36.40 samrand=36.40
[930] pix=35.27 sam=36.37 samrand=36.37
[940] pix=35.19 sam=36.27 samrand=36.27
[950] pix=35.25 sam=36.33 samrand=36.33
[960] pix=35.26 sam=36.33 samrand=36.33
[970] pix=35.40 sam=36.43 samrand=36.43
[980] pix=35.47 sam=36.52 samrand=36.52
[990] pix=35.52 sam=36.56 samrand=36.56
[1000] pix=35.56 sam=36.65 samrand=36.65
[1010] pix=35.56 sam=36.65 samrand=36.65
[1020] pix=35.65 sam=36.75 samrand=36.75
[1030] pix=35.63 sam=36.73 samrand=36.73
[1040] pix=35.63 sam=36.72 samrand=36.72
[1050] pix=35.55 sam=36.64 samrand=36.64
[1060] pix=35.66 sam=36.74 samrand=36.74
[1070] pix=35.81 sam=36.89 samrand=36.89
[1080] pix=35.87 sam=36.94 samrand=36.94
[1090] pix=35.89 sam=36.96 samrand=36.96
[1100] pix=35.90 sam=37.00 samrand=37.00
[1110] pix=35.93 sam=36.99 samrand=36.99
[1120] pix=35.91 sam=36.97 samrand=36.97
[1130] pix=35.91 sam=36.97 samrand=36.97
[1140] pix=35.89 sam=36.97 samrand=36.97
[1150] pix=35.89 sam=36.95 samrand=36.95
[1160] pix=35.90 sam=36.92 samrand=36.92
[1170] pix=35.93 sam=36.96 samrand=36.96
[1180] pix=35.86 sam=36.90 samrand=36.90
[1190] pix=35.89 sam=36.93 samrand=36.93
[1200] pix=35.84 sam=36.89 samrand=36.89
[1210] pix=35.86 sam=36.90 samrand=36.90
[1220] pix=35.82 sam=36.83 samrand=36.83
[1230] pix=35.81 sam=36.81 samrand=36.81
[1240] pix=35.80 sam=36.80 samrand=36.80
[1250] pix=35.78 sam=36.77 samrand=36.77
[1260] pix=35.72 sam=36.69 samrand=36.69
[1270] pix=35.68 sam=36.65 samrand=36.65
[1280] pix=35.63 sam=36.59 samrand=36.59
[1290] pix=35.53 sam=36.49 samrand=36.49
[1300] pix=35.58 sam=36.52 samrand=36.52
[1310] pix=35.52 sam=36.47 samrand=36.47
[1320] pix=35.46 sam=36.42 samrand=36.42
[1330] pix=35.41 sam=36.36 samrand=36.36
[1340] pix=35.47 sam=36.42 samrand=36.42
{
 "pix_vabs": 35.6,
 "sam_reg_vabs": 36.6,
 "sam_reg_rand": 36.6
}
/media/dell/DATA/ovss/miniconda3/envs/ovss/lib/python3.10/site-packages/segment_anything/build_sam.py:105: FutureWarning: You are using `torch.load` with `weights_only=False` (the current default value), which uses the default pickle module implicitly. It is possible to construct malicious pickle data which will execute arbitrary code during unpickling (See https://github.com/pytorch/pytorch/blob/main/SECURITY.md#untrusted-models for more details). In a future release, the default value for `weights_only` will be flipped to `True`. This limits the functions that could be executed during unpickling. Arbitrary objects will no longer be allowed to be loaded via this mode unless they are explicitly allowlisted by the user via `torch.serialization.add_safe_globals`. We recommend you start setting `weights_only=True` for any use case where you don't have full control of the loaded file. Please open an issue on GitHub for any issues related to this experimental feature.
  state_dict = torch.load(f)
[10] pix=44.24 sam=46.82 samrand=46.82
[20] pix=31.90 sam=34.03 samrand=34.03
[30] pix=30.40 sam=32.48 samrand=32.48
[40] pix=30.11 sam=33.48 samrand=33.48
[50] pix=32.10 sam=35.41 samrand=35.41
[60] pix=33.00 sam=37.30 samrand=37.30
[70] pix=32.91 sam=34.60 samrand=34.60
[80] pix=34.54 sam=36.03 samrand=36.03
[90] pix=34.66 sam=35.88 samrand=35.88
[100] pix=35.02 sam=36.01 samrand=36.01
[110] pix=34.48 sam=35.43 samrand=35.43
[120] pix=34.24 sam=35.10 samrand=35.10
[130] pix=34.23 sam=35.13 samrand=35.13
[140] pix=34.33 sam=35.27 samrand=35.27
[150] pix=34.68 sam=35.72 samrand=35.72
[160] pix=34.52 sam=35.75 samrand=35.75
[170] pix=34.41 sam=35.51 samrand=35.51
[180] pix=34.75 sam=35.78 samrand=35.78
[190] pix=34.87 sam=35.91 samrand=35.91
[200] pix=34.89 sam=35.95 samrand=35.95
[210] pix=35.10 sam=36.08 samrand=36.08
[220] pix=35.33 sam=36.30 samrand=36.30
[230] pix=35.41 sam=36.42 samrand=36.42
[240] pix=35.08 sam=35.98 samrand=35.98
[250] pix=35.45 sam=36.36 samrand=36.36
[260] pix=35.47 sam=36.41 samrand=36.41
[270] pix=35.76 sam=36.77 samrand=36.77
[280] pix=35.47 sam=36.54 samrand=36.54
[290] pix=35.02 sam=35.88 samrand=35.88
[300] pix=34.89 sam=35.75 samrand=35.75
[310] pix=34.56 sam=35.46 samrand=35.46
[320] pix=34.61 sam=35.25 samrand=35.25
[330] pix=34.78 sam=35.55 samrand=35.55
[340] pix=34.78 sam=35.51 samrand=35.51
[350] pix=34.69 sam=35.46 samrand=35.46
[360] pix=34.61 sam=35.34 samrand=35.34
[370] pix=34.74 sam=35.38 samrand=35.38
[380] pix=34.75 sam=35.27 samrand=35.27
[390] pix=34.81 sam=35.47 samrand=35.47
[400] pix=34.86 sam=35.51 samrand=35.51
[410] pix=34.81 sam=35.42 samrand=35.42
[420] pix=34.71 sam=35.33 samrand=35.33
[430] pix=35.13 sam=35.77 samrand=35.77
[440] pix=35.49 sam=36.10 samrand=36.10
[450] pix=35.26 sam=35.94 samrand=35.94
[460] pix=35.15 sam=35.74 samrand=35.74
[470] pix=35.02 sam=35.63 samrand=35.63
[480] pix=35.01 sam=35.57 samrand=35.57
[490] pix=35.01 sam=35.58 samrand=35.58
[500] pix=34.95 sam=35.50 samrand=35.50
[510] pix=34.73 sam=35.40 samrand=35.40
[520] pix=34.80 sam=35.46 samrand=35.46
[530] pix=34.95 sam=35.65 samrand=35.65
[540] pix=34.80 sam=35.50 samrand=35.50
[550] pix=34.79 sam=35.48 samrand=35.48
[560] pix=34.91 sam=35.55 samrand=35.55
[570] pix=34.76 sam=35.33 samrand=35.33
[580] pix=34.59 sam=35.19 samrand=35.19
[590] pix=34.85 sam=35.48 samrand=35.48
[600] pix=34.73 sam=35.39 samrand=35.39
[610] pix=34.76 sam=35.41 samrand=35.41
[620] pix=34.65 sam=35.33 samrand=35.33
[630] pix=34.67 sam=35.38 samrand=35.38
[640] pix=34.67 sam=35.40 samrand=35.40
[650] pix=34.66 sam=35.33 samrand=35.33
[660] pix=34.43 sam=35.11 samrand=35.11
[670] pix=34.30 sam=34.95 samrand=34.95
[680] pix=34.47 sam=35.22 samrand=35.22
[690] pix=34.40 sam=35.19 samrand=35.19
[700] pix=34.40 sam=35.21 samrand=35.21
[710] pix=34.49 sam=35.27 samrand=35.27
[720] pix=34.50 sam=35.25 samrand=35.25
[730] pix=34.45 sam=35.18 samrand=35.18
[740] pix=34.46 sam=35.15 samrand=35.15
[750] pix=34.67 sam=35.35 samrand=35.35
[760] pix=34.69 sam=35.34 samrand=35.34
[770] pix=34.57 sam=35.23 samrand=35.23
[780] pix=34.56 sam=35.18 samrand=35.18
[790] pix=34.56 sam=35.18 samrand=35.18
[800] pix=34.46 sam=35.09 samrand=35.09
[810] pix=34.32 sam=34.97 samrand=34.97
[820] pix=34.34 sam=34.99 samrand=34.99
[830] pix=34.18 sam=34.76 samrand=34.76
[840] pix=34.01 sam=34.55 samrand=34.55
[850] pix=34.10 sam=34.67 samrand=34.67
[860] pix=34.12 sam=34.68 samrand=34.68
[870] pix=34.29 sam=34.85 samrand=34.85
[880] pix=34.29 sam=34.84 samrand=34.84
[890] pix=34.29 sam=34.84 samrand=34.84
[900] pix=34.33 sam=34.89 samrand=34.89
[910] pix=34.30 sam=34.90 samrand=34.90
[920] pix=34.42 sam=35.02 samrand=35.02
[930] pix=34.38 sam=35.00 samrand=35.00
[940] pix=34.31 sam=34.86 samrand=34.86
[950] pix=34.37 sam=34.97 samrand=34.97
[960] pix=34.38 sam=34.98 samrand=34.98
[970] pix=34.50 sam=35.10 samrand=35.10
[980] pix=34.50 sam=35.09 samrand=35.09
[990] pix=34.57 sam=35.15 samrand=35.15
[1000] pix=34.62 sam=35.23 samrand=35.23
[1010] pix=34.65 sam=35.27 samrand=35.27
[1020] pix=34.71 sam=35.34 samrand=35.34
[1030] pix=34.70 sam=35.33 samrand=35.33
[1040] pix=34.67 sam=35.30 samrand=35.30
[1050] pix=34.56 sam=35.21 samrand=35.21
[1060] pix=34.67 sam=35.29 samrand=35.29
[1070] pix=34.81 sam=35.37 samrand=35.37
[1080] pix=34.83 sam=35.35 samrand=35.35
[1090] pix=34.85 sam=35.37 samrand=35.37
[1100] pix=34.85 sam=35.39 samrand=35.39
[1110] pix=34.87 sam=35.39 samrand=35.39
[1120] pix=34.84 sam=35.32 samrand=35.32
[1130] pix=34.81 sam=35.25 samrand=35.25
[1140] pix=34.76 sam=35.21 samrand=35.21
[1150] pix=34.74 sam=35.20 samrand=35.20
[1160] pix=34.82 sam=35.26 samrand=35.26
[1170] pix=34.87 sam=35.32 samrand=35.32
[1180] pix=34.81 sam=35.26 samrand=35.26
[1190] pix=34.85 sam=35.29 samrand=35.29
[1200] pix=34.80 sam=35.21 samrand=35.21
[1210] pix=34.86 sam=35.28 samrand=35.28
[1220] pix=34.82 sam=35.25 samrand=35.25
[1230] pix=34.81 sam=35.22 samrand=35.22
[1240] pix=34.77 sam=35.17 samrand=35.17
[1250] pix=34.75 sam=35.15 samrand=35.15
[1260] pix=34.71 sam=35.11 samrand=35.11
[1270] pix=34.68 sam=35.07 samrand=35.07
[1280] pix=34.64 sam=35.03 samrand=35.03
[1290] pix=34.61 sam=35.01 samrand=35.01
[1300] pix=34.66 sam=35.06 samrand=35.06
[1310] pix=34.61 sam=35.00 samrand=35.00
[1320] pix=34.56 sam=34.96 samrand=34.96
[1330] pix=34.53 sam=34.95 samrand=34.95
[1340] pix=34.59 sam=35.01 samrand=35.01
{
 "pix_vabs": 34.75,
 "sam_reg_vabs": 35.16,
 "sam_reg_rand": 35.16
}
/media/dell/DATA/ovss/miniconda3/envs/ovss/lib/python3.10/site-packages/segment_anything/build_sam.py:105: FutureWarning: You are using `torch.load` with `weights_only=False` (the current default value), which uses the default pickle module implicitly. It is possible to construct malicious pickle data which will execute arbitrary code during unpickling (See https://github.com/pytorch/pytorch/blob/main/SECURITY.md#untrusted-models for more details). In a future release, the default value for `weights_only` will be flipped to `True`. This limits the functions that could be executed during unpickling. Arbitrary objects will no longer be allowed to be loaded via this mode unless they are explicitly allowlisted by the user via `torch.serialization.add_safe_globals`. We recommend you start setting `weights_only=True` for any use case where you don't have full control of the loaded file. Please open an issue on GitHub for any issues related to this experimental feature.
  state_dict = torch.load(f)
[10] pix=38.69 sam=46.75 samrand=46.75
[20] pix=27.22 sam=31.59 samrand=31.59
[30] pix=26.98 sam=31.88 samrand=31.88
[40] pix=25.43 sam=29.83 samrand=29.83
[50] pix=27.34 sam=32.32 samrand=32.32
[60] pix=28.19 sam=33.75 samrand=33.75
[70] pix=28.95 sam=34.43 samrand=34.43
[80] pix=30.53 sam=36.23 samrand=36.23
[90] pix=30.58 sam=36.13 samrand=36.13
[100] pix=30.88 sam=36.05 samrand=36.05
[110] pix=30.79 sam=35.99 samrand=35.99
[120] pix=30.77 sam=35.95 samrand=35.95
[130] pix=30.48 sam=35.73 samrand=35.73
[140] pix=30.75 sam=36.11 samrand=36.11
[150] pix=30.98 sam=36.56 samrand=36.56
[160] pix=31.02 sam=36.51 samrand=36.51
[170] pix=30.78 sam=36.18 samrand=36.18
[180] pix=31.08 sam=36.45 samrand=36.45
[190] pix=31.35 sam=36.73 samrand=36.73
[200] pix=31.20 sam=36.82 samrand=36.82
[210] pix=31.51 sam=36.96 samrand=36.96
[220] pix=31.37 sam=36.82 samrand=36.82
[230] pix=31.46 sam=36.85 samrand=36.85
[240] pix=31.44 sam=36.71 samrand=36.71
[250] pix=31.70 sam=36.76 samrand=36.76
[260] pix=31.68 sam=36.81 samrand=36.81
[270] pix=32.08 sam=37.24 samrand=37.24
[280] pix=31.90 sam=37.10 samrand=37.10
[290] pix=31.80 sam=36.97 samrand=36.97
[300] pix=31.76 sam=36.99 samrand=36.99
[310] pix=31.48 sam=36.91 samrand=36.91
[320] pix=31.75 sam=37.19 samrand=37.19
[330] pix=32.07 sam=37.84 samrand=37.84
[340] pix=32.05 sam=37.92 samrand=37.92
[350] pix=31.84 sam=37.71 samrand=37.71
[360] pix=31.88 sam=37.72 samrand=37.72
[370] pix=31.95 sam=37.68 samrand=37.68
[380] pix=32.01 sam=37.80 samrand=37.80
[390] pix=32.07 sam=37.79 samrand=37.79
[400] pix=32.17 sam=37.93 samrand=37.93
[410] pix=32.09 sam=37.90 samrand=37.90
[420] pix=32.00 sam=37.62 samrand=37.62
[430] pix=32.42 sam=38.09 samrand=38.09
[440] pix=32.65 sam=38.56 samrand=38.56
[450] pix=32.48 sam=38.44 samrand=38.44
[460] pix=32.38 sam=38.30 samrand=38.30
[470] pix=32.24 sam=38.14 samrand=38.14
[480] pix=32.31 sam=38.25 samrand=38.25
[490] pix=32.32 sam=38.30 samrand=38.30
[500] pix=32.26 sam=38.28 samrand=38.28
[510] pix=32.17 sam=38.35 samrand=38.35
[520] pix=32.22 sam=38.39 samrand=38.39
[530] pix=32.43 sam=38.60 samrand=38.60
[540] pix=32.30 sam=38.46 samrand=38.46
[550] pix=32.36 sam=38.55 samrand=38.55
[560] pix=32.53 sam=38.69 samrand=38.69
[570] pix=32.50 sam=38.69 samrand=38.69
[580] pix=32.44 sam=38.65 samrand=38.65
[590] pix=32.62 sam=38.86 samrand=38.86
[600] pix=32.57 sam=38.86 samrand=38.86
[610] pix=32.57 sam=38.90 samrand=38.90
[620] pix=32.49 sam=38.73 samrand=38.73
[630] pix=32.54 sam=38.81 samrand=38.81
[640] pix=32.59 sam=38.89 samrand=38.89
[650] pix=32.57 sam=38.79 samrand=38.79
[660] pix=32.40 sam=38.56 samrand=38.56
[670] pix=32.35 sam=38.44 samrand=38.44
[680] pix=32.49 sam=38.71 samrand=38.71
[690] pix=32.42 sam=38.62 samrand=38.62
[700] pix=32.43 sam=38.68 samrand=38.68
[710] pix=32.50 sam=38.70 samrand=38.70
[720] pix=32.54 sam=38.77 samrand=38.77
[730] pix=32.56 sam=38.73 samrand=38.73
[740] pix=32.52 sam=38.63 samrand=38.63
[750] pix=32.67 sam=38.73 samrand=38.73
[760] pix=32.73 sam=38.83 samrand=38.83
[770] pix=32.64 sam=38.73 samrand=38.73
[780] pix=32.54 sam=38.82 samrand=38.82
[790] pix=32.61 sam=38.81 samrand=38.81
[800] pix=32.53 sam=38.69 samrand=38.69
[810] pix=32.38 sam=38.46 samrand=38.46
[820] pix=32.41 sam=38.58 samrand=38.58
[830] pix=32.34 sam=38.43 samrand=38.43
[840] pix=32.32 sam=38.39 samrand=38.39
[850] pix=32.40 sam=38.45 samrand=38.45
[860] pix=32.46 sam=38.55 samrand=38.55
[870] pix=32.55 sam=38.60 samrand=38.60
[880] pix=32.57 sam=38.63 samrand=38.63
[890] pix=32.56 sam=38.58 samrand=38.58
[900] pix=32.58 sam=38.66 samrand=38.66
[910] pix=32.57 sam=38.68 samrand=38.68
[920] pix=32.57 sam=38.76 samrand=38.76
[930] pix=32.58 sam=38.76 samrand=38.76
[940] pix=32.57 sam=38.74 samrand=38.74
[950] pix=32.61 sam=38.81 samrand=38.81
[960] pix=32.62 sam=38.75 samrand=38.75
[970] pix=32.69 sam=38.85 samrand=38.85
[980] pix=32.71 sam=38.88 samrand=38.88
[990] pix=32.72 sam=38.89 samrand=38.89
[1000] pix=32.73 sam=38.88 samrand=38.88
[1010] pix=32.75 sam=38.88 samrand=38.88
[1020] pix=32.83 sam=38.94 samrand=38.94
[1030] pix=32.87 sam=38.98 samrand=38.98
[1040] pix=32.89 sam=38.99 samrand=38.99
[1050] pix=32.84 sam=38.95 samrand=38.95
[1060] pix=32.89 sam=38.97 samrand=38.97
[1070] pix=32.99 sam=39.10 samrand=39.10
[1080] pix=33.08 sam=39.18 samrand=39.18
[1090] pix=33.07 sam=39.20 samrand=39.20
[1100] pix=33.05 sam=39.21 samrand=39.21
[1110] pix=33.10 sam=39.25 samrand=39.25
[1120] pix=33.09 sam=39.25 samrand=39.25
[1130] pix=33.06 sam=39.25 samrand=39.25
[1140] pix=33.07 sam=39.29 samrand=39.29
[1150] pix=33.06 sam=39.30 samrand=39.30
[1160] pix=33.04 sam=39.27 samrand=39.27
[1170] pix=33.06 sam=39.32 samrand=39.32
[1180] pix=33.03 sam=39.31 samrand=39.31
[1190] pix=33.06 sam=39.35 samrand=39.35
[1200] pix=33.02 sam=39.22 samrand=39.22
[1210] pix=33.03 sam=39.23 samrand=39.23
[1220] pix=33.01 sam=39.25 samrand=39.25
[1230] pix=33.00 sam=39.24 samrand=39.24
[1240] pix=33.00 sam=39.24 samrand=39.24
[1250] pix=32.98 sam=39.24 samrand=39.24
[1260] pix=32.93 sam=39.24 samrand=39.24
[1270] pix=32.86 sam=39.15 samrand=39.15
[1280] pix=32.86 sam=39.13 samrand=39.13
[1290] pix=32.80 sam=39.02 samrand=39.02
[1300] pix=32.81 sam=39.04 samrand=39.04
[1310] pix=32.75 sam=38.98 samrand=38.98
[1320] pix=32.73 sam=38.93 samrand=38.93
[1330] pix=32.69 sam=38.82 samrand=38.82
[1340] pix=32.72 sam=38.89 samrand=38.89
{
 "pix_vabs": 32.78,
 "sam_reg_vabs": 39.02,
 "sam_reg_rand": 39.02
}
/media/dell/DATA/ovss/miniconda3/envs/ovss/lib/python3.10/site-packages/segment_anything/build_sam.py:105: FutureWarning: You are using `torch.load` with `weights_only=False` (the current default value), which uses the default pickle module implicitly. It is possible to construct malicious pickle data which will execute arbitrary code during unpickling (See https://github.com/pytorch/pytorch/blob/main/SECURITY.md#untrusted-models for more details). In a future release, the default value for `weights_only` will be flipped to `True`. This limits the functions that could be executed during unpickling. Arbitrary objects will no longer be allowed to be loaded via this mode unless they are explicitly allowlisted by the user via `torch.serialization.add_safe_globals`. We recommend you start setting `weights_only=True` for any use case where you don't have full control of the loaded file. Please open an issue on GitHub for any issues related to this experimental feature.
  state_dict = torch.load(f)
[10] pix=47.29 sam=51.13 samrand=51.13
[20] pix=32.50 sam=35.35 samrand=35.35
[30] pix=31.42 sam=34.60 samrand=34.60
[40] pix=30.10 sam=34.82 samrand=34.82
[50] pix=31.97 sam=37.16 samrand=37.16
[60] pix=32.39 sam=37.81 samrand=37.81
[70] pix=33.43 sam=37.89 samrand=37.89
[80] pix=35.07 sam=39.11 samrand=39.11
[90] pix=35.45 sam=39.04 samrand=39.04
[100] pix=35.82 sam=39.22 samrand=39.22
[110] pix=35.57 sam=38.78 samrand=38.78
[120] pix=35.28 sam=38.43 samrand=38.43
[130] pix=35.44 sam=38.54 samrand=38.54
[140] pix=35.69 sam=38.95 samrand=38.95
[150] pix=35.89 sam=39.36 samrand=39.36
[160] pix=35.83 sam=39.09 samrand=39.09
[170] pix=35.69 sam=38.92 samrand=38.92
[180] pix=36.17 sam=39.20 samrand=39.20
[190] pix=36.48 sam=39.52 samrand=39.52
[200] pix=36.45 sam=39.75 samrand=39.75
[210] pix=36.68 sam=39.86 samrand=39.86
[220] pix=36.76 sam=40.02 samrand=40.02
[230] pix=36.90 sam=40.05 samrand=40.05
[240] pix=36.66 sam=39.67 samrand=39.67
[250] pix=36.89 sam=39.73 samrand=39.73
[260] pix=36.94 sam=39.79 samrand=39.79
[270] pix=37.16 sam=40.05 samrand=40.05
[280] pix=36.87 sam=39.75 samrand=39.75
[290] pix=36.62 sam=39.31 samrand=39.31
[300] pix=36.54 sam=39.30 samrand=39.30
[310] pix=36.23 sam=38.93 samrand=38.93
[320] pix=36.30 sam=38.92 samrand=38.92
[330] pix=36.50 sam=39.58 samrand=39.58
[340] pix=36.49 sam=39.71 samrand=39.71
[350] pix=36.43 sam=39.69 samrand=39.69
[360] pix=36.46 sam=39.73 samrand=39.73
[370] pix=36.65 sam=39.84 samrand=39.84
[380] pix=36.69 sam=39.96 samrand=39.96
[390] pix=36.76 sam=40.23 samrand=40.23
[400] pix=36.88 sam=40.33 samrand=40.33
[410] pix=36.85 sam=40.30 samrand=40.30
[420] pix=36.80 sam=40.28 samrand=40.28
[430] pix=37.20 sam=40.67 samrand=40.67
[440] pix=37.44 sam=41.04 samrand=41.04
[450] pix=37.10 sam=40.65 samrand=40.65
[460] pix=36.94 sam=40.54 samrand=40.54
[470] pix=36.79 sam=40.32 samrand=40.32
[480] pix=36.77 sam=40.24 samrand=40.24
[490] pix=36.80 sam=40.24 samrand=40.24
[500] pix=36.75 sam=40.16 samrand=40.16
[510] pix=36.58 sam=40.09 samrand=40.09
[520] pix=36.58 sam=40.06 samrand=40.06
[530] pix=36.74 sam=40.19 samrand=40.19
[540] pix=36.60 sam=39.97 samrand=39.97
[550] pix=36.61 sam=39.98 samrand=39.98
[560] pix=36.80 sam=40.15 samrand=40.15
[570] pix=36.68 sam=39.99 samrand=39.99
[580] pix=36.53 sam=39.83 samrand=39.83
[590] pix=36.79 sam=40.07 samrand=40.07
[600] pix=36.67 sam=39.95 samrand=39.95
[610] pix=36.69 sam=39.87 samrand=39.87
[620] pix=36.53 sam=39.71 samrand=39.71
[630] pix=36.58 sam=39.74 samrand=39.74
[640] pix=36.62 sam=39.78 samrand=39.78
[650] pix=36.63 sam=39.81 samrand=39.81
[660] pix=36.37 sam=39.44 samrand=39.44
[670] pix=36.31 sam=39.31 samrand=39.31
[680] pix=36.45 sam=39.54 samrand=39.54
[690] pix=36.40 sam=39.53 samrand=39.53
[700] pix=36.45 sam=39.56 samrand=39.56
[710] pix=36.57 sam=39.67 samrand=39.67
[720] pix=36.59 sam=39.70 samrand=39.70
[730] pix=36.55 sam=39.61 samrand=39.61
[740] pix=36.59 sam=39.61 samrand=39.61
[750] pix=36.82 sam=39.83 samrand=39.83
[760] pix=36.84 sam=39.77 samrand=39.77
[770] pix=36.73 sam=39.64 samrand=39.64
[780] pix=36.67 sam=39.61 samrand=39.61
[790] pix=36.73 sam=39.65 samrand=39.65
[800] pix=36.65 sam=39.53 samrand=39.53
[810] pix=36.47 sam=39.33 samrand=39.33
[820] pix=36.49 sam=39.37 samrand=39.37
[830] pix=36.37 sam=39.27 samrand=39.27
[840] pix=36.26 sam=39.16 samrand=39.16
[850] pix=36.35 sam=39.21 samrand=39.21
[860] pix=36.37 sam=39.21 samrand=39.21
[870] pix=36.55 sam=39.36 samrand=39.36
[880] pix=36.54 sam=39.36 samrand=39.36
[890] pix=36.53 sam=39.33 samrand=39.33
[900] pix=36.60 sam=39.38 samrand=39.38
[910] pix=36.56 sam=39.36 samrand=39.36
[920] pix=36.66 sam=39.49 samrand=39.49
[930] pix=36.62 sam=39.38 samrand=39.38
[940] pix=36.57 sam=39.31 samrand=39.31
[950] pix=36.62 sam=39.37 samrand=39.37
[960] pix=36.64 sam=39.37 samrand=39.37
[970] pix=36.74 sam=39.51 samrand=39.51
[980] pix=36.75 sam=39.49 samrand=39.49
[990] pix=36.81 sam=39.54 samrand=39.54
[1000] pix=36.83 sam=39.59 samrand=39.59
[1010] pix=36.87 sam=39.63 samrand=39.63
[1020] pix=36.97 sam=39.72 samrand=39.72
[1030] pix=37.00 sam=39.73 samrand=39.73
[1040] pix=36.97 sam=39.68 samrand=39.68
[1050] pix=36.85 sam=39.53 samrand=39.53
[1060] pix=36.96 sam=39.65 samrand=39.65
[1070] pix=37.08 sam=39.77 samrand=39.77
[1080] pix=37.12 sam=39.83 samrand=39.83
[1090] pix=37.13 sam=39.82 samrand=39.82
[1100] pix=37.09 sam=39.81 samrand=39.81
[1110] pix=37.11 sam=39.82 samrand=39.82
[1120] pix=37.08 sam=39.78 samrand=39.78
[1130] pix=37.08 sam=39.77 samrand=39.77
[1140] pix=37.05 sam=39.75 samrand=39.75
[1150] pix=37.02 sam=39.73 samrand=39.73
[1160] pix=37.08 sam=39.79 samrand=39.79
[1170] pix=37.14 sam=39.84 samrand=39.84
[1180] pix=37.07 sam=39.77 samrand=39.77
[1190] pix=37.11 sam=39.85 samrand=39.85
[1200] pix=37.06 sam=39.78 samrand=39.78
[1210] pix=37.10 sam=39.82 samrand=39.82
[1220] pix=37.05 sam=39.77 samrand=39.77
[1230] pix=37.04 sam=39.78 samrand=39.78
[1240] pix=37.02 sam=39.73 samrand=39.73
[1250] pix=36.99 sam=39.70 samrand=39.70
[1260] pix=36.95 sam=39.64 samrand=39.64
[1270] pix=36.89 sam=39.57 samrand=39.57
[1280] pix=36.86 sam=39.52 samrand=39.52
[1290] pix=36.84 sam=39.48 samrand=39.48
[1300] pix=36.89 sam=39.54 samrand=39.54
[1310] pix=36.83 sam=39.46 samrand=39.46
[1320] pix=36.78 sam=39.40 samrand=39.40
[1330] pix=36.74 sam=39.37 samrand=39.37
[1340] pix=36.81 sam=39.44 samrand=39.44
{
 "pix_vabs": 36.93,
 "sam_reg_vabs": 39.59,
 "sam_reg_rand": 39.59
}
PLAIN_DONE
