++ dirname queue_clean.sh
+ cd .
+ R=/media/dell/DATA/ovss/runs
+ CK=/media/dell/DATA/ovss/checkpoints/sam_vit_b_01ec64.pth
+ PV=perturbed_vocabs
+ for M in sclip clearclip maskclip naclip
+ python probe_d1sam.py --variant sclip --dataset voc21 --offset 0 --limit 100000 --skip-dev --vabs-vocab perturbed_vocabs/voc21_plain_vabs64.json --rand-vocab perturbed_vocabs/voc21_plain_randneg64.json --sam-ckpt /media/dell/DATA/ovss/checkpoints/sam_vit_b_01ec64.pth --out /media/dell/DATA/ovss/runs/clean_voc_sclip.json
/media/dell/DATA/ovss/miniconda3/envs/ovss/lib/python3.10/site-packages/segment_anything/build_sam.py:105: FutureWarning: You are using `torch.load` with `weights_only=False` (the current default value), which uses the default pickle module implicitly. It is possible to construct malicious pickle data which will execute arbitrary code during unpickling (See https://github.com/pytorch/pytorch/blob/main/SECURITY.md#untrusted-models for more details). In a future release, the default value for `weights_only` will be flipped to `True`. This limits the functions that could be executed during unpickling. Arbitrary objects will no longer be allowed to be loaded via this mode unless they are explicitly allowlisted by the user via `torch.serialization.add_safe_globals`. We recommend you start setting `weights_only=True` for any use case where you don't have full control of the loaded file. Please open an issue on GitHub for any issues related to this experimental feature.
  state_dict = torch.load(f)
[10] pix=55.32 sam=57.72 samrand=56.10
[20] pix=47.11 sam=49.63 samrand=45.86
[30] pix=45.91 sam=48.67 samrand=45.64
[40] pix=46.29 sam=50.99 samrand=48.37
[50] pix=50.30 sam=55.66 samrand=51.77
[60] pix=51.50 sam=57.60 samrand=53.03
[70] pix=50.62 sam=54.67 samrand=53.37
[80] pix=53.42 sam=57.35 samrand=53.83
[90] pix=53.90 sam=58.12 samrand=54.15
[100] pix=53.81 sam=57.86 samrand=54.37
[110] pix=53.88 sam=57.81 samrand=53.94
[120] pix=54.01 sam=57.92 samrand=54.30
[130] pix=54.53 sam=58.66 samrand=54.48
[140] pix=54.29 sam=58.30 samrand=54.42
[150] pix=53.77 sam=57.59 samrand=54.35
[160] pix=53.84 sam=57.60 samrand=54.32
[170] pix=53.17 sam=56.79 samrand=53.42
[180] pix=53.72 sam=57.40 samrand=53.66
[190] pix=54.23 sam=57.85 samrand=54.21
[200] pix=54.41 sam=58.12 samrand=54.49
[210] pix=54.24 sam=57.89 samrand=54.32
[220] pix=54.06 sam=57.66 samrand=54.36
[230] pix=54.03 sam=57.63 samrand=54.04
[240] pix=54.05 sam=57.77 samrand=53.77
[250] pix=54.13 sam=57.66 samrand=54.05
[260] pix=53.90 sam=57.35 samrand=53.28
[270] pix=54.40 sam=57.85 samrand=53.88
[280] pix=54.14 sam=57.58 samrand=53.72
[290] pix=53.71 sam=57.16 samrand=53.46
[300] pix=53.62 sam=57.04 samrand=53.28
[310] pix=53.50 sam=56.86 samrand=53.29
[320] pix=53.69 sam=56.82 samrand=53.54
[330] pix=54.11 sam=57.20 samrand=53.91
[340] pix=54.45 sam=57.51 samrand=54.37
[350] pix=54.34 sam=57.32 samrand=54.45
[360] pix=54.43 sam=57.44 samrand=54.15
[370] pix=54.56 sam=57.44 samrand=54.08
[380] pix=54.68 sam=57.55 samrand=54.25
[390] pix=54.98 sam=57.81 samrand=54.69
[400] pix=55.21 sam=58.05 samrand=54.84
[410] pix=55.07 sam=57.90 samrand=54.36
[420] pix=54.79 sam=57.64 samrand=54.00
[430] pix=55.36 sam=58.22 samrand=54.57
[440] pix=55.84 sam=58.91 samrand=55.06
[450] pix=55.76 sam=58.92 samrand=55.00
[460] pix=55.35 sam=58.33 samrand=54.49
[470] pix=55.29 sam=58.26 samrand=54.32
[480] pix=55.34 sam=58.37 samrand=54.34
[490] pix=55.41 sam=58.46 samrand=54.48
[500] pix=55.45 sam=58.48 samrand=54.47
[510] pix=55.28 sam=58.21 samrand=54.24
[520] pix=55.28 sam=58.25 samrand=54.25
[530] pix=55.52 sam=58.47 samrand=54.45
[540] pix=55.52 sam=58.52 samrand=54.54
[550] pix=55.56 sam=58.67 samrand=54.57
[560] pix=55.73 sam=58.84 samrand=54.78
[570] pix=55.77 sam=58.79 samrand=54.68
[580] pix=55.79 sam=58.80 samrand=54.67
[590] pix=56.07 sam=59.10 samrand=54.92
[600] pix=56.02 sam=59.11 samrand=54.87
[610] pix=55.98 sam=59.00 samrand=54.80
[620] pix=55.86 sam=58.87 samrand=54.76
[630] pix=55.82 sam=58.83 samrand=54.70
[640] pix=55.90 sam=58.96 samrand=54.50
[650] pix=55.91 sam=58.94 samrand=54.49
[660] pix=55.65 sam=58.70 samrand=54.32
[670] pix=55.56 sam=58.58 samrand=54.15
[680] pix=55.79 sam=59.01 samrand=54.55
[690] pix=55.83 sam=59.03 samrand=54.62
[700] pix=55.89 sam=59.12 samrand=54.61
[710] pix=55.91 sam=59.21 samrand=54.61
[720] pix=55.96 sam=59.33 samrand=54.71
[730] pix=55.80 sam=59.12 samrand=54.58
[740] pix=55.66 sam=58.84 samrand=54.38
[750] pix=55.81 sam=59.01 samrand=54.54
[760] pix=55.77 sam=58.94 samrand=54.54
[770] pix=55.70 sam=58.88 samrand=54.50
[780] pix=55.66 sam=58.93 samrand=54.48
[790] pix=55.75 sam=58.96 samrand=54.47
[800] pix=55.66 sam=58.84 samrand=54.36
[810] pix=55.51 sam=58.69 samrand=54.19
[820] pix=55.57 sam=58.74 samrand=54.15
[830] pix=55.53 sam=58.73 samrand=54.02
[840] pix=55.52 sam=58.80 samrand=54.08
[850] pix=55.64 sam=58.93 samrand=54.22
[860] pix=55.80 sam=59.10 samrand=54.34
[870] pix=55.89 sam=59.14 samrand=54.49
[880] pix=55.92 sam=59.20 samrand=54.47
[890] pix=55.77 sam=59.02 samrand=54.34
[900] pix=55.84 sam=59.15 samrand=54.47
[910] pix=55.86 sam=59.18 samrand=54.48
[920] pix=55.79 sam=59.07 samrand=54.28
[930] pix=55.73 sam=59.06 samrand=54.17
[940] pix=55.68 sam=58.97 samrand=54.18
[950] pix=55.80 sam=59.10 samrand=54.26
[960] pix=55.72 sam=58.96 samrand=54.12
[970] pix=55.81 sam=59.06 samrand=54.23
[980] pix=55.77 sam=59.02 samrand=54.09
[990] pix=55.76 sam=58.98 samrand=54.09
[1000] pix=55.71 sam=58.92 samrand=54.05
[1010] pix=55.78 sam=58.96 samrand=54.08
[1020] pix=55.84 sam=59.04 samrand=54.13
[1030] pix=55.85 sam=59.04 samrand=54.12
[1040] pix=55.90 sam=59.11 samrand=54.17
[1050] pix=55.90 sam=59.15 samrand=54.04
[1060] pix=55.86 sam=59.11 samrand=53.98
[1070] pix=55.90 sam=59.16 samrand=54.07
[1080] pix=56.06 sam=59.29 samrand=54.20
[1090] pix=56.15 sam=59.38 samrand=54.10
[1100] pix=56.17 sam=59.42 samrand=54.09
[1110] pix=56.13 sam=59.36 samrand=54.07
[1120] pix=56.15 sam=59.33 samrand=54.06
[1130] pix=56.13 sam=59.35 samrand=53.92
[1140] pix=56.09 sam=59.33 samrand=53.85
[1150] pix=56.12 sam=59.38 samrand=53.85
[1160] pix=55.97 sam=59.15 samrand=53.78
[1170] pix=56.03 sam=59.21 samrand=53.78
[1180] pix=56.02 sam=59.17 samrand=53.76
[1190] pix=56.04 sam=59.25 samrand=53.88
[1200] pix=55.96 sam=59.14 samrand=53.79
[1210] pix=55.96 sam=59.17 samrand=53.82
[1220] pix=55.91 sam=59.10 samrand=53.82
[1230] pix=55.86 sam=59.07 samrand=53.78
[1240] pix=55.85 sam=59.07 samrand=53.76
[1250] pix=55.81 sam=59.03 samrand=53.75
[1260] pix=55.78 sam=59.03 samrand=53.75
[1270] pix=55.76 sam=58.98 samrand=53.75
[1280] pix=55.81 sam=59.01 samrand=53.78
[1290] pix=55.61 sam=58.77 samrand=53.56
[1300] pix=55.62 sam=58.77 samrand=53.60
[1310] pix=55.51 sam=58.63 samrand=53.48
[1320] pix=55.44 sam=58.54 samrand=53.45
[1330] pix=55.40 sam=58.52 samrand=53.43
[1340] pix=55.46 sam=58.57 samrand=53.54
{
 "pix_vabs": 55.48,
 "sam_reg_vabs": 58.71,
 "sam_reg_rand": 53.63
}
+ for M in sclip clearclip maskclip naclip
+ python probe_d1sam.py --variant clearclip --dataset voc21 --offset 0 --limit 100000 --skip-dev --vabs-vocab perturbed_vocabs/voc21_plain_vabs64.json --rand-vocab perturbed_vocabs/voc21_plain_randneg64.json --sam-ckpt /media/dell/DATA/ovss/checkpoints/sam_vit_b_01ec64.pth --out /media/dell/DATA/ovss/runs/clean_voc_clearclip.json
/media/dell/DATA/ovss/miniconda3/envs/ovss/lib/python3.10/site-packages/segment_anything/build_sam.py:105: FutureWarning: You are using `torch.load` with `weights_only=False` (the current default value), which uses the default pickle module implicitly. It is possible to construct malicious pickle data which will execute arbitrary code during unpickling (See https://github.com/pytorch/pytorch/blob/main/SECURITY.md#untrusted-models for more details). In a future release, the default value for `weights_only` will be flipped to `True`. This limits the functions that could be executed during unpickling. Arbitrary objects will no longer be allowed to be loaded via this mode unless they are explicitly allowlisted by the user via `torch.serialization.add_safe_globals`. We recommend you start setting `weights_only=True` for any use case where you don't have full control of the loaded file. Please open an issue on GitHub for any issues related to this experimental feature.
  state_dict = torch.load(f)
[10] pix=54.16 sam=57.45 samrand=50.25
[20] pix=45.74 sam=49.15 samrand=46.11
[30] pix=43.91 sam=47.22 samrand=43.43
[40] pix=45.14 sam=50.58 samrand=46.49
[50] pix=48.32 sam=54.00 samrand=49.78
[60] pix=49.23 sam=55.69 samrand=51.57
[70] pix=50.71 sam=55.86 samrand=52.43
[80] pix=50.86 sam=54.58 samrand=51.33
[90] pix=51.10 sam=54.35 samrand=51.20
[100] pix=51.15 sam=54.38 samrand=50.60
[110] pix=51.21 sam=54.70 samrand=50.66
[120] pix=51.29 sam=54.85 samrand=50.59
[130] pix=51.50 sam=55.12 samrand=50.60
[140] pix=51.39 sam=54.87 samrand=49.82
[150] pix=51.07 sam=54.70 samrand=49.85
[160] pix=51.17 sam=54.85 samrand=50.13
[170] pix=51.00 sam=54.30 samrand=49.71
[180] pix=51.51 sam=54.75 samrand=49.98
[190] pix=51.97 sam=55.04 samrand=50.33
[200] pix=52.15 sam=55.46 samrand=50.47
[210] pix=51.86 sam=54.58 samrand=49.93
[220] pix=51.68 sam=54.42 samrand=49.83
[230] pix=51.82 sam=54.57 samrand=49.82
[240] pix=51.93 sam=54.82 samrand=49.93
[250] pix=51.97 sam=54.97 samrand=50.09
[260] pix=51.80 sam=54.80 samrand=49.89
[270] pix=52.26 sam=55.31 samrand=50.46
[280] pix=52.05 sam=55.13 samrand=50.28
[290] pix=51.48 sam=54.57 samrand=49.68
[300] pix=51.37 sam=54.50 samrand=49.58
[310] pix=51.20 sam=54.31 samrand=49.65
[320] pix=51.33 sam=54.37 samrand=49.77
[330] pix=51.68 sam=54.85 samrand=49.96
[340] pix=51.98 sam=55.11 samrand=50.23
[350] pix=51.90 sam=55.02 samrand=50.27
[360] pix=51.97 sam=55.10 samrand=50.15
[370] pix=52.11 sam=55.12 samrand=50.00
[380] pix=52.15 sam=55.03 samrand=50.04
[390] pix=52.41 sam=55.31 samrand=50.13
[400] pix=52.56 sam=55.45 samrand=50.27
[410] pix=52.45 sam=55.31 samrand=49.88
[420] pix=52.28 sam=55.07 samrand=49.74
[430] pix=52.84 sam=55.63 samrand=50.37
[440] pix=53.25 sam=56.15 samrand=51.05
[450] pix=53.17 sam=56.20 samrand=51.03
[460] pix=52.82 sam=55.83 samrand=50.65
[470] pix=52.69 sam=55.72 samrand=50.46
[480] pix=52.74 sam=55.79 samrand=50.46
[490] pix=52.74 sam=55.82 samrand=50.55
[500] pix=52.74 sam=55.86 samrand=50.47
[510] pix=52.65 sam=56.03 samrand=50.75
[520] pix=52.64 sam=56.07 samrand=50.69
[530] pix=52.86 sam=56.22 samrand=50.94
[540] pix=52.82 sam=56.16 samrand=50.92
[550] pix=52.86 sam=56.27 samrand=51.06
[560] pix=52.95 sam=56.28 samrand=51.06
[570] pix=53.04 sam=56.41 samrand=51.03
[580] pix=53.00 sam=56.40 samrand=51.02
[590] pix=53.29 sam=56.73 samrand=51.20
[600] pix=53.24 sam=56.71 samrand=51.14
[610] pix=53.14 sam=56.58 samrand=51.00
[620] pix=52.99 sam=56.45 samrand=50.93
[630] pix=52.93 sam=56.36 samrand=50.86
[640] pix=53.08 sam=56.51 samrand=50.79
[650] pix=53.11 sam=56.54 samrand=50.73
[660] pix=52.78 sam=56.19 samrand=50.42
[670] pix=52.69 sam=56.14 samrand=50.30
[680] pix=52.88 sam=56.33 samrand=50.48
[690] pix=52.94 sam=56.37 samrand=50.54
[700] pix=52.99 sam=56.49 samrand=50.53
[710] pix=53.02 sam=56.55 samrand=50.59
[720] pix=53.02 sam=56.61 samrand=50.65
[730] pix=52.87 sam=56.42 samrand=50.53
[740] pix=52.67 sam=56.17 samrand=50.33
[750] pix=52.94 sam=56.49 samrand=50.57
[760] pix=52.91 sam=56.26 samrand=50.59
[770] pix=52.84 sam=56.21 samrand=50.53
[780] pix=52.82 sam=56.27 samrand=50.46
[790] pix=52.85 sam=56.26 samrand=50.43
[800] pix=52.80 sam=56.19 samrand=50.36
[810] pix=52.69 sam=56.09 samrand=50.24
[820] pix=52.73 sam=56.13 samrand=50.22
[830] pix=52.67 sam=56.06 samrand=50.09
[840] pix=52.65 sam=56.06 samrand=50.12
[850] pix=52.73 sam=56.11 samrand=50.25
[860] pix=52.87 sam=56.26 samrand=50.39
[870] pix=52.98 sam=56.30 samrand=50.42
[880] pix=53.02 sam=56.33 samrand=50.40
[890] pix=52.84 sam=56.18 samrand=50.26
[900] pix=52.90 sam=56.32 samrand=50.35
[910] pix=52.94 sam=56.38 samrand=50.45
[920] pix=52.88 sam=56.29 samrand=50.32
[930] pix=52.85 sam=56.29 samrand=50.26
[940] pix=52.76 sam=56.11 samrand=50.13
[950] pix=52.87 sam=56.24 samrand=50.25
[960] pix=52.86 sam=56.33 samrand=50.18
[970] pix=52.98 sam=56.45 samrand=50.30
[980] pix=52.92 sam=56.37 samrand=50.21
[990] pix=52.93 sam=56.34 samrand=50.19
[1000] pix=52.91 sam=56.28 samrand=50.17
[1010] pix=53.01 sam=56.36 samrand=50.24
[1020] pix=53.10 sam=56.45 samrand=50.28
[1030] pix=53.11 sam=56.41 samrand=50.26
[1040] pix=53.16 sam=56.49 samrand=50.33
[1050] pix=53.16 sam=56.48 samrand=50.23
[1060] pix=53.18 sam=56.50 samrand=50.18
[1070] pix=53.19 sam=56.52 samrand=50.27
[1080] pix=53.31 sam=56.62 samrand=50.39
[1090] pix=53.36 sam=56.68 samrand=50.32
[1100] pix=53.38 sam=56.74 samrand=50.37
[1110] pix=53.37 sam=56.74 samrand=50.41
[1120] pix=53.37 sam=56.69 samrand=50.47
[1130] pix=53.34 sam=56.72 samrand=50.43
[1140] pix=53.32 sam=56.69 samrand=50.32
[1150] pix=53.32 sam=56.72 samrand=50.27
[1160] pix=53.23 sam=56.56 samrand=50.30
[1170] pix=53.29 sam=56.62 samrand=50.32
[1180] pix=53.29 sam=56.60 samrand=50.29
[1190] pix=53.34 sam=56.70 samrand=50.40
[1200] pix=53.24 sam=56.56 samrand=50.23
[1210] pix=53.26 sam=56.58 samrand=50.25
[1220] pix=53.19 sam=56.46 samrand=50.23
[1230] pix=53.15 sam=56.44 samrand=50.22
[1240] pix=53.12 sam=56.44 samrand=50.23
[1250] pix=53.09 sam=56.41 samrand=50.22
[1260] pix=53.05 sam=56.39 samrand=50.21
[1270] pix=53.03 sam=56.38 samrand=50.21
[1280] pix=53.07 sam=56.41 samrand=50.25
[1290] pix=53.03 sam=56.34 samrand=50.19
[1300] pix=53.05 sam=56.37 samrand=50.22
[1310] pix=52.95 sam=56.23 samrand=50.12
[1320] pix=52.86 sam=56.12 samrand=50.10
[1330] pix=52.80 sam=56.08 samrand=50.10
[1340] pix=52.83 sam=56.12 samrand=50.16
{
 "pix_vabs": 52.91,
 "sam_reg_vabs": 56.13,
 "sam_reg_rand": 50.18
}
+ for M in sclip clearclip maskclip naclip
+ python probe_d1sam.py --variant maskclip --dataset voc21 --offset 0 --limit 100000 --skip-dev --vabs-vocab perturbed_vocabs/voc21_plain_vabs64.json --rand-vocab perturbed_vocabs/voc21_plain_randneg64.json --sam-ckpt /media/dell/DATA/ovss/checkpoints/sam_vit_b_01ec64.pth --out /media/dell/DATA/ovss/runs/clean_voc_maskclip.json
/media/dell/DATA/ovss/miniconda3/envs/ovss/lib/python3.10/site-packages/segment_anything/build_sam.py:105: FutureWarning: You are using `torch.load` with `weights_only=False` (the current default value), which uses the default pickle module implicitly. It is possible to construct malicious pickle data which will execute arbitrary code during unpickling (See https://github.com/pytorch/pytorch/blob/main/SECURITY.md#untrusted-models for more details). In a future release, the default value for `weights_only` will be flipped to `True`. This limits the functions that could be executed during unpickling. Arbitrary objects will no longer be allowed to be loaded via this mode unless they are explicitly allowlisted by the user via `torch.serialization.add_safe_globals`. We recommend you start setting `weights_only=True` for any use case where you don't have full control of the loaded file. Please open an issue on GitHub for any issues related to this experimental feature.
  state_dict = torch.load(f)
[10] pix=48.17 sam=55.58 samrand=52.60
[20] pix=36.12 sam=41.94 samrand=38.74
[30] pix=36.43 sam=42.56 samrand=38.35
[40] pix=35.22 sam=42.84 samrand=38.74
[50] pix=38.83 sam=46.93 samrand=42.50
[60] pix=40.32 sam=49.44 samrand=43.69
[70] pix=41.47 sam=49.84 samrand=45.08
[80] pix=43.80 sam=51.31 samrand=47.15
[90] pix=43.89 sam=51.28 samrand=46.81
[100] pix=43.86 sam=51.01 samrand=46.89
[110] pix=44.17 sam=51.15 samrand=47.16
[120] pix=44.22 sam=51.42 samrand=47.41
[130] pix=44.00 sam=51.21 samrand=46.97
[140] pix=44.26 sam=51.62 samrand=47.35
[150] pix=44.00 sam=50.52 samrand=47.14
[160] pix=44.16 sam=50.64 samrand=47.24
[170] pix=43.93 sam=50.63 samrand=46.99
[180] pix=44.11 sam=50.51 samrand=46.75
[190] pix=44.68 sam=51.11 samrand=47.16
[200] pix=44.76 sam=51.57 samrand=47.47
[210] pix=45.11 sam=51.77 samrand=47.77
[220] pix=44.96 sam=51.77 samrand=47.74
[230] pix=45.07 sam=51.81 samrand=47.69
[240] pix=44.99 sam=51.92 samrand=47.42
[250] pix=44.75 sam=51.45 samrand=47.44
[260] pix=44.74 sam=51.28 samrand=47.19
[270] pix=44.91 sam=51.36 samrand=47.31
[280] pix=44.71 sam=51.11 samrand=47.16
[290] pix=44.43 sam=50.66 samrand=46.79
[300] pix=44.48 sam=50.71 samrand=46.82
[310] pix=44.29 sam=50.48 samrand=46.75
[320] pix=44.56 sam=50.56 samrand=47.00
[330] pix=44.79 sam=50.90 samrand=47.35
[340] pix=44.97 sam=51.14 samrand=47.73
[350] pix=44.91 sam=51.07 samrand=47.83
[360] pix=45.02 sam=51.23 samrand=47.77
[370] pix=45.11 sam=51.38 samrand=47.66
[380] pix=45.24 sam=51.44 samrand=47.77
[390] pix=45.41 sam=51.72 samrand=47.88
[400] pix=45.55 sam=51.91 samrand=47.97
[410] pix=45.36 sam=51.68 samrand=47.70
[420] pix=45.12 sam=51.52 samrand=47.54
[430] pix=45.46 sam=52.04 samrand=47.99
[440] pix=45.58 sam=52.28 samrand=48.16
[450] pix=45.43 sam=52.21 samrand=48.05
[460] pix=45.22 sam=51.90 samrand=47.84
[470] pix=45.14 sam=51.76 samrand=47.66
[480] pix=45.20 sam=51.83 samrand=47.73
[490] pix=45.31 sam=51.95 samrand=47.86
[500] pix=45.25 sam=51.96 samrand=47.70
[510] pix=45.13 sam=51.79 samrand=47.56
[520] pix=45.08 sam=51.77 samrand=47.37
[530] pix=45.20 sam=51.84 samrand=47.44
[540] pix=45.20 sam=51.84 samrand=47.46
[550] pix=45.29 sam=51.97 samrand=47.57
[560] pix=45.49 sam=52.19 samrand=47.82
[570] pix=45.57 sam=52.30 samrand=47.86
[580] pix=45.62 sam=52.42 samrand=47.99
[590] pix=45.70 sam=52.57 samrand=48.01
[600] pix=45.66 sam=52.60 samrand=47.98
[610] pix=45.61 sam=52.59 samrand=48.06
[620] pix=45.49 sam=52.47 samrand=47.94
[630] pix=45.51 sam=52.45 samrand=47.91
[640] pix=45.54 sam=52.60 samrand=47.87
[650] pix=45.63 sam=52.66 samrand=47.94
[660] pix=45.42 sam=52.45 samrand=47.81
[670] pix=45.33 sam=52.36 samrand=47.68
[680] pix=45.46 sam=52.55 samrand=47.87
[690] pix=45.45 sam=52.53 samrand=47.88
[700] pix=45.46 sam=52.70 samrand=47.66
[710] pix=45.49 sam=52.75 samrand=47.68
[720] pix=45.53 sam=52.86 samrand=47.68
[730] pix=45.42 sam=52.60 samrand=47.56
[740] pix=45.37 sam=52.48 samrand=47.43
[750] pix=45.50 sam=52.65 samrand=47.59
[760] pix=45.54 sam=52.61 samrand=47.68
[770] pix=45.48 sam=52.52 samrand=47.61
[780] pix=45.36 sam=52.46 samrand=47.46
[790] pix=45.43 sam=52.56 samrand=47.56
[800] pix=45.38 sam=52.50 samrand=47.51
[810] pix=45.24 sam=52.32 samrand=47.30
[820] pix=45.22 sam=52.27 samrand=47.27
[830] pix=45.19 sam=52.26 samrand=47.13
[840] pix=45.25 sam=52.36 samrand=47.28
[850] pix=45.33 sam=52.39 samrand=47.38
[860] pix=45.45 sam=52.54 samrand=47.48
[870] pix=45.49 sam=52.53 samrand=47.58
[880] pix=45.51 sam=52.61 samrand=47.62
[890] pix=45.38 sam=52.43 samrand=47.46
[900] pix=45.44 sam=52.59 samrand=47.61
[910] pix=45.44 sam=52.65 samrand=47.60
[920] pix=45.27 sam=52.57 samrand=47.56
[930] pix=45.25 sam=52.57 samrand=47.52
[940] pix=45.24 sam=52.58 samrand=47.50
[950] pix=45.29 sam=52.64 samrand=47.57
[960] pix=45.23 sam=52.47 samrand=47.43
[970] pix=45.26 sam=52.54 samrand=47.53
[980] pix=45.19 sam=52.59 samrand=47.36
[990] pix=45.18 sam=52.58 samrand=47.36
[1000] pix=45.10 sam=52.47 samrand=47.31
[1010] pix=45.20 sam=52.54 samrand=47.36
[1020] pix=45.26 sam=52.61 samrand=47.41
[1030] pix=45.32 sam=52.69 samrand=47.46
[1040] pix=45.40 sam=52.77 samrand=47.55
[1050] pix=45.37 sam=52.81 samrand=47.45
[1060] pix=45.36 sam=52.78 samrand=47.41
[1070] pix=45.39 sam=52.83 samrand=47.50
[1080] pix=45.53 sam=52.97 samrand=47.62
[1090] pix=45.56 sam=52.99 samrand=47.57
[1100] pix=45.53 sam=52.95 samrand=47.54
[1110] pix=45.55 sam=52.91 samrand=47.52
[1120] pix=45.55 sam=52.90 samrand=47.51
[1130] pix=45.51 sam=52.92 samrand=47.50
[1140] pix=45.48 sam=52.93 samrand=47.53
[1150] pix=45.50 sam=52.98 samrand=47.54
[1160] pix=45.37 sam=52.82 samrand=47.42
[1170] pix=45.39 sam=52.80 samrand=47.37
[1180] pix=45.40 sam=52.81 samrand=47.37
[1190] pix=45.42 sam=52.86 samrand=47.43
[1200] pix=45.36 sam=52.70 samrand=47.34
[1210] pix=45.37 sam=52.73 samrand=47.37
[1220] pix=45.37 sam=52.75 samrand=47.42
[1230] pix=45.39 sam=52.78 samrand=47.41
[1240] pix=45.43 sam=52.82 samrand=47.45
[1250] pix=45.38 sam=52.80 samrand=47.46
[1260] pix=45.36 sam=52.85 samrand=47.50
[1270] pix=45.31 sam=52.76 samrand=47.43
[1280] pix=45.37 sam=52.82 samrand=47.48
[1290] pix=45.25 sam=52.66 samrand=47.31
[1300] pix=45.26 sam=52.68 samrand=47.36
[1310] pix=45.17 sam=52.59 samrand=47.31
[1320] pix=45.13 sam=52.55 samrand=47.29
[1330] pix=45.11 sam=52.50 samrand=47.28
[1340] pix=45.14 sam=52.57 samrand=47.37
{
 "pix_vabs": 45.06,
 "sam_reg_vabs": 52.67,
 "sam_reg_rand": 47.46
}
+ for M in sclip clearclip maskclip naclip
+ python probe_d1sam.py --variant naclip --dataset voc21 --offset 0 --limit 100000 --skip-dev --vabs-vocab perturbed_vocabs/voc21_plain_vabs64.json --rand-vocab perturbed_vocabs/voc21_plain_randneg64.json --sam-ckpt /media/dell/DATA/ovss/checkpoints/sam_vit_b_01ec64.pth --out /media/dell/DATA/ovss/runs/clean_voc_naclip.json
/media/dell/DATA/ovss/miniconda3/envs/ovss/lib/python3.10/site-packages/segment_anything/build_sam.py:105: FutureWarning: You are using `torch.load` with `weights_only=False` (the current default value), which uses the default pickle module implicitly. It is possible to construct malicious pickle data which will execute arbitrary code during unpickling (See https://github.com/pytorch/pytorch/blob/main/SECURITY.md#untrusted-models for more details). In a future release, the default value for `weights_only` will be flipped to `True`. This limits the functions that could be executed during unpickling. Arbitrary objects will no longer be allowed to be loaded via this mode unless they are explicitly allowlisted by the user via `torch.serialization.add_safe_globals`. We recommend you start setting `weights_only=True` for any use case where you don't have full control of the loaded file. Please open an issue on GitHub for any issues related to this experimental feature.
  state_dict = torch.load(f)
[10] pix=56.98 sam=61.11 samrand=53.48
[20] pix=45.03 sam=48.34 samrand=45.81
[30] pix=44.66 sam=48.56 samrand=44.98
[40] pix=44.23 sam=50.11 samrand=46.64
[50] pix=47.32 sam=53.86 samrand=49.83
[60] pix=48.31 sam=55.72 samrand=51.81
[70] pix=50.35 sam=56.63 samrand=53.73
[80] pix=51.53 sam=56.79 samrand=53.42
[90] pix=52.00 sam=57.17 samrand=54.05
[100] pix=51.87 sam=56.91 samrand=53.97
[110] pix=52.09 sam=57.03 samrand=54.09
[120] pix=52.28 sam=57.15 samrand=54.01
[130] pix=52.43 sam=57.46 samrand=53.92
[140] pix=52.54 sam=57.61 samrand=53.96
[150] pix=52.29 sam=57.88 samrand=54.33
[160] pix=52.45 sam=57.84 samrand=54.47
[170] pix=52.38 sam=57.59 samrand=54.45
[180] pix=52.83 sam=57.95 samrand=54.37
[190] pix=53.41 sam=58.55 samrand=54.97
[200] pix=53.52 sam=58.98 samrand=55.14
[210] pix=53.33 sam=58.68 samrand=54.47
[220] pix=53.18 sam=58.54 samrand=54.50
[230] pix=53.22 sam=58.53 samrand=54.49
[240] pix=53.23 sam=58.59 samrand=54.49
[250] pix=53.00 sam=57.99 samrand=54.16
[260] pix=52.83 sam=57.72 samrand=54.03
[270] pix=53.34 sam=58.18 samrand=54.56
[280] pix=53.16 sam=58.00 samrand=54.32
[290] pix=52.73 sam=57.60 samrand=54.04
[300] pix=52.69 sam=57.53 samrand=53.97
[310] pix=52.54 sam=57.32 samrand=53.85
[320] pix=52.61 sam=57.34 samrand=53.74
[330] pix=53.01 sam=57.90 samrand=54.10
[340] pix=53.27 sam=58.15 samrand=54.25
[350] pix=53.16 sam=58.00 samrand=54.36
[360] pix=53.23 sam=58.12 samrand=54.38
[370] pix=53.37 sam=58.31 samrand=54.35
[380] pix=53.50 sam=58.37 samrand=54.48
[390] pix=53.78 sam=58.63 samrand=54.45
[400] pix=53.99 sam=58.84 samrand=54.65
[410] pix=53.82 sam=58.62 samrand=54.36
[420] pix=53.53 sam=58.23 samrand=54.01
[430] pix=54.07 sam=58.80 samrand=54.63
[440] pix=54.23 sam=58.90 samrand=55.12
[450] pix=54.17 sam=58.90 samrand=55.04
[460] pix=53.79 sam=58.42 samrand=54.63
[470] pix=53.67 sam=58.24 samrand=54.46
[480] pix=53.73 sam=58.30 samrand=54.46
[490] pix=53.81 sam=58.38 samrand=54.58
[500] pix=53.82 sam=58.43 samrand=54.49
[510] pix=53.74 sam=58.19 samrand=54.75
[520] pix=53.66 sam=58.14 samrand=54.70
[530] pix=53.88 sam=58.27 samrand=54.85
[540] pix=53.84 sam=58.20 samrand=54.81
[550] pix=53.98 sam=58.46 samrand=54.98
[560] pix=54.13 sam=58.58 samrand=55.14
[570] pix=54.25 sam=58.72 samrand=55.11
[580] pix=54.28 sam=58.76 samrand=55.16
[590] pix=54.53 sam=59.04 samrand=55.36
[600] pix=54.49 sam=59.03 samrand=55.27
[610] pix=54.35 sam=58.84 samrand=55.06
[620] pix=54.22 sam=58.70 samrand=54.99
[630] pix=54.22 sam=58.68 samrand=54.93
[640] pix=54.35 sam=58.86 samrand=55.03
[650] pix=54.44 sam=58.91 samrand=55.01
[660] pix=54.18 sam=58.65 samrand=54.80
[670] pix=54.13 sam=58.59 samrand=54.73
[680] pix=54.29 sam=58.80 samrand=54.90
[690] pix=54.34 sam=58.88 samrand=54.94
[700] pix=54.39 sam=59.01 samrand=54.84
[710] pix=54.42 sam=59.04 samrand=54.88
[720] pix=54.47 sam=59.15 samrand=54.94
[730] pix=54.37 sam=58.97 samrand=54.81
[740] pix=54.27 sam=58.88 samrand=54.66
[750] pix=54.49 sam=59.15 samrand=54.94
[760] pix=54.52 sam=59.25 samrand=54.89
[770] pix=54.45 sam=59.17 samrand=54.80
[780] pix=54.37 sam=59.27 samrand=54.70
[790] pix=54.38 sam=59.24 samrand=54.66
[800] pix=54.32 sam=59.11 samrand=54.50
[810] pix=54.18 sam=58.94 samrand=54.32
[820] pix=54.21 sam=58.97 samrand=54.32
[830] pix=54.16 sam=58.95 samrand=54.21
[840] pix=54.19 sam=59.01 samrand=54.29
[850] pix=54.28 sam=59.04 samrand=54.41
[860] pix=54.43 sam=59.19 samrand=54.55
[870] pix=54.49 sam=59.24 samrand=54.59
[880] pix=54.48 sam=59.25 samrand=54.59
[890] pix=54.26 sam=59.04 samrand=54.39
[900] pix=54.31 sam=59.16 samrand=54.51
[910] pix=54.33 sam=59.22 samrand=54.60
[920] pix=54.22 sam=59.12 samrand=54.48
[930] pix=54.16 sam=59.08 samrand=54.47
[940] pix=54.10 sam=59.00 samrand=54.40
[950] pix=54.19 sam=59.12 samrand=54.50
[960] pix=54.18 sam=59.18 samrand=54.51
[970] pix=54.26 sam=59.27 samrand=54.63
[980] pix=54.21 sam=59.24 samrand=54.50
[990] pix=54.21 sam=59.21 samrand=54.48
[1000] pix=54.18 sam=59.14 samrand=54.48
[1010] pix=54.27 sam=59.20 samrand=54.52
[1020] pix=54.37 sam=59.31 samrand=54.66
[1030] pix=54.42 sam=59.38 samrand=54.70
[1040] pix=54.46 sam=59.43 samrand=54.76
[1050] pix=54.46 sam=59.40 samrand=54.53
[1060] pix=54.46 sam=59.39 samrand=54.55
[1070] pix=54.49 sam=59.41 samrand=54.62
[1080] pix=54.62 sam=59.49 samrand=54.71
[1090] pix=54.70 sam=59.57 samrand=54.70
[1100] pix=54.67 sam=59.54 samrand=54.71
[1110] pix=54.67 sam=59.51 samrand=54.71
[1120] pix=54.66 sam=59.48 samrand=54.68
[1130] pix=54.64 sam=59.50 samrand=54.67
[1140] pix=54.63 sam=59.52 samrand=54.63
[1150] pix=54.61 sam=59.51 samrand=54.67
[1160] pix=54.52 sam=59.39 samrand=54.65
[1170] pix=54.55 sam=59.44 samrand=54.65
[1180] pix=54.56 sam=59.45 samrand=54.64
[1190] pix=54.58 sam=59.56 samrand=54.69
[1200] pix=54.48 sam=59.43 samrand=54.58
[1210] pix=54.48 sam=59.41 samrand=54.57
[1220] pix=54.42 sam=59.37 samrand=54.55
[1230] pix=54.40 sam=59.37 samrand=54.52
[1240] pix=54.40 sam=59.37 samrand=54.55
[1250] pix=54.35 sam=59.33 samrand=54.50
[1260] pix=54.32 sam=59.31 samrand=54.50
[1270] pix=54.28 sam=59.27 samrand=54.47
[1280] pix=54.33 sam=59.31 samrand=54.52
[1290] pix=54.28 sam=59.23 samrand=54.45
[1300] pix=54.27 sam=59.23 samrand=54.46
[1310] pix=54.20 sam=59.16 samrand=54.39
[1320] pix=54.13 sam=59.07 samrand=54.36
[1330] pix=54.08 sam=59.04 samrand=54.35
[1340] pix=54.11 sam=59.11 samrand=54.41
{
 "pix_vabs": 54.11,
 "sam_reg_vabs": 59.18,
 "sam_reg_rand": 54.45
}
+ for M in sclip naclip
+ python probe_d1sam.py --variant sclip --dataset voc21 --offset 0 --limit 100000 --skip-dev --vabs-vocab perturbed_vocabs/voc21_official.json --rand-vocab perturbed_vocabs/voc21_official.json --sam-ckpt /media/dell/DATA/ovss/checkpoints/sam_vit_b_01ec64.pth --out /media/dell/DATA/ovss/runs/clean_voc_sclip_official.json
/media/dell/DATA/ovss/miniconda3/envs/ovss/lib/python3.10/site-packages/segment_anything/build_sam.py:105: FutureWarning: You are using `torch.load` with `weights_only=False` (the current default value), which uses the default pickle module implicitly. It is possible to construct malicious pickle data which will execute arbitrary code during unpickling (See https://github.com/pytorch/pytorch/blob/main/SECURITY.md#untrusted-models for more details). In a future release, the default value for `weights_only` will be flipped to `True`. This limits the functions that could be executed during unpickling. Arbitrary objects will no longer be allowed to be loaded via this mode unless they are explicitly allowlisted by the user via `torch.serialization.add_safe_globals`. We recommend you start setting `weights_only=True` for any use case where you don't have full control of the loaded file. Please open an issue on GitHub for any issues related to this experimental feature.
  state_dict = torch.load(f)
[10] pix=58.90 sam=62.62 samrand=62.62
[20] pix=49.17 sam=52.11 samrand=52.11
[30] pix=47.17 sam=49.61 samrand=49.61
[40] pix=48.00 sam=52.92 samrand=52.92
[50] pix=51.00 sam=56.21 samrand=56.21
[60] pix=52.06 sam=58.23 samrand=58.23
[70] pix=54.76 sam=59.92 samrand=59.92
[80] pix=55.73 sam=60.40 samrand=60.40
[90] pix=54.95 sam=59.79 samrand=59.79
[100] pix=55.00 sam=59.73 samrand=59.73
[110] pix=54.94 sam=59.50 samrand=59.50
[120] pix=54.96 sam=59.58 samrand=59.58
[130] pix=55.41 sam=60.42 samrand=60.42
[140] pix=55.40 sam=60.27 samrand=60.27
[150] pix=55.66 sam=60.56 samrand=60.56
[160] pix=55.96 sam=60.79 samrand=60.79
[170] pix=54.95 sam=59.38 samrand=59.38
[180] pix=55.30 sam=59.70 samrand=59.70
[190] pix=55.72 sam=60.15 samrand=60.15
[200] pix=55.69 sam=60.17 samrand=60.17
[210] pix=55.47 sam=59.84 samrand=59.84
[220] pix=55.56 sam=59.89 samrand=59.89
[230] pix=55.46 sam=59.77 samrand=59.77
[240] pix=55.77 sam=60.14 samrand=60.14
[250] pix=55.96 sam=60.18 samrand=60.18
[260] pix=55.71 sam=59.88 samrand=59.88
[270] pix=56.20 sam=60.38 samrand=60.38
[280] pix=55.97 sam=60.11 samrand=60.11
[290] pix=55.56 sam=59.45 samrand=59.45
[300] pix=55.42 sam=59.27 samrand=59.27
[310] pix=55.25 sam=59.08 samrand=59.08
[320] pix=55.44 sam=59.21 samrand=59.21
[330] pix=55.75 sam=59.79 samrand=59.79
[340] pix=55.73 sam=59.66 samrand=59.66
[350] pix=55.66 sam=59.55 samrand=59.55
[360] pix=55.55 sam=59.43 samrand=59.43
[370] pix=55.66 sam=59.47 samrand=59.47
[380] pix=55.79 sam=59.55 samrand=59.55
[390] pix=56.30 sam=60.23 samrand=60.23
[400] pix=56.56 sam=60.59 samrand=60.59
[410] pix=56.36 sam=60.38 samrand=60.38
[420] pix=55.91 sam=59.68 samrand=59.68
[430] pix=56.23 sam=59.91 samrand=59.91
[440] pix=56.69 sam=60.39 samrand=60.39
[450] pix=56.52 sam=60.30 samrand=60.30
[460] pix=56.18 sam=59.93 samrand=59.93
[470] pix=56.07 sam=59.80 samrand=59.80
[480] pix=56.13 sam=59.90 samrand=59.90
[490] pix=56.21 sam=59.96 samrand=59.96
[500] pix=56.16 sam=59.91 samrand=59.91
[510] pix=56.05 sam=60.07 samrand=60.07
[520] pix=56.29 sam=60.38 samrand=60.38
[530] pix=56.63 sam=60.68 samrand=60.68
[540] pix=56.64 sam=60.68 samrand=60.68
[550] pix=56.64 sam=60.67 samrand=60.67
[560] pix=56.67 sam=60.63 samrand=60.63
[570] pix=56.69 sam=60.74 samrand=60.74
[580] pix=56.75 sam=60.83 samrand=60.83
[590] pix=56.96 sam=61.06 samrand=61.06
[600] pix=56.93 sam=61.06 samrand=61.06
[610] pix=57.02 sam=61.11 samrand=61.11
[620] pix=56.91 sam=61.01 samrand=61.01
[630] pix=56.91 sam=61.04 samrand=61.04
[640] pix=56.95 sam=61.11 samrand=61.11
[650] pix=57.05 sam=61.20 samrand=61.20
[660] pix=56.69 sam=60.75 samrand=60.75
[670] pix=56.65 sam=60.71 samrand=60.71
[680] pix=56.89 sam=61.02 samrand=61.02
[690] pix=56.91 sam=61.02 samrand=61.02
[700] pix=56.97 sam=61.09 samrand=61.09
[710] pix=57.05 sam=61.22 samrand=61.22
[720] pix=57.05 sam=61.21 samrand=61.21
[730] pix=56.88 sam=60.98 samrand=60.98
[740] pix=56.91 sam=61.00 samrand=61.00
[750] pix=57.12 sam=61.15 samrand=61.15
[760] pix=57.08 sam=61.12 samrand=61.12
[770] pix=57.03 sam=61.04 samrand=61.04
[780] pix=57.02 sam=61.11 samrand=61.11
[790] pix=57.06 sam=61.11 samrand=61.11
[800] pix=56.95 sam=60.98 samrand=60.98
[810] pix=56.82 sam=60.85 samrand=60.85
[820] pix=56.87 sam=60.86 samrand=60.86
[830] pix=56.83 sam=60.82 samrand=60.82
[840] pix=56.80 sam=60.82 samrand=60.82
[850] pix=56.87 sam=60.87 samrand=60.87
[860] pix=57.00 sam=61.00 samrand=61.00
[870] pix=57.13 sam=61.10 samrand=61.10
[880] pix=57.10 sam=61.09 samrand=61.09
[890] pix=57.04 sam=60.99 samrand=60.99
[900] pix=57.09 sam=61.06 samrand=61.06
[910] pix=57.12 sam=61.13 samrand=61.13
[920] pix=57.09 sam=61.08 samrand=61.08
[930] pix=57.05 sam=61.06 samrand=61.06
[940] pix=56.99 sam=60.97 samrand=60.97
[950] pix=57.08 sam=61.07 samrand=61.07
[960] pix=56.97 sam=60.95 samrand=60.95
[970] pix=57.07 sam=61.08 samrand=61.08
[980] pix=57.00 sam=61.05 samrand=61.05
[990] pix=57.02 sam=61.03 samrand=61.03
[1000] pix=57.12 sam=61.22 samrand=61.22
[1010] pix=57.17 sam=61.26 samrand=61.26
[1020] pix=57.21 sam=61.30 samrand=61.30
[1030] pix=57.22 sam=61.32 samrand=61.32
[1040] pix=57.21 sam=61.34 samrand=61.34
[1050] pix=57.23 sam=61.39 samrand=61.39
[1060] pix=57.22 sam=61.38 samrand=61.38
[1070] pix=57.33 sam=61.48 samrand=61.48
[1080] pix=57.53 sam=61.68 samrand=61.68
[1090] pix=57.65 sam=61.77 samrand=61.77
[1100] pix=57.67 sam=61.82 samrand=61.82
[1110] pix=57.62 sam=61.72 samrand=61.72
[1120] pix=57.65 sam=61.74 samrand=61.74
[1130] pix=57.67 sam=61.78 samrand=61.78
[1140] pix=57.65 sam=61.79 samrand=61.79
[1150] pix=57.71 sam=61.86 samrand=61.86
[1160] pix=57.60 sam=61.71 samrand=61.71
[1170] pix=57.66 sam=61.77 samrand=61.77
[1180] pix=57.70 sam=61.82 samrand=61.82
[1190] pix=57.77 sam=61.94 samrand=61.94
[1200] pix=57.66 sam=61.81 samrand=61.81
[1210] pix=57.64 sam=61.78 samrand=61.78
[1220] pix=57.65 sam=61.76 samrand=61.76
[1230] pix=57.56 sam=61.66 samrand=61.66
[1240] pix=57.60 sam=61.71 samrand=61.71
[1250] pix=57.55 sam=61.65 samrand=61.65
[1260] pix=57.52 sam=61.63 samrand=61.63
[1270] pix=57.44 sam=61.54 samrand=61.54
[1280] pix=57.44 sam=61.55 samrand=61.55
[1290] pix=57.23 sam=61.28 samrand=61.28
[1300] pix=57.25 sam=61.28 samrand=61.28
[1310] pix=57.17 sam=61.16 samrand=61.16
[1320] pix=57.10 sam=61.08 samrand=61.08
[1330] pix=57.08 sam=61.06 samrand=61.06
[1340] pix=57.15 sam=61.12 samrand=61.12
{
 "pix_vabs": 57.21,
 "sam_reg_vabs": 61.22,
 "sam_reg_rand": 61.22
}
+ for M in sclip naclip
+ python probe_d1sam.py --variant naclip --dataset voc21 --offset 0 --limit 100000 --skip-dev --vabs-vocab perturbed_vocabs/voc21_official.json --rand-vocab perturbed_vocabs/voc21_official.json --sam-ckpt /media/dell/DATA/ovss/checkpoints/sam_vit_b_01ec64.pth --out /media/dell/DATA/ovss/runs/clean_voc_naclip_official.json
/media/dell/DATA/ovss/miniconda3/envs/ovss/lib/python3.10/site-packages/segment_anything/build_sam.py:105: FutureWarning: You are using `torch.load` with `weights_only=False` (the current default value), which uses the default pickle module implicitly. It is possible to construct malicious pickle data which will execute arbitrary code during unpickling (See https://github.com/pytorch/pytorch/blob/main/SECURITY.md#untrusted-models for more details). In a future release, the default value for `weights_only` will be flipped to `True`. This limits the functions that could be executed during unpickling. Arbitrary objects will no longer be allowed to be loaded via this mode unless they are explicitly allowlisted by the user via `torch.serialization.add_safe_globals`. We recommend you start setting `weights_only=True` for any use case where you don't have full control of the loaded file. Please open an issue on GitHub for any issues related to this experimental feature.
  state_dict = torch.load(f)
[10] pix=61.07 sam=66.09 samrand=66.09
[20] pix=46.88 sam=50.11 samrand=50.11
[30] pix=46.26 sam=50.53 samrand=50.53
[40] pix=46.13 sam=52.20 samrand=52.20
[50] pix=49.51 sam=55.96 samrand=55.96
[60] pix=50.15 sam=56.77 samrand=56.77
[70] pix=53.15 sam=59.43 samrand=59.43
[80] pix=54.40 sam=59.76 samrand=59.76
[90] pix=54.26 sam=59.80 samrand=59.80
[100] pix=54.21 sam=59.63 samrand=59.63
[110] pix=54.23 sam=59.64 samrand=59.64
[120] pix=54.13 sam=59.34 samrand=59.34
[130] pix=54.35 sam=59.69 samrand=59.69
[140] pix=54.31 sam=59.70 samrand=59.70
[150] pix=54.58 sam=60.23 samrand=60.23
[160] pix=54.84 sam=60.30 samrand=60.30
[170] pix=54.69 sam=59.97 samrand=59.97
[180] pix=54.91 sam=60.05 samrand=60.05
[190] pix=55.27 sam=60.33 samrand=60.33
[200] pix=55.29 sam=60.56 samrand=60.56
[210] pix=55.08 sam=60.24 samrand=60.24
[220] pix=55.05 sam=60.28 samrand=60.28
[230] pix=55.02 sam=60.20 samrand=60.20
[240] pix=55.27 sam=60.64 samrand=60.64
[250] pix=55.31 sam=60.67 samrand=60.67
[260] pix=55.15 sam=60.45 samrand=60.45
[270] pix=55.71 sam=60.97 samrand=60.97
[280] pix=55.51 sam=60.78 samrand=60.78
[290] pix=55.08 sam=60.45 samrand=60.45
[300] pix=55.02 sam=60.38 samrand=60.38
[310] pix=54.83 sam=60.16 samrand=60.16
[320] pix=55.07 sam=60.38 samrand=60.38
[330] pix=55.33 sam=61.17 samrand=61.17
[340] pix=55.51 sam=61.49 samrand=61.49
[350] pix=55.45 sam=61.41 samrand=61.41
[360] pix=55.36 sam=61.22 samrand=61.22
[370] pix=55.47 sam=61.21 samrand=61.21
[380] pix=55.62 sam=61.30 samrand=61.30
[390] pix=56.01 sam=61.82 samrand=61.82
[400] pix=56.25 sam=62.17 samrand=62.18
[410] pix=56.04 sam=61.92 samrand=61.92
[420] pix=55.72 sam=61.45 samrand=61.45
[430] pix=56.04 sam=61.82 samrand=61.82
[440] pix=56.39 sam=62.15 samrand=62.15
[450] pix=56.25 sam=62.08 samrand=62.08
[460] pix=55.92 sam=61.60 samrand=61.60
[470] pix=55.79 sam=61.40 samrand=61.40
[480] pix=55.87 sam=61.48 samrand=61.48
[490] pix=55.95 sam=61.57 samrand=61.57
[500] pix=55.96 sam=61.50 samrand=61.50
[510] pix=55.97 sam=61.74 samrand=61.74
[520] pix=56.10 sam=61.94 samrand=61.94
[530] pix=56.34 sam=62.11 samrand=62.11
[540] pix=56.32 sam=62.05 samrand=62.05
[550] pix=56.45 sam=62.25 samrand=62.25
[560] pix=56.56 sam=62.25 samrand=62.25
[570] pix=56.61 sam=62.34 samrand=62.34
[580] pix=56.71 sam=62.45 samrand=62.45
[590] pix=56.93 sam=62.67 samrand=62.67
[600] pix=56.93 sam=62.67 samrand=62.67
[610] pix=56.96 sam=62.68 samrand=62.68
[620] pix=56.81 sam=62.56 samrand=62.56
[630] pix=56.83 sam=62.61 samrand=62.61
[640] pix=56.93 sam=62.74 samrand=62.74
[650] pix=57.03 sam=62.79 samrand=62.79
[660] pix=56.70 sam=62.39 samrand=62.39
[670] pix=56.64 sam=62.38 samrand=62.38
[680] pix=56.86 sam=62.68 samrand=62.68
[690] pix=56.90 sam=62.70 samrand=62.70
[700] pix=56.92 sam=62.78 samrand=62.79
[710] pix=57.02 sam=62.90 samrand=62.90
[720] pix=57.05 sam=62.97 samrand=62.97
[730] pix=56.98 sam=62.83 samrand=62.83
[740] pix=57.04 sam=62.86 samrand=62.86
[750] pix=57.24 sam=63.03 samrand=63.03
[760] pix=57.24 sam=63.10 samrand=63.10
[770] pix=57.17 sam=63.01 samrand=63.01
[780] pix=57.07 sam=63.04 samrand=63.04
[790] pix=57.05 sam=62.99 samrand=62.99
[800] pix=57.00 sam=62.85 samrand=62.85
[810] pix=56.85 sam=62.66 samrand=62.66
[820] pix=56.87 sam=62.67 samrand=62.67
[830] pix=56.84 sam=62.66 samrand=62.66
[840] pix=56.84 sam=62.69 samrand=62.69
[850] pix=56.88 sam=62.68 samrand=62.68
[860] pix=57.01 sam=62.78 samrand=62.78
[870] pix=57.10 sam=62.86 samrand=62.86
[880] pix=57.05 sam=62.83 samrand=62.83
[890] pix=56.89 sam=62.62 samrand=62.62
[900] pix=56.93 sam=62.68 samrand=62.68
[910] pix=56.98 sam=62.78 samrand=62.78
[920] pix=56.90 sam=62.72 samrand=62.72
[930] pix=56.84 sam=62.65 samrand=62.65
[940] pix=56.81 sam=62.60 samrand=62.60
[950] pix=56.90 sam=62.71 samrand=62.71
[960] pix=56.86 sam=62.71 samrand=62.71
[970] pix=56.95 sam=62.83 samrand=62.83
[980] pix=56.81 sam=62.72 samrand=62.72
[990] pix=56.81 sam=62.71 samrand=62.71
[1000] pix=56.86 sam=62.68 samrand=62.68
[1010] pix=56.89 sam=62.73 samrand=62.73
[1020] pix=56.98 sam=62.83 samrand=62.83
[1030] pix=57.05 sam=62.88 samrand=62.88
[1040] pix=57.07 sam=62.90 samrand=62.90
[1050] pix=57.07 sam=62.93 samrand=62.93
[1060] pix=57.05 sam=62.90 samrand=62.90
[1070] pix=57.14 sam=62.99 samrand=62.99
[1080] pix=57.31 sam=63.15 samrand=63.15
[1090] pix=57.37 sam=63.20 samrand=63.20
[1100] pix=57.31 sam=63.14 samrand=63.14
[1110] pix=57.29 sam=63.06 samrand=63.06
[1120] pix=57.27 sam=63.02 samrand=63.02
[1130] pix=57.27 sam=63.05 samrand=63.05
[1140] pix=57.28 sam=63.08 samrand=63.08
[1150] pix=57.31 sam=63.12 samrand=63.12
[1160] pix=57.30 sam=63.03 samrand=63.03
[1170] pix=57.35 sam=63.10 samrand=63.10
[1180] pix=57.39 sam=63.15 samrand=63.15
[1190] pix=57.45 sam=63.26 samrand=63.26
[1200] pix=57.31 sam=63.10 samrand=63.10
[1210] pix=57.31 sam=63.08 samrand=63.08
[1220] pix=57.31 sam=63.06 samrand=63.06
[1230] pix=57.25 sam=63.01 samrand=63.01
[1240] pix=57.29 sam=63.04 samrand=63.04
[1250] pix=57.21 sam=62.98 samrand=62.98
[1260] pix=57.19 sam=62.94 samrand=62.94
[1270] pix=57.09 sam=62.82 samrand=62.82
[1280] pix=57.11 sam=62.82 samrand=62.82
[1290] pix=57.02 sam=62.68 samrand=62.68
[1300] pix=57.02 sam=62.68 samrand=62.68
[1310] pix=56.99 sam=62.66 samrand=62.66
[1320] pix=56.93 sam=62.60 samrand=62.60
[1330] pix=56.92 sam=62.56 samrand=62.56
[1340] pix=56.96 sam=62.57 samrand=62.57
{
 "pix_vabs": 56.93,
 "sam_reg_vabs": 62.59,
 "sam_reg_rand": 62.59
}
+ for M in sclip clearclip maskclip naclip
+ python probe_ablate.py --variant sclip --dataset voc21 --offset 0 --limit 100000 --skip-dev --vabs-vocab perturbed_vocabs/voc21_plain_vabs64.json --handbg-vocab perturbed_vocabs/voc21_plain_handbg.json --sam-ckpt /media/dell/DATA/ovss/checkpoints/sam_vit_b_01ec64.pth --out /media/dell/DATA/ovss/runs/clean_abl_voc_sclip.json
/media/dell/DATA/ovss/miniconda3/envs/ovss/lib/python3.10/site-packages/segment_anything/build_sam.py:105: FutureWarning: You are using `torch.load` with `weights_only=False` (the current default value), which uses the default pickle module implicitly. It is possible to construct malicious pickle data which will execute arbitrary code during unpickling (See https://github.com/pytorch/pytorch/blob/main/SECURITY.md#untrusted-models for more details). In a future release, the default value for `weights_only` will be flipped to `True`. This limits the functions that could be executed during unpickling. Arbitrary objects will no longer be allowed to be loaded via this mode unless they are explicitly allowlisted by the user via `torch.serialization.add_safe_globals`. We recommend you start setting `weights_only=True` for any use case where you don't have full control of the loaded file. Please open an issue on GitHub for any issues related to this experimental feature.
  state_dict = torch.load(f)
[20] featpool_vabs=49.67 sam_handbg=48.95 pix_handbg=45.89
[40] featpool_vabs=51.09 sam_handbg=50.60 pix_handbg=45.01
[60] featpool_vabs=57.08 sam_handbg=55.36 pix_handbg=48.87
[80] featpool_vabs=57.78 sam_handbg=56.48 pix_handbg=51.69
[100] featpool_vabs=58.35 sam_handbg=57.22 pix_handbg=52.40
[120] featpool_vabs=58.50 sam_handbg=57.16 pix_handbg=52.53
[140] featpool_vabs=58.69 sam_handbg=57.90 pix_handbg=53.11
[160] featpool_vabs=57.89 sam_handbg=57.64 pix_handbg=53.29
[180] featpool_vabs=57.66 sam_handbg=56.85 pix_handbg=53.00
[200] featpool_vabs=58.40 sam_handbg=57.43 pix_handbg=53.55
[220] featpool_vabs=57.94 sam_handbg=57.12 pix_handbg=53.38
[240] featpool_vabs=57.99 sam_handbg=57.16 pix_handbg=53.31
[260] featpool_vabs=57.61 sam_handbg=56.95 pix_handbg=53.39
[280] featpool_vabs=57.76 sam_handbg=57.14 pix_handbg=53.59
[300] featpool_vabs=57.24 sam_handbg=56.26 pix_handbg=52.95
[320] featpool_vabs=57.09 sam_handbg=56.37 pix_handbg=53.04
[340] featpool_vabs=58.00 sam_handbg=57.61 pix_handbg=53.75
[360] featpool_vabs=57.94 sam_handbg=57.71 pix_handbg=53.85
[380] featpool_vabs=58.14 sam_handbg=57.82 pix_handbg=54.05
[400] featpool_vabs=58.63 sam_handbg=58.55 pix_handbg=54.58
[420] featpool_vabs=58.22 sam_handbg=57.98 pix_handbg=54.02
[440] featpool_vabs=59.30 sam_handbg=58.91 pix_handbg=54.96
[460] featpool_vabs=58.90 sam_handbg=58.43 pix_handbg=54.48
[480] featpool_vabs=58.91 sam_handbg=58.33 pix_handbg=54.40
[500] featpool_vabs=59.01 sam_handbg=58.36 pix_handbg=54.47
[520] featpool_vabs=58.75 sam_handbg=58.75 pix_handbg=54.56
[540] featpool_vabs=59.02 sam_handbg=59.00 pix_handbg=54.88
[560] featpool_vabs=59.35 sam_handbg=58.95 pix_handbg=54.90
[580] featpool_vabs=59.44 sam_handbg=58.94 pix_handbg=55.00
[600] featpool_vabs=59.73 sam_handbg=59.27 pix_handbg=55.26
[620] featpool_vabs=59.58 sam_handbg=59.07 pix_handbg=55.15
[640] featpool_vabs=59.64 sam_handbg=59.14 pix_handbg=55.21
[660] featpool_vabs=59.36 sam_handbg=58.74 pix_handbg=54.89
[680] featpool_vabs=59.55 sam_handbg=58.97 pix_handbg=55.05
[700] featpool_vabs=59.67 sam_handbg=59.03 pix_handbg=55.15
[720] featpool_vabs=59.86 sam_handbg=59.16 pix_handbg=55.26
[740] featpool_vabs=59.55 sam_handbg=58.98 pix_handbg=55.12
[760] featpool_vabs=59.68 sam_handbg=59.10 pix_handbg=55.31
[780] featpool_vabs=59.68 sam_handbg=59.03 pix_handbg=55.20
[800] featpool_vabs=59.57 sam_handbg=58.93 pix_handbg=55.16
[820] featpool_vabs=59.47 sam_handbg=58.86 pix_handbg=55.12
[840] featpool_vabs=59.51 sam_handbg=58.82 pix_handbg=55.02
[860] featpool_vabs=59.77 sam_handbg=58.99 pix_handbg=55.20
[880] featpool_vabs=59.88 sam_handbg=59.09 pix_handbg=55.33
[900] featpool_vabs=59.74 sam_handbg=59.11 pix_handbg=55.37
[920] featpool_vabs=59.67 sam_handbg=59.14 pix_handbg=55.37
[940] featpool_vabs=59.54 sam_handbg=59.04 pix_handbg=55.28
[960] featpool_vabs=59.51 sam_handbg=59.04 pix_handbg=55.29
[980] featpool_vabs=59.54 sam_handbg=59.16 pix_handbg=55.37
[1000] featpool_vabs=59.43 sam_handbg=59.28 pix_handbg=55.45
[1020] featpool_vabs=59.54 sam_handbg=59.39 pix_handbg=55.56
[1040] featpool_vabs=59.63 sam_handbg=59.38 pix_handbg=55.53
[1060] featpool_vabs=59.59 sam_handbg=59.41 pix_handbg=55.53
[1080] featpool_vabs=59.76 sam_handbg=59.63 pix_handbg=55.78
[1100] featpool_vabs=59.90 sam_handbg=59.72 pix_handbg=55.89
[1120] featpool_vabs=59.80 sam_handbg=59.69 pix_handbg=55.88
[1140] featpool_vabs=59.79 sam_handbg=59.70 pix_handbg=55.85
[1160] featpool_vabs=59.60 sam_handbg=59.60 pix_handbg=55.82
[1180] featpool_vabs=59.65 sam_handbg=59.69 pix_handbg=55.94
[1200] featpool_vabs=59.64 sam_handbg=59.68 pix_handbg=55.90
[1220] featpool_vabs=59.59 sam_handbg=59.64 pix_handbg=55.86
[1240] featpool_vabs=59.59 sam_handbg=59.63 pix_handbg=55.83
[1260] featpool_vabs=59.55 sam_handbg=59.50 pix_handbg=55.72
[1280] featpool_vabs=59.54 sam_handbg=59.46 pix_handbg=55.69
[1300] featpool_vabs=59.30 sam_handbg=59.16 pix_handbg=55.45
[1320] featpool_vabs=59.07 sam_handbg=58.87 pix_handbg=55.21
[1340] featpool_vabs=59.12 sam_handbg=58.94 pix_handbg=55.28
{
 "featpool_vabs": 59.22,
 "sam_handbg": 59.03,
 "pix_handbg": 55.31
}
+ for M in sclip clearclip maskclip naclip
+ python probe_ablate.py --variant clearclip --dataset voc21 --offset 0 --limit 100000 --skip-dev --vabs-vocab perturbed_vocabs/voc21_plain_vabs64.json --handbg-vocab perturbed_vocabs/voc21_plain_handbg.json --sam-ckpt /media/dell/DATA/ovss/checkpoints/sam_vit_b_01ec64.pth --out /media/dell/DATA/ovss/runs/clean_abl_voc_clearclip.json
/media/dell/DATA/ovss/miniconda3/envs/ovss/lib/python3.10/site-packages/segment_anything/build_sam.py:105: FutureWarning: You are using `torch.load` with `weights_only=False` (the current default value), which uses the default pickle module implicitly. It is possible to construct malicious pickle data which will execute arbitrary code during unpickling (See https://github.com/pytorch/pytorch/blob/main/SECURITY.md#untrusted-models for more details). In a future release, the default value for `weights_only` will be flipped to `True`. This limits the functions that could be executed during unpickling. Arbitrary objects will no longer be allowed to be loaded via this mode unless they are explicitly allowlisted by the user via `torch.serialization.add_safe_globals`. We recommend you start setting `weights_only=True` for any use case where you don't have full control of the loaded file. Please open an issue on GitHub for any issues related to this experimental feature.
  state_dict = torch.load(f)
[20] featpool_vabs=49.13 sam_handbg=48.07 pix_handbg=44.60
[40] featpool_vabs=50.80 sam_handbg=51.63 pix_handbg=45.71
[60] featpool_vabs=56.37 sam_handbg=55.54 pix_handbg=49.06
[80] featpool_vabs=56.25 sam_handbg=54.68 pix_handbg=50.66
[100] featpool_vabs=56.07 sam_handbg=54.92 pix_handbg=51.13
[120] featpool_vabs=56.56 sam_handbg=55.23 pix_handbg=51.39
[140] featpool_vabs=56.33 sam_handbg=55.56 pix_handbg=51.70
[160] featpool_vabs=56.40 sam_handbg=55.79 pix_handbg=51.95
[180] featpool_vabs=56.54 sam_handbg=55.88 pix_handbg=52.17
[200] featpool_vabs=57.31 sam_handbg=56.47 pix_handbg=52.69
[220] featpool_vabs=56.69 sam_handbg=55.47 pix_handbg=52.32
[240] featpool_vabs=57.02 sam_handbg=55.70 pix_handbg=52.39
[260] featpool_vabs=56.74 sam_handbg=55.59 pix_handbg=52.33
[280] featpool_vabs=57.02 sam_handbg=56.03 pix_handbg=52.67
[300] featpool_vabs=56.34 sam_handbg=55.08 pix_handbg=51.97
[320] featpool_vabs=56.13 sam_handbg=55.32 pix_handbg=52.03
[340] featpool_vabs=56.86 sam_handbg=56.53 pix_handbg=52.77
[360] featpool_vabs=56.84 sam_handbg=56.53 pix_handbg=52.76
[380] featpool_vabs=56.88 sam_handbg=56.54 pix_handbg=52.96
[400] featpool_vabs=57.32 sam_handbg=57.20 pix_handbg=53.48
[420] featpool_vabs=56.94 sam_handbg=56.83 pix_handbg=53.09
[440] featpool_vabs=57.94 sam_handbg=57.85 pix_handbg=54.04
[460] featpool_vabs=57.53 sam_handbg=57.56 pix_handbg=53.67
[480] featpool_vabs=57.41 sam_handbg=57.51 pix_handbg=53.59
[500] featpool_vabs=57.44 sam_handbg=57.61 pix_handbg=53.63
[520] featpool_vabs=57.59 sam_handbg=58.04 pix_handbg=53.83
[540] featpool_vabs=57.69 sam_handbg=58.22 pix_handbg=54.07
[560] featpool_vabs=57.78 sam_handbg=58.21 pix_handbg=54.10
[580] featpool_vabs=57.89 sam_handbg=58.39 pix_handbg=54.20
[600] featpool_vabs=58.20 sam_handbg=58.74 pix_handbg=54.47
[620] featpool_vabs=57.90 sam_handbg=58.50 pix_handbg=54.25
[640] featpool_vabs=57.98 sam_handbg=58.56 pix_handbg=54.35
[660] featpool_vabs=57.59 sam_handbg=58.12 pix_handbg=54.00
[680] featpool_vabs=57.71 sam_handbg=58.34 pix_handbg=54.13
[700] featpool_vabs=57.86 sam_handbg=58.51 pix_handbg=54.21
[720] featpool_vabs=57.94 sam_handbg=58.63 pix_handbg=54.31
[740] featpool_vabs=57.46 sam_handbg=58.35 pix_handbg=54.12
[760] featpool_vabs=57.67 sam_handbg=58.29 pix_handbg=54.32
[780] featpool_vabs=57.59 sam_handbg=58.21 pix_handbg=54.18
[800] featpool_vabs=57.42 sam_handbg=58.20 pix_handbg=54.17
[820] featpool_vabs=57.34 sam_handbg=58.21 pix_handbg=54.14
[840] featpool_vabs=57.31 sam_handbg=58.06 pix_handbg=53.97
[860] featpool_vabs=57.52 sam_handbg=58.16 pix_handbg=54.08
[880] featpool_vabs=57.59 sam_handbg=58.24 pix_handbg=54.19
[900] featpool_vabs=57.54 sam_handbg=58.23 pix_handbg=54.16
[920] featpool_vabs=57.49 sam_handbg=58.31 pix_handbg=54.23
[940] featpool_vabs=57.33 sam_handbg=58.22 pix_handbg=54.18
[960] featpool_vabs=57.43 sam_handbg=58.36 pix_handbg=54.26
[980] featpool_vabs=57.48 sam_handbg=58.40 pix_handbg=54.31
[1000] featpool_vabs=57.36 sam_handbg=58.48 pix_handbg=54.40
[1020] featpool_vabs=57.49 sam_handbg=58.66 pix_handbg=54.56
[1040] featpool_vabs=57.61 sam_handbg=58.61 pix_handbg=54.53
[1060] featpool_vabs=57.66 sam_handbg=58.64 pix_handbg=54.52
[1080] featpool_vabs=57.77 sam_handbg=58.90 pix_handbg=54.74
[1100] featpool_vabs=57.82 sam_handbg=58.92 pix_handbg=54.79
[1120] featpool_vabs=57.73 sam_handbg=58.83 pix_handbg=54.79
[1140] featpool_vabs=57.71 sam_handbg=58.86 pix_handbg=54.76
[1160] featpool_vabs=57.57 sam_handbg=58.84 pix_handbg=54.80
[1180] featpool_vabs=57.63 sam_handbg=58.96 pix_handbg=54.89
[1200] featpool_vabs=57.62 sam_handbg=58.93 pix_handbg=54.88
[1220] featpool_vabs=57.59 sam_handbg=58.87 pix_handbg=54.85
[1240] featpool_vabs=57.58 sam_handbg=58.86 pix_handbg=54.80
[1260] featpool_vabs=57.52 sam_handbg=58.74 pix_handbg=54.68
[1280] featpool_vabs=57.53 sam_handbg=58.71 pix_handbg=54.66
[1300] featpool_vabs=57.47 sam_handbg=58.56 pix_handbg=54.57
[1320] featpool_vabs=57.24 sam_handbg=58.30 pix_handbg=54.37
[1340] featpool_vabs=57.20 sam_handbg=58.33 pix_handbg=54.40
{
 "featpool_vabs": 57.28,
 "sam_handbg": 58.37,
 "pix_handbg": 54.48
}
+ for M in sclip clearclip maskclip naclip
+ python probe_ablate.py --variant maskclip --dataset voc21 --offset 0 --limit 100000 --skip-dev --vabs-vocab perturbed_vocabs/voc21_plain_vabs64.json --handbg-vocab perturbed_vocabs/voc21_plain_handbg.json --sam-ckpt /media/dell/DATA/ovss/checkpoints/sam_vit_b_01ec64.pth --out /media/dell/DATA/ovss/runs/clean_abl_voc_maskclip.json
/media/dell/DATA/ovss/miniconda3/envs/ovss/lib/python3.10/site-packages/segment_anything/build_sam.py:105: FutureWarning: You are using `torch.load` with `weights_only=False` (the current default value), which uses the default pickle module implicitly. It is possible to construct malicious pickle data which will execute arbitrary code during unpickling (See https://github.com/pytorch/pytorch/blob/main/SECURITY.md#untrusted-models for more details). In a future release, the default value for `weights_only` will be flipped to `True`. This limits the functions that could be executed during unpickling. Arbitrary objects will no longer be allowed to be loaded via this mode unless they are explicitly allowlisted by the user via `torch.serialization.add_safe_globals`. We recommend you start setting `weights_only=True` for any use case where you don't have full control of the loaded file. Please open an issue on GitHub for any issues related to this experimental feature.
  state_dict = torch.load(f)
[20] featpool_vabs=42.12 sam_handbg=42.40 pix_handbg=34.66
[40] featpool_vabs=42.97 sam_handbg=43.34 pix_handbg=34.11
[60] featpool_vabs=48.92 sam_handbg=48.66 pix_handbg=38.28
[80] featpool_vabs=51.02 sam_handbg=50.67 pix_handbg=41.12
[100] featpool_vabs=49.70 sam_handbg=50.01 pix_handbg=41.46
[120] featpool_vabs=49.88 sam_handbg=50.13 pix_handbg=41.69
[140] featpool_vabs=50.22 sam_handbg=50.49 pix_handbg=41.82
[160] featpool_vabs=50.45 sam_handbg=51.09 pix_handbg=42.01
[180] featpool_vabs=50.52 sam_handbg=50.76 pix_handbg=42.00
[200] featpool_vabs=51.46 sam_handbg=51.21 pix_handbg=42.35
[220] featpool_vabs=51.50 sam_handbg=51.03 pix_handbg=42.51
[240] featpool_vabs=51.66 sam_handbg=51.00 pix_handbg=42.53
[260] featpool_vabs=51.30 sam_handbg=50.72 pix_handbg=42.65
[280] featpool_vabs=51.11 sam_handbg=50.69 pix_handbg=42.77
[300] featpool_vabs=50.70 sam_handbg=50.32 pix_handbg=42.53
[320] featpool_vabs=50.84 sam_handbg=50.62 pix_handbg=42.75
[340] featpool_vabs=51.41 sam_handbg=51.63 pix_handbg=43.13
[360] featpool_vabs=51.48 sam_handbg=51.69 pix_handbg=43.21
[380] featpool_vabs=51.76 sam_handbg=51.77 pix_handbg=43.40
[400] featpool_vabs=52.30 sam_handbg=52.13 pix_handbg=43.72
[420] featpool_vabs=51.84 sam_handbg=51.59 pix_handbg=43.29
[440] featpool_vabs=52.38 sam_handbg=52.50 pix_handbg=43.95
[460] featpool_vabs=51.84 sam_handbg=52.10 pix_handbg=43.56
[480] featpool_vabs=51.84 sam_handbg=51.97 pix_handbg=43.49
[500] featpool_vabs=51.91 sam_handbg=52.05 pix_handbg=43.54
[520] featpool_vabs=51.68 sam_handbg=52.03 pix_handbg=43.55
[540] featpool_vabs=51.74 sam_handbg=52.09 pix_handbg=43.71
[560] featpool_vabs=52.15 sam_handbg=52.35 pix_handbg=43.95
[580] featpool_vabs=52.39 sam_handbg=52.54 pix_handbg=44.05
[600] featpool_vabs=52.51 sam_handbg=52.78 pix_handbg=44.18
[620] featpool_vabs=52.40 sam_handbg=52.66 pix_handbg=44.01
[640] featpool_vabs=52.61 sam_handbg=52.85 pix_handbg=44.11
[660] featpool_vabs=52.45 sam_handbg=52.64 pix_handbg=43.92
[680] featpool_vabs=52.46 sam_handbg=52.76 pix_handbg=43.96
[700] featpool_vabs=52.57 sam_handbg=52.89 pix_handbg=43.93
[720] featpool_vabs=52.71 sam_handbg=53.04 pix_handbg=44.06
[740] featpool_vabs=52.50 sam_handbg=52.96 pix_handbg=44.05
[760] featpool_vabs=52.70 sam_handbg=53.08 pix_handbg=44.23
[780] featpool_vabs=52.58 sam_handbg=53.04 pix_handbg=44.02
[800] featpool_vabs=52.49 sam_handbg=52.99 pix_handbg=44.04
[820] featpool_vabs=52.30 sam_handbg=52.76 pix_handbg=43.93
[840] featpool_vabs=52.39 sam_handbg=52.79 pix_handbg=43.91
[860] featpool_vabs=52.65 sam_handbg=53.00 pix_handbg=44.10
[880] featpool_vabs=52.71 sam_handbg=53.03 pix_handbg=44.14
[900] featpool_vabs=52.70 sam_handbg=53.12 pix_handbg=44.17
[920] featpool_vabs=52.71 sam_handbg=53.10 pix_handbg=44.02
[940] featpool_vabs=52.69 sam_handbg=53.10 pix_handbg=44.00
[960] featpool_vabs=52.63 sam_handbg=52.93 pix_handbg=43.99
[980] featpool_vabs=52.67 sam_handbg=52.99 pix_handbg=43.97
[1000] featpool_vabs=52.54 sam_handbg=52.94 pix_handbg=43.99
[1020] featpool_vabs=52.63 sam_handbg=53.06 pix_handbg=44.12
[1040] featpool_vabs=52.79 sam_handbg=53.16 pix_handbg=44.22
[1060] featpool_vabs=52.70 sam_handbg=53.03 pix_handbg=44.16
[1080] featpool_vabs=52.89 sam_handbg=53.32 pix_handbg=44.40
[1100] featpool_vabs=52.90 sam_handbg=53.31 pix_handbg=44.37
[1120] featpool_vabs=52.83 sam_handbg=53.28 pix_handbg=44.39
[1140] featpool_vabs=52.86 sam_handbg=53.26 pix_handbg=44.33
[1160] featpool_vabs=52.70 sam_handbg=53.20 pix_handbg=44.29
[1180] featpool_vabs=52.68 sam_handbg=53.29 pix_handbg=44.33
[1200] featpool_vabs=52.72 sam_handbg=53.23 pix_handbg=44.32
[1220] featpool_vabs=52.76 sam_handbg=53.28 pix_handbg=44.35
[1240] featpool_vabs=52.84 sam_handbg=53.34 pix_handbg=44.39
[1260] featpool_vabs=52.87 sam_handbg=53.32 pix_handbg=44.30
[1280] featpool_vabs=52.86 sam_handbg=53.26 pix_handbg=44.28
[1300] featpool_vabs=52.77 sam_handbg=53.07 pix_handbg=44.14
[1320] featpool_vabs=52.65 sam_handbg=52.93 pix_handbg=44.00
[1340] featpool_vabs=52.67 sam_handbg=52.96 pix_handbg=44.03
{
 "featpool_vabs": 52.74,
 "sam_handbg": 52.99,
 "pix_handbg": 43.99
}
+ for M in sclip clearclip maskclip naclip
+ python probe_ablate.py --variant naclip --dataset voc21 --offset 0 --limit 100000 --skip-dev --vabs-vocab perturbed_vocabs/voc21_plain_vabs64.json --handbg-vocab perturbed_vocabs/voc21_plain_handbg.json --sam-ckpt /media/dell/DATA/ovss/checkpoints/sam_vit_b_01ec64.pth --out /media/dell/DATA/ovss/runs/clean_abl_voc_naclip.json
/media/dell/DATA/ovss/miniconda3/envs/ovss/lib/python3.10/site-packages/segment_anything/build_sam.py:105: FutureWarning: You are using `torch.load` with `weights_only=False` (the current default value), which uses the default pickle module implicitly. It is possible to construct malicious pickle data which will execute arbitrary code during unpickling (See https://github.com/pytorch/pytorch/blob/main/SECURITY.md#untrusted-models for more details). In a future release, the default value for `weights_only` will be flipped to `True`. This limits the functions that could be executed during unpickling. Arbitrary objects will no longer be allowed to be loaded via this mode unless they are explicitly allowlisted by the user via `torch.serialization.add_safe_globals`. We recommend you start setting `weights_only=True` for any use case where you don't have full control of the loaded file. Please open an issue on GitHub for any issues related to this experimental feature.
  state_dict = torch.load(f)
[20] featpool_vabs=47.30 sam_handbg=47.64 pix_handbg=44.02
[40] featpool_vabs=49.85 sam_handbg=50.42 pix_handbg=44.07
[60] featpool_vabs=54.79 sam_handbg=54.79 pix_handbg=47.67
[80] featpool_vabs=56.26 sam_handbg=56.72 pix_handbg=51.36
[100] featpool_vabs=56.09 sam_handbg=57.29 pix_handbg=52.12
[120] featpool_vabs=56.61 sam_handbg=57.44 pix_handbg=52.42
[140] featpool_vabs=57.05 sam_handbg=57.86 pix_handbg=52.75
[160] featpool_vabs=57.69 sam_handbg=58.16 pix_handbg=52.99
[180] featpool_vabs=57.77 sam_handbg=58.11 pix_handbg=53.28
[200] featpool_vabs=58.74 sam_handbg=58.78 pix_handbg=53.79
[220] featpool_vabs=58.25 sam_handbg=58.40 pix_handbg=53.48
[240] featpool_vabs=58.41 sam_handbg=58.33 pix_handbg=53.40
[260] featpool_vabs=57.64 sam_handbg=57.92 pix_handbg=53.26
[280] featpool_vabs=57.94 sam_handbg=58.34 pix_handbg=53.60
[300] featpool_vabs=57.40 sam_handbg=57.97 pix_handbg=53.13
[320] featpool_vabs=57.15 sam_handbg=58.00 pix_handbg=53.18
[340] featpool_vabs=57.99 sam_handbg=59.46 pix_handbg=53.81
[360] featpool_vabs=57.94 sam_handbg=59.50 pix_handbg=53.87
[380] featpool_vabs=58.28 sam_handbg=59.53 pix_handbg=54.08
[400] featpool_vabs=58.83 sam_handbg=60.22 pix_handbg=54.63
[420] featpool_vabs=58.23 sam_handbg=59.82 pix_handbg=54.21
[440] featpool_vabs=58.92 sam_handbg=60.66 pix_handbg=54.92
[460] featpool_vabs=58.43 sam_handbg=60.16 pix_handbg=54.50
[480] featpool_vabs=58.38 sam_handbg=60.02 pix_handbg=54.45
[500] featpool_vabs=58.45 sam_handbg=60.09 pix_handbg=54.56
[520] featpool_vabs=58.59 sam_handbg=60.39 pix_handbg=54.63
[540] featpool_vabs=58.68 sam_handbg=60.50 pix_handbg=54.83
[560] featpool_vabs=59.00 sam_handbg=60.73 pix_handbg=55.07
[580] featpool_vabs=59.24 sam_handbg=60.94 pix_handbg=55.27
[600] featpool_vabs=59.51 sam_handbg=61.22 pix_handbg=55.52
[620] featpool_vabs=59.24 sam_handbg=60.93 pix_handbg=55.29
[640] featpool_vabs=59.40 sam_handbg=61.04 pix_handbg=55.41
[660] featpool_vabs=59.19 sam_handbg=60.75 pix_handbg=55.17
[680] featpool_vabs=59.38 sam_handbg=60.95 pix_handbg=55.30
[700] featpool_vabs=59.53 sam_handbg=61.07 pix_handbg=55.38
[720] featpool_vabs=59.67 sam_handbg=61.29 pix_handbg=55.53
[740] featpool_vabs=59.40 sam_handbg=61.18 pix_handbg=55.46
[760] featpool_vabs=59.73 sam_handbg=61.41 pix_handbg=55.70
[780] featpool_vabs=59.68 sam_handbg=61.35 pix_handbg=55.52
[800] featpool_vabs=59.49 sam_handbg=61.19 pix_handbg=55.48
[820] featpool_vabs=59.35 sam_handbg=61.03 pix_handbg=55.38
[840] featpool_vabs=59.38 sam_handbg=61.03 pix_handbg=55.32
[860] featpool_vabs=59.61 sam_handbg=61.09 pix_handbg=55.48
[880] featpool_vabs=59.64 sam_handbg=61.13 pix_handbg=55.51
[900] featpool_vabs=59.54 sam_handbg=61.01 pix_handbg=55.42
[920] featpool_vabs=59.52 sam_handbg=61.03 pix_handbg=55.39
[940] featpool_vabs=59.35 sam_handbg=60.95 pix_handbg=55.31
[960] featpool_vabs=59.44 sam_handbg=61.06 pix_handbg=55.38
[980] featpool_vabs=59.52 sam_handbg=61.12 pix_handbg=55.38
[1000] featpool_vabs=59.42 sam_handbg=61.06 pix_handbg=55.40
[1020] featpool_vabs=59.58 sam_handbg=61.21 pix_handbg=55.56
[1040] featpool_vabs=59.68 sam_handbg=61.26 pix_handbg=55.59
[1060] featpool_vabs=59.65 sam_handbg=61.25 pix_handbg=55.56
[1080] featpool_vabs=59.74 sam_handbg=61.48 pix_handbg=55.80
[1100] featpool_vabs=59.80 sam_handbg=61.49 pix_handbg=55.80
[1120] featpool_vabs=59.67 sam_handbg=61.41 pix_handbg=55.79
[1140] featpool_vabs=59.70 sam_handbg=61.42 pix_handbg=55.78
[1160] featpool_vabs=59.61 sam_handbg=61.41 pix_handbg=55.81
[1180] featpool_vabs=59.60 sam_handbg=61.55 pix_handbg=55.93
[1200] featpool_vabs=59.58 sam_handbg=61.52 pix_handbg=55.87
[1220] featpool_vabs=59.52 sam_handbg=61.46 pix_handbg=55.84
[1240] featpool_vabs=59.52 sam_handbg=61.46 pix_handbg=55.82
[1260] featpool_vabs=59.45 sam_handbg=61.32 pix_handbg=55.68
[1280] featpool_vabs=59.45 sam_handbg=61.24 pix_handbg=55.65
[1300] featpool_vabs=59.38 sam_handbg=61.08 pix_handbg=55.54
[1320] featpool_vabs=59.23 sam_handbg=60.91 pix_handbg=55.39
[1340] featpool_vabs=59.24 sam_handbg=60.98 pix_handbg=55.44
{
 "featpool_vabs": 59.32,
 "sam_handbg": 61.0,
 "pix_handbg": 55.43
}
+ echo CLEAN_DONE
CLEAN_DONE
