+ R=/media/dell/DATA/ovss/runs
+ CK=/media/dell/DATA/ovss/checkpoints/sam_vit_b_01ec64.pth
+ PV=perturbed_vocabs
+ for M in sclip naclip
+ python probe_d1sam.py --variant sclip --dataset voc21 --offset 0 --limit 100000 --vabs-vocab perturbed_vocabs/voc21_official.json --rand-vocab perturbed_vocabs/voc21_official.json --sam-ckpt /media/dell/DATA/ovss/checkpoints/sam_vit_b_01ec64.pth --out /media/dell/DATA/ovss/runs/full_voc_sclip_official.json
/media/dell/DATA/ovss/miniconda3/envs/ovss/lib/python3.10/site-packages/segment_anything/build_sam.py:105: FutureWarning: You are using `torch.load` with `weights_only=False` (the current default value), which uses the default pickle module implicitly. It is possible to construct malicious pickle data which will execute arbitrary code during unpickling (See https://github.com/pytorch/pytorch/blob/main/SECURITY.md#untrusted-models for more details). In a future release, the default value for `weights_only` will be flipped to `True`. This limits the functions that could be executed during unpickling. Arbitrary objects will no longer be allowed to be loaded via this mode unless they are explicitly allowlisted by the user via `torch.serialization.add_safe_globals`. We recommend you start setting `weights_only=True` for any use case where you don't have full control of the loaded file. Please open an issue on GitHub for any issues related to this experimental feature.
  state_dict = torch.load(f)
[10] pix=58.90 sam=62.62 samrand=62.62
[20] pix=49.17 sam=52.11 samrand=52.11
[30] pix=47.17 sam=49.61 samrand=49.61
[40] pix=48.00 sam=52.92 samrand=52.92
[50] pix=51.00 sam=56.21 samrand=56.21
[60] pix=52.06 sam=58.23 samrand=58.23
[70] pix=54.76 sam=59.92 samrand=59.92
[80] pix=55.73 sam=60.40 samrand=60.40
[90] pix=54.95 sam=59.79 samrand=59.79
[100] pix=55.00 sam=59.73 samrand=59.73
[110] pix=54.94 sam=59.50 samrand=59.50
[120] pix=54.96 sam=59.58 samrand=59.58
[130] pix=55.41 sam=60.42 samrand=60.42
[140] pix=55.40 sam=60.27 samrand=60.27
[150] pix=55.66 sam=60.56 samrand=60.56
[160] pix=55.96 sam=60.79 samrand=60.79
[170] pix=54.95 sam=59.38 samrand=59.38
[180] pix=55.30 sam=59.70 samrand=59.70
[190] pix=55.72 sam=60.15 samrand=60.15
[200] pix=55.69 sam=60.17 samrand=60.17
[210] pix=55.47 sam=59.84 samrand=59.84
[220] pix=55.56 sam=59.89 samrand=59.89
[230] pix=55.46 sam=59.77 samrand=59.77
[240] pix=55.77 sam=60.14 samrand=60.14
[250] pix=55.96 sam=60.18 samrand=60.18
[260] pix=55.71 sam=59.88 samrand=59.88
[270] pix=56.20 sam=60.38 samrand=60.38
[280] pix=55.97 sam=60.11 samrand=60.11
[290] pix=55.56 sam=59.45 samrand=59.45
[300] pix=55.42 sam=59.27 samrand=59.27
[310] pix=55.36 sam=59.18 samrand=59.18
[320] pix=55.23 sam=59.22 samrand=59.22
[330] pix=55.42 sam=59.52 samrand=59.52
[340] pix=55.22 sam=59.28 samrand=59.28
[350] pix=55.41 sam=59.46 samrand=59.46
[360] pix=55.17 sam=59.17 samrand=59.17
[370] pix=54.84 sam=58.80 samrand=58.80
[380] pix=54.40 sam=58.35 samrand=58.35
[390] pix=54.37 sam=58.30 samrand=58.30
[400] pix=54.55 sam=58.55 samrand=58.55
[410] pix=54.39 sam=58.35 samrand=58.35
[420] pix=54.58 sam=58.48 samrand=58.48
[430] pix=54.85 sam=58.96 samrand=58.96
[440] pix=54.84 sam=58.86 samrand=58.86
[450] pix=54.81 sam=58.80 samrand=58.80
[460] pix=54.74 sam=58.70 samrand=58.70
[470] pix=54.84 sam=58.76 samrand=58.76
[480] pix=55.01 sam=58.92 samrand=58.92
[490] pix=55.34 sam=59.37 samrand=59.37
[500] pix=55.61 sam=59.72 samrand=59.72
[510] pix=55.50 sam=59.60 samrand=59.60
[520] pix=55.11 sam=58.98 samrand=58.98
[530] pix=55.41 sam=59.19 samrand=59.19
[540] pix=55.82 sam=59.62 samrand=59.62
[550] pix=55.70 sam=59.57 samrand=59.57
[560] pix=55.47 sam=59.32 samrand=59.32
[570] pix=55.38 sam=59.21 samrand=59.21
[580] pix=55.44 sam=59.30 samrand=59.30
[590] pix=55.54 sam=59.38 samrand=59.38
[600] pix=55.50 sam=59.34 samrand=59.34
[610] pix=55.43 sam=59.51 samrand=59.51
[620] pix=55.66 sam=59.80 samrand=59.80
[630] pix=55.97 sam=60.07 samrand=60.07
[640] pix=55.98 sam=60.08 samrand=60.08
[650] pix=56.01 sam=60.11 samrand=60.11
[660] pix=56.04 sam=60.07 samrand=60.07
[670] pix=56.03 sam=60.13 samrand=60.13
[680] pix=56.12 sam=60.25 samrand=60.25
[690] pix=56.28 sam=60.42 samrand=60.42
[700] pix=56.27 sam=60.44 samrand=60.44
[710] pix=56.37 sam=60.52 samrand=60.52
[720] pix=56.28 sam=60.43 samrand=60.43
[730] pix=56.28 sam=60.47 samrand=60.47
[740] pix=56.34 sam=60.55 samrand=60.55
[750] pix=56.39 sam=60.60 samrand=60.60
[760] pix=56.10 sam=60.23 samrand=60.23
[770] pix=56.08 sam=60.19 samrand=60.19
[780] pix=56.28 sam=60.46 samrand=60.46
[790] pix=56.31 sam=60.47 samrand=60.47
[800] pix=56.37 sam=60.54 samrand=60.54
[810] pix=56.46 sam=60.69 samrand=60.69
[820] pix=56.46 sam=60.67 samrand=60.67
[830] pix=56.34 sam=60.50 samrand=60.50
[840] pix=56.36 sam=60.52 samrand=60.52
[850] pix=56.58 sam=60.68 samrand=60.68
[860] pix=56.53 sam=60.63 samrand=60.63
[870] pix=56.49 sam=60.56 samrand=60.56
[880] pix=56.48 sam=60.63 samrand=60.63
[890] pix=56.53 sam=60.64 samrand=60.64
[900] pix=56.45 sam=60.54 samrand=60.54
[910] pix=56.34 sam=60.44 samrand=60.44
[920] pix=56.39 sam=60.46 samrand=60.46
[930] pix=56.36 sam=60.43 samrand=60.43
[940] pix=56.34 sam=60.42 samrand=60.42
[950] pix=56.42 sam=60.49 samrand=60.49
[960] pix=56.54 sam=60.61 samrand=60.61
[970] pix=56.67 sam=60.71 samrand=60.71
[980] pix=56.64 sam=60.70 samrand=60.70
[990] pix=56.59 sam=60.61 samrand=60.61
[1000] pix=56.64 sam=60.67 samrand=60.67
[1010] pix=56.67 sam=60.74 samrand=60.74
[1020] pix=56.64 sam=60.70 samrand=60.70
[1030] pix=56.63 sam=60.70 samrand=60.70
[1040] pix=56.58 sam=60.62 samrand=60.62
[1050] pix=56.67 sam=60.72 samrand=60.72
[1060] pix=56.57 sam=60.61 samrand=60.61
[1070] pix=56.67 sam=60.74 samrand=60.74
[1080] pix=56.62 sam=60.72 samrand=60.72
[1090] pix=56.64 sam=60.71 samrand=60.71
[1100] pix=56.74 sam=60.89 samrand=60.89
[1110] pix=56.79 sam=60.93 samrand=60.93
[1120] pix=56.85 sam=60.98 samrand=60.98
[1130] pix=56.87 sam=61.01 samrand=61.01
[1140] pix=56.86 sam=61.04 samrand=61.04
[1150] pix=56.88 sam=61.09 samrand=61.09
[1160] pix=56.87 sam=61.07 samrand=61.07
[1170] pix=56.99 sam=61.18 samrand=61.18
[1180] pix=57.17 sam=61.36 samrand=61.36
[1190] pix=57.27 sam=61.43 samrand=61.43
[1200] pix=57.29 sam=61.48 samrand=61.48
[1210] pix=57.24 sam=61.38 samrand=61.38
[1220] pix=57.27 sam=61.41 samrand=61.41
[1230] pix=57.29 sam=61.44 samrand=61.44
[1240] pix=57.28 sam=61.46 samrand=61.46
[1250] pix=57.34 sam=61.52 samrand=61.52
[1260] pix=57.25 sam=61.39 samrand=61.39
[1270] pix=57.30 sam=61.46 samrand=61.46
[1280] pix=57.34 sam=61.49 samrand=61.49
[1290] pix=57.41 sam=61.61 samrand=61.61
[1300] pix=57.31 sam=61.50 samrand=61.50
[1310] pix=57.30 sam=61.47 samrand=61.47
[1320] pix=57.30 sam=61.45 samrand=61.45
[1330] pix=57.22 sam=61.36 samrand=61.36
[1340] pix=57.27 sam=61.42 samrand=61.42
[1350] pix=57.22 sam=61.36 samrand=61.36
[1360] pix=57.19 sam=61.34 samrand=61.34
[1370] pix=57.12 sam=61.25 samrand=61.25
[1380] pix=57.12 sam=61.26 samrand=61.26
[1390] pix=56.92 sam=61.01 samrand=61.01
[1400] pix=56.94 sam=61.00 samrand=61.00
[1410] pix=56.86 sam=60.89 samrand=60.89
[1420] pix=56.80 sam=60.81 samrand=60.81
[1430] pix=56.78 sam=60.80 samrand=60.80
[1440] pix=56.85 sam=60.86 samrand=60.86
{
 "pix_vabs": 56.91,
 "sam_reg_vabs": 60.96,
 "sam_reg_rand": 60.96
}
+ python probe_d1sam.py --variant sclip --dataset ctx60 --offset 0 --limit 100000 --vabs-vocab perturbed_vocabs/ctx60_plain_vabs64.json --rand-vocab perturbed_vocabs/ctx60_plain_randneg64.json --sam-ckpt /media/dell/DATA/ovss/checkpoints/sam_vit_b_01ec64.pth --out /media/dell/DATA/ovss/runs/full_ctx60_sclip.json
/media/dell/DATA/ovss/miniconda3/envs/ovss/lib/python3.10/site-packages/segment_anything/build_sam.py:105: FutureWarning: You are using `torch.load` with `weights_only=False` (the current default value), which uses the default pickle module implicitly. It is possible to construct malicious pickle data which will execute arbitrary code during unpickling (See https://github.com/pytorch/pytorch/blob/main/SECURITY.md#untrusted-models for more details). In a future release, the default value for `weights_only` will be flipped to `True`. This limits the functions that could be executed during unpickling. Arbitrary objects will no longer be allowed to be loaded via this mode unless they are explicitly allowlisted by the user via `torch.serialization.add_safe_globals`. We recommend you start setting `weights_only=True` for any use case where you don't have full control of the loaded file. Please open an issue on GitHub for any issues related to this experimental feature.
  state_dict = torch.load(f)
[10] pix=26.92 sam=28.04 samrand=26.66
[20] pix=25.67 sam=26.33 samrand=26.07
[30] pix=29.10 sam=30.16 samrand=29.66
[40] pix=30.75 sam=31.44 samrand=31.27
[50] pix=30.27 sam=31.26 samrand=30.89
[60] pix=30.31 sam=31.36 samrand=31.07
[70] pix=31.39 sam=32.63 samrand=31.54
[80] pix=30.15 sam=31.35 samrand=31.15
[90] pix=29.65 sam=31.18 samrand=31.27
[100] pix=28.11 sam=29.84 samrand=30.37
[110] pix=27.10 sam=28.65 samrand=29.05
[120] pix=25.92 sam=27.30 samrand=28.12
[130] pix=25.99 sam=27.41 samrand=28.16
[140] pix=27.23 sam=28.60 samrand=29.13
[150] pix=26.64 sam=28.00 samrand=28.65
[160] pix=26.79 sam=28.31 samrand=28.88
[170] pix=26.91 sam=28.44 samrand=28.95
[180] pix=26.79 sam=28.26 samrand=28.66
[190] pix=26.47 sam=27.95 samrand=28.37
[200] pix=26.51 sam=28.00 samrand=28.19
[210] pix=26.64 sam=28.16 samrand=28.31
[220] pix=27.62 sam=29.21 samrand=29.38
[230] pix=27.77 sam=29.70 samrand=29.47
[240] pix=27.74 sam=29.75 samrand=29.46
[250] pix=27.53 sam=29.44 samrand=29.17
[260] pix=27.24 sam=29.17 samrand=28.97
[270] pix=27.06 sam=28.93 samrand=28.96
[280] pix=27.24 sam=29.23 samrand=29.19
[290] pix=27.24 sam=29.24 samrand=29.18
[300] pix=27.25 sam=29.14 samrand=29.11
[310] pix=27.45 sam=29.31 samrand=29.20
[320] pix=27.34 sam=29.19 samrand=29.13
[330] pix=27.42 sam=29.33 samrand=29.30
[340] pix=27.71 sam=29.59 samrand=29.63
[350] pix=27.73 sam=29.63 samrand=29.63
[360] pix=27.57 sam=29.43 samrand=29.52
[370] pix=27.62 sam=29.54 samrand=29.63
[380] pix=27.55 sam=29.44 samrand=29.54
[390] pix=27.63 sam=29.53 samrand=29.63
[400] pix=27.45 sam=29.34 samrand=29.54
[410] pix=27.38 sam=29.20 samrand=29.41
[420] pix=27.42 sam=29.23 samrand=29.48
[430] pix=27.53 sam=29.34 samrand=29.48
[440] pix=27.42 sam=29.21 samrand=29.33
[450] pix=27.41 sam=29.21 samrand=29.29
[460] pix=27.58 sam=29.35 samrand=29.45
[470] pix=27.36 sam=29.12 samrand=29.16
[480] pix=28.15 sam=29.90 samrand=29.72
[490] pix=27.97 sam=29.82 samrand=29.69
[500] pix=28.00 sam=29.86 samrand=29.80
[510] pix=27.83 sam=29.64 samrand=29.57
[520] pix=27.74 sam=29.55 samrand=29.51
[530] pix=27.77 sam=29.60 samrand=29.56
[540] pix=28.00 sam=29.97 samrand=30.09
[550] pix=27.95 sam=29.97 samrand=30.12
[560] pix=27.98 sam=29.99 samrand=30.10
[570] pix=27.86 sam=29.91 samrand=30.04
[580] pix=27.94 sam=29.96 samrand=30.09
[590] pix=28.06 sam=30.09 samrand=30.24
[600] pix=28.04 sam=30.06 samrand=30.31
[610] pix=28.07 sam=30.07 samrand=30.29
[620] pix=27.87 sam=29.87 samrand=30.06
[630] pix=27.90 sam=29.95 samrand=30.17
[640] pix=28.21 sam=30.29 samrand=30.53
[650] pix=28.51 sam=30.61 samrand=30.84
[660] pix=28.52 sam=30.66 samrand=30.91
[670] pix=28.75 sam=30.95 samrand=31.13
[680] pix=28.70 sam=30.87 samrand=31.06
[690] pix=28.59 sam=30.78 samrand=30.98
[700] pix=28.47 sam=30.67 samrand=30.95
[710] pix=28.46 sam=30.66 samrand=30.94
[720] pix=28.31 sam=30.52 samrand=30.84
[730] pix=28.29 sam=30.49 samrand=30.81
[740] pix=28.13 sam=30.41 samrand=30.46
[750] pix=27.95 sam=30.22 samrand=30.24
[760] pix=28.04 sam=30.30 samrand=30.32
[770] pix=28.04 sam=30.27 samrand=30.30
[780] pix=27.99 sam=30.21 samrand=30.24
[790] pix=28.14 sam=30.40 samrand=30.38
[800] pix=28.20 sam=30.46 samrand=30.43
[810] pix=28.25 sam=30.51 samrand=30.45
[820] pix=28.33 sam=30.60 samrand=30.53
[830] pix=28.34 sam=30.62 samrand=30.58
[840] pix=28.40 sam=30.67 samrand=30.72
[850] pix=28.48 sam=30.75 samrand=30.81
[860] pix=28.51 sam=30.77 samrand=30.77
[870] pix=28.54 sam=30.80 samrand=30.85
[880] pix=28.59 sam=30.86 samrand=30.92
[890] pix=28.48 sam=30.71 samrand=30.86
[900] pix=28.45 sam=30.66 samrand=30.82
[910] pix=28.37 sam=30.59 samrand=30.75
[920] pix=28.34 sam=30.56 samrand=30.74
[930] pix=28.36 sam=30.59 samrand=30.74
[940] pix=28.31 sam=30.56 samrand=30.81
[950] pix=28.24 sam=30.50 samrand=30.76
[960] pix=28.19 sam=30.44 samrand=30.72
[970] pix=28.15 sam=30.40 samrand=30.59
[980] pix=28.16 sam=30.42 samrand=30.62
[990] pix=28.06 sam=30.07 samrand=30.30
[1000] pix=28.01 sam=30.04 samrand=30.26
[1010] pix=28.00 sam=30.11 samrand=30.22
[1020] pix=28.00 sam=30.10 samrand=30.22
[1030] pix=28.02 sam=30.13 samrand=30.25
[1040] pix=28.44 sam=30.47 samrand=30.62
[1050] pix=28.42 sam=30.44 samrand=30.64
[1060] pix=28.47 sam=30.49 samrand=30.68
[1070] pix=28.46 sam=30.48 samrand=30.67
[1080] pix=28.49 sam=30.54 samrand=30.74
[1090] pix=28.58 sam=30.65 samrand=30.86
[1100] pix=28.58 sam=30.65 samrand=30.87
[1110] pix=28.51 sam=30.53 samrand=30.73
[1120] pix=28.53 sam=30.58 samrand=30.77
[1130] pix=28.57 sam=30.61 samrand=30.81
[1140] pix=28.66 sam=30.69 samrand=30.88
[1150] pix=28.64 sam=30.69 samrand=30.86
[1160] pix=28.69 sam=30.70 samrand=30.89
[1170] pix=28.61 sam=30.60 samrand=30.79
[1180] pix=28.51 sam=30.46 samrand=30.67
[1190] pix=28.51 sam=30.48 samrand=30.66
[1200] pix=28.61 sam=30.61 samrand=30.78
[1210] pix=28.55 sam=30.51 samrand=30.69
[1220] pix=28.63 sam=30.61 samrand=30.85
[1230] pix=28.45 sam=30.38 samrand=30.71
[1240] pix=28.45 sam=30.37 samrand=30.72
[1250] pix=28.46 sam=30.42 samrand=30.80
[1260] pix=28.46 sam=30.43 samrand=30.78
[1270] pix=28.60 sam=30.59 samrand=30.94
[1280] pix=28.65 sam=30.66 samrand=31.00
[1290] pix=28.63 sam=30.64 samrand=30.97
[1300] pix=28.58 sam=30.54 samrand=30.88
[1310] pix=28.56 sam=30.51 samrand=30.84
[1320] pix=28.60 sam=30.55 samrand=30.86
[1330] pix=28.71 sam=30.66 samrand=30.97
[1340] pix=28.80 sam=30.76 samrand=31.04
[1350] pix=28.86 sam=30.80 samrand=31.07
[1360] pix=28.91 sam=30.85 samrand=31.11
[1370] pix=28.93 sam=30.91 samrand=31.18
[1380] pix=28.96 sam=30.94 samrand=31.21
[1390] pix=29.05 sam=31.02 samrand=31.27
[1400] pix=29.02 sam=31.00 samrand=31.24
[1410] pix=29.11 sam=31.09 samrand=31.33
[1420] pix=29.07 sam=31.06 samrand=31.30
[1430] pix=29.02 sam=31.01 samrand=31.24
[1440] pix=29.01 sam=31.00 samrand=31.21
[1450] pix=29.07 sam=31.05 samrand=31.28
[1460] pix=29.09 sam=31.10 samrand=31.33
[1470] pix=29.00 sam=30.99 samrand=31.22
[1480] pix=29.04 sam=31.02 samrand=31.27
[1490] pix=29.10 sam=31.09 samrand=31.36
[1500] pix=29.09 sam=31.08 samrand=31.34
[1510] pix=29.21 sam=31.21 samrand=31.44
[1520] pix=29.16 sam=31.16 samrand=31.40
[1530] pix=29.09 sam=31.06 samrand=31.29
[1540] pix=29.11 sam=31.07 samrand=31.32
[1550] pix=29.12 sam=31.09 samrand=31.35
[1560] pix=29.11 sam=31.07 samrand=31.35
[1570] pix=29.13 sam=31.09 samrand=31.36
[1580] pix=29.15 sam=31.11 samrand=31.40
[1590] pix=29.16 sam=31.12 samrand=31.38
[1600] pix=29.16 sam=31.13 samrand=31.38
[1610] pix=29.14 sam=31.12 samrand=31.36
[1620] pix=29.21 sam=31.19 samrand=31.38
[1630] pix=29.17 sam=31.14 samrand=31.37
[1640] pix=29.15 sam=31.11 samrand=31.38
[1650] pix=29.17 sam=31.13 samrand=31.42
[1660] pix=29.16 sam=31.12 samrand=31.40
[1670] pix=29.13 sam=31.12 samrand=31.40
[1680] pix=29.16 sam=31.17 samrand=31.44
[1690] pix=29.12 sam=31.12 samrand=31.40
[1700] pix=29.12 sam=31.12 samrand=31.39
[1710] pix=29.11 sam=31.11 samrand=31.39
[1720] pix=29.08 sam=31.09 samrand=31.36
[1730] pix=29.11 sam=31.11 samrand=31.38
[1740] pix=29.09 sam=31.10 samrand=31.39
[1750] pix=29.15 sam=31.16 samrand=31.45
[1760] pix=29.08 sam=31.05 samrand=31.32
[1770] pix=29.00 sam=30.95 samrand=31.21
[1780] pix=29.01 sam=30.95 samrand=31.21
[1790] pix=28.98 sam=30.93 samrand=31.20
[1800] pix=28.99 sam=30.94 samrand=31.21
[1810] pix=29.01 sam=30.97 samrand=31.24
[1820] pix=28.98 sam=30.95 samrand=31.21
[1830] pix=29.00 sam=30.96 samrand=31.21
[1840] pix=29.02 sam=30.96 samrand=31.21
[1850] pix=29.06 sam=31.01 samrand=31.25
[1860] pix=29.08 sam=31.04 samrand=31.27
[1870] pix=29.04 sam=30.96 samrand=31.20
[1880] pix=29.02 sam=30.91 samrand=31.15
[1890] pix=29.01 sam=30.90 samrand=31.14
[1900] pix=29.13 sam=31.01 samrand=31.25
[1910] pix=29.16 sam=31.04 samrand=31.28
[1920] pix=29.16 sam=31.04 samrand=31.26
[1930] pix=29.23 sam=31.12 samrand=31.36
[1940] pix=29.22 sam=31.12 samrand=31.33
[1950] pix=29.20 sam=31.06 samrand=31.27
[1960] pix=29.19 sam=31.05 samrand=31.27
[1970] pix=29.24 sam=31.10 samrand=31.27
[1980] pix=29.28 sam=31.14 samrand=31.31
[1990] pix=29.29 sam=31.16 samrand=31.33
[2000] pix=29.31 sam=31.15 samrand=31.36
[2010] pix=29.27 sam=31.11 samrand=31.31
[2020] pix=29.29 sam=31.11 samrand=31.31
[2030] pix=29.31 sam=31.15 samrand=31.35
[2040] pix=29.32 sam=31.16 samrand=31.35
[2050] pix=29.33 sam=31.17 samrand=31.35
[2060] pix=29.31 sam=31.14 samrand=31.32
[2070] pix=29.35 sam=31.18 samrand=31.36
[2080] pix=29.32 sam=31.15 samrand=31.33
[2090] pix=29.35 sam=31.18 samrand=31.35
[2100] pix=29.44 sam=31.28 samrand=31.46
[2110] pix=29.44 sam=31.26 samrand=31.45
[2120] pix=29.48 sam=31.29 samrand=31.46
[2130] pix=29.48 sam=31.31 samrand=31.48
[2140] pix=29.48 sam=31.31 samrand=31.49
[2150] pix=29.52 sam=31.35 samrand=31.53
[2160] pix=29.52 sam=31.34 samrand=31.51
[2170] pix=29.50 sam=31.32 samrand=31.49
[2180] pix=29.52 sam=31.35 samrand=31.53
[2190] pix=29.54 sam=31.37 samrand=31.55
[2200] pix=29.59 sam=31.40 samrand=31.58
[2210] pix=29.62 sam=31.42 samrand=31.61
[2220] pix=29.70 sam=31.51 samrand=31.70
[2230] pix=29.71 sam=31.52 samrand=31.70
[2240] pix=29.71 sam=31.51 samrand=31.69
[2250] pix=29.71 sam=31.52 samrand=31.70
[2260] pix=29.66 sam=31.45 samrand=31.64
[2270] pix=29.65 sam=31.46 samrand=31.64
[2280] pix=29.66 sam=31.50 samrand=31.66
[2290] pix=29.65 sam=31.49 samrand=31.64
[2300] pix=29.67 sam=31.51 samrand=31.67
[2310] pix=29.72 sam=31.56 samrand=31.72
[2320] pix=29.76 sam=31.59 samrand=31.75
[2330] pix=29.73 sam=31.56 samrand=31.73
[2340] pix=29.74 sam=31.56 samrand=31.73
[2350] pix=29.74 sam=31.58 samrand=31.74
[2360] pix=29.74 sam=31.58 samrand=31.74
[2370] pix=29.75 sam=31.59 samrand=31.76
[2380] pix=29.76 sam=31.59 samrand=31.76
[2390] pix=29.74 sam=31.58 samrand=31.76
[2400] pix=29.74 sam=31.59 samrand=31.76
[2410] pix=29.73 sam=31.58 samrand=31.75
[2420] pix=29.71 sam=31.56 samrand=31.72
[2430] pix=29.69 sam=31.55 samrand=31.71
[2440] pix=29.74 sam=31.60 samrand=31.74
[2450] pix=29.77 sam=31.63 samrand=31.79
[2460] pix=29.77 sam=31.63 samrand=31.80
[2470] pix=29.78 sam=31.64 samrand=31.81
[2480] pix=29.80 sam=31.65 samrand=31.83
[2490] pix=29.86 sam=31.70 samrand=31.88
[2500] pix=29.87 sam=31.73 samrand=31.90
[2510] pix=29.94 sam=31.80 samrand=31.93
[2520] pix=29.93 sam=31.79 samrand=31.92
[2530] pix=29.99 sam=31.87 samrand=31.99
[2540] pix=30.02 sam=31.90 samrand=32.02
[2550] pix=30.05 sam=31.93 samrand=32.05
[2560] pix=30.04 sam=31.92 samrand=32.04
[2570] pix=30.03 sam=31.90 samrand=32.02
[2580] pix=30.04 sam=31.92 samrand=32.04
[2590] pix=30.06 sam=31.94 samrand=32.06
[2600] pix=30.07 sam=31.96 samrand=32.07
[2610] pix=30.07 sam=31.95 samrand=32.05
[2620] pix=30.08 sam=31.95 samrand=32.05
[2630] pix=30.08 sam=31.95 samrand=32.06
[2640] pix=30.07 sam=31.94 samrand=32.05
[2650] pix=30.08 sam=31.95 samrand=32.08
[2660] pix=30.08 sam=31.96 samrand=32.09
[2670] pix=30.08 sam=31.95 samrand=32.09
[2680] pix=30.07 sam=31.93 samrand=32.07
[2690] pix=30.08 sam=31.93 samrand=32.08
[2700] pix=30.08 sam=31.93 samrand=32.08
[2710] pix=30.08 sam=31.94 samrand=32.10
[2720] pix=30.10 sam=31.96 samrand=32.11
[2730] pix=30.12 sam=31.97 samrand=32.13
[2740] pix=30.20 sam=32.05 samrand=32.24
[2750] pix=30.20 sam=32.05 samrand=32.24
[2760] pix=30.25 sam=32.10 samrand=32.28
[2770] pix=30.23 sam=32.07 samrand=32.24
[2780] pix=30.22 sam=32.06 samrand=32.23
[2790] pix=30.24 sam=32.08 samrand=32.25
[2800] pix=30.21 sam=32.05 samrand=32.23
[2810] pix=30.23 sam=32.08 samrand=32.26
[2820] pix=30.24 sam=32.07 samrand=32.25
[2830] pix=30.24 sam=32.09 samrand=32.26
[2840] pix=30.27 sam=32.11 samrand=32.29
[2850] pix=30.29 sam=32.13 samrand=32.34
[2860] pix=30.28 sam=32.13 samrand=32.34
[2870] pix=30.26 sam=32.13 samrand=32.34
[2880] pix=30.30 sam=32.17 samrand=32.39
[2890] pix=30.33 sam=32.22 samrand=32.42
[2900] pix=30.32 sam=32.22 samrand=32.42
[2910] pix=30.38 sam=32.29 samrand=32.49
[2920] pix=30.44 sam=32.35 samrand=32.57
[2930] pix=30.51 sam=32.43 samrand=32.65
[2940] pix=30.50 sam=32.43 samrand=32.64
[2950] pix=30.52 sam=32.44 samrand=32.66
[2960] pix=30.53 sam=32.44 samrand=32.66
[2970] pix=30.53 sam=32.46 samrand=32.68
[2980] pix=30.57 sam=32.50 samrand=32.73
[2990] pix=30.57 sam=32.50 samrand=32.74
[3000] pix=30.57 sam=32.50 samrand=32.75
[3010] pix=30.60 sam=32.52 samrand=32.77
[3020] pix=30.60 sam=32.52 samrand=32.76
[3030] pix=30.58 sam=32.50 samrand=32.74
[3040] pix=30.60 sam=32.53 samrand=32.76
[3050] pix=30.61 sam=32.54 samrand=32.76
[3060] pix=30.61 sam=32.54 samrand=32.77
[3070] pix=30.64 sam=32.58 samrand=32.81
[3080] pix=30.61 sam=32.55 samrand=32.78
[3090] pix=30.63 sam=32.56 samrand=32.80
[3100] pix=30.64 sam=32.57 samrand=32.81
[3110] pix=30.63 sam=32.57 samrand=32.80
[3120] pix=30.64 sam=32.58 samrand=32.81
[3130] pix=30.62 sam=32.56 samrand=32.79
[3140] pix=30.64 sam=32.57 samrand=32.80
[3150] pix=30.63 sam=32.56 samrand=32.79
[3160] pix=30.64 sam=32.57 samrand=32.80
[3170] pix=30.63 sam=32.56 samrand=32.78
[3180] pix=30.64 sam=32.57 samrand=32.80
[3190] pix=30.63 sam=32.57 samrand=32.81
[3200] pix=30.61 sam=32.54 samrand=32.78
[3210] pix=30.60 sam=32.53 samrand=32.76
[3220] pix=30.60 sam=32.53 samrand=32.75
[3230] pix=30.58 sam=32.49 samrand=32.72
[3240] pix=30.57 sam=32.48 samrand=32.69
[3250] pix=30.58 sam=32.50 samrand=32.71
[3260] pix=30.57 sam=32.48 samrand=32.69
[3270] pix=30.57 sam=32.49 samrand=32.68
[3280] pix=30.58 sam=32.50 samrand=32.70
[3290] pix=30.59 sam=32.51 samrand=32.71
[3300] pix=30.60 sam=32.52 samrand=32.74
[3310] pix=30.59 sam=32.52 samrand=32.73
[3320] pix=30.61 sam=32.54 samrand=32.75
[3330] pix=30.62 sam=32.55 samrand=32.76
[3340] pix=30.62 sam=32.54 samrand=32.73
[3350] pix=30.64 sam=32.56 samrand=32.74
[3360] pix=30.64 sam=32.56 samrand=32.74
[3370] pix=30.66 sam=32.58 samrand=32.75
[3380] pix=30.70 sam=32.63 samrand=32.81
[3390] pix=30.71 sam=32.64 samrand=32.83
[3400] pix=30.71 sam=32.63 samrand=32.82
[3410] pix=30.71 sam=32.64 samrand=32.82
[3420] pix=30.70 sam=32.64 samrand=32.82
[3430] pix=30.69 sam=32.62 samrand=32.80
[3440] pix=30.71 sam=32.64 samrand=32.83
[3450] pix=30.71 sam=32.63 samrand=32.82
[3460] pix=30.69 sam=32.61 samrand=32.79
[3470] pix=30.69 sam=32.61 samrand=32.79
[3480] pix=30.70 sam=32.63 samrand=32.80
[3490] pix=30.71 sam=32.62 samrand=32.80
[3500] pix=30.70 sam=32.61 samrand=32.78
[3510] pix=30.73 sam=32.65 samrand=32.82
[3520] pix=30.72 sam=32.63 samrand=32.80
[3530] pix=30.73 sam=32.65 samrand=32.82
[3540] pix=30.74 sam=32.67 samrand=32.84
[3550] pix=30.75 sam=32.69 samrand=32.85
[3560] pix=30.77 sam=32.70 samrand=32.88
[3570] pix=30.80 sam=32.73 samrand=32.87
[3580] pix=30.78 sam=32.70 samrand=32.86
[3590] pix=30.79 sam=32.72 samrand=32.87
[3600] pix=30.77 sam=32.70 samrand=32.86
[3610] pix=30.81 sam=32.76 samrand=32.92
[3620] pix=30.81 sam=32.75 samrand=32.92
[3630] pix=30.82 sam=32.75 samrand=32.92
[3640] pix=30.85 sam=32.80 samrand=32.97
[3650] pix=30.87 sam=32.81 samrand=32.98
[3660] pix=30.89 sam=32.84 samrand=33.00
[3670] pix=30.90 sam=32.88 samrand=33.01
[3680] pix=30.89 sam=32.86 samrand=33.00
[3690] pix=30.91 sam=32.89 samrand=33.03
[3700] pix=30.90 sam=32.87 samrand=33.01
[3710] pix=30.88 sam=32.85 samrand=32.99
[3720] pix=30.92 sam=32.89 samrand=33.01
[3730] pix=30.92 sam=32.89 samrand=33.01
[3740] pix=30.93 sam=32.87 samrand=33.04
[3750] pix=30.90 sam=32.85 samrand=33.02
[3760] pix=30.91 sam=32.86 samrand=33.02
[3770] pix=30.90 sam=32.85 samrand=33.01
[3780] pix=30.92 sam=32.86 samrand=33.02
[3790] pix=30.90 sam=32.84 samrand=33.00
[3800] pix=30.93 sam=32.88 samrand=33.04
[3810] pix=30.93 sam=32.88 samrand=33.04
[3820] pix=30.92 sam=32.87 samrand=33.02
[3830] pix=30.92 sam=32.86 samrand=33.01
[3840] pix=30.94 sam=32.90 samrand=33.05
[3850] pix=30.95 sam=32.91 samrand=33.05
[3860] pix=30.95 sam=32.91 samrand=33.05
[3870] pix=30.95 sam=32.90 samrand=33.04
[3880] pix=30.94 sam=32.89 samrand=33.04
[3890] pix=30.96 sam=32.93 samrand=33.07
[3900] pix=30.96 sam=32.93 samrand=33.07
[3910] pix=30.98 sam=32.95 samrand=33.08
[3920] pix=30.97 sam=32.94 samrand=33.07
[3930] pix=30.99 sam=32.96 samrand=33.09
[3940] pix=30.97 sam=32.94 samrand=33.07
[3950] pix=30.98 sam=32.95 samrand=33.08
[3960] pix=31.03 sam=33.00 samrand=33.13
[3970] pix=31.04 sam=33.01 samrand=33.13
[3980] pix=31.04 sam=33.01 samrand=33.13
[3990] pix=31.04 sam=33.01 samrand=33.14
[4000] pix=31.04 sam=33.02 samrand=33.15
[4010] pix=31.05 sam=33.03 samrand=33.15
[4020] pix=31.07 sam=33.06 samrand=33.18
[4030] pix=31.09 sam=33.08 samrand=33.21
[4040] pix=31.07 sam=33.05 samrand=33.19
[4050] pix=31.09 sam=33.07 samrand=33.21
[4060] pix=31.09 sam=33.07 samrand=33.20
[4070] pix=31.10 sam=33.08 samrand=33.21
[4080] pix=31.11 sam=33.10 samrand=33.22
[4090] pix=31.12 sam=33.12 samrand=33.24
[4100] pix=31.12 sam=33.11 samrand=33.23
[4110] pix=31.12 sam=33.12 samrand=33.24
[4120] pix=31.12 sam=33.13 samrand=33.25
[4130] pix=31.19 sam=33.20 samrand=33.32
[4140] pix=31.20 sam=33.21 samrand=33.32
[4150] pix=31.17 sam=33.18 samrand=33.30
[4160] pix=31.18 sam=33.18 samrand=33.30
[4170] pix=31.18 sam=33.18 samrand=33.31
[4180] pix=31.18 sam=33.18 samrand=33.31
[4190] pix=31.19 sam=33.20 samrand=33.33
[4200] pix=31.19 sam=33.20 samrand=33.32
[4210] pix=31.24 sam=33.25 samrand=33.38
[4220] pix=31.25 sam=33.26 samrand=33.39
[4230] pix=31.25 sam=33.26 samrand=33.39
[4240] pix=31.25 sam=33.26 samrand=33.39
[4250] pix=31.24 sam=33.26 samrand=33.39
[4260] pix=31.25 sam=33.28 samrand=33.40
[4270] pix=31.25 sam=33.28 samrand=33.40
[4280] pix=31.24 sam=33.27 samrand=33.40
[4290] pix=31.22 sam=33.24 samrand=33.37
[4300] pix=31.22 sam=33.26 samrand=33.38
[4310] pix=31.20 sam=33.24 samrand=33.36
[4320] pix=31.18 sam=33.22 samrand=33.34
[4330] pix=31.17 sam=33.22 samrand=33.34
[4340] pix=31.18 sam=33.21 samrand=33.32
[4350] pix=31.17 sam=33.21 samrand=33.31
[4360] pix=31.17 sam=33.20 samrand=33.31
[4370] pix=31.17 sam=33.20 samrand=33.31
[4380] pix=31.18 sam=33.21 samrand=33.32
[4390] pix=31.19 sam=33.22 samrand=33.33
[4400] pix=31.23 sam=33.26 samrand=33.37
[4410] pix=31.23 sam=33.27 samrand=33.37
[4420] pix=31.23 sam=33.27 samrand=33.37
[4430] pix=31.24 sam=33.28 samrand=33.38
[4440] pix=31.25 sam=33.29 samrand=33.39
[4450] pix=31.25 sam=33.29 samrand=33.39
[4460] pix=31.24 sam=33.28 samrand=33.38
[4470] pix=31.25 sam=33.29 samrand=33.39
[4480] pix=31.25 sam=33.28 samrand=33.38
[4490] pix=31.27 sam=33.30 samrand=33.40
[4500] pix=31.26 sam=33.29 samrand=33.40
[4510] pix=31.27 sam=33.29 samrand=33.40
[4520] pix=31.26 sam=33.28 samrand=33.38
[4530] pix=31.28 sam=33.31 samrand=33.41
[4540] pix=31.31 sam=33.34 samrand=33.44
[4550] pix=31.31 sam=33.34 samrand=33.44
[4560] pix=31.32 sam=33.35 samrand=33.45
[4570] pix=31.32 sam=33.35 samrand=33.45
[4580] pix=31.32 sam=33.36 samrand=33.46
[4590] pix=31.31 sam=33.34 samrand=33.44
[4600] pix=31.35 sam=33.40 samrand=33.51
[4610] pix=31.38 sam=33.42 samrand=33.53
[4620] pix=31.38 sam=33.43 samrand=33.54
[4630] pix=31.38 sam=33.43 samrand=33.54
[4640] pix=31.38 sam=33.43 samrand=33.54
[4650] pix=31.38 sam=33.43 samrand=33.54
[4660] pix=31.36 sam=33.42 samrand=33.52
[4670] pix=31.38 sam=33.44 samrand=33.53
[4680] pix=31.38 sam=33.44 samrand=33.54
[4690] pix=31.36 sam=33.42 samrand=33.52
[4700] pix=31.37 sam=33.43 samrand=33.54
[4710] pix=31.37 sam=33.43 samrand=33.54
[4720] pix=31.35 sam=33.41 samrand=33.52
[4730] pix=31.36 sam=33.42 samrand=33.54
[4740] pix=31.35 sam=33.41 samrand=33.52
[4750] pix=31.35 sam=33.41 samrand=33.52
[4760] pix=31.34 sam=33.40 samrand=33.51
[4770] pix=31.33 sam=33.39 samrand=33.50
[4780] pix=31.32 sam=33.37 samrand=33.48
[4790] pix=31.33 sam=33.38 samrand=33.49
[4800] pix=31.31 sam=33.37 samrand=33.47
[4810] pix=31.30 sam=33.35 samrand=33.45
[4820] pix=31.27 sam=33.32 samrand=33.42
[4830] pix=31.27 sam=33.33 samrand=33.43
[4840] pix=31.28 sam=33.33 samrand=33.43
[4850] pix=31.27 sam=33.32 samrand=33.42
[4860] pix=31.28 sam=33.33 samrand=33.43
[4870] pix=31.27 sam=33.31 samrand=33.41
[4880] pix=31.27 sam=33.31 samrand=33.40
[4890] pix=31.27 sam=33.31 samrand=33.40
[4900] pix=31.27 sam=33.31 samrand=33.40
[4910] pix=31.26 sam=33.30 samrand=33.39
[4920] pix=31.26 sam=33.31 samrand=33.40
[4930] pix=31.26 sam=33.29 samrand=33.38
[4940] pix=31.25 sam=33.29 samrand=33.38
[4950] pix=31.23 sam=33.27 samrand=33.35
[4960] pix=31.26 sam=33.29 samrand=33.38
[4970] pix=31.29 sam=33.32 samrand=33.41
[4980] pix=31.31 sam=33.34 samrand=33.43
[4990] pix=31.30 sam=33.33 samrand=33.42
[5000] pix=31.29 sam=33.32 samrand=33.41
[5010] pix=31.29 sam=33.31 samrand=33.40
[5020] pix=31.29 sam=33.31 samrand=33.41
[5030] pix=31.31 sam=33.34 samrand=33.43
[5040] pix=31.31 sam=33.34 samrand=33.44
[5050] pix=31.32 sam=33.35 samrand=33.47
[5060] pix=31.31 sam=33.35 samrand=33.46
[5070] pix=31.31 sam=33.34 samrand=33.45
[5080] pix=31.31 sam=33.35 samrand=33.45
[5090] pix=31.32 sam=33.35 samrand=33.46
[5100] pix=31.31 sam=33.34 samrand=33.45
{
 "pix_vabs": 31.31,
 "sam_reg_vabs": 33.34,
 "sam_reg_rand": 33.45
}
+ for M in sclip naclip
+ python probe_d1sam.py --variant naclip --dataset voc21 --offset 0 --limit 100000 --vabs-vocab perturbed_vocabs/voc21_official.json --rand-vocab perturbed_vocabs/voc21_official.json --sam-ckpt /media/dell/DATA/ovss/checkpoints/sam_vit_b_01ec64.pth --out /media/dell/DATA/ovss/runs/full_voc_naclip_official.json
/media/dell/DATA/ovss/miniconda3/envs/ovss/lib/python3.10/site-packages/segment_anything/build_sam.py:105: FutureWarning: You are using `torch.load` with `weights_only=False` (the current default value), which uses the default pickle module implicitly. It is possible to construct malicious pickle data which will execute arbitrary code during unpickling (See https://github.com/pytorch/pytorch/blob/main/SECURITY.md#untrusted-models for more details). In a future release, the default value for `weights_only` will be flipped to `True`. This limits the functions that could be executed during unpickling. Arbitrary objects will no longer be allowed to be loaded via this mode unless they are explicitly allowlisted by the user via `torch.serialization.add_safe_globals`. We recommend you start setting `weights_only=True` for any use case where you don't have full control of the loaded file. Please open an issue on GitHub for any issues related to this experimental feature.
  state_dict = torch.load(f)
[10] pix=61.07 sam=66.09 samrand=66.09
[20] pix=46.88 sam=50.11 samrand=50.11
[30] pix=46.26 sam=50.53 samrand=50.53
[40] pix=46.13 sam=52.20 samrand=52.20
[50] pix=49.51 sam=55.96 samrand=55.96
[60] pix=50.15 sam=56.77 samrand=56.77
[70] pix=53.15 sam=59.43 samrand=59.43
[80] pix=54.40 sam=59.76 samrand=59.76
[90] pix=54.26 sam=59.80 samrand=59.80
[100] pix=54.21 sam=59.63 samrand=59.63
[110] pix=54.23 sam=59.64 samrand=59.64
[120] pix=54.13 sam=59.34 samrand=59.34
[130] pix=54.35 sam=59.69 samrand=59.69
[140] pix=54.31 sam=59.70 samrand=59.70
[150] pix=54.58 sam=60.23 samrand=60.23
[160] pix=54.84 sam=60.30 samrand=60.30
[170] pix=54.69 sam=59.97 samrand=59.97
[180] pix=54.91 sam=60.05 samrand=60.05
[190] pix=55.27 sam=60.33 samrand=60.33
[200] pix=55.29 sam=60.56 samrand=60.56
[210] pix=55.08 sam=60.24 samrand=60.24
[220] pix=55.05 sam=60.28 samrand=60.28
[230] pix=55.02 sam=60.20 samrand=60.20
[240] pix=55.27 sam=60.64 samrand=60.64
[250] pix=55.31 sam=60.67 samrand=60.67
[260] pix=55.15 sam=60.45 samrand=60.45
[270] pix=55.71 sam=60.97 samrand=60.97
[280] pix=55.51 sam=60.78 samrand=60.78
[290] pix=55.08 sam=60.45 samrand=60.45
[300] pix=55.02 sam=60.38 samrand=60.38
[310] pix=54.94 sam=60.29 samrand=60.29
[320] pix=54.73 sam=60.35 samrand=60.35
[330] pix=54.96 sam=60.67 samrand=60.67
[340] pix=54.77 sam=60.39 samrand=60.39
[350] pix=54.92 sam=60.51 samrand=60.51
[360] pix=54.77 sam=60.31 samrand=60.31
[370] pix=54.40 sam=59.89 samrand=59.89
[380] pix=54.04 sam=59.55 samrand=59.55
[390] pix=54.03 sam=59.55 samrand=59.55
[400] pix=54.08 sam=59.66 samrand=59.66
[410] pix=53.92 sam=59.45 samrand=59.45
[420] pix=54.15 sam=59.66 samrand=59.66
[430] pix=54.38 sam=60.32 samrand=60.32
[440] pix=54.50 sam=60.54 samrand=60.54
[450] pix=54.46 sam=60.48 samrand=60.48
[460] pix=54.42 sam=60.36 samrand=60.36
[470] pix=54.52 sam=60.35 samrand=60.35
[480] pix=54.69 sam=60.49 samrand=60.49
[490] pix=54.96 sam=60.87 samrand=60.87
[500] pix=55.19 sam=61.20 samrand=61.20
[510] pix=55.09 sam=61.05 samrand=61.05
[520] pix=54.83 sam=60.64 samrand=60.64
[530] pix=55.13 sam=60.98 samrand=60.98
[540] pix=55.44 sam=61.27 samrand=61.27
[550] pix=55.34 sam=61.22 samrand=61.22
[560] pix=55.11 sam=60.89 samrand=60.89
[570] pix=55.02 sam=60.73 samrand=60.73
[580] pix=55.09 sam=60.80 samrand=60.80
[590] pix=55.18 sam=60.90 samrand=60.90
[600] pix=55.20 sam=60.85 samrand=60.85
[610] pix=55.23 sam=61.08 samrand=61.08
[620] pix=55.37 sam=61.27 samrand=61.27
[630] pix=55.58 sam=61.42 samrand=61.42
[640] pix=55.57 sam=61.38 samrand=61.38
[650] pix=55.72 sam=61.58 samrand=61.58
[660] pix=55.82 sam=61.58 samrand=61.58
[670] pix=55.85 sam=61.65 samrand=61.65
[680] pix=55.96 sam=61.77 samrand=61.77
[690] pix=56.14 sam=61.95 samrand=61.95
[700] pix=56.15 sam=61.96 samrand=61.96
[710] pix=56.21 sam=62.00 samrand=62.00
[720] pix=56.09 sam=61.91 samrand=61.91
[730] pix=56.12 sam=61.96 samrand=61.96
[740] pix=56.22 sam=62.10 samrand=62.10
[750] pix=56.30 sam=62.12 samrand=62.12
[760] pix=56.03 sam=61.79 samrand=61.79
[770] pix=55.99 sam=61.79 samrand=61.79
[780] pix=56.17 sam=62.05 samrand=62.05
[790] pix=56.21 sam=62.08 samrand=62.08
[800] pix=56.25 sam=62.16 samrand=62.16
[810] pix=56.35 sam=62.29 samrand=62.29
[820] pix=56.37 sam=62.34 samrand=62.34
[830] pix=56.34 sam=62.24 samrand=62.24
[840] pix=56.39 sam=62.27 samrand=62.27
[850] pix=56.58 sam=62.44 samrand=62.44
[860] pix=56.59 sam=62.50 samrand=62.50
[870] pix=56.52 sam=62.41 samrand=62.41
[880] pix=56.44 sam=62.46 samrand=62.46
[890] pix=56.44 sam=62.42 samrand=62.42
[900] pix=56.41 sam=62.32 samrand=62.32
[910] pix=56.29 sam=62.16 samrand=62.16
[920] pix=56.32 sam=62.17 samrand=62.17
[930] pix=56.29 sam=62.16 samrand=62.16
[940] pix=56.30 sam=62.19 samrand=62.19
[950] pix=56.35 sam=62.20 samrand=62.20
[960] pix=56.46 sam=62.29 samrand=62.29
[970] pix=56.56 sam=62.37 samrand=62.37
[980] pix=56.51 sam=62.34 samrand=62.34
[990] pix=56.37 sam=62.15 samrand=62.15
[1000] pix=56.42 sam=62.22 samrand=62.22
[1010] pix=56.46 sam=62.31 samrand=62.31
[1020] pix=56.40 sam=62.25 samrand=62.25
[1030] pix=56.36 sam=62.20 samrand=62.20
[1040] pix=56.34 sam=62.17 samrand=62.17
[1050] pix=56.43 sam=62.27 samrand=62.27
[1060] pix=56.40 sam=62.28 samrand=62.28
[1070] pix=56.50 sam=62.40 samrand=62.40
[1080] pix=56.37 sam=62.30 samrand=62.30
[1090] pix=56.38 sam=62.30 samrand=62.30
[1100] pix=56.43 sam=62.28 samrand=62.28
[1110] pix=56.46 sam=62.33 samrand=62.33
[1120] pix=56.56 sam=62.43 samrand=62.43
[1130] pix=56.63 sam=62.49 samrand=62.49
[1140] pix=56.66 sam=62.52 samrand=62.52
[1150] pix=56.66 sam=62.55 samrand=62.55
[1160] pix=56.64 sam=62.52 samrand=62.52
[1170] pix=56.74 sam=62.61 samrand=62.61
[1180] pix=56.89 sam=62.76 samrand=62.76
[1190] pix=56.94 sam=62.81 samrand=62.81
[1200] pix=56.89 sam=62.75 samrand=62.75
[1210] pix=56.87 sam=62.67 samrand=62.67
[1220] pix=56.86 sam=62.64 samrand=62.64
[1230] pix=56.86 sam=62.67 samrand=62.67
[1240] pix=56.88 sam=62.70 samrand=62.70
[1250] pix=56.91 sam=62.74 samrand=62.74
[1260] pix=56.90 sam=62.67 samrand=62.67
[1270] pix=56.95 sam=62.74 samrand=62.74
[1280] pix=56.99 sam=62.78 samrand=62.78
[1290] pix=57.04 sam=62.89 samrand=62.89
[1300] pix=56.93 sam=62.75 samrand=62.75
[1310] pix=56.92 sam=62.73 samrand=62.73
[1320] pix=56.92 sam=62.71 samrand=62.71
[1330] pix=56.88 sam=62.67 samrand=62.67
[1340] pix=56.91 sam=62.71 samrand=62.71
[1350] pix=56.85 sam=62.64 samrand=62.64
[1360] pix=56.82 sam=62.61 samrand=62.61
[1370] pix=56.73 sam=62.50 samrand=62.50
[1380] pix=56.75 sam=62.49 samrand=62.49
[1390] pix=56.66 sam=62.36 samrand=62.36
[1400] pix=56.67 sam=62.37 samrand=62.37
[1410] pix=56.64 sam=62.35 samrand=62.35
[1420] pix=56.58 sam=62.28 samrand=62.28
[1430] pix=56.57 sam=62.25 samrand=62.25
[1440] pix=56.62 sam=62.27 samrand=62.27
{
 "pix_vabs": 56.59,
 "sam_reg_vabs": 62.29,
 "sam_reg_rand": 62.29
}
+ python probe_d1sam.py --variant naclip --dataset ctx60 --offset 0 --limit 100000 --vabs-vocab perturbed_vocabs/ctx60_plain_vabs64.json --rand-vocab perturbed_vocabs/ctx60_plain_randneg64.json --sam-ckpt /media/dell/DATA/ovss/checkpoints/sam_vit_b_01ec64.pth --out /media/dell/DATA/ovss/runs/full_ctx60_naclip.json
/media/dell/DATA/ovss/miniconda3/envs/ovss/lib/python3.10/site-packages/segment_anything/build_sam.py:105: FutureWarning: You are using `torch.load` with `weights_only=False` (the current default value), which uses the default pickle module implicitly. It is possible to construct malicious pickle data which will execute arbitrary code during unpickling (See https://github.com/pytorch/pytorch/blob/main/SECURITY.md#untrusted-models for more details). In a future release, the default value for `weights_only` will be flipped to `True`. This limits the functions that could be executed during unpickling. Arbitrary objects will no longer be allowed to be loaded via this mode unless they are explicitly allowlisted by the user via `torch.serialization.add_safe_globals`. We recommend you start setting `weights_only=True` for any use case where you don't have full control of the loaded file. Please open an issue on GitHub for any issues related to this experimental feature.
  state_dict = torch.load(f)
[10] pix=27.26 sam=29.12 samrand=27.04
[20] pix=27.69 sam=28.76 samrand=29.37
[30] pix=31.24 sam=32.96 samrand=33.52
[40] pix=32.90 sam=34.67 samrand=35.48
[50] pix=31.72 sam=33.88 samrand=33.34
[60] pix=31.87 sam=34.16 samrand=33.86
[70] pix=32.55 sam=35.26 samrand=34.44
[80] pix=30.91 sam=33.60 samrand=33.47
[90] pix=30.37 sam=33.00 samrand=33.46
[100] pix=28.76 sam=31.70 samrand=32.42
[110] pix=27.77 sam=30.57 samrand=31.14
[120] pix=26.74 sam=29.12 samrand=30.01
[130] pix=26.73 sam=29.06 samrand=29.67
[140] pix=27.69 sam=29.82 samrand=30.55
[150] pix=27.16 sam=29.32 samrand=29.96
[160] pix=27.22 sam=29.51 samrand=30.03
[170] pix=27.30 sam=29.62 samrand=30.09
[180] pix=27.21 sam=29.42 samrand=29.82
[190] pix=26.88 sam=29.04 samrand=29.42
[200] pix=26.92 sam=29.12 samrand=29.30
[210] pix=27.00 sam=29.23 samrand=29.45
[220] pix=27.95 sam=30.26 samrand=30.56
[230] pix=28.27 sam=30.78 samrand=31.03
[240] pix=28.20 sam=30.78 samrand=30.92
[250] pix=27.98 sam=30.52 samrand=30.76
[260] pix=27.79 sam=30.30 samrand=30.56
[270] pix=27.68 sam=30.19 samrand=30.44
[280] pix=27.83 sam=30.37 samrand=30.56
[290] pix=27.89 sam=30.45 samrand=30.64
[300] pix=27.98 sam=30.48 samrand=30.64
[310] pix=28.08 sam=30.50 samrand=30.64
[320] pix=28.05 sam=30.43 samrand=30.61
[330] pix=28.15 sam=30.47 samrand=30.69
[340] pix=28.39 sam=30.75 samrand=31.06
[350] pix=28.36 sam=30.75 samrand=30.96
[360] pix=28.24 sam=30.59 samrand=30.87
[370] pix=28.19 sam=30.67 samrand=30.92
[380] pix=28.22 sam=30.62 samrand=30.97
[390] pix=28.28 sam=30.70 samrand=31.08
[400] pix=28.15 sam=30.55 samrand=30.98
[410] pix=28.06 sam=30.35 samrand=30.79
[420] pix=28.06 sam=30.35 samrand=30.84
[430] pix=28.31 sam=30.67 samrand=31.19
[440] pix=28.25 sam=30.56 samrand=31.12
[450] pix=28.28 sam=30.63 samrand=31.15
[460] pix=28.46 sam=30.80 samrand=31.32
[470] pix=28.19 sam=30.49 samrand=31.00
[480] pix=28.65 sam=30.89 samrand=31.30
[490] pix=28.49 sam=30.88 samrand=31.32
[500] pix=28.59 sam=31.00 samrand=31.48
[510] pix=28.47 sam=30.83 samrand=31.35
[520] pix=28.41 sam=30.77 samrand=31.25
[530] pix=28.43 sam=30.81 samrand=31.30
[540] pix=28.50 sam=30.92 samrand=31.44
[550] pix=28.50 sam=30.93 samrand=31.53
[560] pix=28.51 sam=30.93 samrand=31.49
[570] pix=28.43 sam=30.81 samrand=31.31
[580] pix=28.53 sam=31.00 samrand=31.47
[590] pix=28.59 sam=31.06 samrand=31.56
[600] pix=28.68 sam=31.14 samrand=31.65
[610] pix=28.77 sam=31.23 samrand=31.68
[620] pix=28.69 sam=31.17 samrand=31.62
[630] pix=28.74 sam=31.27 samrand=31.74
[640] pix=29.06 sam=31.70 samrand=32.21
[650] pix=29.28 sam=31.93 samrand=32.44
[660] pix=29.30 sam=31.96 samrand=32.45
[670] pix=29.45 sam=32.15 samrand=32.60
[680] pix=29.43 sam=32.08 samrand=32.53
[690] pix=29.35 sam=32.00 samrand=32.45
[700] pix=29.29 sam=31.92 samrand=32.37
[710] pix=29.28 sam=31.87 samrand=32.32
[720] pix=29.16 sam=31.75 samrand=32.23
[730] pix=29.19 sam=31.77 samrand=32.25
[740] pix=29.18 sam=31.77 samrand=32.24
[750] pix=29.01 sam=31.54 samrand=31.99
[760] pix=29.07 sam=31.59 samrand=32.06
[770] pix=29.03 sam=31.51 samrand=31.98
[780] pix=29.00 sam=31.47 samrand=31.93
[790] pix=29.11 sam=31.61 samrand=32.04
[800] pix=29.15 sam=31.64 samrand=32.06
[810] pix=29.16 sam=31.68 samrand=32.10
[820] pix=29.22 sam=31.72 samrand=32.14
[830] pix=29.24 sam=31.77 samrand=32.19
[840] pix=29.18 sam=31.82 samrand=32.33
[850] pix=29.24 sam=31.87 samrand=32.39
[860] pix=29.29 sam=31.94 samrand=32.45
[870] pix=29.31 sam=31.99 samrand=32.49
[880] pix=29.32 sam=32.06 samrand=32.48
[890] pix=29.25 sam=31.98 samrand=32.40
[900] pix=29.27 sam=32.00 samrand=32.40
[910] pix=29.18 sam=31.90 samrand=32.30
[920] pix=29.14 sam=31.83 samrand=32.27
[930] pix=29.15 sam=31.86 samrand=32.29
[940] pix=29.11 sam=31.81 samrand=32.34
[950] pix=29.06 sam=31.77 samrand=32.29
[960] pix=29.01 sam=31.71 samrand=32.21
[970] pix=28.99 sam=31.69 samrand=32.14
[980] pix=28.98 sam=31.67 samrand=32.14
[990] pix=28.93 sam=31.48 samrand=31.90
[1000] pix=28.88 sam=31.44 samrand=31.85
[1010] pix=28.87 sam=31.48 samrand=31.81
[1020] pix=28.86 sam=31.45 samrand=31.78
[1030] pix=28.82 sam=31.41 samrand=31.78
[1040] pix=29.21 sam=31.80 samrand=32.18
[1050] pix=29.18 sam=31.78 samrand=32.19
[1060] pix=29.20 sam=31.79 samrand=32.20
[1070] pix=29.18 sam=31.76 samrand=32.16
[1080] pix=29.20 sam=31.80 samrand=32.26
[1090] pix=29.28 sam=31.88 samrand=32.35
[1100] pix=29.27 sam=31.87 samrand=32.33
[1110] pix=29.23 sam=31.80 samrand=32.26
[1120] pix=29.21 sam=31.82 samrand=32.26
[1130] pix=29.25 sam=31.84 samrand=32.27
[1140] pix=29.33 sam=31.92 samrand=32.35
[1150] pix=29.29 sam=31.87 samrand=32.29
[1160] pix=29.40 sam=31.92 samrand=32.36
[1170] pix=29.36 sam=31.90 samrand=32.33
[1180] pix=29.27 sam=31.81 samrand=32.23
[1190] pix=29.25 sam=31.81 samrand=32.21
[1200] pix=29.36 sam=31.96 samrand=32.36
[1210] pix=29.32 sam=31.87 samrand=32.27
[1220] pix=29.37 sam=31.96 samrand=32.38
[1230] pix=29.28 sam=31.80 samrand=32.30
[1240] pix=29.29 sam=31.82 samrand=32.32
[1250] pix=29.35 sam=31.89 samrand=32.43
[1260] pix=29.36 sam=31.91 samrand=32.42
[1270] pix=29.50 sam=32.07 samrand=32.58
[1280] pix=29.59 sam=32.16 samrand=32.66
[1290] pix=29.57 sam=32.14 samrand=32.65
[1300] pix=29.56 sam=32.11 samrand=32.56
[1310] pix=29.57 sam=32.10 samrand=32.56
[1320] pix=29.61 sam=32.13 samrand=32.58
[1330] pix=29.71 sam=32.23 samrand=32.68
[1340] pix=29.78 sam=32.33 samrand=32.78
[1350] pix=29.92 sam=32.53 samrand=32.93
[1360] pix=29.93 sam=32.54 samrand=32.94
[1370] pix=29.95 sam=32.56 samrand=33.01
[1380] pix=29.98 sam=32.58 samrand=33.04
[1390] pix=30.06 sam=32.66 samrand=33.10
[1400] pix=30.04 sam=32.65 samrand=33.08
[1410] pix=30.11 sam=32.71 samrand=33.15
[1420] pix=30.08 sam=32.69 samrand=33.12
[1430] pix=30.05 sam=32.66 samrand=33.08
[1440] pix=30.03 sam=32.62 samrand=33.04
[1450] pix=30.07 sam=32.67 samrand=33.10
[1460] pix=30.10 sam=32.73 samrand=33.13
[1470] pix=30.03 sam=32.63 samrand=33.04
[1480] pix=30.05 sam=32.66 samrand=33.10
[1490] pix=30.10 sam=32.71 samrand=33.15
[1500] pix=30.09 sam=32.69 samrand=33.12
[1510] pix=30.17 sam=32.79 samrand=33.19
[1520] pix=30.14 sam=32.75 samrand=33.17
[1530] pix=30.07 sam=32.66 samrand=33.08
[1540] pix=30.07 sam=32.66 samrand=33.08
[1550] pix=30.09 sam=32.73 samrand=33.15
[1560] pix=30.08 sam=32.72 samrand=33.16
[1570] pix=30.10 sam=32.76 samrand=33.21
[1580] pix=30.12 sam=32.76 samrand=33.19
[1590] pix=30.11 sam=32.77 samrand=33.19
[1600] pix=30.11 sam=32.75 samrand=33.17
[1610] pix=30.07 sam=32.74 samrand=33.15
[1620] pix=30.13 sam=32.82 samrand=33.21
[1630] pix=30.10 sam=32.80 samrand=33.19
[1640] pix=30.08 sam=32.78 samrand=33.19
[1650] pix=30.09 sam=32.79 samrand=33.20
[1660] pix=30.08 sam=32.77 samrand=33.18
[1670] pix=30.04 sam=32.75 samrand=33.16
[1680] pix=30.05 sam=32.79 samrand=33.19
[1690] pix=30.00 sam=32.73 samrand=33.12
[1700] pix=30.02 sam=32.74 samrand=33.14
[1710] pix=30.02 sam=32.72 samrand=33.13
[1720] pix=29.99 sam=32.70 samrand=33.11
[1730] pix=30.02 sam=32.74 samrand=33.15
[1740] pix=30.00 sam=32.73 samrand=33.13
[1750] pix=30.06 sam=32.79 samrand=33.18
[1760] pix=30.00 sam=32.72 samrand=33.11
[1770] pix=29.96 sam=32.67 samrand=33.05
[1780] pix=29.97 sam=32.68 samrand=33.06
[1790] pix=29.94 sam=32.65 samrand=33.03
[1800] pix=29.95 sam=32.66 samrand=33.06
[1810] pix=29.99 sam=32.71 samrand=33.11
[1820] pix=29.98 sam=32.69 samrand=33.09
[1830] pix=29.99 sam=32.71 samrand=33.10
[1840] pix=30.00 sam=32.71 samrand=33.10
[1850] pix=30.04 sam=32.75 samrand=33.14
[1860] pix=30.07 sam=32.78 samrand=33.18
[1870] pix=30.03 sam=32.69 samrand=33.08
[1880] pix=30.06 sam=32.78 samrand=33.05
[1890] pix=30.05 sam=32.77 samrand=33.03
[1900] pix=30.15 sam=32.85 samrand=33.12
[1910] pix=30.17 sam=32.87 samrand=33.15
[1920] pix=30.17 sam=32.86 samrand=33.13
[1930] pix=30.20 sam=32.90 samrand=33.19
[1940] pix=30.19 sam=32.90 samrand=33.18
[1950] pix=30.15 sam=32.83 samrand=33.11
[1960] pix=30.15 sam=32.83 samrand=33.11
[1970] pix=30.20 sam=32.88 samrand=33.12
[1980] pix=30.23 sam=32.92 samrand=33.16
[1990] pix=30.27 sam=32.97 samrand=33.21
[2000] pix=30.28 sam=33.00 samrand=33.26
[2010] pix=30.25 sam=32.96 samrand=33.21
[2020] pix=30.28 sam=32.99 samrand=33.23
[2030] pix=30.29 sam=33.01 samrand=33.26
[2040] pix=30.31 sam=33.04 samrand=33.28
[2050] pix=30.31 sam=33.04 samrand=33.29
[2060] pix=30.29 sam=33.01 samrand=33.25
[2070] pix=30.33 sam=33.05 samrand=33.29
[2080] pix=30.31 sam=33.03 samrand=33.26
[2090] pix=30.34 sam=33.06 samrand=33.27
[2100] pix=30.44 sam=33.19 samrand=33.42
[2110] pix=30.42 sam=33.16 samrand=33.40
[2120] pix=30.46 sam=33.22 samrand=33.42
[2130] pix=30.47 sam=33.23 samrand=33.44
[2140] pix=30.46 sam=33.22 samrand=33.43
[2150] pix=30.50 sam=33.28 samrand=33.48
[2160] pix=30.50 sam=33.27 samrand=33.48
[2170] pix=30.48 sam=33.24 samrand=33.45
[2180] pix=30.50 sam=33.27 samrand=33.47
[2190] pix=30.51 sam=33.27 samrand=33.46
[2200] pix=30.57 sam=33.31 samrand=33.51
[2210] pix=30.59 sam=33.35 samrand=33.53
[2220] pix=30.65 sam=33.40 samrand=33.58
[2230] pix=30.67 sam=33.43 samrand=33.61
[2240] pix=30.69 sam=33.46 samrand=33.59
[2250] pix=30.69 sam=33.46 samrand=33.59
[2260] pix=30.67 sam=33.43 samrand=33.55
[2270] pix=30.65 sam=33.39 samrand=33.52
[2280] pix=30.68 sam=33.42 samrand=33.54
[2290] pix=30.66 sam=33.40 samrand=33.51
[2300] pix=30.69 sam=33.44 samrand=33.55
[2310] pix=30.75 sam=33.50 samrand=33.60
[2320] pix=30.78 sam=33.54 samrand=33.63
[2330] pix=30.76 sam=33.51 samrand=33.62
[2340] pix=30.76 sam=33.52 samrand=33.61
[2350] pix=30.77 sam=33.54 samrand=33.62
[2360] pix=30.77 sam=33.54 samrand=33.62
[2370] pix=30.77 sam=33.54 samrand=33.62
[2380] pix=30.77 sam=33.55 samrand=33.63
[2390] pix=30.77 sam=33.56 samrand=33.64
[2400] pix=30.78 sam=33.57 samrand=33.65
[2410] pix=30.78 sam=33.57 samrand=33.65
[2420] pix=30.77 sam=33.57 samrand=33.65
[2430] pix=30.75 sam=33.55 samrand=33.63
[2440] pix=30.79 sam=33.60 samrand=33.69
[2450] pix=30.82 sam=33.63 samrand=33.71
[2460] pix=30.82 sam=33.63 samrand=33.71
[2470] pix=30.83 sam=33.64 samrand=33.72
[2480] pix=30.86 sam=33.67 samrand=33.75
[2490] pix=30.90 sam=33.71 samrand=33.79
[2500] pix=30.91 sam=33.71 samrand=33.79
[2510] pix=30.96 sam=33.76 samrand=33.80
[2520] pix=30.95 sam=33.75 samrand=33.79
[2530] pix=30.98 sam=33.80 samrand=33.84
[2540] pix=30.99 sam=33.82 samrand=33.86
[2550] pix=31.02 sam=33.84 samrand=33.89
[2560] pix=31.02 sam=33.84 samrand=33.89
[2570] pix=30.98 sam=33.80 samrand=33.84
[2580] pix=30.99 sam=33.81 samrand=33.86
[2590] pix=31.02 sam=33.83 samrand=33.89
[2600] pix=31.02 sam=33.85 samrand=33.90
[2610] pix=31.01 sam=33.83 samrand=33.89
[2620] pix=31.03 sam=33.81 samrand=33.89
[2630] pix=31.04 sam=33.81 samrand=33.90
[2640] pix=31.01 sam=33.78 samrand=33.88
[2650] pix=31.02 sam=33.80 samrand=33.90
[2660] pix=31.00 sam=33.79 samrand=33.91
[2670] pix=31.00 sam=33.78 samrand=33.90
[2680] pix=31.00 sam=33.79 samrand=33.91
[2690] pix=31.00 sam=33.78 samrand=33.91
[2700] pix=31.01 sam=33.80 samrand=33.93
[2710] pix=31.02 sam=33.81 samrand=33.95
[2720] pix=31.03 sam=33.82 samrand=33.95
[2730] pix=31.04 sam=33.83 samrand=33.96
[2740] pix=31.10 sam=33.90 samrand=34.04
[2750] pix=31.11 sam=33.90 samrand=34.04
[2760] pix=31.15 sam=33.93 samrand=34.06
[2770] pix=31.13 sam=33.91 samrand=34.01
[2780] pix=31.12 sam=33.90 samrand=34.00
[2790] pix=31.14 sam=33.92 samrand=34.02
[2800] pix=31.11 sam=33.89 samrand=33.99
[2810] pix=31.12 sam=33.90 samrand=34.01
[2820] pix=31.12 sam=33.89 samrand=34.00
[2830] pix=31.13 sam=33.92 samrand=34.02
[2840] pix=31.15 sam=33.94 samrand=34.05
[2850] pix=31.17 sam=33.96 samrand=34.09
[2860] pix=31.16 sam=33.96 samrand=34.08
[2870] pix=31.12 sam=33.90 samrand=34.02
[2880] pix=31.15 sam=33.94 samrand=34.05
[2890] pix=31.17 sam=33.99 samrand=34.09
[2900] pix=31.16 sam=33.99 samrand=34.09
[2910] pix=31.18 sam=34.02 samrand=34.13
[2920] pix=31.22 sam=34.07 samrand=34.18
[2930] pix=31.28 sam=34.14 samrand=34.26
[2940] pix=31.28 sam=34.14 samrand=34.26
[2950] pix=31.30 sam=34.15 samrand=34.28
[2960] pix=31.31 sam=34.17 samrand=34.30
[2970] pix=31.30 sam=34.18 samrand=34.31
[2980] pix=31.32 sam=34.21 samrand=34.33
[2990] pix=31.34 sam=34.22 samrand=34.35
[3000] pix=31.33 sam=34.22 samrand=34.35
[3010] pix=31.35 sam=34.25 samrand=34.37
[3020] pix=31.35 sam=34.25 samrand=34.37
[3030] pix=31.33 sam=34.22 samrand=34.35
[3040] pix=31.34 sam=34.22 samrand=34.35
[3050] pix=31.35 sam=34.24 samrand=34.37
[3060] pix=31.36 sam=34.24 samrand=34.37
[3070] pix=31.38 sam=34.26 samrand=34.39
[3080] pix=31.37 sam=34.25 samrand=34.38
[3090] pix=31.39 sam=34.27 samrand=34.41
[3100] pix=31.40 sam=34.28 samrand=34.42
[3110] pix=31.39 sam=34.27 samrand=34.41
[3120] pix=31.39 sam=34.28 samrand=34.43
[3130] pix=31.39 sam=34.28 samrand=34.43
[3140] pix=31.41 sam=34.30 samrand=34.44
[3150] pix=31.40 sam=34.31 samrand=34.45
[3160] pix=31.41 sam=34.32 samrand=34.47
[3170] pix=31.41 sam=34.33 samrand=34.47
[3180] pix=31.42 sam=34.34 samrand=34.49
[3190] pix=31.39 sam=34.31 samrand=34.47
[3200] pix=31.38 sam=34.30 samrand=34.45
[3210] pix=31.37 sam=34.28 samrand=34.43
[3220] pix=31.36 sam=34.28 samrand=34.43
[3230] pix=31.34 sam=34.25 samrand=34.40
[3240] pix=31.33 sam=34.24 samrand=34.38
[3250] pix=31.36 sam=34.27 samrand=34.41
[3260] pix=31.34 sam=34.24 samrand=34.38
[3270] pix=31.33 sam=34.24 samrand=34.37
[3280] pix=31.32 sam=34.24 samrand=34.38
[3290] pix=31.33 sam=34.24 samrand=34.38
[3300] pix=31.34 sam=34.26 samrand=34.41
[3310] pix=31.33 sam=34.25 samrand=34.40
[3320] pix=31.34 sam=34.26 samrand=34.41
[3330] pix=31.35 sam=34.27 samrand=34.41
[3340] pix=31.35 sam=34.28 samrand=34.38
[3350] pix=31.36 sam=34.29 samrand=34.40
[3360] pix=31.37 sam=34.30 samrand=34.40
[3370] pix=31.39 sam=34.31 samrand=34.42
[3380] pix=31.40 sam=34.34 samrand=34.45
[3390] pix=31.41 sam=34.34 samrand=34.45
[3400] pix=31.41 sam=34.34 samrand=34.45
[3410] pix=31.42 sam=34.35 samrand=34.46
[3420] pix=31.41 sam=34.34 samrand=34.46
[3430] pix=31.40 sam=34.33 samrand=34.45
[3440] pix=31.41 sam=34.35 samrand=34.47
[3450] pix=31.42 sam=34.36 samrand=34.49
[3460] pix=31.41 sam=34.34 samrand=34.46
[3470] pix=31.40 sam=34.34 samrand=34.46
[3480] pix=31.41 sam=34.35 samrand=34.47
[3490] pix=31.42 sam=34.36 samrand=34.48
[3500] pix=31.41 sam=34.34 samrand=34.45
[3510] pix=31.44 sam=34.38 samrand=34.49
[3520] pix=31.43 sam=34.37 samrand=34.48
[3530] pix=31.44 sam=34.39 samrand=34.49
[3540] pix=31.45 sam=34.40 samrand=34.50
[3550] pix=31.47 sam=34.42 samrand=34.51
[3560] pix=31.51 sam=34.47 samrand=34.57
[3570] pix=31.53 sam=34.49 samrand=34.57
[3580] pix=31.51 sam=34.47 samrand=34.55
[3590] pix=31.52 sam=34.49 samrand=34.57
[3600] pix=31.50 sam=34.47 samrand=34.55
[3610] pix=31.54 sam=34.52 samrand=34.60
[3620] pix=31.54 sam=34.52 samrand=34.59
[3630] pix=31.55 sam=34.53 samrand=34.61
[3640] pix=31.57 sam=34.57 samrand=34.64
[3650] pix=31.58 sam=34.58 samrand=34.65
[3660] pix=31.62 sam=34.63 samrand=34.71
[3670] pix=31.63 sam=34.64 samrand=34.74
[3680] pix=31.62 sam=34.64 samrand=34.73
[3690] pix=31.63 sam=34.65 samrand=34.74
[3700] pix=31.62 sam=34.62 samrand=34.72
[3710] pix=31.61 sam=34.61 samrand=34.71
[3720] pix=31.67 sam=34.67 samrand=34.76
[3730] pix=31.67 sam=34.68 samrand=34.77
[3740] pix=31.67 sam=34.70 samrand=34.79
[3750] pix=31.65 sam=34.68 samrand=34.76
[3760] pix=31.64 sam=34.67 samrand=34.75
[3770] pix=31.64 sam=34.66 samrand=34.75
[3780] pix=31.65 sam=34.67 samrand=34.76
[3790] pix=31.63 sam=34.66 samrand=34.74
[3800] pix=31.66 sam=34.70 samrand=34.78
[3810] pix=31.66 sam=34.71 samrand=34.79
[3820] pix=31.65 sam=34.70 samrand=34.78
[3830] pix=31.66 sam=34.70 samrand=34.78
[3840] pix=31.68 sam=34.74 samrand=34.81
[3850] pix=31.68 sam=34.75 samrand=34.82
[3860] pix=31.69 sam=34.75 samrand=34.82
[3870] pix=31.69 sam=34.75 samrand=34.81
[3880] pix=31.68 sam=34.74 samrand=34.80
[3890] pix=31.70 sam=34.77 samrand=34.83
[3900] pix=31.70 sam=34.77 samrand=34.83
[3910] pix=31.71 sam=34.79 samrand=34.85
[3920] pix=31.69 sam=34.78 samrand=34.84
[3930] pix=31.71 sam=34.80 samrand=34.86
[3940] pix=31.68 sam=34.77 samrand=34.82
[3950] pix=31.68 sam=34.78 samrand=34.82
[3960] pix=31.73 sam=34.83 samrand=34.87
[3970] pix=31.74 sam=34.83 samrand=34.87
[3980] pix=31.73 sam=34.82 samrand=34.87
[3990] pix=31.73 sam=34.82 samrand=34.87
[4000] pix=31.74 sam=34.83 samrand=34.88
[4010] pix=31.74 sam=34.83 samrand=34.89
[4020] pix=31.75 sam=34.86 samrand=34.89
[4030] pix=31.76 sam=34.87 samrand=34.92
[4040] pix=31.74 sam=34.84 samrand=34.89
[4050] pix=31.75 sam=34.85 samrand=34.91
[4060] pix=31.75 sam=34.85 samrand=34.91
[4070] pix=31.75 sam=34.85 samrand=34.91
[4080] pix=31.77 sam=34.87 samrand=34.92
[4090] pix=31.78 sam=34.88 samrand=34.93
[4100] pix=31.77 sam=34.88 samrand=34.92
[4110] pix=31.77 sam=34.87 samrand=34.91
[4120] pix=31.77 sam=34.87 samrand=34.92
[4130] pix=31.82 sam=34.92 samrand=34.97
[4140] pix=31.84 sam=34.94 samrand=34.98
[4150] pix=31.83 sam=34.93 samrand=34.97
[4160] pix=31.83 sam=34.93 samrand=34.97
[4170] pix=31.84 sam=34.92 samrand=34.97
[4180] pix=31.84 sam=34.93 samrand=34.98
[4190] pix=31.84 sam=34.93 samrand=34.99
[4200] pix=31.83 sam=34.92 samrand=34.98
[4210] pix=31.87 sam=34.96 samrand=35.02
[4220] pix=31.87 sam=34.96 samrand=35.02
[4230] pix=31.88 sam=34.97 samrand=35.03
[4240] pix=31.87 sam=34.97 samrand=35.02
[4250] pix=31.87 sam=34.96 samrand=35.01
[4260] pix=31.87 sam=34.97 samrand=35.02
[4270] pix=31.88 sam=34.97 samrand=35.03
[4280] pix=31.88 sam=34.97 samrand=35.03
[4290] pix=31.85 sam=34.94 samrand=35.00
[4300] pix=31.85 sam=34.94 samrand=35.00
[4310] pix=31.83 sam=34.92 samrand=34.97
[4320] pix=31.81 sam=34.90 samrand=34.96
[4330] pix=31.80 sam=34.89 samrand=34.95
[4340] pix=31.82 sam=34.89 samrand=34.93
[4350] pix=31.82 sam=34.89 samrand=34.93
[4360] pix=31.82 sam=34.89 samrand=34.92
[4370] pix=31.82 sam=34.88 samrand=34.91
[4380] pix=31.83 sam=34.89 samrand=34.92
[4390] pix=31.84 sam=34.90 samrand=34.93
[4400] pix=31.87 sam=34.93 samrand=34.96
[4410] pix=31.86 sam=34.93 samrand=34.96
[4420] pix=31.86 sam=34.93 samrand=34.95
[4430] pix=31.87 sam=34.93 samrand=34.95
[4440] pix=31.88 sam=34.94 samrand=34.96
[4450] pix=31.88 sam=34.94 samrand=34.95
[4460] pix=31.87 sam=34.93 samrand=34.95
[4470] pix=31.88 sam=34.94 samrand=34.97
[4480] pix=31.87 sam=34.93 samrand=34.96
[4490] pix=31.89 sam=34.94 samrand=34.97
[4500] pix=31.88 sam=34.93 samrand=34.95
[4510] pix=31.88 sam=34.93 samrand=34.95
[4520] pix=31.88 sam=34.93 samrand=34.95
[4530] pix=31.91 sam=34.97 samrand=34.99
[4540] pix=31.94 sam=35.00 samrand=35.02
[4550] pix=31.94 sam=35.00 samrand=35.02
[4560] pix=31.95 sam=35.02 samrand=35.03
[4570] pix=31.95 sam=35.02 samrand=35.03
[4580] pix=31.96 sam=35.02 samrand=35.04
[4590] pix=31.95 sam=35.03 samrand=35.05
[4600] pix=31.97 sam=35.05 samrand=35.08
[4610] pix=31.99 sam=35.08 samrand=35.10
[4620] pix=32.00 sam=35.08 samrand=35.11
[4630] pix=31.99 sam=35.08 samrand=35.11
[4640] pix=32.00 sam=35.09 samrand=35.11
[4650] pix=32.00 sam=35.09 samrand=35.11
[4660] pix=31.98 sam=35.07 samrand=35.09
[4670] pix=31.99 sam=35.09 samrand=35.11
[4680] pix=32.00 sam=35.09 samrand=35.12
[4690] pix=31.99 sam=35.08 samrand=35.11
[4700] pix=31.99 sam=35.08 samrand=35.11
[4710] pix=31.99 sam=35.08 samrand=35.12
[4720] pix=31.97 sam=35.05 samrand=35.09
[4730] pix=31.98 sam=35.06 samrand=35.09
[4740] pix=31.97 sam=35.05 samrand=35.08
[4750] pix=31.97 sam=35.04 samrand=35.07
[4760] pix=31.96 sam=35.03 samrand=35.06
[4770] pix=31.95 sam=35.01 samrand=35.04
[4780] pix=31.94 sam=35.00 samrand=35.03
[4790] pix=31.94 sam=35.01 samrand=35.04
[4800] pix=31.93 sam=34.99 samrand=35.03
[4810] pix=31.91 sam=34.98 samrand=35.02
[4820] pix=31.89 sam=34.96 samrand=34.99
[4830] pix=31.89 sam=34.96 samrand=35.00
[4840] pix=31.88 sam=34.95 samrand=34.99
[4850] pix=31.88 sam=34.94 samrand=34.98
[4860] pix=31.89 sam=34.94 samrand=34.98
[4870] pix=31.85 sam=34.90 samrand=34.94
[4880] pix=31.86 sam=34.91 samrand=34.95
[4890] pix=31.86 sam=34.90 samrand=34.94
[4900] pix=31.85 sam=34.90 samrand=34.94
[4910] pix=31.84 sam=34.89 samrand=34.93
[4920] pix=31.84 sam=34.89 samrand=34.93
[4930] pix=31.84 sam=34.88 samrand=34.93
[4940] pix=31.83 sam=34.88 samrand=34.93
[4950] pix=31.82 sam=34.87 samrand=34.91
[4960] pix=31.84 sam=34.89 samrand=34.94
[4970] pix=31.86 sam=34.91 samrand=34.96
[4980] pix=31.88 sam=34.94 samrand=34.98
[4990] pix=31.87 sam=34.93 samrand=34.98
[5000] pix=31.86 sam=34.91 samrand=34.96
[5010] pix=31.86 sam=34.92 samrand=34.96
[5020] pix=31.86 sam=34.92 samrand=34.97
[5030] pix=31.88 sam=34.95 samrand=34.99
[5040] pix=31.88 sam=34.95 samrand=34.99
[5050] pix=31.89 sam=34.96 samrand=35.01
[5060] pix=31.88 sam=34.96 samrand=35.00
[5070] pix=31.88 sam=34.96 samrand=35.00
[5080] pix=31.88 sam=34.97 samrand=35.01
[5090] pix=31.88 sam=34.97 samrand=35.01
[5100] pix=31.87 sam=34.96 samrand=35.01
{
 "pix_vabs": 31.88,
 "sam_reg_vabs": 34.97,
 "sam_reg_rand": 35.01
}
+ echo FIX_DONE
FIX_DONE
