++ dirname queue_full.sh
+ cd .
+ R=/media/dell/DATA/ovss/runs
+ CK=/media/dell/DATA/ovss/checkpoints/sam_vit_b_01ec64.pth
+ PV=perturbed_vocabs
+ for M in sclip clearclip maskclip naclip
+ python probe_d1sam.py --variant sclip --dataset voc21 --offset 0 --limit 100000 --vabs-vocab perturbed_vocabs/voc21_plain_vabs64.json --rand-vocab perturbed_vocabs/voc21_plain_randneg64.json --sam-ckpt /media/dell/DATA/ovss/checkpoints/sam_vit_b_01ec64.pth --out /media/dell/DATA/ovss/runs/full_voc_sclip.json
/media/dell/DATA/ovss/miniconda3/envs/ovss/lib/python3.10/site-packages/segment_anything/build_sam.py:105: FutureWarning: You are using `torch.load` with `weights_only=False` (the current default value), which uses the default pickle module implicitly. It is possible to construct malicious pickle data which will execute arbitrary code during unpickling (See https://github.com/pytorch/pytorch/blob/main/SECURITY.md#untrusted-models for more details). In a future release, the default value for `weights_only` will be flipped to `True`. This limits the functions that could be executed during unpickling. Arbitrary objects will no longer be allowed to be loaded via this mode unless they are explicitly allowlisted by the user via `torch.serialization.add_safe_globals`. We recommend you start setting `weights_only=True` for any use case where you don't have full control of the loaded file. Please open an issue on GitHub for any issues related to this experimental feature.
  state_dict = torch.load(f)
[10] pix=55.32 sam=57.72 samrand=56.10
[20] pix=47.11 sam=49.63 samrand=45.86
[30] pix=45.91 sam=48.67 samrand=45.64
[40] pix=46.29 sam=50.99 samrand=48.37
[50] pix=50.30 sam=55.66 samrand=51.77
[60] pix=51.50 sam=57.60 samrand=53.03
[70] pix=50.62 sam=54.67 samrand=53.37
[80] pix=53.42 sam=57.35 samrand=53.83
[90] pix=53.90 sam=58.12 samrand=54.15
[100] pix=53.81 sam=57.86 samrand=54.37
[110] pix=53.88 sam=57.81 samrand=53.94
[120] pix=54.01 sam=57.92 samrand=54.30
[130] pix=54.53 sam=58.66 samrand=54.48
[140] pix=54.29 sam=58.30 samrand=54.42
[150] pix=53.77 sam=57.59 samrand=54.35
[160] pix=53.84 sam=57.60 samrand=54.32
[170] pix=53.17 sam=56.79 samrand=53.42
[180] pix=53.72 sam=57.40 samrand=53.66
[190] pix=54.23 sam=57.85 samrand=54.21
[200] pix=54.41 sam=58.12 samrand=54.49
[210] pix=54.24 sam=57.89 samrand=54.32
[220] pix=54.06 sam=57.66 samrand=54.36
[230] pix=54.03 sam=57.63 samrand=54.04
[240] pix=54.05 sam=57.77 samrand=53.77
[250] pix=54.13 sam=57.66 samrand=54.05
[260] pix=53.90 sam=57.35 samrand=53.28
[270] pix=54.40 sam=57.85 samrand=53.88
[280] pix=54.14 sam=57.58 samrand=53.72
[290] pix=53.71 sam=57.16 samrand=53.46
[300] pix=53.62 sam=57.04 samrand=53.28
[310] pix=53.78 sam=57.33 samrand=53.18
[320] pix=53.78 sam=57.46 samrand=53.13
[330] pix=53.79 sam=57.52 samrand=53.19
[340] pix=53.50 sam=57.20 samrand=52.97
[350] pix=53.69 sam=57.39 samrand=53.11
[360] pix=53.37 sam=56.99 samrand=52.96
[370] pix=53.01 sam=56.58 samrand=52.71
[380] pix=52.93 sam=56.60 samrand=52.48
[390] pix=52.99 sam=56.75 samrand=52.49
[400] pix=53.20 sam=57.03 samrand=52.69
[410] pix=53.06 sam=56.82 samrand=52.66
[420] pix=53.24 sam=56.80 samrand=52.88
[430] pix=53.55 sam=57.06 samrand=53.19
[440] pix=53.79 sam=57.26 samrand=53.54
[450] pix=53.73 sam=57.12 samrand=53.63
[460] pix=53.79 sam=57.19 samrand=53.36
[470] pix=53.92 sam=57.21 samrand=53.35
[480] pix=54.09 sam=57.39 samrand=53.54
[490] pix=54.31 sam=57.56 samrand=53.88
[500] pix=54.54 sam=57.80 samrand=54.05
[510] pix=54.49 sam=57.72 samrand=53.70
[520] pix=54.24 sam=57.47 samrand=53.37
[530] pix=54.74 sam=57.97 samrand=53.85
[540] pix=55.16 sam=58.55 samrand=54.31
[550] pix=55.10 sam=58.56 samrand=54.27
[560] pix=54.81 sam=58.12 samrand=53.92
[570] pix=54.79 sam=58.08 samrand=53.80
[580] pix=54.84 sam=58.17 samrand=53.82
[590] pix=54.91 sam=58.26 samrand=53.95
[600] pix=54.93 sam=58.27 samrand=53.92
[610] pix=54.79 sam=58.02 samrand=53.75
[620] pix=54.81 sam=58.07 samrand=53.77
[630] pix=55.01 sam=58.27 samrand=53.95
[640] pix=55.02 sam=58.31 samrand=54.03
[650] pix=55.07 sam=58.45 samrand=54.09
[660] pix=55.23 sam=58.60 samrand=54.28
[670] pix=55.25 sam=58.53 samrand=54.20
[680] pix=55.29 sam=58.57 samrand=54.19
[690] pix=55.51 sam=58.81 samrand=54.40
[700] pix=55.47 sam=58.81 samrand=54.34
[710] pix=55.45 sam=58.75 samrand=54.30
[720] pix=55.34 sam=58.63 samrand=54.26
[730] pix=55.31 sam=58.60 samrand=54.21
[740] pix=55.39 sam=58.72 samrand=54.04
[750] pix=55.38 sam=58.66 samrand=54.01
[760] pix=55.18 sam=58.48 samrand=53.88
[770] pix=55.12 sam=58.38 samrand=53.76
[780] pix=55.30 sam=58.75 samrand=54.09
[790] pix=55.34 sam=58.77 samrand=54.16
[800] pix=55.40 sam=58.85 samrand=54.15
[810] pix=55.44 sam=58.95 samrand=54.17
[820] pix=55.48 sam=59.05 samrand=54.25
[830] pix=55.36 sam=58.88 samrand=54.15
[840] pix=55.23 sam=58.62 samrand=53.97
[850] pix=55.38 sam=58.80 samrand=54.14
[860] pix=55.34 sam=58.72 samrand=54.13
[870] pix=55.28 sam=58.66 samrand=54.09
[880] pix=55.24 sam=58.70 samrand=54.08
[890] pix=55.33 sam=58.74 samrand=54.09
[900] pix=55.27 sam=58.64 samrand=54.00
[910] pix=55.15 sam=58.52 samrand=53.86
[920] pix=55.21 sam=58.56 samrand=53.84
[930] pix=55.17 sam=58.56 samrand=53.72
[940] pix=55.16 sam=58.61 samrand=53.77
[950] pix=55.28 sam=58.74 samrand=53.90
[960] pix=55.43 sam=58.90 samrand=54.02
[970] pix=55.52 sam=58.95 samrand=54.16
[980] pix=55.55 sam=59.00 samrand=54.15
[990] pix=55.42 sam=58.83 samrand=54.02
[1000] pix=55.48 sam=58.95 samrand=54.14
[1010] pix=55.50 sam=58.98 samrand=54.14
[1020] pix=55.43 sam=58.87 samrand=53.97
[1030] pix=55.40 sam=58.88 samrand=53.87
[1040] pix=55.36 sam=58.80 samrand=53.89
[1050] pix=55.46 sam=58.91 samrand=53.96
[1060] pix=55.39 sam=58.78 samrand=53.83
[1070] pix=55.49 sam=58.89 samrand=53.94
[1080] pix=55.45 sam=58.85 samrand=53.81
[1090] pix=55.46 sam=58.83 samrand=53.82
[1100] pix=55.41 sam=58.77 samrand=53.78
[1110] pix=55.48 sam=58.81 samrand=53.81
[1120] pix=55.55 sam=58.90 samrand=53.85
[1130] pix=55.56 sam=58.91 samrand=53.85
[1140] pix=55.62 sam=58.98 samrand=53.90
[1150] pix=55.62 sam=59.01 samrand=53.78
[1160] pix=55.58 sam=58.97 samrand=53.71
[1170] pix=55.62 sam=59.03 samrand=53.80
[1180] pix=55.77 sam=59.15 samrand=53.92
[1190] pix=55.85 sam=59.23 samrand=53.85
[1200] pix=55.87 sam=59.27 samrand=53.84
[1210] pix=55.84 sam=59.21 samrand=53.82
[1220] pix=55.85 sam=59.18 samrand=53.81
[1230] pix=55.84 sam=59.20 samrand=53.69
[1240] pix=55.80 sam=59.18 samrand=53.63
[1250] pix=55.84 sam=59.23 samrand=53.62
[1260] pix=55.70 sam=59.01 samrand=53.56
[1270] pix=55.75 sam=59.07 samrand=53.56
[1280] pix=55.74 sam=59.03 samrand=53.55
[1290] pix=55.76 sam=59.10 samrand=53.67
[1300] pix=55.70 sam=59.01 samrand=53.59
[1310] pix=55.70 sam=59.04 samrand=53.62
[1320] pix=55.65 sam=58.98 samrand=53.62
[1330] pix=55.61 sam=58.95 samrand=53.58
[1340] pix=55.60 sam=58.95 samrand=53.56
[1350] pix=55.56 sam=58.92 samrand=53.55
[1360] pix=55.54 sam=58.92 samrand=53.56
[1370] pix=55.51 sam=58.87 samrand=53.55
[1380] pix=55.56 sam=58.89 samrand=53.58
[1390] pix=55.37 sam=58.66 samrand=53.37
[1400] pix=55.39 sam=58.66 samrand=53.40
[1410] pix=55.28 sam=58.53 samrand=53.29
[1420] pix=55.21 sam=58.45 samrand=53.26
[1430] pix=55.18 sam=58.42 samrand=53.24
[1440] pix=55.24 sam=58.48 samrand=53.34
{
 "pix_vabs": 55.26,
 "sam_reg_vabs": 58.62,
 "sam_reg_rand": 53.44
}
+ for M in sclip clearclip maskclip naclip
+ python probe_d1sam.py --variant clearclip --dataset voc21 --offset 0 --limit 100000 --vabs-vocab perturbed_vocabs/voc21_plain_vabs64.json --rand-vocab perturbed_vocabs/voc21_plain_randneg64.json --sam-ckpt /media/dell/DATA/ovss/checkpoints/sam_vit_b_01ec64.pth --out /media/dell/DATA/ovss/runs/full_voc_clearclip.json
/media/dell/DATA/ovss/miniconda3/envs/ovss/lib/python3.10/site-packages/segment_anything/build_sam.py:105: FutureWarning: You are using `torch.load` with `weights_only=False` (the current default value), which uses the default pickle module implicitly. It is possible to construct malicious pickle data which will execute arbitrary code during unpickling (See https://github.com/pytorch/pytorch/blob/main/SECURITY.md#untrusted-models for more details). In a future release, the default value for `weights_only` will be flipped to `True`. This limits the functions that could be executed during unpickling. Arbitrary objects will no longer be allowed to be loaded via this mode unless they are explicitly allowlisted by the user via `torch.serialization.add_safe_globals`. We recommend you start setting `weights_only=True` for any use case where you don't have full control of the loaded file. Please open an issue on GitHub for any issues related to this experimental feature.
  state_dict = torch.load(f)
[10] pix=54.16 sam=57.45 samrand=50.25
[20] pix=45.74 sam=49.15 samrand=46.11
[30] pix=43.91 sam=47.22 samrand=43.43
[40] pix=45.14 sam=50.58 samrand=46.49
[50] pix=48.32 sam=54.00 samrand=49.78
[60] pix=49.23 sam=55.69 samrand=51.57
[70] pix=50.71 sam=55.86 samrand=52.43
[80] pix=50.86 sam=54.58 samrand=51.33
[90] pix=51.10 sam=54.35 samrand=51.20
[100] pix=51.15 sam=54.38 samrand=50.60
[110] pix=51.21 sam=54.70 samrand=50.66
[120] pix=51.29 sam=54.85 samrand=50.59
[130] pix=51.50 sam=55.12 samrand=50.60
[140] pix=51.39 sam=54.87 samrand=49.82
[150] pix=51.07 sam=54.70 samrand=49.85
[160] pix=51.17 sam=54.85 samrand=50.13
[170] pix=51.00 sam=54.30 samrand=49.71
[180] pix=51.51 sam=54.75 samrand=49.98
[190] pix=51.97 sam=55.04 samrand=50.33
[200] pix=52.15 sam=55.46 samrand=50.47
[210] pix=51.86 sam=54.58 samrand=49.93
[220] pix=51.68 sam=54.42 samrand=49.83
[230] pix=51.82 sam=54.57 samrand=49.82
[240] pix=51.93 sam=54.82 samrand=49.93
[250] pix=51.97 sam=54.97 samrand=50.09
[260] pix=51.80 sam=54.80 samrand=49.89
[270] pix=52.26 sam=55.31 samrand=50.46
[280] pix=52.05 sam=55.13 samrand=50.28
[290] pix=51.48 sam=54.57 samrand=49.68
[300] pix=51.37 sam=54.50 samrand=49.58
[310] pix=51.56 sam=54.78 samrand=49.74
[320] pix=51.57 sam=54.85 samrand=49.56
[330] pix=51.51 sam=54.90 samrand=49.28
[340] pix=51.30 sam=54.68 samrand=49.14
[350] pix=51.45 sam=54.78 samrand=49.25
[360] pix=51.17 sam=54.48 samrand=49.15
[370] pix=50.83 sam=54.11 samrand=48.89
[380] pix=50.83 sam=54.23 samrand=48.83
[390] pix=50.92 sam=54.41 samrand=48.91
[400] pix=51.10 sam=54.67 samrand=49.04
[410] pix=50.92 sam=54.44 samrand=49.07
[420] pix=51.05 sam=54.51 samrand=49.20
[430] pix=51.31 sam=54.87 samrand=49.34
[440] pix=51.51 sam=55.02 samrand=49.52
[450] pix=51.45 sam=54.94 samrand=49.55
[460] pix=51.50 sam=54.97 samrand=49.46
[470] pix=51.62 sam=55.01 samrand=49.37
[480] pix=51.71 sam=55.00 samrand=49.45
[490] pix=51.90 sam=55.20 samrand=49.52
[500] pix=52.07 sam=55.34 samrand=49.67
[510] pix=52.03 sam=55.28 samrand=49.41
[520] pix=51.88 sam=55.04 samrand=49.26
[530] pix=52.38 sam=55.54 samrand=49.80
[540] pix=52.74 sam=55.97 samrand=50.39
[550] pix=52.66 sam=56.02 samrand=50.39
[560] pix=52.42 sam=55.76 samrand=50.14
[570] pix=52.33 sam=55.67 samrand=50.01
[580] pix=52.38 sam=55.73 samrand=50.01
[590] pix=52.38 sam=55.76 samrand=50.09
[600] pix=52.37 sam=55.78 samrand=50.01
[610] pix=52.30 sam=55.92 samrand=50.26
[620] pix=52.30 sam=55.97 samrand=50.22
[630] pix=52.50 sam=56.11 samrand=50.45
[640] pix=52.46 sam=56.05 samrand=50.44
[650] pix=52.52 sam=56.17 samrand=50.59
[660] pix=52.60 sam=56.17 samrand=50.59
[670] pix=52.66 sam=56.26 samrand=50.57
[680] pix=52.64 sam=56.27 samrand=50.56
[690] pix=52.88 sam=56.53 samrand=50.69
[700] pix=52.83 sam=56.52 samrand=50.64
[710] pix=52.76 sam=56.42 samrand=50.53
[720] pix=52.63 sam=56.31 samrand=50.47
[730] pix=52.58 sam=56.22 samrand=50.40
[740] pix=52.71 sam=56.37 samrand=50.36
[750] pix=52.72 sam=56.36 samrand=50.28
[760] pix=52.46 sam=56.08 samrand=50.04
[770] pix=52.40 sam=56.05 samrand=49.95
[780] pix=52.54 sam=56.19 samrand=50.08
[790] pix=52.60 sam=56.23 samrand=50.15
[800] pix=52.65 sam=56.34 samrand=50.14
[810] pix=52.69 sam=56.41 samrand=50.21
[820] pix=52.69 sam=56.46 samrand=50.25
[830] pix=52.57 sam=56.29 samrand=50.15
[840] pix=52.38 sam=56.05 samrand=49.96
[850] pix=52.64 sam=56.35 samrand=50.19
[860] pix=52.61 sam=56.12 samrand=50.20
[870] pix=52.54 sam=56.07 samrand=50.15
[880] pix=52.53 sam=56.13 samrand=50.10
[890] pix=52.57 sam=56.12 samrand=50.08
[900] pix=52.52 sam=56.07 samrand=50.03
[910] pix=52.44 sam=55.99 samrand=49.93
[920] pix=52.49 sam=56.03 samrand=49.92
[930] pix=52.43 sam=55.97 samrand=49.81
[940] pix=52.41 sam=55.96 samrand=49.84
[950] pix=52.49 sam=56.03 samrand=49.96
[960] pix=52.62 sam=56.15 samrand=50.08
[970] pix=52.73 sam=56.20 samrand=50.12
[980] pix=52.77 sam=56.23 samrand=50.10
[990] pix=52.60 sam=56.08 samrand=49.97
[1000] pix=52.66 sam=56.21 samrand=50.05
[1010] pix=52.69 sam=56.26 samrand=50.14
[1020] pix=52.63 sam=56.17 samrand=50.03
[1030] pix=52.62 sam=56.19 samrand=49.98
[1040] pix=52.54 sam=56.03 samrand=49.86
[1050] pix=52.64 sam=56.14 samrand=49.98
[1060] pix=52.64 sam=56.23 samrand=49.92
[1070] pix=52.75 sam=56.35 samrand=50.03
[1080] pix=52.70 sam=56.27 samrand=49.96
[1090] pix=52.72 sam=56.26 samrand=49.95
[1100] pix=52.70 sam=56.20 samrand=49.92
[1110] pix=52.80 sam=56.27 samrand=49.99
[1120] pix=52.89 sam=56.37 samrand=50.04
[1130] pix=52.90 sam=56.34 samrand=50.02
[1140] pix=52.96 sam=56.42 samrand=50.09
[1150] pix=52.96 sam=56.40 samrand=50.00
[1160] pix=52.97 sam=56.42 samrand=49.96
[1170] pix=52.99 sam=56.45 samrand=50.04
[1180] pix=53.10 sam=56.55 samrand=50.15
[1190] pix=53.14 sam=56.59 samrand=50.10
[1200] pix=53.16 sam=56.65 samrand=50.15
[1210] pix=53.15 sam=56.64 samrand=50.19
[1220] pix=53.15 sam=56.60 samrand=50.24
[1230] pix=53.13 sam=56.63 samrand=50.21
[1240] pix=53.11 sam=56.60 samrand=50.10
[1250] pix=53.11 sam=56.63 samrand=50.06
[1260] pix=53.03 sam=56.48 samrand=50.09
[1270] pix=53.09 sam=56.53 samrand=50.11
[1280] pix=53.08 sam=56.52 samrand=50.09
[1290] pix=53.14 sam=56.61 samrand=50.19
[1300] pix=53.05 sam=56.48 samrand=50.04
[1310] pix=53.07 sam=56.51 samrand=50.07
[1320] pix=53.00 sam=56.39 samrand=50.05
[1330] pix=52.96 sam=56.37 samrand=50.04
[1340] pix=52.94 sam=56.37 samrand=50.05
[1350] pix=52.91 sam=56.34 samrand=50.04
[1360] pix=52.87 sam=56.33 samrand=50.03
[1370] pix=52.85 sam=56.31 samrand=50.03
[1380] pix=52.89 sam=56.34 samrand=50.06
[1390] pix=52.85 sam=56.28 samrand=50.01
[1400] pix=52.87 sam=56.30 samrand=50.04
[1410] pix=52.78 sam=56.17 samrand=49.94
[1420] pix=52.69 sam=56.06 samrand=49.92
[1430] pix=52.64 sam=56.02 samrand=49.93
[1440] pix=52.66 sam=56.07 samrand=49.98
{
 "pix_vabs": 52.74,
 "sam_reg_vabs": 56.08,
 "sam_reg_rand": 50.01
}
+ for M in sclip clearclip maskclip naclip
+ python probe_d1sam.py --variant maskclip --dataset voc21 --offset 0 --limit 100000 --vabs-vocab perturbed_vocabs/voc21_plain_vabs64.json --rand-vocab perturbed_vocabs/voc21_plain_randneg64.json --sam-ckpt /media/dell/DATA/ovss/checkpoints/sam_vit_b_01ec64.pth --out /media/dell/DATA/ovss/runs/full_voc_maskclip.json
/media/dell/DATA/ovss/miniconda3/envs/ovss/lib/python3.10/site-packages/segment_anything/build_sam.py:105: FutureWarning: You are using `torch.load` with `weights_only=False` (the current default value), which uses the default pickle module implicitly. It is possible to construct malicious pickle data which will execute arbitrary code during unpickling (See https://github.com/pytorch/pytorch/blob/main/SECURITY.md#untrusted-models for more details). In a future release, the default value for `weights_only` will be flipped to `True`. This limits the functions that could be executed during unpickling. Arbitrary objects will no longer be allowed to be loaded via this mode unless they are explicitly allowlisted by the user via `torch.serialization.add_safe_globals`. We recommend you start setting `weights_only=True` for any use case where you don't have full control of the loaded file. Please open an issue on GitHub for any issues related to this experimental feature.
  state_dict = torch.load(f)
[10] pix=48.17 sam=55.58 samrand=52.60
[20] pix=36.12 sam=41.94 samrand=38.74
[30] pix=36.43 sam=42.56 samrand=38.35
[40] pix=35.22 sam=42.84 samrand=38.74
[50] pix=38.83 sam=46.93 samrand=42.50
[60] pix=40.32 sam=49.44 samrand=43.69
[70] pix=41.47 sam=49.84 samrand=45.08
[80] pix=43.80 sam=51.31 samrand=47.15
[90] pix=43.89 sam=51.28 samrand=46.81
[100] pix=43.86 sam=51.01 samrand=46.89
[110] pix=44.17 sam=51.15 samrand=47.16
[120] pix=44.22 sam=51.42 samrand=47.41
[130] pix=44.00 sam=51.21 samrand=46.97
[140] pix=44.26 sam=51.62 samrand=47.35
[150] pix=44.00 sam=50.52 samrand=47.14
[160] pix=44.16 sam=50.64 samrand=47.24
[170] pix=43.93 sam=50.63 samrand=46.99
[180] pix=44.11 sam=50.51 samrand=46.75
[190] pix=44.68 sam=51.11 samrand=47.16
[200] pix=44.76 sam=51.57 samrand=47.47
[210] pix=45.11 sam=51.77 samrand=47.77
[220] pix=44.96 sam=51.77 samrand=47.74
[230] pix=45.07 sam=51.81 samrand=47.69
[240] pix=44.99 sam=51.92 samrand=47.42
[250] pix=44.75 sam=51.45 samrand=47.44
[260] pix=44.74 sam=51.28 samrand=47.19
[270] pix=44.91 sam=51.36 samrand=47.31
[280] pix=44.71 sam=51.11 samrand=47.16
[290] pix=44.43 sam=50.66 samrand=46.79
[300] pix=44.48 sam=50.71 samrand=46.82
[310] pix=44.58 sam=51.25 samrand=47.13
[320] pix=44.45 sam=51.43 samrand=47.08
[330] pix=44.44 sam=51.43 samrand=47.05
[340] pix=44.23 sam=51.15 samrand=46.94
[350] pix=44.40 sam=51.29 samrand=47.09
[360] pix=44.33 sam=51.16 samrand=47.09
[370] pix=44.03 sam=50.86 samrand=46.82
[380] pix=44.02 sam=51.15 samrand=46.86
[390] pix=44.00 sam=51.27 samrand=46.87
[400] pix=44.02 sam=51.42 samrand=46.95
[410] pix=43.87 sam=51.19 samrand=46.86
[420] pix=44.12 sam=51.24 samrand=47.07
[430] pix=44.31 sam=51.47 samrand=47.32
[440] pix=44.42 sam=51.59 samrand=47.60
[450] pix=44.39 sam=51.52 samrand=47.65
[460] pix=44.48 sam=51.64 samrand=47.61
[470] pix=44.58 sam=51.79 samrand=47.55
[480] pix=44.71 sam=51.87 samrand=47.64
[490] pix=44.85 sam=52.05 samrand=47.71
[500] pix=44.99 sam=52.23 samrand=47.81
[510] pix=44.87 sam=52.07 samrand=47.62
[520] pix=44.65 sam=51.86 samrand=47.44
[530] pix=44.94 sam=52.30 samrand=47.82
[540] pix=45.05 sam=52.48 samrand=47.95
[550] pix=44.93 sam=52.42 samrand=47.87
[560] pix=44.78 sam=52.16 samrand=47.73
[570] pix=44.73 sam=52.05 samrand=47.59
[580] pix=44.78 sam=52.11 samrand=47.64
[590] pix=44.89 sam=52.21 samrand=47.76
[600] pix=44.84 sam=52.20 samrand=47.62
[610] pix=44.74 sam=52.04 samrand=47.51
[620] pix=44.71 sam=52.04 samrand=47.34
[630] pix=44.82 sam=52.10 samrand=47.40
[640] pix=44.83 sam=52.10 samrand=47.43
[650] pix=44.92 sam=52.21 samrand=47.53
[660] pix=45.10 sam=52.39 samrand=47.75
[670] pix=45.16 sam=52.46 samrand=47.79
[680] pix=45.22 sam=52.59 samrand=47.91
[690] pix=45.27 sam=52.70 samrand=47.91
[700] pix=45.24 sam=52.71 samrand=47.88
[710] pix=45.22 sam=52.73 samrand=47.96
[720] pix=45.12 sam=52.62 samrand=47.86
[730] pix=45.14 sam=52.59 samrand=47.82
[740] pix=45.18 sam=52.73 samrand=47.79
[750] pix=45.24 sam=52.76 samrand=47.84
[760] pix=45.06 sam=52.58 samrand=47.73
[770] pix=45.00 sam=52.51 samrand=47.63
[780] pix=45.10 sam=52.65 samrand=47.78
[790] pix=45.10 sam=52.63 samrand=47.79
[800] pix=45.11 sam=52.79 samrand=47.60
[810] pix=45.14 sam=52.83 samrand=47.62
[820] pix=45.17 sam=52.92 samrand=47.61
[830] pix=45.10 sam=52.70 samrand=47.51
[840] pix=45.05 sam=52.58 samrand=47.39
[850] pix=45.18 sam=52.73 samrand=47.53
[860] pix=45.21 sam=52.68 samrand=47.59
[870] pix=45.16 sam=52.59 samrand=47.53
[880] pix=45.05 sam=52.55 samrand=47.41
[890] pix=45.13 sam=52.63 samrand=47.50
[900] pix=45.08 sam=52.58 samrand=47.47
[910] pix=44.97 sam=52.43 samrand=47.28
[920] pix=44.96 sam=52.39 samrand=47.26
[930] pix=44.94 sam=52.37 samrand=47.13
[940] pix=45.00 sam=52.46 samrand=47.26
[950] pix=45.07 sam=52.49 samrand=47.35
[960] pix=45.18 sam=52.63 samrand=47.44
[970] pix=45.22 sam=52.61 samrand=47.53
[980] pix=45.24 sam=52.69 samrand=47.57
[990] pix=45.13 sam=52.51 samrand=47.41
[1000] pix=45.18 sam=52.66 samrand=47.56
[1010] pix=45.18 sam=52.71 samrand=47.54
[1020] pix=45.03 sam=52.64 samrand=47.50
[1030] pix=45.02 sam=52.64 samrand=47.47
[1040] pix=45.01 sam=52.64 samrand=47.45
[1050] pix=45.07 sam=52.70 samrand=47.51
[1060] pix=45.00 sam=52.54 samrand=47.37
[1070] pix=45.04 sam=52.61 samrand=47.48
[1080] pix=44.98 sam=52.65 samrand=47.31
[1090] pix=44.97 sam=52.65 samrand=47.32
[1100] pix=44.90 sam=52.54 samrand=47.26
[1110] pix=44.99 sam=52.61 samrand=47.31
[1120] pix=45.07 sam=52.68 samrand=47.36
[1130] pix=45.12 sam=52.75 samrand=47.40
[1140] pix=45.20 sam=52.84 samrand=47.50
[1150] pix=45.18 sam=52.87 samrand=47.40
[1160] pix=45.16 sam=52.83 samrand=47.35
[1170] pix=45.19 sam=52.89 samrand=47.44
[1180] pix=45.32 sam=53.01 samrand=47.55
[1190] pix=45.35 sam=53.03 samrand=47.51
[1200] pix=45.32 sam=52.99 samrand=47.49
[1210] pix=45.34 sam=52.95 samrand=47.47
[1220] pix=45.34 sam=52.94 samrand=47.45
[1230] pix=45.31 sam=52.96 samrand=47.44
[1240] pix=45.28 sam=52.97 samrand=47.48
[1250] pix=45.30 sam=53.02 samrand=47.48
[1260] pix=45.18 sam=52.86 samrand=47.37
[1270] pix=45.20 sam=52.84 samrand=47.32
[1280] pix=45.20 sam=52.84 samrand=47.33
[1290] pix=45.23 sam=52.89 samrand=47.39
[1300] pix=45.17 sam=52.75 samrand=47.31
[1310] pix=45.18 sam=52.78 samrand=47.34
[1320] pix=45.19 sam=52.81 samrand=47.39
[1330] pix=45.20 sam=52.83 samrand=47.38
[1340] pix=45.24 sam=52.87 samrand=47.42
[1350] pix=45.20 sam=52.85 samrand=47.42
[1360] pix=45.19 sam=52.90 samrand=47.46
[1370] pix=45.14 sam=52.81 samrand=47.39
[1380] pix=45.19 sam=52.86 samrand=47.43
[1390] pix=45.07 sam=52.70 samrand=47.27
[1400] pix=45.09 sam=52.73 samrand=47.31
[1410] pix=45.00 sam=52.64 samrand=47.26
[1420] pix=44.97 sam=52.60 samrand=47.24
[1430] pix=44.94 sam=52.55 samrand=47.23
[1440] pix=44.97 sam=52.62 samrand=47.32
{
 "pix_vabs": 44.91,
 "sam_reg_vabs": 52.72,
 "sam_reg_rand": 47.41
}
+ for M in sclip clearclip maskclip naclip
+ python probe_d1sam.py --variant naclip --dataset voc21 --offset 0 --limit 100000 --vabs-vocab perturbed_vocabs/voc21_plain_vabs64.json --rand-vocab perturbed_vocabs/voc21_plain_randneg64.json --sam-ckpt /media/dell/DATA/ovss/checkpoints/sam_vit_b_01ec64.pth --out /media/dell/DATA/ovss/runs/full_voc_naclip.json
/media/dell/DATA/ovss/miniconda3/envs/ovss/lib/python3.10/site-packages/segment_anything/build_sam.py:105: FutureWarning: You are using `torch.load` with `weights_only=False` (the current default value), which uses the default pickle module implicitly. It is possible to construct malicious pickle data which will execute arbitrary code during unpickling (See https://github.com/pytorch/pytorch/blob/main/SECURITY.md#untrusted-models for more details). In a future release, the default value for `weights_only` will be flipped to `True`. This limits the functions that could be executed during unpickling. Arbitrary objects will no longer be allowed to be loaded via this mode unless they are explicitly allowlisted by the user via `torch.serialization.add_safe_globals`. We recommend you start setting `weights_only=True` for any use case where you don't have full control of the loaded file. Please open an issue on GitHub for any issues related to this experimental feature.
  state_dict = torch.load(f)
[10] pix=56.98 sam=61.11 samrand=53.48
[20] pix=45.03 sam=48.34 samrand=45.81
[30] pix=44.66 sam=48.56 samrand=44.98
[40] pix=44.23 sam=50.11 samrand=46.64
[50] pix=47.32 sam=53.86 samrand=49.83
[60] pix=48.31 sam=55.72 samrand=51.81
[70] pix=50.35 sam=56.63 samrand=53.73
[80] pix=51.53 sam=56.79 samrand=53.42
[90] pix=52.00 sam=57.17 samrand=54.05
[100] pix=51.87 sam=56.91 samrand=53.97
[110] pix=52.09 sam=57.03 samrand=54.09
[120] pix=52.28 sam=57.15 samrand=54.01
[130] pix=52.43 sam=57.46 samrand=53.92
[140] pix=52.54 sam=57.61 samrand=53.96
[150] pix=52.29 sam=57.88 samrand=54.33
[160] pix=52.45 sam=57.84 samrand=54.47
[170] pix=52.38 sam=57.59 samrand=54.45
[180] pix=52.83 sam=57.95 samrand=54.37
[190] pix=53.41 sam=58.55 samrand=54.97
[200] pix=53.52 sam=58.98 samrand=55.14
[210] pix=53.33 sam=58.68 samrand=54.47
[220] pix=53.18 sam=58.54 samrand=54.50
[230] pix=53.22 sam=58.53 samrand=54.49
[240] pix=53.23 sam=58.59 samrand=54.49
[250] pix=53.00 sam=57.99 samrand=54.16
[260] pix=52.83 sam=57.72 samrand=54.03
[270] pix=53.34 sam=58.18 samrand=54.56
[280] pix=53.16 sam=58.00 samrand=54.32
[290] pix=52.73 sam=57.60 samrand=54.04
[300] pix=52.69 sam=57.53 samrand=53.97
[310] pix=52.78 sam=57.82 samrand=54.19
[320] pix=52.65 sam=57.98 samrand=54.08
[330] pix=52.67 sam=57.95 samrand=53.95
[340] pix=52.45 sam=57.70 samrand=53.71
[350] pix=52.59 sam=57.78 samrand=53.80
[360] pix=52.40 sam=57.50 samrand=53.70
[370] pix=52.03 sam=57.08 samrand=53.41
[380] pix=52.03 sam=57.22 samrand=53.34
[390] pix=52.13 sam=57.38 samrand=53.43
[400] pix=52.23 sam=57.63 samrand=53.68
[410] pix=52.08 sam=57.39 samrand=53.54
[420] pix=52.16 sam=57.42 samrand=53.45
[430] pix=52.48 sam=57.86 samrand=53.72
[440] pix=52.66 sam=58.00 samrand=53.81
[450] pix=52.58 sam=57.88 samrand=53.89
[460] pix=52.63 sam=57.96 samrand=53.91
[470] pix=52.76 sam=58.13 samrand=53.91
[480] pix=52.91 sam=58.24 samrand=54.04
[490] pix=53.11 sam=58.40 samrand=53.99
[500] pix=53.32 sam=58.60 samrand=54.17
[510] pix=53.24 sam=58.48 samrand=54.00
[520] pix=53.00 sam=58.11 samrand=53.68
[530] pix=53.49 sam=58.61 samrand=54.22
[540] pix=53.62 sam=58.67 samrand=54.64
[550] pix=53.57 sam=58.68 samrand=54.59
[560] pix=53.30 sam=58.31 samrand=54.31
[570] pix=53.22 sam=58.18 samrand=54.18
[580] pix=53.28 sam=58.23 samrand=54.17
[590] pix=53.36 sam=58.30 samrand=54.27
[600] pix=53.37 sam=58.33 samrand=54.19
[610] pix=53.31 sam=58.12 samrand=54.42
[620] pix=53.25 sam=58.09 samrand=54.39
[630] pix=53.45 sam=58.22 samrand=54.53
[640] pix=53.42 sam=58.16 samrand=54.49
[650] pix=53.56 sam=58.40 samrand=54.67
[660] pix=53.70 sam=58.50 samrand=54.82
[670] pix=53.79 sam=58.60 samrand=54.78
[680] pix=53.82 sam=58.65 samrand=54.83
[690] pix=54.02 sam=58.88 samrand=55.00
[700] pix=53.99 sam=58.87 samrand=54.91
[710] pix=53.89 sam=58.73 samrand=54.74
[720] pix=53.78 sam=58.60 samrand=54.68
[730] pix=53.78 sam=58.57 samrand=54.61
[740] pix=53.91 sam=58.75 samrand=54.72
[750] pix=53.97 sam=58.76 samrand=54.69
[760] pix=53.76 sam=58.55 samrand=54.53
[770] pix=53.72 sam=58.51 samrand=54.48
[780] pix=53.86 sam=58.67 samrand=54.61
[790] pix=53.91 sam=58.74 samrand=54.65
[800] pix=53.95 sam=58.85 samrand=54.54
[810] pix=54.00 sam=58.90 samrand=54.60
[820] pix=54.04 sam=58.99 samrand=54.64
[830] pix=53.96 sam=58.84 samrand=54.53
[840] pix=53.87 sam=58.74 samrand=54.38
[850] pix=54.08 sam=59.00 samrand=54.64
[860] pix=54.11 sam=59.08 samrand=54.58
[870] pix=54.04 sam=59.01 samrand=54.50
[880] pix=53.98 sam=59.10 samrand=54.42
[890] pix=54.00 sam=59.08 samrand=54.39
[900] pix=53.95 sam=58.97 samrand=54.26
[910] pix=53.83 sam=58.83 samrand=54.11
[920] pix=53.87 sam=58.86 samrand=54.12
[930] pix=53.83 sam=58.84 samrand=54.01
[940] pix=53.85 sam=58.89 samrand=54.08
[950] pix=53.94 sam=58.93 samrand=54.19
[960] pix=54.08 sam=59.06 samrand=54.32
[970] pix=54.15 sam=59.11 samrand=54.36
[980] pix=54.15 sam=59.13 samrand=54.37
[990] pix=53.94 sam=58.93 samrand=54.18
[1000] pix=53.99 sam=59.03 samrand=54.28
[1010] pix=54.00 sam=59.09 samrand=54.37
[1020] pix=53.91 sam=58.99 samrand=54.26
[1030] pix=53.86 sam=58.96 samrand=54.26
[1040] pix=53.82 sam=58.90 samrand=54.20
[1050] pix=53.90 sam=59.00 samrand=54.30
[1060] pix=53.89 sam=59.06 samrand=54.31
[1070] pix=53.98 sam=59.16 samrand=54.43
[1080] pix=53.93 sam=59.12 samrand=54.31
[1090] pix=53.94 sam=59.11 samrand=54.30
[1100] pix=53.91 sam=59.04 samrand=54.29
[1110] pix=54.00 sam=59.10 samrand=54.34
[1120] pix=54.10 sam=59.22 samrand=54.47
[1130] pix=54.15 sam=59.27 samrand=54.51
[1140] pix=54.20 sam=59.33 samrand=54.57
[1150] pix=54.19 sam=59.30 samrand=54.35
[1160] pix=54.19 sam=59.28 samrand=54.36
[1170] pix=54.23 sam=59.31 samrand=54.43
[1180] pix=54.35 sam=59.38 samrand=54.52
[1190] pix=54.41 sam=59.46 samrand=54.52
[1200] pix=54.39 sam=59.42 samrand=54.53
[1210] pix=54.39 sam=59.39 samrand=54.53
[1220] pix=54.38 sam=59.36 samrand=54.50
[1230] pix=54.37 sam=59.39 samrand=54.49
[1240] pix=54.37 sam=59.41 samrand=54.46
[1250] pix=54.35 sam=59.40 samrand=54.50
[1260] pix=54.26 sam=59.29 samrand=54.49
[1270] pix=54.29 sam=59.33 samrand=54.48
[1280] pix=54.30 sam=59.33 samrand=54.48
[1290] pix=54.32 sam=59.44 samrand=54.53
[1300] pix=54.23 sam=59.33 samrand=54.44
[1310] pix=54.23 sam=59.32 samrand=54.43
[1320] pix=54.18 sam=59.28 samrand=54.41
[1330] pix=54.16 sam=59.28 samrand=54.38
[1340] pix=54.16 sam=59.28 samrand=54.41
[1350] pix=54.12 sam=59.24 samrand=54.36
[1360] pix=54.09 sam=59.22 samrand=54.36
[1370] pix=54.05 sam=59.18 samrand=54.33
[1380] pix=54.09 sam=59.21 samrand=54.37
[1390] pix=54.05 sam=59.14 samrand=54.30
[1400] pix=54.04 sam=59.14 samrand=54.31
[1410] pix=53.97 sam=59.07 samrand=54.25
[1420] pix=53.91 sam=58.99 samrand=54.22
[1430] pix=53.86 sam=58.96 samrand=54.21
[1440] pix=53.89 sam=59.02 samrand=54.27
{
 "pix_vabs": 53.89,
 "sam_reg_vabs": 59.1,
 "sam_reg_rand": 54.32
}
+ for M in sclip naclip
+ python probe_d1sam.py --variant sclip --dataset voc21 --offset 0 --limit 100000 --vabs-vocab perturbed_vocabs/voc21_official.json --rand-vocab perturbed_vocabs/voc21_official.json --sam-ckpt /media/dell/DATA/ovss/checkpoints/sam_vit_b_01ec64.pth --out /media/dell/DATA/ovss/runs/full_voc_sclip_official.json
/media/dell/DATA/ovss/miniconda3/envs/ovss/lib/python3.10/site-packages/segment_anything/build_sam.py:105: FutureWarning: You are using `torch.load` with `weights_only=False` (the current default value), which uses the default pickle module implicitly. It is possible to construct malicious pickle data which will execute arbitrary code during unpickling (See https://github.com/pytorch/pytorch/blob/main/SECURITY.md#untrusted-models for more details). In a future release, the default value for `weights_only` will be flipped to `True`. This limits the functions that could be executed during unpickling. Arbitrary objects will no longer be allowed to be loaded via this mode unless they are explicitly allowlisted by the user via `torch.serialization.add_safe_globals`. We recommend you start setting `weights_only=True` for any use case where you don't have full control of the loaded file. Please open an issue on GitHub for any issues related to this experimental feature.
  state_dict = torch.load(f)
Traceback (most recent call last):
  File "/media/dell/DATA/ovss/research_run/ovss/stage4_experiments/vocabaudit/probe_d1sam.py", line 126, in <module>
    main()
  File "/media/dell/DATA/ovss/research_run/ovss/stage4_experiments/vocabaudit/probe_d1sam.py", line 70, in main
    vabs_names = json.load(open(a.vabs_vocab))
FileNotFoundError: [Errno 2] No such file or directory: 'perturbed_vocabs/voc21_official.json'
+ python probe_d1sam.py --variant sclip --dataset cocoobj --offset 0 --limit 100000 --vabs-vocab perturbed_vocabs/cocoobj_plain_vabs.json --rand-vocab perturbed_vocabs/cocoobj_plain_randneg64.json --sam-ckpt /media/dell/DATA/ovss/checkpoints/sam_vit_b_01ec64.pth --out /media/dell/DATA/ovss/runs/full_cocoobj_sclip.json
/media/dell/DATA/ovss/miniconda3/envs/ovss/lib/python3.10/site-packages/segment_anything/build_sam.py:105: FutureWarning: You are using `torch.load` with `weights_only=False` (the current default value), which uses the default pickle module implicitly. It is possible to construct malicious pickle data which will execute arbitrary code during unpickling (See https://github.com/pytorch/pytorch/blob/main/SECURITY.md#untrusted-models for more details). In a future release, the default value for `weights_only` will be flipped to `True`. This limits the functions that could be executed during unpickling. Arbitrary objects will no longer be allowed to be loaded via this mode unless they are explicitly allowlisted by the user via `torch.serialization.add_safe_globals`. We recommend you start setting `weights_only=True` for any use case where you don't have full control of the loaded file. Please open an issue on GitHub for any issues related to this experimental feature.
  state_dict = torch.load(f)
[10] pix=22.27 sam=22.16 samrand=25.24
[20] pix=27.52 sam=32.47 samrand=32.06
[30] pix=25.77 sam=29.54 samrand=30.35
[40] pix=28.54 sam=33.19 samrand=33.74
[50] pix=26.01 sam=29.69 samrand=29.91
[60] pix=28.80 sam=33.12 samrand=32.72
[70] pix=28.28 sam=32.58 samrand=32.00
[80] pix=29.11 sam=33.69 samrand=32.16
[90] pix=30.01 sam=34.51 samrand=33.06
[100] pix=30.51 sam=34.75 samrand=33.02
[110] pix=29.89 sam=33.94 samrand=31.74
[120] pix=29.18 sam=33.08 samrand=30.85
[130] pix=28.71 sam=32.43 samrand=30.34
[140] pix=28.59 sam=32.42 samrand=30.27
[150] pix=30.05 sam=33.46 samrand=31.76
[160] pix=30.79 sam=34.43 samrand=33.17
[170] pix=31.71 sam=35.75 samrand=34.40
[180] pix=31.30 sam=35.16 samrand=33.78
[190] pix=31.25 sam=34.97 samrand=33.60
[200] pix=31.13 sam=34.83 samrand=33.57
[210] pix=31.33 sam=34.88 samrand=33.97
[220] pix=31.72 sam=35.21 samrand=34.05
[230] pix=31.46 sam=34.92 samrand=33.75
[240] pix=31.79 sam=35.30 samrand=34.14
[250] pix=31.70 sam=35.04 samrand=33.83
[260] pix=31.76 sam=35.09 samrand=33.83
[270] pix=32.01 sam=35.36 samrand=33.58
[280] pix=32.32 sam=35.67 samrand=33.60
[290] pix=31.98 sam=35.29 samrand=33.31
[300] pix=31.81 sam=34.94 samrand=33.20
[310] pix=31.90 sam=35.03 samrand=33.20
[320] pix=32.20 sam=35.47 samrand=33.58
[330] pix=32.15 sam=35.43 samrand=33.52
[340] pix=32.13 sam=35.39 samrand=33.48
[350] pix=32.21 sam=35.45 samrand=33.50
[360] pix=32.24 sam=35.44 samrand=33.39
[370] pix=32.27 sam=35.47 samrand=33.42
[380] pix=32.44 sam=35.69 samrand=33.45
[390] pix=32.40 sam=35.65 samrand=33.47
[400] pix=32.44 sam=35.68 samrand=33.61
[410] pix=32.79 sam=36.03 samrand=33.83
[420] pix=33.01 sam=36.22 samrand=34.23
[430] pix=32.89 sam=36.10 samrand=34.11
[440] pix=32.90 sam=36.09 samrand=34.06
[450] pix=33.23 sam=36.54 samrand=34.43
[460] pix=32.97 sam=36.23 samrand=34.17
[470] pix=32.90 sam=36.24 samrand=34.21
[480] pix=32.87 sam=36.16 samrand=34.32
[490] pix=33.03 sam=36.27 samrand=34.44
[500] pix=33.19 sam=36.43 samrand=34.70
[510] pix=33.18 sam=36.41 samrand=34.66
[520] pix=33.14 sam=36.36 samrand=34.66
[530] pix=32.96 sam=36.12 samrand=34.28
[540] pix=33.06 sam=36.27 samrand=34.35
[550] pix=33.02 sam=36.20 samrand=34.30
[560] pix=33.05 sam=36.19 samrand=34.29
[570] pix=33.11 sam=36.26 samrand=34.34
[580] pix=33.00 sam=36.06 samrand=34.09
[590] pix=33.28 sam=36.36 samrand=34.44
[600] pix=33.34 sam=36.40 samrand=34.53
[610] pix=33.52 sam=36.56 samrand=34.61
[620] pix=33.25 sam=36.16 samrand=34.26
[630] pix=33.42 sam=36.32 samrand=34.36
[640] pix=33.43 sam=36.37 samrand=34.31
[650] pix=33.32 sam=36.24 samrand=34.14
[660] pix=33.38 sam=36.32 samrand=34.23
[670] pix=33.34 sam=36.31 samrand=34.10
[680] pix=33.76 sam=36.80 samrand=34.51
[690] pix=33.65 sam=36.69 samrand=34.43
[700] pix=33.77 sam=36.81 samrand=34.58
[710] pix=33.73 sam=36.79 samrand=34.53
[720] pix=33.63 sam=36.71 samrand=34.47
[730] pix=33.76 sam=36.80 samrand=34.56
[740] pix=33.68 sam=36.68 samrand=34.49
[750] pix=33.76 sam=36.78 samrand=34.60
[760] pix=33.80 sam=36.86 samrand=34.71
[770] pix=33.81 sam=36.84 samrand=34.68
[780] pix=33.86 sam=36.90 samrand=34.72
[790] pix=33.68 sam=36.67 samrand=34.50
[800] pix=32.91 sam=35.79 samrand=33.75
[810] pix=32.88 sam=35.79 samrand=33.75
[820] pix=33.13 sam=36.16 samrand=34.12
[830] pix=33.23 sam=36.26 samrand=34.16
[840] pix=33.16 sam=36.19 samrand=34.11
[850] pix=33.31 sam=36.30 samrand=34.36
[860] pix=33.15 sam=36.15 samrand=34.23
[870] pix=33.23 sam=36.24 samrand=34.31
[880] pix=33.18 sam=36.18 samrand=34.31
[890] pix=33.17 sam=36.19 samrand=34.29
[900] pix=33.06 sam=36.09 samrand=34.20
[910] pix=32.89 sam=35.93 samrand=34.05
[920] pix=32.82 sam=35.85 samrand=33.98
[930] pix=32.87 sam=35.91 samrand=34.02
[940] pix=32.88 sam=35.90 samrand=34.01
[950] pix=32.90 sam=35.91 samrand=34.06
[960] pix=32.90 sam=35.95 samrand=34.08
[970] pix=32.80 sam=35.84 samrand=34.00
[980] pix=32.82 sam=35.84 samrand=33.97
[990] pix=32.79 sam=35.79 samrand=33.96
[1000] pix=32.77 sam=35.76 samrand=33.87
[1010] pix=32.85 sam=35.88 samrand=34.00
[1020] pix=32.84 sam=35.90 samrand=34.05
[1030] pix=32.83 sam=35.87 samrand=34.06
[1040] pix=32.87 sam=35.86 samrand=34.04
[1050] pix=32.83 sam=35.81 samrand=33.97
[1060] pix=32.78 sam=35.74 samrand=33.91
[1070] pix=32.73 sam=35.68 samrand=33.84
[1080] pix=32.78 sam=35.77 samrand=33.91
[1090] pix=32.82 sam=35.84 samrand=34.01
[1100] pix=32.97 sam=36.05 samrand=34.23
[1110] pix=32.95 sam=35.98 samrand=34.13
[1120] pix=33.05 sam=36.08 samrand=34.24
[1130] pix=33.02 sam=36.03 samrand=34.21
[1140] pix=33.05 sam=36.07 samrand=34.24
[1150] pix=33.06 sam=36.10 samrand=34.31
[1160] pix=32.98 sam=35.97 samrand=34.21
[1170] pix=32.96 sam=35.95 samrand=34.21
[1180] pix=33.03 sam=36.01 samrand=34.27
[1190] pix=32.91 sam=35.87 samrand=34.11
[1200] pix=32.93 sam=35.87 samrand=34.11
[1210] pix=32.85 sam=35.80 samrand=34.09
[1220] pix=33.08 sam=36.00 samrand=34.29
[1230] pix=33.09 sam=36.00 samrand=34.37
[1240] pix=33.11 sam=36.00 samrand=34.39
[1250] pix=33.10 sam=35.98 samrand=34.36
[1260] pix=33.08 sam=35.97 samrand=34.34
[1270] pix=33.04 sam=35.89 samrand=34.21
[1280] pix=33.00 sam=35.86 samrand=34.18
[1290] pix=32.99 sam=35.85 samrand=34.13
[1300] pix=32.92 sam=35.77 samrand=34.08
[1310] pix=32.99 sam=35.85 samrand=34.15
[1320] pix=33.15 sam=35.98 samrand=34.30
[1330] pix=33.07 sam=35.89 samrand=34.18
[1340] pix=33.05 sam=35.85 samrand=34.18
[1350] pix=33.06 sam=35.88 samrand=34.20
[1360] pix=33.08 sam=35.91 samrand=34.19
[1370] pix=33.80 sam=36.84 samrand=35.09
[1380] pix=33.77 sam=36.80 samrand=35.08
[1390] pix=33.73 sam=36.75 samrand=35.05
[1400] pix=33.71 sam=36.73 samrand=35.02
[1410] pix=33.78 sam=36.78 samrand=35.08
[1420] pix=33.70 sam=36.70 samrand=34.98
[1430] pix=33.58 sam=36.57 samrand=34.87
[1440] pix=33.56 sam=36.55 samrand=34.86
[1450] pix=33.62 sam=36.63 samrand=34.92
[1460] pix=33.54 sam=36.53 samrand=34.81
[1470] pix=33.50 sam=36.47 samrand=34.77
[1480] pix=33.50 sam=36.46 samrand=34.76
[1490] pix=33.53 sam=36.48 samrand=34.78
[1500] pix=33.48 sam=36.42 samrand=34.72
[1510] pix=33.43 sam=36.38 samrand=34.68
[1520] pix=33.37 sam=36.27 samrand=34.58
[1530] pix=33.38 sam=36.29 samrand=34.57
[1540] pix=33.37 sam=36.28 samrand=34.57
[1550] pix=32.97 sam=35.86 samrand=34.12
[1560] pix=33.02 sam=35.93 samrand=34.14
[1570] pix=32.93 sam=35.85 samrand=34.06
[1580] pix=32.92 sam=35.81 samrand=34.02
[1590] pix=32.86 sam=35.73 samrand=33.97
[1600] pix=32.85 sam=35.65 samrand=33.91
[1610] pix=32.83 sam=35.63 samrand=33.90
[1620] pix=32.88 sam=35.61 samrand=33.90
[1630] pix=32.87 sam=35.59 samrand=33.87
[1640] pix=32.97 sam=35.74 samrand=34.04
[1650] pix=32.95 sam=35.72 samrand=34.03
[1660] pix=32.84 sam=35.59 samrand=33.89
[1670] pix=32.85 sam=35.60 samrand=33.91
[1680] pix=32.87 sam=35.63 samrand=33.94
[1690] pix=32.86 sam=35.61 samrand=33.93
[1700] pix=32.88 sam=35.56 samrand=33.91
[1710] pix=32.87 sam=35.53 samrand=33.84
[1720] pix=32.99 sam=35.69 samrand=33.99
[1730] pix=33.00 sam=35.71 samrand=34.00
[1740] pix=32.99 sam=35.70 samrand=34.01
[1750] pix=33.03 sam=35.72 samrand=34.04
[1760] pix=33.00 sam=35.70 samrand=34.02
[1770] pix=32.98 sam=35.70 samrand=34.02
[1780] pix=32.97 sam=35.69 samrand=34.02
[1790] pix=32.98 sam=35.69 samrand=34.01
[1800] pix=33.00 sam=35.69 samrand=34.01
[1810] pix=33.07 sam=35.80 samrand=34.11
[1820] pix=33.02 sam=35.74 samrand=34.11
[1830] pix=33.01 sam=35.73 samrand=34.07
[1840] pix=32.96 sam=35.66 samrand=34.06
[1850] pix=32.93 sam=35.64 samrand=34.05
[1860] pix=32.89 sam=35.60 samrand=34.01
[1870] pix=32.97 sam=35.68 samrand=34.09
[1880] pix=32.94 sam=35.65 samrand=34.05
[1890] pix=33.01 sam=35.72 samrand=34.10
[1900] pix=32.98 sam=35.70 samrand=34.10
[1910] pix=33.00 sam=35.72 samrand=34.11
[1920] pix=33.03 sam=35.76 samrand=34.17
[1930] pix=33.01 sam=35.72 samrand=34.13
[1940] pix=33.03 sam=35.75 samrand=34.20
[1950] pix=32.97 sam=35.66 samrand=34.12
[1960] pix=32.98 sam=35.67 samrand=34.14
[1970] pix=32.85 sam=35.55 samrand=34.02
[1980] pix=32.84 sam=35.52 samrand=34.01
[1990] pix=32.82 sam=35.48 samrand=33.95
[2000] pix=32.81 sam=35.48 samrand=33.94
[2010] pix=32.85 sam=35.53 samrand=34.00
[2020] pix=32.87 sam=35.54 samrand=34.02
[2030] pix=33.00 sam=35.73 samrand=34.21
[2040] pix=33.02 sam=35.76 samrand=34.25
[2050] pix=32.96 sam=35.71 samrand=34.18
[2060] pix=32.99 sam=35.75 samrand=34.24
[2070] pix=33.01 sam=35.78 samrand=34.27
[2080] pix=33.07 sam=35.85 samrand=34.34
[2090] pix=33.14 sam=35.91 samrand=34.38
[2100] pix=33.12 sam=35.90 samrand=34.36
[2110] pix=33.10 sam=35.86 samrand=34.31
[2120] pix=33.09 sam=35.86 samrand=34.31
[2130] pix=33.10 sam=35.87 samrand=34.32
[2140] pix=33.08 sam=35.84 samrand=34.29
[2150] pix=33.08 sam=35.84 samrand=34.30
[2160] pix=33.09 sam=35.86 samrand=34.34
[2170] pix=33.16 sam=35.94 samrand=34.45
[2180] pix=33.17 sam=35.96 samrand=34.45
[2190] pix=33.13 sam=35.90 samrand=34.47
[2200] pix=33.09 sam=35.86 samrand=34.39
[2210] pix=33.04 sam=35.80 samrand=34.35
[2220] pix=33.01 sam=35.79 samrand=34.33
[2230] pix=32.97 sam=35.67 samrand=34.24
[2240] pix=32.96 sam=35.66 samrand=34.23
[2250] pix=32.92 sam=35.62 samrand=34.19
[2260] pix=32.90 sam=35.61 samrand=34.18
[2270] pix=32.88 sam=35.60 samrand=34.18
[2280] pix=32.82 sam=35.48 samrand=34.10
[2290] pix=32.81 sam=35.47 samrand=34.09
[2300] pix=32.81 sam=35.46 samrand=34.08
[2310] pix=32.81 sam=35.46 samrand=34.08
[2320] pix=32.80 sam=35.44 samrand=34.07
[2330] pix=32.83 sam=35.50 samrand=34.11
[2340] pix=32.83 sam=35.50 samrand=34.10
[2350] pix=32.88 sam=35.55 samrand=34.16
[2360] pix=32.93 sam=35.60 samrand=34.20
[2370] pix=32.98 sam=35.66 samrand=34.26
[2380] pix=32.98 sam=35.65 samrand=34.26
[2390] pix=32.96 sam=35.63 samrand=34.23
[2400] pix=32.96 sam=35.61 samrand=34.23
[2410] pix=32.95 sam=35.60 samrand=34.22
[2420] pix=32.94 sam=35.59 samrand=34.20
[2430] pix=32.96 sam=35.61 samrand=34.22
[2440] pix=33.06 sam=35.72 samrand=34.33
[2450] pix=33.02 sam=35.67 samrand=34.28
[2460] pix=32.99 sam=35.62 samrand=34.23
[2470] pix=32.95 sam=35.59 samrand=34.20
[2480] pix=32.95 sam=35.58 samrand=34.20
[2490] pix=32.96 sam=35.61 samrand=34.23
[2500] pix=32.97 sam=35.61 samrand=34.23
[2510] pix=32.99 sam=35.64 samrand=34.25
[2520] pix=32.93 sam=35.58 samrand=34.11
[2530] pix=32.97 sam=35.63 samrand=34.16
[2540] pix=32.94 sam=35.59 samrand=34.14
[2550] pix=32.93 sam=35.58 samrand=34.14
[2560] pix=32.92 sam=35.61 samrand=34.19
[2570] pix=32.91 sam=35.59 samrand=34.18
[2580] pix=32.91 sam=35.60 samrand=34.18
[2590] pix=32.90 sam=35.59 samrand=34.18
[2600] pix=32.90 sam=35.59 samrand=34.17
[2610] pix=32.88 sam=35.57 samrand=34.17
[2620] pix=32.86 sam=35.55 samrand=34.14
[2630] pix=32.87 sam=35.56 samrand=34.15
[2640] pix=32.79 sam=35.46 samrand=34.06
[2650] pix=32.75 sam=35.43 samrand=34.02
[2660] pix=32.76 sam=35.42 samrand=34.02
[2670] pix=32.70 sam=35.34 samrand=33.95
[2680] pix=32.69 sam=35.31 samrand=33.92
[2690] pix=32.68 sam=35.32 samrand=33.94
[2700] pix=32.68 sam=35.36 samrand=34.00
[2710] pix=32.69 sam=35.37 samrand=34.01
[2720] pix=32.68 sam=35.36 samrand=33.99
[2730] pix=32.66 sam=35.34 samrand=33.97
[2740] pix=32.65 sam=35.35 samrand=34.00
[2750] pix=32.66 sam=35.36 samrand=34.01
[2760] pix=32.65 sam=35.36 samrand=34.01
[2770] pix=32.66 sam=35.35 samrand=34.01
[2780] pix=32.69 sam=35.36 samrand=34.02
[2790] pix=32.62 sam=35.27 samrand=33.94
[2800] pix=32.59 sam=35.25 samrand=33.92
[2810] pix=32.61 sam=35.27 samrand=33.94
[2820] pix=32.60 sam=35.27 samrand=33.92
[2830] pix=32.62 sam=35.29 samrand=33.95
[2840] pix=32.64 sam=35.30 samrand=33.99
[2850] pix=32.64 sam=35.31 samrand=33.98
[2860] pix=32.64 sam=35.30 samrand=33.98
[2870] pix=32.61 sam=35.27 samrand=33.95
[2880] pix=32.63 sam=35.31 samrand=33.98
[2890] pix=32.62 sam=35.30 samrand=33.97
[2900] pix=32.68 sam=35.37 samrand=34.03
[2910] pix=32.60 sam=35.27 samrand=33.93
[2920] pix=32.63 sam=35.31 samrand=33.97
[2930] pix=32.66 sam=35.34 samrand=34.01
[2940] pix=32.41 sam=35.03 samrand=33.74
[2950] pix=32.40 sam=35.02 samrand=33.74
[2960] pix=32.39 sam=35.01 samrand=33.73
[2970] pix=32.38 sam=34.99 samrand=33.72
[2980] pix=32.38 sam=35.00 samrand=33.73
[2990] pix=32.37 sam=34.99 samrand=33.75
[3000] pix=32.35 sam=34.96 samrand=33.70
[3010] pix=32.43 sam=35.03 samrand=33.74
[3020] pix=32.37 sam=34.95 samrand=33.67
[3030] pix=32.36 sam=34.98 samrand=33.69
[3040] pix=32.38 sam=35.00 samrand=33.71
[3050] pix=32.38 sam=34.99 samrand=33.71
[3060] pix=32.39 sam=35.01 samrand=33.73
[3070] pix=32.39 sam=35.02 samrand=33.73
[3080] pix=32.38 sam=35.01 samrand=33.71
[3090] pix=32.40 sam=35.03 samrand=33.73
[3100] pix=32.38 sam=35.01 samrand=33.72
[3110] pix=32.41 sam=35.06 samrand=33.77
[3120] pix=32.43 sam=35.07 samrand=33.78
[3130] pix=32.41 sam=35.06 samrand=33.76
[3140] pix=32.39 sam=35.05 samrand=33.77
[3150] pix=32.37 sam=35.02 samrand=33.76
[3160] pix=32.39 sam=35.04 samrand=33.77
[3170] pix=32.33 sam=34.98 samrand=33.71
[3180] pix=32.33 sam=34.98 samrand=33.71
[3190] pix=32.33 sam=34.98 samrand=33.72
[3200] pix=32.38 sam=35.03 samrand=33.77
[3210] pix=32.41 sam=35.07 samrand=33.81
[3220] pix=32.37 sam=35.02 samrand=33.76
[3230] pix=32.35 sam=35.04 samrand=33.81
[3240] pix=32.35 sam=35.03 samrand=33.81
[3250] pix=32.32 sam=35.00 samrand=33.77
[3260] pix=32.31 sam=34.99 samrand=33.76
[3270] pix=32.27 sam=34.95 samrand=33.72
[3280] pix=32.23 sam=34.90 samrand=33.68
[3290] pix=32.24 sam=34.93 samrand=33.72
[3300] pix=32.25 sam=34.95 samrand=33.72
[3310] pix=32.24 sam=34.93 samrand=33.70
[3320] pix=32.21 sam=34.89 samrand=33.66
[3330] pix=32.21 sam=34.86 samrand=33.62
[3340] pix=32.20 sam=34.85 samrand=33.62
[3350] pix=32.18 sam=34.82 samrand=33.61
[3360] pix=32.16 sam=34.80 samrand=33.60
[3370] pix=32.13 sam=34.77 samrand=33.56
[3380] pix=32.14 sam=34.77 samrand=33.57
[3390] pix=32.13 sam=34.76 samrand=33.56
[3400] pix=32.12 sam=34.73 samrand=33.53
[3410] pix=32.13 sam=34.74 samrand=33.53
[3420] pix=32.14 sam=34.78 samrand=33.55
[3430] pix=32.18 sam=34.80 samrand=33.60
[3440] pix=32.09 sam=34.71 samrand=33.51
[3450] pix=32.09 sam=34.71 samrand=33.51
[3460] pix=32.09 sam=34.72 samrand=33.53
[3470] pix=32.09 sam=34.71 samrand=33.53
[3480] pix=32.10 sam=34.69 samrand=33.50
[3490] pix=32.10 sam=34.70 samrand=33.50
[3500] pix=32.08 sam=34.69 samrand=33.48
[3510] pix=32.14 sam=34.76 samrand=33.55
[3520] pix=32.13 sam=34.75 samrand=33.55
[3530] pix=32.09 sam=34.73 samrand=33.50
[3540] pix=32.09 sam=34.71 samrand=33.47
[3550] pix=32.02 sam=34.58 samrand=33.40
[3560] pix=32.00 sam=34.57 samrand=33.37
[3570] pix=32.01 sam=34.57 samrand=33.37
[3580] pix=32.01 sam=34.57 samrand=33.35
[3590] pix=32.00 sam=34.56 samrand=33.35
[3600] pix=31.98 sam=34.54 samrand=33.32
[3610] pix=32.01 sam=34.57 samrand=33.37
[3620] pix=31.99 sam=34.55 samrand=33.35
[3630] pix=31.93 sam=34.47 samrand=33.27
[3640] pix=31.93 sam=34.46 samrand=33.26
[3650] pix=31.92 sam=34.44 samrand=33.27
[3660] pix=31.92 sam=34.43 samrand=33.27
[3670] pix=31.93 sam=34.44 samrand=33.27
[3680] pix=31.94 sam=34.46 samrand=33.29
[3690] pix=31.94 sam=34.46 samrand=33.29
[3700] pix=31.94 sam=34.46 samrand=33.29
[3710] pix=31.95 sam=34.47 samrand=33.31
[3720] pix=32.02 sam=34.54 samrand=33.36
[3730] pix=32.01 sam=34.52 samrand=33.35
[3740] pix=32.01 sam=34.53 samrand=33.35
[3750] pix=31.99 sam=34.49 samrand=33.32
[3760] pix=31.99 sam=34.50 samrand=33.31
[3770] pix=32.01 sam=34.52 samrand=33.33
[3780] pix=32.01 sam=34.52 samrand=33.32
[3790] pix=32.01 sam=34.51 samrand=33.31
[3800] pix=32.01 sam=34.51 samrand=33.31
[3810] pix=32.00 sam=34.50 samrand=33.30
[3820] pix=32.01 sam=34.51 samrand=33.30
[3830] pix=32.00 sam=34.49 samrand=33.30
[3840] pix=31.97 sam=34.46 samrand=33.26
[3850] pix=31.97 sam=34.46 samrand=33.26
[3860] pix=31.98 sam=34.47 samrand=33.27
[3870] pix=31.95 sam=34.45 samrand=33.24
[3880] pix=31.98 sam=34.50 samrand=33.29
[3890] pix=32.00 sam=34.51 samrand=33.31
[3900] pix=32.00 sam=34.51 samrand=33.32
[3910] pix=32.00 sam=34.53 samrand=33.33
[3920] pix=32.01 sam=34.54 samrand=33.34
[3930] pix=32.01 sam=34.53 samrand=33.33
[3940] pix=32.02 sam=34.54 samrand=33.33
[3950] pix=32.00 sam=34.53 samrand=33.32
[3960] pix=32.01 sam=34.55 samrand=33.34
[3970] pix=31.95 sam=34.49 samrand=33.28
[3980] pix=31.96 sam=34.49 samrand=33.28
[3990] pix=31.95 sam=34.49 samrand=33.29
[4000] pix=31.97 sam=34.51 samrand=33.32
[4010] pix=31.97 sam=34.51 samrand=33.32
[4020] pix=31.94 sam=34.47 samrand=33.28
[4030] pix=31.95 sam=34.49 samrand=33.29
[4040] pix=31.96 sam=34.49 samrand=33.30
[4050] pix=31.94 sam=34.48 samrand=33.29
[4060] pix=31.93 sam=34.48 samrand=33.28
[4070] pix=31.93 sam=34.48 samrand=33.28
[4080] pix=31.93 sam=34.48 samrand=33.28
[4090] pix=31.92 sam=34.47 samrand=33.27
[4100] pix=31.90 sam=34.44 samrand=33.25
[4110] pix=31.90 sam=34.44 samrand=33.26
[4120] pix=31.92 sam=34.46 samrand=33.27
[4130] pix=31.90 sam=34.45 samrand=33.27
[4140] pix=31.89 sam=34.44 samrand=33.25
[4150] pix=31.88 sam=34.41 samrand=33.22
[4160] pix=31.84 sam=34.36 samrand=33.18
[4170] pix=31.83 sam=34.34 samrand=33.15
[4180] pix=31.82 sam=34.33 samrand=33.14
[4190] pix=31.81 sam=34.33 samrand=33.13
[4200] pix=31.79 sam=34.31 samrand=33.10
[4210] pix=31.78 sam=34.29 samrand=33.09
[4220] pix=31.79 sam=34.30 samrand=33.11
[4230] pix=31.80 sam=34.32 samrand=33.12
[4240] pix=31.81 sam=34.33 samrand=33.12
[4250] pix=31.79 sam=34.30 samrand=33.09
[4260] pix=31.78 sam=34.30 samrand=33.09
[4270] pix=31.78 sam=34.30 samrand=33.11
[4280] pix=31.79 sam=34.31 samrand=33.12
[4290] pix=31.81 sam=34.33 samrand=33.13
[4300] pix=31.82 sam=34.34 samrand=33.14
[4310] pix=31.81 sam=34.33 samrand=33.13
[4320] pix=31.81 sam=34.33 samrand=33.13
[4330] pix=31.79 sam=34.31 samrand=33.11
[4340] pix=31.78 sam=34.30 samrand=33.09
[4350] pix=31.78 sam=34.30 samrand=33.07
[4360] pix=31.79 sam=34.33 samrand=33.10
[4370] pix=31.81 sam=34.35 samrand=33.12
[4380] pix=31.79 sam=34.33 samrand=33.10
[4390] pix=31.77 sam=34.30 samrand=33.09
[4400] pix=31.78 sam=34.32 samrand=33.11
[4410] pix=31.77 sam=34.31 samrand=33.09
[4420] pix=31.77 sam=34.31 samrand=33.09
[4430] pix=31.75 sam=34.28 samrand=33.07
[4440] pix=31.73 sam=34.26 samrand=33.06
[4450] pix=31.72 sam=34.25 samrand=33.07
[4460] pix=31.72 sam=34.25 samrand=33.06
[4470] pix=31.73 sam=34.27 samrand=33.08
[4480] pix=31.73 sam=34.27 samrand=33.08
[4490] pix=31.73 sam=34.27 samrand=33.07
[4500] pix=31.77 sam=34.32 samrand=33.13
[4510] pix=31.79 sam=34.33 samrand=33.18
[4520] pix=31.81 sam=34.36 samrand=33.19
[4530] pix=31.82 sam=34.36 samrand=33.20
[4540] pix=31.83 sam=34.37 samrand=33.20
[4550] pix=31.84 sam=34.37 samrand=33.21
[4560] pix=31.83 sam=34.36 samrand=33.19
[4570] pix=31.80 sam=34.33 samrand=33.15
[4580] pix=31.81 sam=34.35 samrand=33.17
[4590] pix=31.81 sam=34.35 samrand=33.17
[4600] pix=31.85 sam=34.40 samrand=33.22
[4610] pix=31.86 sam=34.41 samrand=33.23
[4620] pix=31.88 sam=34.43 samrand=33.26
[4630] pix=31.88 sam=34.42 samrand=33.27
[4640] pix=31.85 sam=34.38 samrand=33.22
[4650] pix=31.85 sam=34.38 samrand=33.22
[4660] pix=31.82 sam=34.34 samrand=33.18
[4670] pix=31.84 sam=34.36 samrand=33.20
[4680] pix=31.81 sam=34.33 samrand=33.17
[4690] pix=31.80 sam=34.33 samrand=33.17
[4700] pix=31.83 sam=34.36 samrand=33.18
[4710] pix=31.81 sam=34.35 samrand=33.17
[4720] pix=31.90 sam=34.43 samrand=33.26
[4730] pix=31.92 sam=34.46 samrand=33.29
[4740] pix=31.92 sam=34.46 samrand=33.30
[4750] pix=31.94 sam=34.49 samrand=33.32
[4760] pix=31.92 sam=34.46 samrand=33.30
[4770] pix=31.88 sam=34.42 samrand=33.27
[4780] pix=31.87 sam=34.41 samrand=33.25
[4790] pix=31.86 sam=34.40 samrand=33.24
[4800] pix=31.85 sam=34.39 samrand=33.24
[4810] pix=31.89 sam=34.40 samrand=33.30
[4820] pix=31.87 sam=34.37 samrand=33.26
[4830] pix=31.89 sam=34.40 samrand=33.28
[4840] pix=31.90 sam=34.40 samrand=33.29
[4850] pix=31.88 sam=34.38 samrand=33.27
[4860] pix=31.87 sam=34.37 samrand=33.26
[4870] pix=31.88 sam=34.39 samrand=33.27
[4880] pix=31.88 sam=34.38 samrand=33.27
[4890] pix=31.90 sam=34.41 samrand=33.29
[4900] pix=31.89 sam=34.39 samrand=33.27
[4910] pix=31.88 sam=34.39 samrand=33.27
[4920] pix=31.89 sam=34.41 samrand=33.28
[4930] pix=31.89 sam=34.41 samrand=33.29
[4940] pix=31.89 sam=34.41 samrand=33.28
[4950] pix=31.87 sam=34.38 samrand=33.25
[4960] pix=31.88 sam=34.40 samrand=33.27
[4970] pix=31.89 sam=34.41 samrand=33.27
[4980] pix=31.89 sam=34.40 samrand=33.27
[4990] pix=31.89 sam=34.40 samrand=33.26
[5000] pix=31.89 sam=34.39 samrand=33.26
{
 "pix_vabs": 31.89,
 "sam_reg_vabs": 34.39,
 "sam_reg_rand": 33.26
}
+ python probe_d1sam.py --variant sclip --dataset ctx60 --offset 0 --limit 100000 --vabs-vocab perturbed_vocabs/ctx60_plain_vabs64.json --rand-vocab perturbed_vocabs/ctx60_plain_randneg64.json --sam-ckpt /media/dell/DATA/ovss/checkpoints/sam_vit_b_01ec64.pth --out /media/dell/DATA/ovss/runs/full_ctx60_sclip.json
/media/dell/DATA/ovss/miniconda3/envs/ovss/lib/python3.10/site-packages/segment_anything/build_sam.py:105: FutureWarning: You are using `torch.load` with `weights_only=False` (the current default value), which uses the default pickle module implicitly. It is possible to construct malicious pickle data which will execute arbitrary code during unpickling (See https://github.com/pytorch/pytorch/blob/main/SECURITY.md#untrusted-models for more details). In a future release, the default value for `weights_only` will be flipped to `True`. This limits the functions that could be executed during unpickling. Arbitrary objects will no longer be allowed to be loaded via this mode unless they are explicitly allowlisted by the user via `torch.serialization.add_safe_globals`. We recommend you start setting `weights_only=True` for any use case where you don't have full control of the loaded file. Please open an issue on GitHub for any issues related to this experimental feature.
  state_dict = torch.load(f)
Traceback (most recent call last):
  File "/media/dell/DATA/ovss/research_run/ovss/stage4_experiments/vocabaudit/probe_d1sam.py", line 126, in <module>
    main()
  File "/media/dell/DATA/ovss/research_run/ovss/stage4_experiments/vocabaudit/probe_d1sam.py", line 70, in main
    vabs_names = json.load(open(a.vabs_vocab))
FileNotFoundError: [Errno 2] No such file or directory: 'perturbed_vocabs/ctx60_plain_vabs64.json'
+ for M in sclip naclip
+ python probe_d1sam.py --variant naclip --dataset voc21 --offset 0 --limit 100000 --vabs-vocab perturbed_vocabs/voc21_official.json --rand-vocab perturbed_vocabs/voc21_official.json --sam-ckpt /media/dell/DATA/ovss/checkpoints/sam_vit_b_01ec64.pth --out /media/dell/DATA/ovss/runs/full_voc_naclip_official.json
/media/dell/DATA/ovss/miniconda3/envs/ovss/lib/python3.10/site-packages/segment_anything/build_sam.py:105: FutureWarning: You are using `torch.load` with `weights_only=False` (the current default value), which uses the default pickle module implicitly. It is possible to construct malicious pickle data which will execute arbitrary code during unpickling (See https://github.com/pytorch/pytorch/blob/main/SECURITY.md#untrusted-models for more details). In a future release, the default value for `weights_only` will be flipped to `True`. This limits the functions that could be executed during unpickling. Arbitrary objects will no longer be allowed to be loaded via this mode unless they are explicitly allowlisted by the user via `torch.serialization.add_safe_globals`. We recommend you start setting `weights_only=True` for any use case where you don't have full control of the loaded file. Please open an issue on GitHub for any issues related to this experimental feature.
  state_dict = torch.load(f)
Traceback (most recent call last):
  File "/media/dell/DATA/ovss/research_run/ovss/stage4_experiments/vocabaudit/probe_d1sam.py", line 126, in <module>
    main()
  File "/media/dell/DATA/ovss/research_run/ovss/stage4_experiments/vocabaudit/probe_d1sam.py", line 70, in main
    vabs_names = json.load(open(a.vabs_vocab))
FileNotFoundError: [Errno 2] No such file or directory: 'perturbed_vocabs/voc21_official.json'
+ python probe_d1sam.py --variant naclip --dataset cocoobj --offset 0 --limit 100000 --vabs-vocab perturbed_vocabs/cocoobj_plain_vabs.json --rand-vocab perturbed_vocabs/cocoobj_plain_randneg64.json --sam-ckpt /media/dell/DATA/ovss/checkpoints/sam_vit_b_01ec64.pth --out /media/dell/DATA/ovss/runs/full_cocoobj_naclip.json
/media/dell/DATA/ovss/miniconda3/envs/ovss/lib/python3.10/site-packages/segment_anything/build_sam.py:105: FutureWarning: You are using `torch.load` with `weights_only=False` (the current default value), which uses the default pickle module implicitly. It is possible to construct malicious pickle data which will execute arbitrary code during unpickling (See https://github.com/pytorch/pytorch/blob/main/SECURITY.md#untrusted-models for more details). In a future release, the default value for `weights_only` will be flipped to `True`. This limits the functions that could be executed during unpickling. Arbitrary objects will no longer be allowed to be loaded via this mode unless they are explicitly allowlisted by the user via `torch.serialization.add_safe_globals`. We recommend you start setting `weights_only=True` for any use case where you don't have full control of the loaded file. Please open an issue on GitHub for any issues related to this experimental feature.
  state_dict = torch.load(f)
[10] pix=27.51 sam=31.22 samrand=28.06
[20] pix=32.27 sam=38.29 samrand=34.31
[30] pix=29.29 sam=34.66 samrand=31.50
[40] pix=30.37 sam=36.87 samrand=34.32
[50] pix=27.62 sam=33.03 samrand=31.16
[60] pix=30.02 sam=35.45 samrand=33.31
[70] pix=29.40 sam=34.48 samrand=32.60
[80] pix=29.79 sam=35.60 samrand=33.55
[90] pix=30.96 sam=36.44 samrand=34.64
[100] pix=31.72 sam=37.07 samrand=35.33
[110] pix=31.21 sam=36.35 samrand=34.42
[120] pix=30.19 sam=34.89 samrand=33.09
[130] pix=29.75 sam=34.50 samrand=32.38
[140] pix=29.61 sam=34.51 samrand=32.44
[150] pix=31.08 sam=35.68 samrand=33.85
[160] pix=31.68 sam=36.47 samrand=34.78
[170] pix=32.51 sam=37.55 samrand=36.06
[180] pix=32.24 sam=37.07 samrand=35.62
[190] pix=32.34 sam=37.17 samrand=35.71
[200] pix=31.75 sam=36.39 samrand=35.09
[210] pix=31.91 sam=36.51 samrand=35.33
[220] pix=31.99 sam=36.45 samrand=35.28
[230] pix=31.98 sam=36.46 samrand=35.29
[240] pix=32.39 sam=36.99 samrand=35.86
[250] pix=32.44 sam=36.99 samrand=35.78
[260] pix=32.67 sam=37.24 samrand=36.11
[270] pix=32.93 sam=37.57 samrand=36.03
[280] pix=33.16 sam=37.79 samrand=36.20
[290] pix=32.90 sam=37.51 samrand=35.99
[300] pix=32.81 sam=37.29 samrand=35.80
[310] pix=32.68 sam=37.13 samrand=35.63
[320] pix=32.93 sam=37.43 samrand=35.93
[330] pix=32.69 sam=37.15 samrand=35.73
[340] pix=32.62 sam=36.85 samrand=35.74
[350] pix=32.65 sam=36.86 samrand=35.91
[360] pix=32.87 sam=37.03 samrand=36.12
[370] pix=32.76 sam=36.92 samrand=36.01
[380] pix=32.71 sam=36.85 samrand=35.95
[390] pix=32.72 sam=36.77 samrand=35.97
[400] pix=32.71 sam=36.87 samrand=36.12
[410] pix=32.85 sam=37.02 samrand=36.23
[420] pix=33.08 sam=37.25 samrand=36.54
[430] pix=32.99 sam=37.11 samrand=36.35
[440] pix=33.09 sam=37.16 samrand=36.40
[450] pix=33.32 sam=37.43 samrand=36.60
[460] pix=33.15 sam=37.20 samrand=36.30
[470] pix=33.12 sam=37.21 samrand=36.34
[480] pix=33.01 sam=37.07 samrand=36.34
[490] pix=33.17 sam=37.15 samrand=36.64
[500] pix=33.28 sam=37.20 samrand=36.77
[510] pix=33.23 sam=37.13 samrand=36.67
[520] pix=33.19 sam=37.10 samrand=36.67
[530] pix=33.04 sam=36.93 samrand=36.34
[540] pix=33.21 sam=37.15 samrand=36.53
[550] pix=33.16 sam=37.07 samrand=36.49
[560] pix=33.17 sam=37.07 samrand=36.43
[570] pix=33.15 sam=37.07 samrand=36.45
[580] pix=33.08 sam=36.93 samrand=36.30
[590] pix=33.24 sam=37.13 samrand=36.47
[600] pix=33.34 sam=37.24 samrand=36.54
[610] pix=33.74 sam=37.65 samrand=36.93
[620] pix=33.47 sam=37.31 samrand=36.61
[630] pix=33.69 sam=37.48 samrand=36.68
[640] pix=33.67 sam=37.51 samrand=36.61
[650] pix=33.56 sam=37.37 samrand=36.50
[660] pix=33.50 sam=37.45 samrand=36.53
[670] pix=33.45 sam=37.40 samrand=36.40
[680] pix=33.99 sam=38.10 samrand=37.06
[690] pix=33.90 sam=37.98 samrand=36.94
[700] pix=34.04 sam=38.16 samrand=37.11
[710] pix=34.01 sam=38.14 samrand=37.07
[720] pix=33.90 sam=38.07 samrand=37.03
[730] pix=33.96 sam=38.06 samrand=37.03
[740] pix=33.87 sam=37.97 samrand=36.94
[750] pix=33.95 sam=38.06 samrand=37.00
[760] pix=34.05 sam=38.18 samrand=37.13
[770] pix=34.09 sam=38.19 samrand=37.14
[780] pix=34.12 sam=38.25 samrand=37.20
[790] pix=33.90 sam=38.04 samrand=36.96
[800] pix=33.16 sam=37.21 samrand=36.19
[810] pix=33.11 sam=37.19 samrand=36.19
[820] pix=33.28 sam=37.44 samrand=36.37
[830] pix=33.30 sam=37.39 samrand=36.33
[840] pix=33.24 sam=37.28 samrand=36.26
[850] pix=33.32 sam=37.30 samrand=36.33
[860] pix=33.27 sam=37.18 samrand=36.24
[870] pix=33.31 sam=37.21 samrand=36.26
[880] pix=33.32 sam=37.21 samrand=36.27
[890] pix=33.31 sam=37.22 samrand=36.23
[900] pix=33.20 sam=37.13 samrand=36.14
[910] pix=33.06 sam=37.03 samrand=36.04
[920] pix=33.03 sam=36.99 samrand=36.02
[930] pix=33.08 sam=37.06 samrand=36.09
[940] pix=33.08 sam=37.05 samrand=36.09
[950] pix=33.12 sam=37.09 samrand=36.11
[960] pix=33.06 sam=37.00 samrand=36.00
[970] pix=33.01 sam=36.93 samrand=35.96
[980] pix=33.05 sam=36.98 samrand=35.98
[990] pix=33.03 sam=36.97 samrand=35.98
[1000] pix=33.02 sam=36.94 samrand=35.95
[1010] pix=33.07 sam=37.01 samrand=36.04
[1020] pix=33.08 sam=37.03 samrand=36.05
[1030] pix=33.07 sam=37.02 samrand=36.09
[1040] pix=33.11 sam=37.03 samrand=36.09
[1050] pix=33.09 sam=36.98 samrand=36.00
[1060] pix=33.06 sam=36.92 samrand=35.97
[1070] pix=33.02 sam=36.86 samrand=35.91
[1080] pix=33.02 sam=36.94 samrand=35.95
[1090] pix=33.05 sam=36.96 samrand=35.97
[1100] pix=33.12 sam=37.09 samrand=36.12
[1110] pix=33.13 sam=37.12 samrand=36.14
[1120] pix=33.22 sam=37.22 samrand=36.23
[1130] pix=33.19 sam=37.16 samrand=36.17
[1140] pix=33.21 sam=37.18 samrand=36.20
[1150] pix=33.23 sam=37.19 samrand=36.23
[1160] pix=33.18 sam=37.09 samrand=36.15
[1170] pix=33.18 sam=37.12 samrand=36.18
[1180] pix=33.27 sam=37.15 samrand=36.25
[1190] pix=33.16 sam=37.01 samrand=36.06
[1200] pix=33.18 sam=37.00 samrand=36.08
[1210] pix=33.13 sam=36.95 samrand=36.07
[1220] pix=33.24 sam=37.01 samrand=36.11
[1230] pix=33.19 sam=36.99 samrand=36.15
[1240] pix=33.20 sam=36.97 samrand=36.13
[1250] pix=33.18 sam=36.93 samrand=36.07
[1260] pix=33.19 sam=36.96 samrand=36.09
[1270] pix=33.22 sam=36.97 samrand=36.09
[1280] pix=33.18 sam=36.93 samrand=36.03
[1290] pix=33.14 sam=36.90 samrand=35.98
[1300] pix=33.09 sam=36.83 samrand=35.92
[1310] pix=33.10 sam=36.82 samrand=35.90
[1320] pix=33.24 sam=36.94 samrand=36.02
[1330] pix=33.18 sam=36.87 samrand=35.94
[1340] pix=33.16 sam=36.84 samrand=35.93
[1350] pix=33.18 sam=36.88 samrand=35.94
[1360] pix=33.20 sam=36.90 samrand=35.94
[1370] pix=33.76 sam=37.92 samrand=36.50
[1380] pix=33.74 sam=37.90 samrand=36.48
[1390] pix=33.66 sam=37.81 samrand=36.38
[1400] pix=33.64 sam=37.79 samrand=36.36
[1410] pix=33.73 sam=37.87 samrand=36.45
[1420] pix=33.65 sam=37.77 samrand=36.35
[1430] pix=33.58 sam=37.72 samrand=36.27
[1440] pix=33.57 sam=37.71 samrand=36.28
[1450] pix=33.61 sam=37.80 samrand=36.34
[1460] pix=33.56 sam=37.74 samrand=36.28
[1470] pix=33.50 sam=37.69 samrand=36.23
[1480] pix=33.52 sam=37.72 samrand=36.22
[1490] pix=33.56 sam=37.77 samrand=36.28
[1500] pix=33.52 sam=37.73 samrand=36.23
[1510] pix=33.47 sam=37.68 samrand=36.17
[1520] pix=33.42 sam=37.57 samrand=36.14
[1530] pix=33.46 sam=37.63 samrand=36.19
[1540] pix=33.41 sam=37.57 samrand=36.15
[1550] pix=33.00 sam=37.11 samrand=35.70
[1560] pix=33.09 sam=37.17 samrand=35.75
[1570] pix=33.02 sam=37.09 samrand=35.67
[1580] pix=33.04 sam=37.09 samrand=35.66
[1590] pix=32.96 sam=36.99 samrand=35.56
[1600] pix=32.99 sam=36.95 samrand=35.55
[1610] pix=32.97 sam=36.93 samrand=35.52
[1620] pix=33.04 sam=37.07 samrand=35.65
[1630] pix=33.02 sam=37.05 samrand=35.63
[1640] pix=33.12 sam=37.15 samrand=35.75
[1650] pix=33.10 sam=37.12 samrand=35.73
[1660] pix=33.03 sam=37.06 samrand=35.66
[1670] pix=33.06 sam=37.07 samrand=35.67
[1680] pix=33.12 sam=37.15 samrand=35.75
[1690] pix=33.12 sam=37.14 samrand=35.73
[1700] pix=33.13 sam=37.12 samrand=35.75
[1710] pix=33.14 sam=37.09 samrand=35.75
[1720] pix=33.23 sam=37.20 samrand=35.86
[1730] pix=33.23 sam=37.26 samrand=35.90
[1740] pix=33.23 sam=37.28 samrand=35.94
[1750] pix=33.20 sam=37.17 samrand=35.85
[1760] pix=33.18 sam=37.13 samrand=35.82
[1770] pix=33.16 sam=37.12 samrand=35.83
[1780] pix=33.15 sam=37.10 samrand=35.81
[1790] pix=33.16 sam=37.11 samrand=35.80
[1800] pix=33.20 sam=37.15 samrand=35.86
[1810] pix=33.32 sam=37.28 samrand=35.96
[1820] pix=33.28 sam=37.23 samrand=35.97
[1830] pix=33.25 sam=37.21 samrand=35.91
[1840] pix=33.19 sam=37.11 samrand=35.86
[1850] pix=33.19 sam=37.13 samrand=35.88
[1860] pix=33.19 sam=37.13 samrand=35.88
[1870] pix=33.24 sam=37.20 samrand=35.95
[1880] pix=33.23 sam=37.18 samrand=35.93
[1890] pix=33.27 sam=37.24 samrand=35.97
[1900] pix=33.25 sam=37.23 samrand=35.96
[1910] pix=33.27 sam=37.24 samrand=35.97
[1920] pix=33.29 sam=37.26 samrand=36.02
[1930] pix=33.24 sam=37.18 samrand=35.94
[1940] pix=33.24 sam=37.18 samrand=35.97
[1950] pix=33.21 sam=37.13 samrand=35.92
[1960] pix=33.20 sam=37.13 samrand=35.93
[1970] pix=33.04 sam=36.93 samrand=35.70
[1980] pix=33.04 sam=36.92 samrand=35.69
[1990] pix=33.01 sam=36.88 samrand=35.63
[2000] pix=33.00 sam=36.88 samrand=35.63
[2010] pix=33.06 sam=36.95 samrand=35.71
[2020] pix=33.11 sam=36.99 samrand=35.73
[2030] pix=33.22 sam=37.14 samrand=35.87
[2040] pix=33.21 sam=37.17 samrand=35.89
[2050] pix=33.17 sam=37.11 samrand=35.82
[2060] pix=33.20 sam=37.13 samrand=35.87
[2070] pix=33.21 sam=37.15 samrand=35.92
[2080] pix=33.26 sam=37.21 samrand=35.95
[2090] pix=33.32 sam=37.26 samrand=36.01
[2100] pix=33.29 sam=37.22 samrand=35.96
[2110] pix=33.28 sam=37.20 samrand=35.95
[2120] pix=33.28 sam=37.19 samrand=35.95
[2130] pix=33.28 sam=37.20 samrand=35.97
[2140] pix=33.26 sam=37.17 samrand=35.94
[2150] pix=33.26 sam=37.17 samrand=35.94
[2160] pix=33.25 sam=37.16 samrand=35.94
[2170] pix=33.29 sam=37.22 samrand=36.01
[2180] pix=33.31 sam=37.23 samrand=36.03
[2190] pix=33.26 sam=37.21 samrand=36.02
[2200] pix=33.21 sam=37.15 samrand=35.97
[2210] pix=33.17 sam=37.10 samrand=35.92
[2220] pix=33.13 sam=37.07 samrand=35.87
[2230] pix=33.11 sam=37.05 samrand=35.85
[2240] pix=33.10 sam=37.04 samrand=35.84
[2250] pix=33.07 sam=37.01 samrand=35.81
[2260] pix=33.04 sam=37.00 samrand=35.80
[2270] pix=33.03 sam=37.01 samrand=35.83
[2280] pix=32.96 sam=36.88 samrand=35.74
[2290] pix=32.95 sam=36.88 samrand=35.74
[2300] pix=32.99 sam=36.94 samrand=35.79
[2310] pix=32.99 sam=36.94 samrand=35.80
[2320] pix=32.98 sam=36.93 samrand=35.79
[2330] pix=33.00 sam=37.04 samrand=35.89
[2340] pix=32.99 sam=37.03 samrand=35.87
[2350] pix=33.04 sam=37.09 samrand=35.92
[2360] pix=33.04 sam=37.08 samrand=35.92
[2370] pix=33.09 sam=37.13 samrand=35.96
[2380] pix=33.09 sam=37.12 samrand=35.96
[2390] pix=33.06 sam=37.09 samrand=35.93
[2400] pix=33.07 sam=37.08 samrand=35.91
[2410] pix=33.04 sam=37.05 samrand=35.89
[2420] pix=33.02 sam=37.03 samrand=35.87
[2430] pix=33.03 sam=37.03 samrand=35.88
[2440] pix=33.12 sam=37.12 samrand=35.97
[2450] pix=33.07 sam=37.05 samrand=35.91
[2460] pix=33.04 sam=37.02 samrand=35.86
[2470] pix=33.01 sam=36.97 samrand=35.84
[2480] pix=33.01 sam=36.96 samrand=35.84
[2490] pix=33.01 sam=36.99 samrand=35.86
[2500] pix=33.03 sam=37.00 samrand=35.88
[2510] pix=33.05 sam=37.03 samrand=35.89
[2520] pix=33.03 sam=37.04 samrand=35.84
[2530] pix=33.05 sam=37.08 samrand=35.87
[2540] pix=33.03 sam=37.05 samrand=35.86
[2550] pix=33.03 sam=37.04 samrand=35.86
[2560] pix=33.04 sam=37.06 samrand=35.88
[2570] pix=33.03 sam=37.05 samrand=35.88
[2580] pix=33.02 sam=37.03 samrand=35.86
[2590] pix=33.02 sam=37.03 samrand=35.87
[2600] pix=32.98 sam=36.98 samrand=35.82
[2610] pix=32.98 sam=36.97 samrand=35.82
[2620] pix=32.96 sam=36.94 samrand=35.79
[2630] pix=32.98 sam=36.96 samrand=35.81
[2640] pix=32.89 sam=36.84 samrand=35.71
[2650] pix=32.85 sam=36.77 samrand=35.65
[2660] pix=32.85 sam=36.77 samrand=35.64
[2670] pix=32.80 sam=36.70 samrand=35.58
[2680] pix=32.80 sam=36.68 samrand=35.58
[2690] pix=32.79 sam=36.67 samrand=35.57
[2700] pix=32.83 sam=36.72 samrand=35.66
[2710] pix=32.83 sam=36.71 samrand=35.64
[2720] pix=32.81 sam=36.66 samrand=35.65
[2730] pix=32.81 sam=36.66 samrand=35.65
[2740] pix=32.80 sam=36.66 samrand=35.66
[2750] pix=32.81 sam=36.68 samrand=35.68
[2760] pix=32.81 sam=36.70 samrand=35.70
[2770] pix=32.83 sam=36.71 samrand=35.71
[2780] pix=32.89 sam=36.78 samrand=35.74
[2790] pix=32.83 sam=36.72 samrand=35.69
[2800] pix=32.80 sam=36.68 samrand=35.66
[2810] pix=32.81 sam=36.70 samrand=35.68
[2820] pix=32.80 sam=36.69 samrand=35.67
[2830] pix=32.81 sam=36.70 samrand=35.68
[2840] pix=32.81 sam=36.70 samrand=35.69
[2850] pix=32.81 sam=36.68 samrand=35.67
[2860] pix=32.82 sam=36.69 samrand=35.69
[2870] pix=32.80 sam=36.67 samrand=35.71
[2880] pix=32.82 sam=36.72 samrand=35.76
[2890] pix=32.82 sam=36.72 samrand=35.75
[2900] pix=32.84 sam=36.75 samrand=35.81
[2910] pix=32.78 sam=36.67 samrand=35.73
[2920] pix=32.81 sam=36.70 samrand=35.76
[2930] pix=32.83 sam=36.73 samrand=35.80
[2940] pix=32.75 sam=36.61 samrand=35.66
[2950] pix=32.73 sam=36.59 samrand=35.65
[2960] pix=32.72 sam=36.57 samrand=35.64
[2970] pix=32.71 sam=36.56 samrand=35.63
[2980] pix=32.70 sam=36.56 samrand=35.64
[2990] pix=32.68 sam=36.54 samrand=35.64
[3000] pix=32.67 sam=36.51 samrand=35.62
[3010] pix=32.72 sam=36.57 samrand=35.66
[3020] pix=32.68 sam=36.52 samrand=35.61
[3030] pix=32.66 sam=36.55 samrand=35.64
[3040] pix=32.68 sam=36.57 samrand=35.65
[3050] pix=32.68 sam=36.56 samrand=35.64
[3060] pix=32.69 sam=36.57 samrand=35.66
[3070] pix=32.69 sam=36.57 samrand=35.66
[3080] pix=32.67 sam=36.56 samrand=35.64
[3090] pix=32.70 sam=36.58 samrand=35.68
[3100] pix=32.67 sam=36.57 samrand=35.66
[3110] pix=32.69 sam=36.61 samrand=35.71
[3120] pix=32.72 sam=36.64 samrand=35.72
[3130] pix=32.72 sam=36.63 samrand=35.72
[3140] pix=32.70 sam=36.62 samrand=35.72
[3150] pix=32.69 sam=36.59 samrand=35.72
[3160] pix=32.72 sam=36.63 samrand=35.73
[3170] pix=32.68 sam=36.57 samrand=35.68
[3180] pix=32.68 sam=36.58 samrand=35.68
[3190] pix=32.67 sam=36.57 samrand=35.68
[3200] pix=32.72 sam=36.61 samrand=35.72
[3210] pix=32.75 sam=36.65 samrand=35.75
[3220] pix=32.72 sam=36.62 samrand=35.72
[3230] pix=32.71 sam=36.65 samrand=35.76
[3240] pix=32.71 sam=36.65 samrand=35.76
[3250] pix=32.69 sam=36.63 samrand=35.73
[3260] pix=32.68 sam=36.62 samrand=35.71
[3270] pix=32.64 sam=36.58 samrand=35.68
[3280] pix=32.62 sam=36.55 samrand=35.65
[3290] pix=32.64 sam=36.58 samrand=35.68
[3300] pix=32.65 sam=36.58 samrand=35.67
[3310] pix=32.64 sam=36.57 samrand=35.66
[3320] pix=32.63 sam=36.56 samrand=35.65
[3330] pix=32.64 sam=36.58 samrand=35.67
[3340] pix=32.63 sam=36.57 samrand=35.65
[3350] pix=32.63 sam=36.56 samrand=35.64
[3360] pix=32.60 sam=36.53 samrand=35.62
[3370] pix=32.58 sam=36.50 samrand=35.60
[3380] pix=32.59 sam=36.51 samrand=35.61
[3390] pix=32.58 sam=36.50 samrand=35.61
[3400] pix=32.57 sam=36.48 samrand=35.59
[3410] pix=32.57 sam=36.47 samrand=35.57
[3420] pix=32.57 sam=36.47 samrand=35.58
[3430] pix=32.59 sam=36.50 samrand=35.61
[3440] pix=32.54 sam=36.42 samrand=35.53
[3450] pix=32.53 sam=36.40 samrand=35.51
[3460] pix=32.52 sam=36.39 samrand=35.50
[3470] pix=32.52 sam=36.38 samrand=35.50
[3480] pix=32.53 sam=36.38 samrand=35.48
[3490] pix=32.53 sam=36.38 samrand=35.48
[3500] pix=32.52 sam=36.37 samrand=35.47
[3510] pix=32.59 sam=36.45 samrand=35.55
[3520] pix=32.60 sam=36.47 samrand=35.57
[3530] pix=32.55 sam=36.41 samrand=35.51
[3540] pix=32.55 sam=36.41 samrand=35.51
[3550] pix=32.53 sam=36.38 samrand=35.48
[3560] pix=32.51 sam=36.37 samrand=35.46
[3570] pix=32.50 sam=36.35 samrand=35.45
[3580] pix=32.51 sam=36.34 samrand=35.44
[3590] pix=32.49 sam=36.34 samrand=35.44
[3600] pix=32.46 sam=36.31 samrand=35.40
[3610] pix=32.50 sam=36.35 samrand=35.45
[3620] pix=32.49 sam=36.34 samrand=35.44
[3630] pix=32.47 sam=36.31 samrand=35.41
[3640] pix=32.46 sam=36.31 samrand=35.41
[3650] pix=32.44 sam=36.25 samrand=35.40
[3660] pix=32.44 sam=36.25 samrand=35.39
[3670] pix=32.43 sam=36.24 samrand=35.39
[3680] pix=32.44 sam=36.22 samrand=35.38
[3690] pix=32.43 sam=36.23 samrand=35.38
[3700] pix=32.44 sam=36.23 samrand=35.38
[3710] pix=32.45 sam=36.26 samrand=35.40
[3720] pix=32.53 sam=36.35 samrand=35.49
[3730] pix=32.50 sam=36.32 samrand=35.45
[3740] pix=32.51 sam=36.34 samrand=35.47
[3750] pix=32.48 sam=36.31 samrand=35.43
[3760] pix=32.49 sam=36.31 samrand=35.44
[3770] pix=32.49 sam=36.32 samrand=35.45
[3780] pix=32.50 sam=36.33 samrand=35.44
[3790] pix=32.49 sam=36.32 samrand=35.44
[3800] pix=32.50 sam=36.32 samrand=35.44
[3810] pix=32.49 sam=36.31 samrand=35.42
[3820] pix=32.50 sam=36.31 samrand=35.42
[3830] pix=32.49 sam=36.30 samrand=35.43
[3840] pix=32.47 sam=36.26 samrand=35.39
[3850] pix=32.47 sam=36.26 samrand=35.39
[3860] pix=32.48 sam=36.27 samrand=35.39
[3870] pix=32.46 sam=36.25 samrand=35.37
[3880] pix=32.46 sam=36.28 samrand=35.40
[3890] pix=32.49 sam=36.29 samrand=35.42
[3900] pix=32.50 sam=36.30 samrand=35.43
[3910] pix=32.49 sam=36.31 samrand=35.45
[3920] pix=32.51 sam=36.34 samrand=35.47
[3930] pix=32.49 sam=36.32 samrand=35.45
[3940] pix=32.50 sam=36.32 samrand=35.45
[3950] pix=32.47 sam=36.30 samrand=35.44
[3960] pix=32.49 sam=36.31 samrand=35.45
[3970] pix=32.44 sam=36.27 samrand=35.40
[3980] pix=32.45 sam=36.28 samrand=35.40
[3990] pix=32.45 sam=36.28 samrand=35.41
[4000] pix=32.46 sam=36.30 samrand=35.44
[4010] pix=32.47 sam=36.31 samrand=35.43
[4020] pix=32.44 sam=36.28 samrand=35.39
[4030] pix=32.47 sam=36.31 samrand=35.42
[4040] pix=32.47 sam=36.30 samrand=35.41
[4050] pix=32.46 sam=36.30 samrand=35.41
[4060] pix=32.45 sam=36.29 samrand=35.40
[4070] pix=32.45 sam=36.30 samrand=35.40
[4080] pix=32.45 sam=36.30 samrand=35.40
[4090] pix=32.44 sam=36.29 samrand=35.39
[4100] pix=32.42 sam=36.27 samrand=35.38
[4110] pix=32.42 sam=36.26 samrand=35.38
[4120] pix=32.43 sam=36.26 samrand=35.38
[4130] pix=32.42 sam=36.27 samrand=35.39
[4140] pix=32.42 sam=36.26 samrand=35.38
[4150] pix=32.40 sam=36.24 samrand=35.38
[4160] pix=32.39 sam=36.23 samrand=35.36
[4170] pix=32.38 sam=36.21 samrand=35.34
[4180] pix=32.36 sam=36.20 samrand=35.32
[4190] pix=32.35 sam=36.19 samrand=35.30
[4200] pix=32.34 sam=36.17 samrand=35.28
[4210] pix=32.31 sam=36.12 samrand=35.25
[4220] pix=32.32 sam=36.13 samrand=35.25
[4230] pix=32.32 sam=36.13 samrand=35.27
[4240] pix=32.33 sam=36.14 samrand=35.26
[4250] pix=32.31 sam=36.12 samrand=35.24
[4260] pix=32.30 sam=36.12 samrand=35.24
[4270] pix=32.29 sam=36.11 samrand=35.24
[4280] pix=32.30 sam=36.12 samrand=35.25
[4290] pix=32.31 sam=36.12 samrand=35.25
[4300] pix=32.32 sam=36.13 samrand=35.26
[4310] pix=32.31 sam=36.12 samrand=35.24
[4320] pix=32.30 sam=36.13 samrand=35.26
[4330] pix=32.28 sam=36.11 samrand=35.24
[4340] pix=32.26 sam=36.08 samrand=35.21
[4350] pix=32.26 sam=36.08 samrand=35.21
[4360] pix=32.27 sam=36.11 samrand=35.24
[4370] pix=32.29 sam=36.13 samrand=35.26
[4380] pix=32.27 sam=36.11 samrand=35.24
[4390] pix=32.26 sam=36.10 samrand=35.23
[4400] pix=32.27 sam=36.11 samrand=35.24
[4410] pix=32.26 sam=36.11 samrand=35.24
[4420] pix=32.28 sam=36.13 samrand=35.26
[4430] pix=32.27 sam=36.11 samrand=35.25
[4440] pix=32.25 sam=36.10 samrand=35.23
[4450] pix=32.24 sam=36.08 samrand=35.22
[4460] pix=32.23 sam=36.07 samrand=35.22
[4470] pix=32.22 sam=36.10 samrand=35.23
[4480] pix=32.23 sam=36.08 samrand=35.23
[4490] pix=32.25 sam=36.10 samrand=35.24
[4500] pix=32.28 sam=36.14 samrand=35.27
[4510] pix=32.29 sam=36.13 samrand=35.29
[4520] pix=32.31 sam=36.16 samrand=35.33
[4530] pix=32.31 sam=36.15 samrand=35.32
[4540] pix=32.32 sam=36.17 samrand=35.34
[4550] pix=32.33 sam=36.18 samrand=35.35
[4560] pix=32.31 sam=36.15 samrand=35.33
[4570] pix=32.31 sam=36.14 samrand=35.31
[4580] pix=32.31 sam=36.17 samrand=35.35
[4590] pix=32.31 sam=36.18 samrand=35.36
[4600] pix=32.35 sam=36.22 samrand=35.41
[4610] pix=32.35 sam=36.22 samrand=35.41
[4620] pix=32.35 sam=36.22 samrand=35.41
[4630] pix=32.36 sam=36.23 samrand=35.43
[4640] pix=32.34 sam=36.20 samrand=35.39
[4650] pix=32.33 sam=36.19 samrand=35.39
[4660] pix=32.30 sam=36.16 samrand=35.35
[4670] pix=32.33 sam=36.19 samrand=35.39
[4680] pix=32.31 sam=36.17 samrand=35.37
[4690] pix=32.31 sam=36.16 samrand=35.37
[4700] pix=32.30 sam=36.18 samrand=35.38
[4710] pix=32.30 sam=36.17 samrand=35.38
[4720] pix=32.39 sam=36.27 samrand=35.48
[4730] pix=32.41 sam=36.29 samrand=35.51
[4740] pix=32.41 sam=36.29 samrand=35.51
[4750] pix=32.43 sam=36.31 samrand=35.54
[4760] pix=32.41 sam=36.30 samrand=35.52
[4770] pix=32.38 sam=36.26 samrand=35.48
[4780] pix=32.37 sam=36.25 samrand=35.47
[4790] pix=32.37 sam=36.24 samrand=35.46
[4800] pix=32.36 sam=36.24 samrand=35.47
[4810] pix=32.40 sam=36.30 samrand=35.53
[4820] pix=32.39 sam=36.27 samrand=35.49
[4830] pix=32.41 sam=36.29 samrand=35.50
[4840] pix=32.41 sam=36.28 samrand=35.50
[4850] pix=32.40 sam=36.27 samrand=35.49
[4860] pix=32.40 sam=36.26 samrand=35.48
[4870] pix=32.40 sam=36.27 samrand=35.49
[4880] pix=32.40 sam=36.26 samrand=35.49
[4890] pix=32.44 sam=36.30 samrand=35.52
[4900] pix=32.44 sam=36.30 samrand=35.53
[4910] pix=32.43 sam=36.29 samrand=35.52
[4920] pix=32.44 sam=36.30 samrand=35.54
[4930] pix=32.44 sam=36.30 samrand=35.54
[4940] pix=32.44 sam=36.30 samrand=35.53
[4950] pix=32.43 sam=36.29 samrand=35.52
[4960] pix=32.43 sam=36.30 samrand=35.52
[4970] pix=32.44 sam=36.30 samrand=35.52
[4980] pix=32.46 sam=36.32 samrand=35.55
[4990] pix=32.46 sam=36.32 samrand=35.54
[5000] pix=32.45 sam=36.31 samrand=35.53
{
 "pix_vabs": 32.45,
 "sam_reg_vabs": 36.31,
 "sam_reg_rand": 35.53
}
+ python probe_d1sam.py --variant naclip --dataset ctx60 --offset 0 --limit 100000 --vabs-vocab perturbed_vocabs/ctx60_plain_vabs64.json --rand-vocab perturbed_vocabs/ctx60_plain_randneg64.json --sam-ckpt /media/dell/DATA/ovss/checkpoints/sam_vit_b_01ec64.pth --out /media/dell/DATA/ovss/runs/full_ctx60_naclip.json
/media/dell/DATA/ovss/miniconda3/envs/ovss/lib/python3.10/site-packages/segment_anything/build_sam.py:105: FutureWarning: You are using `torch.load` with `weights_only=False` (the current default value), which uses the default pickle module implicitly. It is possible to construct malicious pickle data which will execute arbitrary code during unpickling (See https://github.com/pytorch/pytorch/blob/main/SECURITY.md#untrusted-models for more details). In a future release, the default value for `weights_only` will be flipped to `True`. This limits the functions that could be executed during unpickling. Arbitrary objects will no longer be allowed to be loaded via this mode unless they are explicitly allowlisted by the user via `torch.serialization.add_safe_globals`. We recommend you start setting `weights_only=True` for any use case where you don't have full control of the loaded file. Please open an issue on GitHub for any issues related to this experimental feature.
  state_dict = torch.load(f)
Traceback (most recent call last):
  File "/media/dell/DATA/ovss/research_run/ovss/stage4_experiments/vocabaudit/probe_d1sam.py", line 126, in <module>
    main()
  File "/media/dell/DATA/ovss/research_run/ovss/stage4_experiments/vocabaudit/probe_d1sam.py", line 70, in main
    vabs_names = json.load(open(a.vabs_vocab))
FileNotFoundError: [Errno 2] No such file or directory: 'perturbed_vocabs/ctx60_plain_vabs64.json'
+ echo FULL_DONE
FULL_DONE
