[vanilla 25] all=30.74
[vanilla 50] all=26.99
[vanilla 75] all=30.54
[vanilla 100] all=30.34
[vanilla greedy] +h3 -> 18.18
[vanilla greedy] +h9 -> 26.63
[vanilla greedy] +h11 -> 33.05
[vanilla greedy] +h8 -> 37.78
[vanilla greedy] +h6 -> 38.01
[vanilla greedy] +h4 -> 38.19
[vanilla greedy] +h2 -> 38.77
[vanilla greedy] +h5 -> 39.48
{
 "spread": 13.55,
 "all_heads_miou": 30.34,
 "margin_scores": [
  0.008497815441805869,
  0.0069145002181176096,
  0.008300057454034686,
  0.008679768582805992,
  0.004973155743500684,
  0.008475879980251193,
  0.008142695715650915,
  0.007004889665404334,
  0.00690871768980287,
  0.012128511373884977,
  0.007502383999526501,
  0.012549202581867576
 ],
 "oracle_subset": [
  3,
  9,
  11,
  8,
  6,
  4,
  2,
  5
 ],
 "oracle_miou": 33.13,
 "labelfree_subset": [
  11,
  9,
  3,
  0,
  5,
  2,
  6,
  10,
  7,
  1,
  8,
  4
 ],
 "labelfree_miou": 30.34
}
[qq 25] all=54.08
[qq 50] all=50.11
[qq 75] all=52.83
[qq 100] all=51.76
[qq greedy] +h3 -> 26.59
[qq greedy] +h9 -> 41.53
[qq greedy] +h11 -> 52.26
[qq greedy] +h8 -> 54.49
[qq greedy] +h5 -> 55.33
[qq greedy] +h2 -> 55.51
[qq greedy] +h0 -> 55.67
[qq greedy] +h1 -> 55.80
{
 "spread": 21.6,
 "all_heads_miou": 51.76,
 "margin_scores": [
  0.007905245448928327,
  0.006634823600761592,
  0.007447086104657501,
  0.009823480166960507,
  0.004753357031731866,
  0.008455033446662128,
  0.008084359928034246,
  0.006950670826481656,
  0.006097653317265212,
  0.017829617538955064,
  0.0070595624949783085,
  0.011699766491074116
 ],
 "oracle_subset": [
  3,
  9,
  11,
  8,
  5,
  2,
  0,
  1
 ],
 "oracle_miou": 52.23,
 "labelfree_subset": [
  9,
  11,
  3
 ],
 "labelfree_miou": 49.66
}
[kk 25] all=54.29
[kk 50] all=51.59
[kk 75] all=54.41
[kk 100] all=53.23
[kk greedy] +h3 -> 29.57
[kk greedy] +h9 -> 41.79
[kk greedy] +h11 -> 52.33
[kk greedy] +h8 -> 53.67
[kk greedy] +h1 -> 54.32
[kk greedy] +h0 -> 54.85
{
 "spread": 21.38,
 "all_heads_miou": 53.23,
 "margin_scores": [
  0.007843824755400419,
  0.006217295925598592,
  0.0074274411727674305,
  0.009793735113926233,
  0.004582739078905433,
  0.008292165491729975,
  0.008158372561447323,
  0.00683844250976108,
  0.006012921135406941,
  0.019856072855181994,
  0.0072390635008923706,
  0.010143347333651036
 ],
 "oracle_subset": [
  3,
  9,
  11,
  8,
  1,
  0
 ],
 "oracle_miou": 53.85,
 "labelfree_subset": [
  9,
  11,
  3
 ],
 "labelfree_miou": 51.89
}
[ident 25] all=44.40
[ident 50] all=42.85
[ident 75] all=43.89
[ident 100] all=42.81
[ident greedy] +h3 -> 23.86
[ident greedy] +h11 -> 31.95
[ident greedy] +h9 -> 41.81
[ident greedy] +h8 -> 43.56
[ident greedy] +h1 -> 44.45
[ident greedy] +h5 -> 45.11
[ident greedy] +h6 -> 45.31
[ident greedy] +h2 -> 45.45
{
 "spread": 19.28,
 "all_heads_miou": 42.81,
 "margin_scores": [
  0.005817799833603203,
  0.007218111688271165,
  0.006018872787244618,
  0.012729794005863368,
  0.004882383185904473,
  0.005964061813428998,
  0.00530868602450937,
  0.005998807696159929,
  0.006821262910962105,
  0.02208187847863883,
  0.006281682609114796,
  0.014168361709453165
 ],
 "oracle_subset": [
  3,
  11,
  9,
  8,
  1,
  5,
  6,
  2
 ],
 "oracle_miou": 43.42,
 "labelfree_subset": [
  9,
  11,
  3,
  1
 ],
 "labelfree_miou": 40.23
}
consistency: {'vanilla_vs_qq': 0.9218541316457997, 'vanilla_vs_kk': 0.9396505434536336, 'vanilla_vs_ident': 0.9574469552614677}
