/media/dell/DATA/ovss/miniconda3/envs/ovss/lib/python3.10/site-packages/transformers/models/owlv2/processing_owlv2.py:213: FutureWarning: `post_process_object_detection` method is deprecated for OwlVitProcessor and will be removed in v5. Use `post_process_grounded_object_detection` instead.
  warnings.warn(
loading annotations into memory...
Done (t=0.36s)
creating index...
index created!
0 45
100 2260
200 4334
300 7078
400 9340
500 12335
600 14917
700 17085
800 20193
900 22424
Loading and preparing results...
DONE (t=0.12s)
creating index...
index created!
Running per image evaluation...
Evaluate annotation type *bbox*
DONE (t=1.92s).
Accumulating evaluation results...
DONE (t=0.45s).
 Average Precision  (AP) @[ IoU=0.50:0.95 | area=   all | maxDets=100 ] = 0.472
 Average Precision  (AP) @[ IoU=0.50      | area=   all | maxDets=100 ] = 0.667
 Average Precision  (AP) @[ IoU=0.75      | area=   all | maxDets=100 ] = 0.508
 Average Precision  (AP) @[ IoU=0.50:0.95 | area= small | maxDets=100 ] = 0.335
 Average Precision  (AP) @[ IoU=0.50:0.95 | area=medium | maxDets=100 ] = 0.504
 Average Precision  (AP) @[ IoU=0.50:0.95 | area= large | maxDets=100 ] = 0.595
 Average Recall     (AR) @[ IoU=0.50:0.95 | area=   all | maxDets=  1 ] = 0.360
 Average Recall     (AR) @[ IoU=0.50:0.95 | area=   all | maxDets= 10 ] = 0.578
 Average Recall     (AR) @[ IoU=0.50:0.95 | area=   all | maxDets=100 ] = 0.608
 Average Recall     (AR) @[ IoU=0.50:0.95 | area= small | maxDets=100 ] = 0.456
 Average Recall     (AR) @[ IoU=0.50:0.95 | area=medium | maxDets=100 ] = 0.631
 Average Recall     (AR) @[ IoU=0.50:0.95 | area= large | maxDets=100 ] = 0.731
DONE /media/dell/DATA/ovss/runs/p3e1_owl_dis_near200.json 0.4716349347560349
