/media/dell/DATA/ovss/miniconda3/envs/ovss/lib/python3.10/site-packages/transformers/models/owlv2/processing_owlv2.py:213: FutureWarning: `post_process_object_detection` method is deprecated for OwlVitProcessor and will be removed in v5. Use `post_process_grounded_object_detection` instead.
  warnings.warn(
loading annotations into memory...
Done (t=0.36s)
creating index...
index created!
0 53
100 2611
200 5030
300 8217
400 10903
500 14246
600 17229
700 19732
800 23274
900 25806
Loading and preparing results...
DONE (t=0.11s)
creating index...
index created!
Running per image evaluation...
Evaluate annotation type *bbox*
DONE (t=2.07s).
Accumulating evaluation results...
DONE (t=0.47s).
 Average Precision  (AP) @[ IoU=0.50:0.95 | area=   all | maxDets=100 ] = 0.484
 Average Precision  (AP) @[ IoU=0.50      | area=   all | maxDets=100 ] = 0.685
 Average Precision  (AP) @[ IoU=0.75      | area=   all | maxDets=100 ] = 0.523
 Average Precision  (AP) @[ IoU=0.50:0.95 | area= small | maxDets=100 ] = 0.343
 Average Precision  (AP) @[ IoU=0.50:0.95 | area=medium | maxDets=100 ] = 0.519
 Average Precision  (AP) @[ IoU=0.50:0.95 | area= large | maxDets=100 ] = 0.616
 Average Recall     (AR) @[ IoU=0.50:0.95 | area=   all | maxDets=  1 ] = 0.374
 Average Recall     (AR) @[ IoU=0.50:0.95 | area=   all | maxDets= 10 ] = 0.611
 Average Recall     (AR) @[ IoU=0.50:0.95 | area=   all | maxDets=100 ] = 0.644
 Average Recall     (AR) @[ IoU=0.50:0.95 | area= small | maxDets=100 ] = 0.474
 Average Recall     (AR) @[ IoU=0.50:0.95 | area=medium | maxDets=100 ] = 0.678
 Average Recall     (AR) @[ IoU=0.50:0.95 | area= large | maxDets=100 ] = 0.773
DONE /media/dell/DATA/ovss/runs/p3e1_owl_plain.json 0.48439879765193444
