done kc_pc459_sclip_none: "miou": 0.12776979423743207
skip kc_pc459_sclip_zca
skip kc_pc459_sclip_center
done kc_pc459_sclip_global: "miou": 0.11878726967522135
done kc_pc459_clearclip_none: "miou": 0.1528433358771573
done kc_pc459_clearclip_zca: "miou": 0.13241486181688963
done kc_pc459_clearclip_center: "miou": 0.1515563991609384
done kc_pc459_clearclip_global: "miou": 0.1371333405404436
done kc_pc459_maskclip_none: "miou": 0.0961879524658979
done kc_pc459_maskclip_zca: "miou": 0.08212301929251845
done kc_pc459_maskclip_center: "miou": 0.09272901984117164
done kc_pc459_maskclip_global: "miou": 0.0837215895817399
KC-DONE
done voc21_sclip_plain: "miou": 0.3475251117664245
done voc21_sclip_plain_zca: "miou": 0.3624021859367382
done voc21_sclip_plain_center: "miou": 0.35743986900156277
done voc21_sclip_syn25_s0: "miou": 0.3325686379756265
done voc21_sclip_syn25_s0_zca: "miou": 0.3402430485670509
done voc21_sclip_syn50_s0: "miou": 0.2764069707753323
done voc21_sclip_syn50_s0_zca: "miou": 0.2821252993802369
done voc21_sclip_syn100_s0: "miou": 0.28405348249792456
done voc21_sclip_syn100_s0_zca: "miou": 0.2809110452560019
done voc21_sclip_syn50_s1: "miou": 0.33244176315353346
done voc21_sclip_syn50_s1_zca: "miou": 0.32409660125171724
done voc21_sclip_syn50_s2: "miou": 0.29079972102958135
done voc21_sclip_syn50_s2_zca: "miou": 0.27778359053004026
done voc21_sclip_dis_near50: "miou": 0.4157589313495489
done voc21_sclip_dis_near50_zca: "miou": 0.4319327538785359
done voc21_sclip_dis_near200: "miou": 0.45425626653630763
done voc21_sclip_dis_near200_zca: "miou": 0.4291605055922958
done voc21_sclip_dis_mid50: "miou": 0.4037968439260225
done voc21_sclip_dis_mid50_zca: "miou": 0.4004112888008199
done voc21_clearclip_plain: "miou": 0.34890906603578126
done voc21_clearclip_plain_zca: "miou": 0.36034318753647276
done voc21_clearclip_plain_center: "miou": 0.35335073717863197
done voc21_clearclip_syn25_s0: "miou": 0.3298277490035259
done voc21_clearclip_syn25_s0_zca: "miou": 0.33823583074865277
done voc21_clearclip_syn50_s0: "miou": 0.2837409557875721
done voc21_clearclip_syn50_s0_zca: "miou": 0.2883095792875159
done voc21_clearclip_syn100_s0: "miou": 0.2793540821378428
done voc21_clearclip_syn100_s0_zca: "miou": 0.27105302056673963
done voc21_clearclip_syn50_s1: "miou": 0.3274967439060837
done voc21_clearclip_syn50_s1_zca: "miou": 0.31384133162373723
done voc21_clearclip_syn50_s2: "miou": 0.27655828403035326
done voc21_clearclip_syn50_s2_zca: "miou": 0.2582905245253797
done voc21_clearclip_dis_near50: "miou": 0.3819369686512493
done voc21_clearclip_dis_near50_zca: "miou": 0.39567882579929997
done voc21_clearclip_dis_near200: "miou": 0.41409436417446344
done voc21_clearclip_dis_near200_zca: "miou": 0.38039388721353484
done voc21_clearclip_dis_mid50: "miou": 0.37661984560380496
done voc21_clearclip_dis_mid50_zca: "miou": 0.37803885987655994
done voc21_maskclip_plain: "miou": 0.3176394750773166
done voc21_maskclip_plain_zca: "miou": 0.3258796299413539
done voc21_maskclip_plain_center: "miou": 0.32848754228910526
done voc21_maskclip_syn25_s0: "miou": 0.2912593401391404
done voc21_maskclip_syn25_s0_zca: "miou": 0.29156645505599943
done voc21_maskclip_syn50_s0: "miou": 0.2536724246722243
done voc21_maskclip_syn50_s0_zca: "miou": 0.25544241856439076
done voc21_maskclip_syn100_s0: "miou": 0.24634707211251636
done voc21_maskclip_syn100_s0_zca: "miou": 0.24109532377215345
done voc21_maskclip_syn50_s1: "miou": 0.2887302290847039
done voc21_maskclip_syn50_s1_zca: "miou": 0.27745328934946034
done voc21_maskclip_syn50_s2: "miou": 0.260325811740803
done voc21_maskclip_syn50_s2_zca: "miou": 0.24742488677554603
done voc21_maskclip_dis_near50: "miou": 0.36629235461047266
done voc21_maskclip_dis_near50_zca: "miou": 0.3575765629463593
done voc21_maskclip_dis_near200: "miou": 0.3775866998562585
done voc21_maskclip_dis_near200_zca: "miou": 0.35435593879844385
done voc21_maskclip_dis_mid50: "miou": 0.35346253512694653
done voc21_maskclip_dis_mid50_zca: "miou": 0.34530335993475414
ALL-DONE
