/media/dell/DATA/ovss/miniconda3/envs/ovss/lib/python3.10/site-packages/mmengine/optim/optimizer/zero_optimizer.py:11: DeprecationWarning: `TorchScript` support for functional optimizers is deprecated and will be removed in a future PyTorch release. Consider using the `torch.compile` optimizer instead.
  from torch.distributed.optim import \
Traceback (most recent call last):
  File "/media/dell/DATA/ovss/research_run/ovss/stage4_experiments/vocabaudit/probe_crossfam_mmgdino.py", line 10, in <module>
    from mmdet.apis import DetInferencer
  File "/media/dell/DATA/ovss/miniconda3/envs/ovss/lib/python3.10/site-packages/mmdet/apis/__init__.py", line 2, in <module>
    from .det_inferencer import DetInferencer
  File "/media/dell/DATA/ovss/miniconda3/envs/ovss/lib/python3.10/site-packages/mmdet/apis/det_inferencer.py", line 22, in <module>
    from mmdet.evaluation import INSTANCE_OFFSET
  File "/media/dell/DATA/ovss/miniconda3/envs/ovss/lib/python3.10/site-packages/mmdet/evaluation/__init__.py", line 2, in <module>
    from .evaluator import *  # noqa: F401,F403
  File "/media/dell/DATA/ovss/miniconda3/envs/ovss/lib/python3.10/site-packages/mmdet/evaluation/evaluator/__init__.py", line 2, in <module>
    from .multi_datasets_evaluator import MultiDatasetsEvaluator
  File "/media/dell/DATA/ovss/miniconda3/envs/ovss/lib/python3.10/site-packages/mmdet/evaluation/evaluator/multi_datasets_evaluator.py", line 12, in <module>
    from mmdet.utils import ConfigType
  File "/media/dell/DATA/ovss/miniconda3/envs/ovss/lib/python3.10/site-packages/mmdet/utils/__init__.py", line 10, in <module>
    from .mot_error_visualize import imshow_mot_errors
  File "/media/dell/DATA/ovss/miniconda3/envs/ovss/lib/python3.10/site-packages/mmdet/utils/mot_error_visualize.py", line 10, in <module>
    import matplotlib.pyplot as plt
  File "/media/dell/DATA/ovss/miniconda3/envs/ovss/lib/python3.10/site-packages/matplotlib/pyplot.py", line 69, in <module>
    from matplotlib.figure import Figure, FigureBase, figaspect
  File "/media/dell/DATA/ovss/miniconda3/envs/ovss/lib/python3.10/site-packages/matplotlib/figure.py", line 40, in <module>
    from matplotlib import _blocking_input, backend_bases, _docstring, projections
  File "/media/dell/DATA/ovss/miniconda3/envs/ovss/lib/python3.10/site-packages/matplotlib/projections/__init__.py", line 55, in <module>
    from .. import axes, _docstring
  File "/media/dell/DATA/ovss/miniconda3/envs/ovss/lib/python3.10/site-packages/matplotlib/axes/__init__.py", line 2, in <module>
    from ._axes import Axes
  File "/media/dell/DATA/ovss/miniconda3/envs/ovss/lib/python3.10/site-packages/matplotlib/axes/_axes.py", line 11, in <module>
    import matplotlib.category  # Register category unit converter as side effect.
  File "/media/dell/DATA/ovss/miniconda3/envs/ovss/lib/python3.10/site-packages/matplotlib/category.py", line 14, in <module>
    import dateutil.parser
  File "/media/dell/DATA/ovss/miniconda3/envs/ovss/lib/python3.10/site-packages/dateutil/parser/__init__.py", line 2, in <module>
    from ._parser import parse, parser, parserinfo, ParserError
  File "/media/dell/DATA/ovss/miniconda3/envs/ovss/lib/python3.10/site-packages/dateutil/parser/_parser.py", line 42, in <module>
    import six
ModuleNotFoundError: No module named 'six'
/media/dell/DATA/ovss/miniconda3/envs/ovss/lib/python3.10/site-packages/mmengine/optim/optimizer/zero_optimizer.py:11: DeprecationWarning: `TorchScript` support for functional optimizers is deprecated and will be removed in a future PyTorch release. Consider using the `torch.compile` optimizer instead.
  from torch.distributed.optim import \
Traceback (most recent call last):
  File "/media/dell/DATA/ovss/research_run/ovss/stage4_experiments/vocabaudit/probe_crossfam_mmgdino.py", line 10, in <module>
    from mmdet.apis import DetInferencer
  File "/media/dell/DATA/ovss/miniconda3/envs/ovss/lib/python3.10/site-packages/mmdet/apis/__init__.py", line 2, in <module>
    from .det_inferencer import DetInferencer
  File "/media/dell/DATA/ovss/miniconda3/envs/ovss/lib/python3.10/site-packages/mmdet/apis/det_inferencer.py", line 22, in <module>
    from mmdet.evaluation import INSTANCE_OFFSET
  File "/media/dell/DATA/ovss/miniconda3/envs/ovss/lib/python3.10/site-packages/mmdet/evaluation/__init__.py", line 2, in <module>
    from .evaluator import *  # noqa: F401,F403
  File "/media/dell/DATA/ovss/miniconda3/envs/ovss/lib/python3.10/site-packages/mmdet/evaluation/evaluator/__init__.py", line 2, in <module>
    from .multi_datasets_evaluator import MultiDatasetsEvaluator
  File "/media/dell/DATA/ovss/miniconda3/envs/ovss/lib/python3.10/site-packages/mmdet/evaluation/evaluator/multi_datasets_evaluator.py", line 12, in <module>
    from mmdet.utils import ConfigType
  File "/media/dell/DATA/ovss/miniconda3/envs/ovss/lib/python3.10/site-packages/mmdet/utils/__init__.py", line 10, in <module>
    from .mot_error_visualize import imshow_mot_errors
  File "/media/dell/DATA/ovss/miniconda3/envs/ovss/lib/python3.10/site-packages/mmdet/utils/mot_error_visualize.py", line 10, in <module>
    import matplotlib.pyplot as plt
  File "/media/dell/DATA/ovss/miniconda3/envs/ovss/lib/python3.10/site-packages/matplotlib/pyplot.py", line 69, in <module>
    from matplotlib.figure import Figure, FigureBase, figaspect
  File "/media/dell/DATA/ovss/miniconda3/envs/ovss/lib/python3.10/site-packages/matplotlib/figure.py", line 40, in <module>
    from matplotlib import _blocking_input, backend_bases, _docstring, projections
  File "/media/dell/DATA/ovss/miniconda3/envs/ovss/lib/python3.10/site-packages/matplotlib/projections/__init__.py", line 55, in <module>
    from .. import axes, _docstring
  File "/media/dell/DATA/ovss/miniconda3/envs/ovss/lib/python3.10/site-packages/matplotlib/axes/__init__.py", line 2, in <module>
    from ._axes import Axes
  File "/media/dell/DATA/ovss/miniconda3/envs/ovss/lib/python3.10/site-packages/matplotlib/axes/_axes.py", line 11, in <module>
    import matplotlib.category  # Register category unit converter as side effect.
  File "/media/dell/DATA/ovss/miniconda3/envs/ovss/lib/python3.10/site-packages/matplotlib/category.py", line 14, in <module>
    import dateutil.parser
  File "/media/dell/DATA/ovss/miniconda3/envs/ovss/lib/python3.10/site-packages/dateutil/parser/__init__.py", line 2, in <module>
    from ._parser import parse, parser, parserinfo, ParserError
  File "/media/dell/DATA/ovss/miniconda3/envs/ovss/lib/python3.10/site-packages/dateutil/parser/_parser.py", line 42, in <module>
    import six
ModuleNotFoundError: No module named 'six'
/media/dell/DATA/ovss/miniconda3/envs/ovss/lib/python3.10/site-packages/mmengine/optim/optimizer/zero_optimizer.py:11: DeprecationWarning: `TorchScript` support for functional optimizers is deprecated and will be removed in a future PyTorch release. Consider using the `torch.compile` optimizer instead.
  from torch.distributed.optim import \
Traceback (most recent call last):
  File "/media/dell/DATA/ovss/research_run/ovss/stage4_experiments/vocabaudit/probe_crossfam_mmgdino.py", line 10, in <module>
    from mmdet.apis import DetInferencer
  File "/media/dell/DATA/ovss/miniconda3/envs/ovss/lib/python3.10/site-packages/mmdet/apis/__init__.py", line 2, in <module>
    from .det_inferencer import DetInferencer
  File "/media/dell/DATA/ovss/miniconda3/envs/ovss/lib/python3.10/site-packages/mmdet/apis/det_inferencer.py", line 22, in <module>
    from mmdet.evaluation import INSTANCE_OFFSET
  File "/media/dell/DATA/ovss/miniconda3/envs/ovss/lib/python3.10/site-packages/mmdet/evaluation/__init__.py", line 2, in <module>
    from .evaluator import *  # noqa: F401,F403
  File "/media/dell/DATA/ovss/miniconda3/envs/ovss/lib/python3.10/site-packages/mmdet/evaluation/evaluator/__init__.py", line 2, in <module>
    from .multi_datasets_evaluator import MultiDatasetsEvaluator
  File "/media/dell/DATA/ovss/miniconda3/envs/ovss/lib/python3.10/site-packages/mmdet/evaluation/evaluator/multi_datasets_evaluator.py", line 12, in <module>
    from mmdet.utils import ConfigType
  File "/media/dell/DATA/ovss/miniconda3/envs/ovss/lib/python3.10/site-packages/mmdet/utils/__init__.py", line 10, in <module>
    from .mot_error_visualize import imshow_mot_errors
  File "/media/dell/DATA/ovss/miniconda3/envs/ovss/lib/python3.10/site-packages/mmdet/utils/mot_error_visualize.py", line 10, in <module>
    import matplotlib.pyplot as plt
  File "/media/dell/DATA/ovss/miniconda3/envs/ovss/lib/python3.10/site-packages/matplotlib/pyplot.py", line 69, in <module>
    from matplotlib.figure import Figure, FigureBase, figaspect
  File "/media/dell/DATA/ovss/miniconda3/envs/ovss/lib/python3.10/site-packages/matplotlib/figure.py", line 40, in <module>
    from matplotlib import _blocking_input, backend_bases, _docstring, projections
  File "/media/dell/DATA/ovss/miniconda3/envs/ovss/lib/python3.10/site-packages/matplotlib/projections/__init__.py", line 55, in <module>
    from .. import axes, _docstring
  File "/media/dell/DATA/ovss/miniconda3/envs/ovss/lib/python3.10/site-packages/matplotlib/axes/__init__.py", line 2, in <module>
    from ._axes import Axes
  File "/media/dell/DATA/ovss/miniconda3/envs/ovss/lib/python3.10/site-packages/matplotlib/axes/_axes.py", line 11, in <module>
    import matplotlib.category  # Register category unit converter as side effect.
  File "/media/dell/DATA/ovss/miniconda3/envs/ovss/lib/python3.10/site-packages/matplotlib/category.py", line 14, in <module>
    import dateutil.parser
  File "/media/dell/DATA/ovss/miniconda3/envs/ovss/lib/python3.10/site-packages/dateutil/parser/__init__.py", line 2, in <module>
    from ._parser import parse, parser, parserinfo, ParserError
  File "/media/dell/DATA/ovss/miniconda3/envs/ovss/lib/python3.10/site-packages/dateutil/parser/_parser.py", line 42, in <module>
    import six
ModuleNotFoundError: No module named 'six'
/media/dell/DATA/ovss/miniconda3/envs/ovss/lib/python3.10/site-packages/mmengine/optim/optimizer/zero_optimizer.py:11: DeprecationWarning: `TorchScript` support for functional optimizers is deprecated and will be removed in a future PyTorch release. Consider using the `torch.compile` optimizer instead.
  from torch.distributed.optim import \
Traceback (most recent call last):
  File "/media/dell/DATA/ovss/research_run/ovss/stage4_experiments/vocabaudit/probe_crossfam_mmgdino.py", line 10, in <module>
    from mmdet.apis import DetInferencer
  File "/media/dell/DATA/ovss/miniconda3/envs/ovss/lib/python3.10/site-packages/mmdet/apis/__init__.py", line 2, in <module>
    from .det_inferencer import DetInferencer
  File "/media/dell/DATA/ovss/miniconda3/envs/ovss/lib/python3.10/site-packages/mmdet/apis/det_inferencer.py", line 22, in <module>
    from mmdet.evaluation import INSTANCE_OFFSET
  File "/media/dell/DATA/ovss/miniconda3/envs/ovss/lib/python3.10/site-packages/mmdet/evaluation/__init__.py", line 2, in <module>
    from .evaluator import *  # noqa: F401,F403
  File "/media/dell/DATA/ovss/miniconda3/envs/ovss/lib/python3.10/site-packages/mmdet/evaluation/evaluator/__init__.py", line 2, in <module>
    from .multi_datasets_evaluator import MultiDatasetsEvaluator
  File "/media/dell/DATA/ovss/miniconda3/envs/ovss/lib/python3.10/site-packages/mmdet/evaluation/evaluator/multi_datasets_evaluator.py", line 12, in <module>
    from mmdet.utils import ConfigType
  File "/media/dell/DATA/ovss/miniconda3/envs/ovss/lib/python3.10/site-packages/mmdet/utils/__init__.py", line 10, in <module>
    from .mot_error_visualize import imshow_mot_errors
  File "/media/dell/DATA/ovss/miniconda3/envs/ovss/lib/python3.10/site-packages/mmdet/utils/mot_error_visualize.py", line 10, in <module>
    import matplotlib.pyplot as plt
  File "/media/dell/DATA/ovss/miniconda3/envs/ovss/lib/python3.10/site-packages/matplotlib/pyplot.py", line 69, in <module>
    from matplotlib.figure import Figure, FigureBase, figaspect
  File "/media/dell/DATA/ovss/miniconda3/envs/ovss/lib/python3.10/site-packages/matplotlib/figure.py", line 40, in <module>
    from matplotlib import _blocking_input, backend_bases, _docstring, projections
  File "/media/dell/DATA/ovss/miniconda3/envs/ovss/lib/python3.10/site-packages/matplotlib/projections/__init__.py", line 55, in <module>
    from .. import axes, _docstring
  File "/media/dell/DATA/ovss/miniconda3/envs/ovss/lib/python3.10/site-packages/matplotlib/axes/__init__.py", line 2, in <module>
    from ._axes import Axes
  File "/media/dell/DATA/ovss/miniconda3/envs/ovss/lib/python3.10/site-packages/matplotlib/axes/_axes.py", line 11, in <module>
    import matplotlib.category  # Register category unit converter as side effect.
  File "/media/dell/DATA/ovss/miniconda3/envs/ovss/lib/python3.10/site-packages/matplotlib/category.py", line 14, in <module>
    import dateutil.parser
  File "/media/dell/DATA/ovss/miniconda3/envs/ovss/lib/python3.10/site-packages/dateutil/parser/__init__.py", line 2, in <module>
    from ._parser import parse, parser, parserinfo, ParserError
  File "/media/dell/DATA/ovss/miniconda3/envs/ovss/lib/python3.10/site-packages/dateutil/parser/_parser.py", line 42, in <module>
    import six
ModuleNotFoundError: No module named 'six'
/media/dell/DATA/ovss/miniconda3/envs/ovss/lib/python3.10/site-packages/mmengine/optim/optimizer/zero_optimizer.py:11: DeprecationWarning: `TorchScript` support for functional optimizers is deprecated and will be removed in a future PyTorch release. Consider using the `torch.compile` optimizer instead.
  from torch.distributed.optim import \
Traceback (most recent call last):
  File "/media/dell/DATA/ovss/research_run/ovss/stage4_experiments/vocabaudit/probe_crossfam_mmgdino.py", line 10, in <module>
    from mmdet.apis import DetInferencer
  File "/media/dell/DATA/ovss/miniconda3/envs/ovss/lib/python3.10/site-packages/mmdet/apis/__init__.py", line 2, in <module>
    from .det_inferencer import DetInferencer
  File "/media/dell/DATA/ovss/miniconda3/envs/ovss/lib/python3.10/site-packages/mmdet/apis/det_inferencer.py", line 22, in <module>
    from mmdet.evaluation import INSTANCE_OFFSET
  File "/media/dell/DATA/ovss/miniconda3/envs/ovss/lib/python3.10/site-packages/mmdet/evaluation/__init__.py", line 2, in <module>
    from .evaluator import *  # noqa: F401,F403
  File "/media/dell/DATA/ovss/miniconda3/envs/ovss/lib/python3.10/site-packages/mmdet/evaluation/evaluator/__init__.py", line 2, in <module>
    from .multi_datasets_evaluator import MultiDatasetsEvaluator
  File "/media/dell/DATA/ovss/miniconda3/envs/ovss/lib/python3.10/site-packages/mmdet/evaluation/evaluator/multi_datasets_evaluator.py", line 12, in <module>
    from mmdet.utils import ConfigType
  File "/media/dell/DATA/ovss/miniconda3/envs/ovss/lib/python3.10/site-packages/mmdet/utils/__init__.py", line 10, in <module>
    from .mot_error_visualize import imshow_mot_errors
  File "/media/dell/DATA/ovss/miniconda3/envs/ovss/lib/python3.10/site-packages/mmdet/utils/mot_error_visualize.py", line 10, in <module>
    import matplotlib.pyplot as plt
  File "/media/dell/DATA/ovss/miniconda3/envs/ovss/lib/python3.10/site-packages/matplotlib/pyplot.py", line 69, in <module>
    from matplotlib.figure import Figure, FigureBase, figaspect
  File "/media/dell/DATA/ovss/miniconda3/envs/ovss/lib/python3.10/site-packages/matplotlib/figure.py", line 40, in <module>
    from matplotlib import _blocking_input, backend_bases, _docstring, projections
  File "/media/dell/DATA/ovss/miniconda3/envs/ovss/lib/python3.10/site-packages/matplotlib/projections/__init__.py", line 55, in <module>
    from .. import axes, _docstring
  File "/media/dell/DATA/ovss/miniconda3/envs/ovss/lib/python3.10/site-packages/matplotlib/axes/__init__.py", line 2, in <module>
    from ._axes import Axes
  File "/media/dell/DATA/ovss/miniconda3/envs/ovss/lib/python3.10/site-packages/matplotlib/axes/_axes.py", line 11, in <module>
    import matplotlib.category  # Register category unit converter as side effect.
  File "/media/dell/DATA/ovss/miniconda3/envs/ovss/lib/python3.10/site-packages/matplotlib/category.py", line 14, in <module>
    import dateutil.parser
  File "/media/dell/DATA/ovss/miniconda3/envs/ovss/lib/python3.10/site-packages/dateutil/parser/__init__.py", line 2, in <module>
    from ._parser import parse, parser, parserinfo, ParserError
  File "/media/dell/DATA/ovss/miniconda3/envs/ovss/lib/python3.10/site-packages/dateutil/parser/_parser.py", line 42, in <module>
    import six
ModuleNotFoundError: No module named 'six'
/media/dell/DATA/ovss/miniconda3/envs/ovss/lib/python3.10/site-packages/mmengine/optim/optimizer/zero_optimizer.py:11: DeprecationWarning: `TorchScript` support for functional optimizers is deprecated and will be removed in a future PyTorch release. Consider using the `torch.compile` optimizer instead.
  from torch.distributed.optim import \
Traceback (most recent call last):
  File "/media/dell/DATA/ovss/research_run/ovss/stage4_experiments/vocabaudit/probe_crossfam_mmgdino.py", line 10, in <module>
    from mmdet.apis import DetInferencer
  File "/media/dell/DATA/ovss/miniconda3/envs/ovss/lib/python3.10/site-packages/mmdet/apis/__init__.py", line 2, in <module>
    from .det_inferencer import DetInferencer
  File "/media/dell/DATA/ovss/miniconda3/envs/ovss/lib/python3.10/site-packages/mmdet/apis/det_inferencer.py", line 22, in <module>
    from mmdet.evaluation import INSTANCE_OFFSET
  File "/media/dell/DATA/ovss/miniconda3/envs/ovss/lib/python3.10/site-packages/mmdet/evaluation/__init__.py", line 2, in <module>
    from .evaluator import *  # noqa: F401,F403
  File "/media/dell/DATA/ovss/miniconda3/envs/ovss/lib/python3.10/site-packages/mmdet/evaluation/evaluator/__init__.py", line 2, in <module>
    from .multi_datasets_evaluator import MultiDatasetsEvaluator
  File "/media/dell/DATA/ovss/miniconda3/envs/ovss/lib/python3.10/site-packages/mmdet/evaluation/evaluator/multi_datasets_evaluator.py", line 12, in <module>
    from mmdet.utils import ConfigType
  File "/media/dell/DATA/ovss/miniconda3/envs/ovss/lib/python3.10/site-packages/mmdet/utils/__init__.py", line 10, in <module>
    from .mot_error_visualize import imshow_mot_errors
  File "/media/dell/DATA/ovss/miniconda3/envs/ovss/lib/python3.10/site-packages/mmdet/utils/mot_error_visualize.py", line 10, in <module>
    import matplotlib.pyplot as plt
  File "/media/dell/DATA/ovss/miniconda3/envs/ovss/lib/python3.10/site-packages/matplotlib/pyplot.py", line 69, in <module>
    from matplotlib.figure import Figure, FigureBase, figaspect
  File "/media/dell/DATA/ovss/miniconda3/envs/ovss/lib/python3.10/site-packages/matplotlib/figure.py", line 40, in <module>
    from matplotlib import _blocking_input, backend_bases, _docstring, projections
  File "/media/dell/DATA/ovss/miniconda3/envs/ovss/lib/python3.10/site-packages/matplotlib/projections/__init__.py", line 55, in <module>
    from .. import axes, _docstring
  File "/media/dell/DATA/ovss/miniconda3/envs/ovss/lib/python3.10/site-packages/matplotlib/axes/__init__.py", line 2, in <module>
    from ._axes import Axes
  File "/media/dell/DATA/ovss/miniconda3/envs/ovss/lib/python3.10/site-packages/matplotlib/axes/_axes.py", line 11, in <module>
    import matplotlib.category  # Register category unit converter as side effect.
  File "/media/dell/DATA/ovss/miniconda3/envs/ovss/lib/python3.10/site-packages/matplotlib/category.py", line 14, in <module>
    import dateutil.parser
  File "/media/dell/DATA/ovss/miniconda3/envs/ovss/lib/python3.10/site-packages/dateutil/parser/__init__.py", line 2, in <module>
    from ._parser import parse, parser, parserinfo, ParserError
  File "/media/dell/DATA/ovss/miniconda3/envs/ovss/lib/python3.10/site-packages/dateutil/parser/_parser.py", line 42, in <module>
    import six
ModuleNotFoundError: No module named 'six'
w10_done
/media/dell/DATA/ovss/miniconda3/envs/ovss/lib/python3.10/site-packages/mmengine/optim/optimizer/zero_optimizer.py:11: DeprecationWarning: `TorchScript` support for functional optimizers is deprecated and will be removed in a future PyTorch release. Consider using the `torch.compile` optimizer instead.
  from torch.distributed.optim import \
/media/dell/DATA/ovss/miniconda3/envs/ovss/lib/python3.10/site-packages/mmengine/runner/checkpoint.py:347: FutureWarning: You are using `torch.load` with `weights_only=False` (the current default value), which uses the default pickle module implicitly. It is possible to construct malicious pickle data which will execute arbitrary code during unpickling (See https://github.com/pytorch/pytorch/blob/main/SECURITY.md#untrusted-models for more details). In a future release, the default value for `weights_only` will be flipped to `True`. This limits the functions that could be executed during unpickling. Arbitrary objects will no longer be allowed to be loaded via this mode unless they are explicitly allowlisted by the user via `torch.serialization.add_safe_globals`. We recommend you start setting `weights_only=True` for any use case where you don't have full control of the loaded file. Please open an issue on GitHub for any issues related to this experimental feature.
  checkpoint = torch.load(filename, map_location=map_location)
Loads checkpoint by local backend from path: /media/dell/DATA/ovss/checkpoints/mmgdino/grounding_dino_swin-t_pretrain_obj365_goldg_20231122_132602-4ea751ce.pth
08/01 20:45:36 - mmengine - WARNING - Failed to search registry with scope "mmdet" in the "function" registry tree. As a workaround, the current "function" registry in "mmengine" is used to build instance. This may cause unexpected failure when running the built modules. Please check whether "mmdet" is a correct scope, or whether the registry is initialized.
/media/dell/DATA/ovss/miniconda3/envs/ovss/lib/python3.10/site-packages/mmengine/visualization/visualizer.py:196: UserWarning: Failed to add <class 'mmengine.visualization.vis_backend.LocalVisBackend'>, please provide the `save_dir` argument.
  warnings.warn(f'Failed to add {vis_backend.__class__}, '
/media/dell/DATA/ovss/miniconda3/envs/ovss/lib/python3.10/site-packages/segment_anything/build_sam.py:105: FutureWarning: You are using `torch.load` with `weights_only=False` (the current default value), which uses the default pickle module implicitly. It is possible to construct malicious pickle data which will execute arbitrary code during unpickling (See https://github.com/pytorch/pytorch/blob/main/SECURITY.md#untrusted-models for more details). In a future release, the default value for `weights_only` will be flipped to `True`. This limits the functions that could be executed during unpickling. Arbitrary objects will no longer be allowed to be loaded via this mode unless they are explicitly allowlisted by the user via `torch.serialization.add_safe_globals`. We recommend you start setting `weights_only=True` for any use case where you don't have full control of the loaded file. Please open an issue on GitHub for any issues related to this experimental feature.
  state_dict = torch.load(f)
/media/dell/DATA/ovss/miniconda3/envs/ovss/lib/python3.10/site-packages/torch/functional.py:513: UserWarning: torch.meshgrid: in an upcoming release, it will be required to pass the indexing argument. (Triggered internally at ../aten/src/ATen/native/TensorShape.cpp:3609.)
  return _VF.meshgrid(tensors, **kwargs)  # type: ignore[attr-defined]
/media/dell/DATA/ovss/miniconda3/envs/ovss/lib/python3.10/site-packages/mmcv/cnn/bricks/transformer.py:524: UserWarning: position encoding of key ismissing in MultiheadAttention.
  warnings.warn(f'position encoding of key is'
[25] mIoU=70.59
[50] mIoU=74.03
[75] mIoU=74.84
[100] mIoU=70.87
[125] mIoU=70.25
[150] mIoU=68.91
[175] mIoU=69.23
[200] mIoU=68.90
[225] mIoU=68.58
[250] mIoU=68.08
[275] mIoU=68.00
[300] mIoU=67.88
{"ckpt": "grounding_dino_swin-t_pretrain_obj365_goldg_20231122_132602-4ea751ce.pth", "vocab": "perturbed_vocabs/voc21_plain.json", "miou_gt": 67.88}
/media/dell/DATA/ovss/miniconda3/envs/ovss/lib/python3.10/site-packages/mmengine/optim/optimizer/zero_optimizer.py:11: DeprecationWarning: `TorchScript` support for functional optimizers is deprecated and will be removed in a future PyTorch release. Consider using the `torch.compile` optimizer instead.
  from torch.distributed.optim import \
/media/dell/DATA/ovss/miniconda3/envs/ovss/lib/python3.10/site-packages/mmengine/runner/checkpoint.py:347: FutureWarning: You are using `torch.load` with `weights_only=False` (the current default value), which uses the default pickle module implicitly. It is possible to construct malicious pickle data which will execute arbitrary code during unpickling (See https://github.com/pytorch/pytorch/blob/main/SECURITY.md#untrusted-models for more details). In a future release, the default value for `weights_only` will be flipped to `True`. This limits the functions that could be executed during unpickling. Arbitrary objects will no longer be allowed to be loaded via this mode unless they are explicitly allowlisted by the user via `torch.serialization.add_safe_globals`. We recommend you start setting `weights_only=True` for any use case where you don't have full control of the loaded file. Please open an issue on GitHub for any issues related to this experimental feature.
  checkpoint = torch.load(filename, map_location=map_location)
Loads checkpoint by local backend from path: /media/dell/DATA/ovss/checkpoints/mmgdino/grounding_dino_swin-t_pretrain_obj365_goldg_20231122_132602-4ea751ce.pth
08/01 20:47:02 - mmengine - WARNING - Failed to search registry with scope "mmdet" in the "function" registry tree. As a workaround, the current "function" registry in "mmengine" is used to build instance. This may cause unexpected failure when running the built modules. Please check whether "mmdet" is a correct scope, or whether the registry is initialized.
/media/dell/DATA/ovss/miniconda3/envs/ovss/lib/python3.10/site-packages/mmengine/visualization/visualizer.py:196: UserWarning: Failed to add <class 'mmengine.visualization.vis_backend.LocalVisBackend'>, please provide the `save_dir` argument.
  warnings.warn(f'Failed to add {vis_backend.__class__}, '
/media/dell/DATA/ovss/miniconda3/envs/ovss/lib/python3.10/site-packages/segment_anything/build_sam.py:105: FutureWarning: You are using `torch.load` with `weights_only=False` (the current default value), which uses the default pickle module implicitly. It is possible to construct malicious pickle data which will execute arbitrary code during unpickling (See https://github.com/pytorch/pytorch/blob/main/SECURITY.md#untrusted-models for more details). In a future release, the default value for `weights_only` will be flipped to `True`. This limits the functions that could be executed during unpickling. Arbitrary objects will no longer be allowed to be loaded via this mode unless they are explicitly allowlisted by the user via `torch.serialization.add_safe_globals`. We recommend you start setting `weights_only=True` for any use case where you don't have full control of the loaded file. Please open an issue on GitHub for any issues related to this experimental feature.
  state_dict = torch.load(f)
/media/dell/DATA/ovss/miniconda3/envs/ovss/lib/python3.10/site-packages/torch/functional.py:513: UserWarning: torch.meshgrid: in an upcoming release, it will be required to pass the indexing argument. (Triggered internally at ../aten/src/ATen/native/TensorShape.cpp:3609.)
  return _VF.meshgrid(tensors, **kwargs)  # type: ignore[attr-defined]
/media/dell/DATA/ovss/miniconda3/envs/ovss/lib/python3.10/site-packages/mmcv/cnn/bricks/transformer.py:524: UserWarning: position encoding of key ismissing in MultiheadAttention.
  warnings.warn(f'position encoding of key is'
[25] mIoU=53.23
[50] mIoU=53.75
[75] mIoU=42.10
[100] mIoU=41.33
[125] mIoU=40.30
[150] mIoU=39.03
[175] mIoU=37.68
[200] mIoU=37.45
[225] mIoU=37.18
[250] mIoU=37.15
[275] mIoU=35.86
[300] mIoU=35.69
{"ckpt": "grounding_dino_swin-t_pretrain_obj365_goldg_20231122_132602-4ea751ce.pth", "vocab": "perturbed_vocabs/voc21_syn100_s0.json", "miou_gt": 35.69}
/media/dell/DATA/ovss/miniconda3/envs/ovss/lib/python3.10/site-packages/mmengine/optim/optimizer/zero_optimizer.py:11: DeprecationWarning: `TorchScript` support for functional optimizers is deprecated and will be removed in a future PyTorch release. Consider using the `torch.compile` optimizer instead.
  from torch.distributed.optim import \
/media/dell/DATA/ovss/miniconda3/envs/ovss/lib/python3.10/site-packages/mmengine/runner/checkpoint.py:347: FutureWarning: You are using `torch.load` with `weights_only=False` (the current default value), which uses the default pickle module implicitly. It is possible to construct malicious pickle data which will execute arbitrary code during unpickling (See https://github.com/pytorch/pytorch/blob/main/SECURITY.md#untrusted-models for more details). In a future release, the default value for `weights_only` will be flipped to `True`. This limits the functions that could be executed during unpickling. Arbitrary objects will no longer be allowed to be loaded via this mode unless they are explicitly allowlisted by the user via `torch.serialization.add_safe_globals`. We recommend you start setting `weights_only=True` for any use case where you don't have full control of the loaded file. Please open an issue on GitHub for any issues related to this experimental feature.
  checkpoint = torch.load(filename, map_location=map_location)
Loads checkpoint by local backend from path: /media/dell/DATA/ovss/checkpoints/mmgdino/grounding_dino_swin-t_pretrain_obj365_goldg_grit9m_20231128_200818-169cc352.pth
The model and loaded state dict do not match exactly

unexpected key in source state_dict: language_model.language_backbone.body.model.embeddings.position_ids

08/01 20:48:26 - mmengine - WARNING - Failed to search registry with scope "mmdet" in the "function" registry tree. As a workaround, the current "function" registry in "mmengine" is used to build instance. This may cause unexpected failure when running the built modules. Please check whether "mmdet" is a correct scope, or whether the registry is initialized.
/media/dell/DATA/ovss/miniconda3/envs/ovss/lib/python3.10/site-packages/mmengine/visualization/visualizer.py:196: UserWarning: Failed to add <class 'mmengine.visualization.vis_backend.LocalVisBackend'>, please provide the `save_dir` argument.
  warnings.warn(f'Failed to add {vis_backend.__class__}, '
/media/dell/DATA/ovss/miniconda3/envs/ovss/lib/python3.10/site-packages/segment_anything/build_sam.py:105: FutureWarning: You are using `torch.load` with `weights_only=False` (the current default value), which uses the default pickle module implicitly. It is possible to construct malicious pickle data which will execute arbitrary code during unpickling (See https://github.com/pytorch/pytorch/blob/main/SECURITY.md#untrusted-models for more details). In a future release, the default value for `weights_only` will be flipped to `True`. This limits the functions that could be executed during unpickling. Arbitrary objects will no longer be allowed to be loaded via this mode unless they are explicitly allowlisted by the user via `torch.serialization.add_safe_globals`. We recommend you start setting `weights_only=True` for any use case where you don't have full control of the loaded file. Please open an issue on GitHub for any issues related to this experimental feature.
  state_dict = torch.load(f)
/media/dell/DATA/ovss/miniconda3/envs/ovss/lib/python3.10/site-packages/torch/functional.py:513: UserWarning: torch.meshgrid: in an upcoming release, it will be required to pass the indexing argument. (Triggered internally at ../aten/src/ATen/native/TensorShape.cpp:3609.)
  return _VF.meshgrid(tensors, **kwargs)  # type: ignore[attr-defined]
/media/dell/DATA/ovss/miniconda3/envs/ovss/lib/python3.10/site-packages/mmcv/cnn/bricks/transformer.py:524: UserWarning: position encoding of key ismissing in MultiheadAttention.
  warnings.warn(f'position encoding of key is'
[25] mIoU=72.16
[50] mIoU=74.79
[75] mIoU=71.58
[100] mIoU=69.82
[125] mIoU=69.09
[150] mIoU=68.21
[175] mIoU=69.60
[200] mIoU=68.91
[225] mIoU=69.16
[250] mIoU=68.83
[275] mIoU=69.30
[300] mIoU=68.47
{"ckpt": "grounding_dino_swin-t_pretrain_obj365_goldg_grit9m_20231128_200818-169cc352.pth", "vocab": "perturbed_vocabs/voc21_plain.json", "miou_gt": 68.47}
/media/dell/DATA/ovss/miniconda3/envs/ovss/lib/python3.10/site-packages/mmengine/optim/optimizer/zero_optimizer.py:11: DeprecationWarning: `TorchScript` support for functional optimizers is deprecated and will be removed in a future PyTorch release. Consider using the `torch.compile` optimizer instead.
  from torch.distributed.optim import \
/media/dell/DATA/ovss/miniconda3/envs/ovss/lib/python3.10/site-packages/mmengine/runner/checkpoint.py:347: FutureWarning: You are using `torch.load` with `weights_only=False` (the current default value), which uses the default pickle module implicitly. It is possible to construct malicious pickle data which will execute arbitrary code during unpickling (See https://github.com/pytorch/pytorch/blob/main/SECURITY.md#untrusted-models for more details). In a future release, the default value for `weights_only` will be flipped to `True`. This limits the functions that could be executed during unpickling. Arbitrary objects will no longer be allowed to be loaded via this mode unless they are explicitly allowlisted by the user via `torch.serialization.add_safe_globals`. We recommend you start setting `weights_only=True` for any use case where you don't have full control of the loaded file. Please open an issue on GitHub for any issues related to this experimental feature.
  checkpoint = torch.load(filename, map_location=map_location)
Loads checkpoint by local backend from path: /media/dell/DATA/ovss/checkpoints/mmgdino/grounding_dino_swin-t_pretrain_obj365_goldg_grit9m_20231128_200818-169cc352.pth
The model and loaded state dict do not match exactly

unexpected key in source state_dict: language_model.language_backbone.body.model.embeddings.position_ids

08/01 20:49:51 - mmengine - WARNING - Failed to search registry with scope "mmdet" in the "function" registry tree. As a workaround, the current "function" registry in "mmengine" is used to build instance. This may cause unexpected failure when running the built modules. Please check whether "mmdet" is a correct scope, or whether the registry is initialized.
/media/dell/DATA/ovss/miniconda3/envs/ovss/lib/python3.10/site-packages/mmengine/visualization/visualizer.py:196: UserWarning: Failed to add <class 'mmengine.visualization.vis_backend.LocalVisBackend'>, please provide the `save_dir` argument.
  warnings.warn(f'Failed to add {vis_backend.__class__}, '
/media/dell/DATA/ovss/miniconda3/envs/ovss/lib/python3.10/site-packages/segment_anything/build_sam.py:105: FutureWarning: You are using `torch.load` with `weights_only=False` (the current default value), which uses the default pickle module implicitly. It is possible to construct malicious pickle data which will execute arbitrary code during unpickling (See https://github.com/pytorch/pytorch/blob/main/SECURITY.md#untrusted-models for more details). In a future release, the default value for `weights_only` will be flipped to `True`. This limits the functions that could be executed during unpickling. Arbitrary objects will no longer be allowed to be loaded via this mode unless they are explicitly allowlisted by the user via `torch.serialization.add_safe_globals`. We recommend you start setting `weights_only=True` for any use case where you don't have full control of the loaded file. Please open an issue on GitHub for any issues related to this experimental feature.
  state_dict = torch.load(f)
/media/dell/DATA/ovss/miniconda3/envs/ovss/lib/python3.10/site-packages/torch/functional.py:513: UserWarning: torch.meshgrid: in an upcoming release, it will be required to pass the indexing argument. (Triggered internally at ../aten/src/ATen/native/TensorShape.cpp:3609.)
  return _VF.meshgrid(tensors, **kwargs)  # type: ignore[attr-defined]
/media/dell/DATA/ovss/miniconda3/envs/ovss/lib/python3.10/site-packages/mmcv/cnn/bricks/transformer.py:524: UserWarning: position encoding of key ismissing in MultiheadAttention.
  warnings.warn(f'position encoding of key is'
[25] mIoU=63.63
[50] mIoU=60.21
[75] mIoU=57.62
[100] mIoU=51.48
[125] mIoU=51.16
[150] mIoU=47.49
[175] mIoU=48.12
[200] mIoU=46.34
[225] mIoU=46.83
[250] mIoU=46.84
[275] mIoU=47.37
[300] mIoU=46.29
{"ckpt": "grounding_dino_swin-t_pretrain_obj365_goldg_grit9m_20231128_200818-169cc352.pth", "vocab": "perturbed_vocabs/voc21_syn100_s0.json", "miou_gt": 46.29}
/media/dell/DATA/ovss/miniconda3/envs/ovss/lib/python3.10/site-packages/mmengine/optim/optimizer/zero_optimizer.py:11: DeprecationWarning: `TorchScript` support for functional optimizers is deprecated and will be removed in a future PyTorch release. Consider using the `torch.compile` optimizer instead.
  from torch.distributed.optim import \
/media/dell/DATA/ovss/miniconda3/envs/ovss/lib/python3.10/site-packages/mmengine/runner/checkpoint.py:347: FutureWarning: You are using `torch.load` with `weights_only=False` (the current default value), which uses the default pickle module implicitly. It is possible to construct malicious pickle data which will execute arbitrary code during unpickling (See https://github.com/pytorch/pytorch/blob/main/SECURITY.md#untrusted-models for more details). In a future release, the default value for `weights_only` will be flipped to `True`. This limits the functions that could be executed during unpickling. Arbitrary objects will no longer be allowed to be loaded via this mode unless they are explicitly allowlisted by the user via `torch.serialization.add_safe_globals`. We recommend you start setting `weights_only=True` for any use case where you don't have full control of the loaded file. Please open an issue on GitHub for any issues related to this experimental feature.
  checkpoint = torch.load(filename, map_location=map_location)
Loads checkpoint by local backend from path: /media/dell/DATA/ovss/checkpoints/mmgdino/grounding_dino_swin-t_pretrain_obj365_goldg_grit9m_v3det_20231204_095047-b448804b.pth
The model and loaded state dict do not match exactly

unexpected key in source state_dict: language_model.language_backbone.body.model.embeddings.position_ids

08/01 20:51:14 - mmengine - WARNING - Failed to search registry with scope "mmdet" in the "function" registry tree. As a workaround, the current "function" registry in "mmengine" is used to build instance. This may cause unexpected failure when running the built modules. Please check whether "mmdet" is a correct scope, or whether the registry is initialized.
/media/dell/DATA/ovss/miniconda3/envs/ovss/lib/python3.10/site-packages/mmengine/visualization/visualizer.py:196: UserWarning: Failed to add <class 'mmengine.visualization.vis_backend.LocalVisBackend'>, please provide the `save_dir` argument.
  warnings.warn(f'Failed to add {vis_backend.__class__}, '
/media/dell/DATA/ovss/miniconda3/envs/ovss/lib/python3.10/site-packages/segment_anything/build_sam.py:105: FutureWarning: You are using `torch.load` with `weights_only=False` (the current default value), which uses the default pickle module implicitly. It is possible to construct malicious pickle data which will execute arbitrary code during unpickling (See https://github.com/pytorch/pytorch/blob/main/SECURITY.md#untrusted-models for more details). In a future release, the default value for `weights_only` will be flipped to `True`. This limits the functions that could be executed during unpickling. Arbitrary objects will no longer be allowed to be loaded via this mode unless they are explicitly allowlisted by the user via `torch.serialization.add_safe_globals`. We recommend you start setting `weights_only=True` for any use case where you don't have full control of the loaded file. Please open an issue on GitHub for any issues related to this experimental feature.
  state_dict = torch.load(f)
/media/dell/DATA/ovss/miniconda3/envs/ovss/lib/python3.10/site-packages/torch/functional.py:513: UserWarning: torch.meshgrid: in an upcoming release, it will be required to pass the indexing argument. (Triggered internally at ../aten/src/ATen/native/TensorShape.cpp:3609.)
  return _VF.meshgrid(tensors, **kwargs)  # type: ignore[attr-defined]
/media/dell/DATA/ovss/miniconda3/envs/ovss/lib/python3.10/site-packages/mmcv/cnn/bricks/transformer.py:524: UserWarning: position encoding of key ismissing in MultiheadAttention.
  warnings.warn(f'position encoding of key is'
[25] mIoU=67.89
[50] mIoU=70.76
[75] mIoU=71.82
[100] mIoU=65.60
[125] mIoU=65.15
[150] mIoU=63.09
[175] mIoU=64.18
[200] mIoU=63.95
[225] mIoU=64.79
[250] mIoU=64.31
[275] mIoU=64.22
[300] mIoU=63.26
{"ckpt": "grounding_dino_swin-t_pretrain_obj365_goldg_grit9m_v3det_20231204_095047-b448804b.pth", "vocab": "perturbed_vocabs/voc21_plain.json", "miou_gt": 63.26}
/media/dell/DATA/ovss/miniconda3/envs/ovss/lib/python3.10/site-packages/mmengine/optim/optimizer/zero_optimizer.py:11: DeprecationWarning: `TorchScript` support for functional optimizers is deprecated and will be removed in a future PyTorch release. Consider using the `torch.compile` optimizer instead.
  from torch.distributed.optim import \
/media/dell/DATA/ovss/miniconda3/envs/ovss/lib/python3.10/site-packages/mmengine/runner/checkpoint.py:347: FutureWarning: You are using `torch.load` with `weights_only=False` (the current default value), which uses the default pickle module implicitly. It is possible to construct malicious pickle data which will execute arbitrary code during unpickling (See https://github.com/pytorch/pytorch/blob/main/SECURITY.md#untrusted-models for more details). In a future release, the default value for `weights_only` will be flipped to `True`. This limits the functions that could be executed during unpickling. Arbitrary objects will no longer be allowed to be loaded via this mode unless they are explicitly allowlisted by the user via `torch.serialization.add_safe_globals`. We recommend you start setting `weights_only=True` for any use case where you don't have full control of the loaded file. Please open an issue on GitHub for any issues related to this experimental feature.
  checkpoint = torch.load(filename, map_location=map_location)
Loads checkpoint by local backend from path: /media/dell/DATA/ovss/checkpoints/mmgdino/grounding_dino_swin-t_pretrain_obj365_goldg_grit9m_v3det_20231204_095047-b448804b.pth
The model and loaded state dict do not match exactly

unexpected key in source state_dict: language_model.language_backbone.body.model.embeddings.position_ids

08/01 20:52:39 - mmengine - WARNING - Failed to search registry with scope "mmdet" in the "function" registry tree. As a workaround, the current "function" registry in "mmengine" is used to build instance. This may cause unexpected failure when running the built modules. Please check whether "mmdet" is a correct scope, or whether the registry is initialized.
/media/dell/DATA/ovss/miniconda3/envs/ovss/lib/python3.10/site-packages/mmengine/visualization/visualizer.py:196: UserWarning: Failed to add <class 'mmengine.visualization.vis_backend.LocalVisBackend'>, please provide the `save_dir` argument.
  warnings.warn(f'Failed to add {vis_backend.__class__}, '
/media/dell/DATA/ovss/miniconda3/envs/ovss/lib/python3.10/site-packages/segment_anything/build_sam.py:105: FutureWarning: You are using `torch.load` with `weights_only=False` (the current default value), which uses the default pickle module implicitly. It is possible to construct malicious pickle data which will execute arbitrary code during unpickling (See https://github.com/pytorch/pytorch/blob/main/SECURITY.md#untrusted-models for more details). In a future release, the default value for `weights_only` will be flipped to `True`. This limits the functions that could be executed during unpickling. Arbitrary objects will no longer be allowed to be loaded via this mode unless they are explicitly allowlisted by the user via `torch.serialization.add_safe_globals`. We recommend you start setting `weights_only=True` for any use case where you don't have full control of the loaded file. Please open an issue on GitHub for any issues related to this experimental feature.
  state_dict = torch.load(f)
/media/dell/DATA/ovss/miniconda3/envs/ovss/lib/python3.10/site-packages/torch/functional.py:513: UserWarning: torch.meshgrid: in an upcoming release, it will be required to pass the indexing argument. (Triggered internally at ../aten/src/ATen/native/TensorShape.cpp:3609.)
  return _VF.meshgrid(tensors, **kwargs)  # type: ignore[attr-defined]
/media/dell/DATA/ovss/miniconda3/envs/ovss/lib/python3.10/site-packages/mmcv/cnn/bricks/transformer.py:524: UserWarning: position encoding of key ismissing in MultiheadAttention.
  warnings.warn(f'position encoding of key is'
[25] mIoU=54.73
[50] mIoU=52.43
[75] mIoU=46.32
[100] mIoU=42.13
[125] mIoU=41.86
[150] mIoU=38.77
[175] mIoU=39.30
[200] mIoU=38.59
[225] mIoU=39.48
[250] mIoU=39.54
[275] mIoU=39.89
[300] mIoU=38.52
{"ckpt": "grounding_dino_swin-t_pretrain_obj365_goldg_grit9m_v3det_20231204_095047-b448804b.pth", "vocab": "perturbed_vocabs/voc21_syn100_s0.json", "miou_gt": 38.52}
w10_all_done
