de 22.138009889897887
de_alt1 13.136222592490544
de_alt2 8.59774131117631
{
 "prereg": "prereg_w11_j3_translation.md",
 "lang": "de",
 "de": 22.138009889897887,
 "de_alt1": 13.136222592490544,
 "de_alt2": 8.59774131117631,
 "best_of_3": 27.010688282538414
}
/media/dell/DATA/ovss/miniconda3/envs/ovss/lib/python3.10/site-packages/segment_anything/build_sam.py:105: FutureWarning: You are using `torch.load` with `weights_only=False` (the current default value), which uses the default pickle module implicitly. It is possible to construct malicious pickle data which will execute arbitrary code during unpickling (See https://github.com/pytorch/pytorch/blob/main/SECURITY.md#untrusted-models for more details). In a future release, the default value for `weights_only` will be flipped to `True`. This limits the functions that could be executed during unpickling. Arbitrary objects will no longer be allowed to be loaded via this mode unless they are explicitly allowlisted by the user via `torch.serialization.add_safe_globals`. We recommend you start setting `weights_only=True` for any use case where you don't have full control of the loaded file. Please open an issue on GitHub for any issues related to this experimental feature.
  state_dict = torch.load(f)
/media/dell/DATA/ovss/miniconda3/envs/ovss/lib/python3.10/site-packages/transformers/models/owlv2/processing_owlv2.py:213: FutureWarning: `post_process_object_detection` method is deprecated for OwlVitProcessor and will be removed in v5. Use `post_process_grounded_object_detection` instead.
  warnings.warn(
[25] mIoU=60.18
[50] mIoU=64.67
[75] mIoU=68.68
[100] mIoU=62.72
[125] mIoU=61.67
[150] mIoU=61.43
[175] mIoU=62.30
[200] mIoU=61.35
[225] mIoU=59.49
[250] mIoU=60.21
[275] mIoU=59.44
[300] mIoU=59.17
{"vocab": "perturbed_vocabs/voc21_de.json", "miou_gt": 59.17, "miou_all": 59.17}
/media/dell/DATA/ovss/miniconda3/envs/ovss/lib/python3.10/site-packages/segment_anything/build_sam.py:105: FutureWarning: You are using `torch.load` with `weights_only=False` (the current default value), which uses the default pickle module implicitly. It is possible to construct malicious pickle data which will execute arbitrary code during unpickling (See https://github.com/pytorch/pytorch/blob/main/SECURITY.md#untrusted-models for more details). In a future release, the default value for `weights_only` will be flipped to `True`. This limits the functions that could be executed during unpickling. Arbitrary objects will no longer be allowed to be loaded via this mode unless they are explicitly allowlisted by the user via `torch.serialization.add_safe_globals`. We recommend you start setting `weights_only=True` for any use case where you don't have full control of the loaded file. Please open an issue on GitHub for any issues related to this experimental feature.
  state_dict = torch.load(f)
/media/dell/DATA/ovss/miniconda3/envs/ovss/lib/python3.10/site-packages/transformers/models/owlv2/processing_owlv2.py:213: FutureWarning: `post_process_object_detection` method is deprecated for OwlVitProcessor and will be removed in v5. Use `post_process_grounded_object_detection` instead.
  warnings.warn(
[25] mIoU=33.64
[50] mIoU=31.12
[75] mIoU=32.41
[100] mIoU=32.71
[125] mIoU=32.05
[150] mIoU=32.03
[175] mIoU=30.62
[200] mIoU=31.36
[225] mIoU=31.98
[250] mIoU=32.46
[275] mIoU=33.29
[300] mIoU=32.96
{"vocab": "perturbed_vocabs/voc21_de_alt1.json", "miou_gt": 32.96, "miou_all": 32.96}
/media/dell/DATA/ovss/miniconda3/envs/ovss/lib/python3.10/site-packages/segment_anything/build_sam.py:105: FutureWarning: You are using `torch.load` with `weights_only=False` (the current default value), which uses the default pickle module implicitly. It is possible to construct malicious pickle data which will execute arbitrary code during unpickling (See https://github.com/pytorch/pytorch/blob/main/SECURITY.md#untrusted-models for more details). In a future release, the default value for `weights_only` will be flipped to `True`. This limits the functions that could be executed during unpickling. Arbitrary objects will no longer be allowed to be loaded via this mode unless they are explicitly allowlisted by the user via `torch.serialization.add_safe_globals`. We recommend you start setting `weights_only=True` for any use case where you don't have full control of the loaded file. Please open an issue on GitHub for any issues related to this experimental feature.
  state_dict = torch.load(f)
/media/dell/DATA/ovss/miniconda3/envs/ovss/lib/python3.10/site-packages/transformers/models/owlv2/processing_owlv2.py:213: FutureWarning: `post_process_object_detection` method is deprecated for OwlVitProcessor and will be removed in v5. Use `post_process_grounded_object_detection` instead.
  warnings.warn(
[25] mIoU=36.23
[50] mIoU=33.20
[75] mIoU=30.62
[100] mIoU=29.24
[125] mIoU=27.83
[150] mIoU=27.27
[175] mIoU=27.27
[200] mIoU=27.74
[225] mIoU=27.06
[250] mIoU=27.88
[275] mIoU=27.47
[300] mIoU=27.31
{"vocab": "perturbed_vocabs/voc21_de_alt2.json", "miou_gt": 27.31, "miou_all": 27.31}
ru 6.612464261218114
ru_alt1 5.058538315640376
ru_alt2 6.4587434532591
{
 "prereg": "prereg_w11_j3_translation.md",
 "lang": "ru",
 "ru": 6.612464261218114,
 "ru_alt1": 5.058538315640376,
 "ru_alt2": 6.4587434532591,
 "best_of_3": 10.38616452962972
}
/media/dell/DATA/ovss/miniconda3/envs/ovss/lib/python3.10/site-packages/segment_anything/build_sam.py:105: FutureWarning: You are using `torch.load` with `weights_only=False` (the current default value), which uses the default pickle module implicitly. It is possible to construct malicious pickle data which will execute arbitrary code during unpickling (See https://github.com/pytorch/pytorch/blob/main/SECURITY.md#untrusted-models for more details). In a future release, the default value for `weights_only` will be flipped to `True`. This limits the functions that could be executed during unpickling. Arbitrary objects will no longer be allowed to be loaded via this mode unless they are explicitly allowlisted by the user via `torch.serialization.add_safe_globals`. We recommend you start setting `weights_only=True` for any use case where you don't have full control of the loaded file. Please open an issue on GitHub for any issues related to this experimental feature.
  state_dict = torch.load(f)
/media/dell/DATA/ovss/miniconda3/envs/ovss/lib/python3.10/site-packages/transformers/models/owlv2/processing_owlv2.py:213: FutureWarning: `post_process_object_detection` method is deprecated for OwlVitProcessor and will be removed in v5. Use `post_process_grounded_object_detection` instead.
  warnings.warn(
[25] mIoU=4.04
[50] mIoU=3.84
[75] mIoU=5.16
[100] mIoU=4.01
[125] mIoU=4.06
[150] mIoU=3.98
[175] mIoU=3.92
[200] mIoU=4.39
[225] mIoU=4.30
[250] mIoU=4.35
[275] mIoU=4.35
[300] mIoU=4.25
{"vocab": "perturbed_vocabs/voc21_ru.json", "miou_gt": 4.25, "miou_all": 4.25}
/media/dell/DATA/ovss/miniconda3/envs/ovss/lib/python3.10/site-packages/segment_anything/build_sam.py:105: FutureWarning: You are using `torch.load` with `weights_only=False` (the current default value), which uses the default pickle module implicitly. It is possible to construct malicious pickle data which will execute arbitrary code during unpickling (See https://github.com/pytorch/pytorch/blob/main/SECURITY.md#untrusted-models for more details). In a future release, the default value for `weights_only` will be flipped to `True`. This limits the functions that could be executed during unpickling. Arbitrary objects will no longer be allowed to be loaded via this mode unless they are explicitly allowlisted by the user via `torch.serialization.add_safe_globals`. We recommend you start setting `weights_only=True` for any use case where you don't have full control of the loaded file. Please open an issue on GitHub for any issues related to this experimental feature.
  state_dict = torch.load(f)
/media/dell/DATA/ovss/miniconda3/envs/ovss/lib/python3.10/site-packages/transformers/models/owlv2/processing_owlv2.py:213: FutureWarning: `post_process_object_detection` method is deprecated for OwlVitProcessor and will be removed in v5. Use `post_process_grounded_object_detection` instead.
  warnings.warn(
[25] mIoU=3.91
[50] mIoU=3.82
[75] mIoU=3.50
[100] mIoU=3.44
[125] mIoU=3.51
[150] mIoU=3.50
[175] mIoU=3.52
[200] mIoU=3.52
[225] mIoU=3.49
[250] mIoU=3.45
[275] mIoU=3.48
[300] mIoU=3.47
{"vocab": "perturbed_vocabs/voc21_ru_alt1.json", "miou_gt": 3.47, "miou_all": 3.47}
/media/dell/DATA/ovss/miniconda3/envs/ovss/lib/python3.10/site-packages/segment_anything/build_sam.py:105: FutureWarning: You are using `torch.load` with `weights_only=False` (the current default value), which uses the default pickle module implicitly. It is possible to construct malicious pickle data which will execute arbitrary code during unpickling (See https://github.com/pytorch/pytorch/blob/main/SECURITY.md#untrusted-models for more details). In a future release, the default value for `weights_only` will be flipped to `True`. This limits the functions that could be executed during unpickling. Arbitrary objects will no longer be allowed to be loaded via this mode unless they are explicitly allowlisted by the user via `torch.serialization.add_safe_globals`. We recommend you start setting `weights_only=True` for any use case where you don't have full control of the loaded file. Please open an issue on GitHub for any issues related to this experimental feature.
  state_dict = torch.load(f)
/media/dell/DATA/ovss/miniconda3/envs/ovss/lib/python3.10/site-packages/transformers/models/owlv2/processing_owlv2.py:213: FutureWarning: `post_process_object_detection` method is deprecated for OwlVitProcessor and will be removed in v5. Use `post_process_grounded_object_detection` instead.
  warnings.warn(
[25] mIoU=7.46
[50] mIoU=6.58
[75] mIoU=5.33
[100] mIoU=5.93
[125] mIoU=5.97
[150] mIoU=5.48
[175] mIoU=5.50
[200] mIoU=6.23
[225] mIoU=6.03
[250] mIoU=6.23
[275] mIoU=5.98
[300] mIoU=5.90
{"vocab": "perturbed_vocabs/voc21_ru_alt2.json", "miou_gt": 5.9, "miou_all": 5.9}
w11j3_done
