08/02 15:38:46 - mmengine - INFO - 
------------------------------------------------------------
System environment:
    sys.platform: linux
    Python: 3.9.25 (main, Nov  3 2025, 22:33:05) [GCC 11.2.0]
    CUDA available: True
    numpy_random_seed: 1042077541
    GPU 0: NVIDIA GeForce RTX 3090
    CUDA_HOME: /usr/local/cuda
    NVCC: Cuda compilation tools, release 12.2, V12.2.140
    GCC: gcc (Ubuntu 9.4.0-1ubuntu1~20.04.2) 9.4.0
    PyTorch: 1.10.1+cu111
    PyTorch compiling details: PyTorch built with:
  - GCC 7.3
  - C++ Version: 201402
  - Intel(R) Math Kernel Library Version 2020.0.0 Product Build 20191122 for Intel(R) 64 architecture applications
  - Intel(R) MKL-DNN v2.2.3 (Git Hash 7336ca9f055cf1bfa13efb658fe15dc9b41f0740)
  - OpenMP 201511 (a.k.a. OpenMP 4.5)
  - LAPACK is enabled (usually provided by MKL)
  - NNPACK is enabled
  - CPU capability usage: AVX512
  - CUDA Runtime 11.1
  - NVCC architecture flags: -gencode;arch=compute_37,code=sm_37;-gencode;arch=compute_50,code=sm_50;-gencode;arch=compute_60,code=sm_60;-gencode;arch=compute_70,code=sm_70;-gencode;arch=compute_75,code=sm_75;-gencode;arch=compute_80,code=sm_80;-gencode;arch=compute_86,code=sm_86
  - CuDNN 8.0.5
  - Magma 2.5.2
  - Build settings: BLAS_INFO=mkl, BUILD_TYPE=Release, CUDA_VERSION=11.1, CUDNN_VERSION=8.0.5, CXX_COMPILER=/opt/rh/devtoolset-7/root/usr/bin/c++, CXX_FLAGS= -Wno-deprecated -fvisibility-inlines-hidden -DUSE_PTHREADPOOL -fopenmp -DNDEBUG -DUSE_KINETO -DUSE_FBGEMM -DUSE_QNNPACK -DUSE_PYTORCH_QNNPACK -DUSE_XNNPACK -DSYMBOLICATE_MOBILE_DEBUG_HANDLE -DEDGE_PROFILER_USE_KINETO -O2 -fPIC -Wno-narrowing -Wall -Wextra -Werror=return-type -Wno-missing-field-initializers -Wno-type-limits -Wno-array-bounds -Wno-unknown-pragmas -Wno-sign-compare -Wno-unused-parameter -Wno-unused-variable -Wno-unused-function -Wno-unused-result -Wno-unused-local-typedefs -Wno-strict-overflow -Wno-strict-aliasing -Wno-error=deprecated-declarations -Wno-stringop-overflow -Wno-psabi -Wno-error=pedantic -Wno-error=redundant-decls -Wno-error=old-style-cast -fdiagnostics-color=always -faligned-new -Wno-unused-but-set-variable -Wno-maybe-uninitialized -fno-math-errno -fno-trapping-math -Werror=format -Wno-stringop-overflow, LAPACK_INFO=mkl, PERF_WITH_AVX=1, PERF_WITH_AVX2=1, PERF_WITH_AVX512=1, TORCH_VERSION=1.10.1, USE_CUDA=ON, USE_CUDNN=ON, USE_EXCEPTION_PTR=1, USE_GFLAGS=OFF, USE_GLOG=OFF, USE_MKL=ON, USE_MKLDNN=ON, USE_MPI=OFF, USE_NCCL=ON, USE_NNPACK=ON, USE_OPENMP=ON, 

    TorchVision: 0.11.2+cu111
    OpenCV: 5.0.0
    MMEngine: 0.8.4

Runtime environment:
    cudnn_benchmark: True
    mp_cfg: {'mp_start_method': 'fork', 'opencv_num_threads': 0}
    dist_cfg: {'backend': 'nccl'}
    seed: 1042077541
    Distributed launcher: none
    Distributed training: False
    GPU number: 1
------------------------------------------------------------

08/02 15:38:46 - mmengine - INFO - Config:
data_root = './datasets/coco_object'
dataset_type = 'COCOObjectDataset'
default_hooks = dict(
    checkpoint=dict(by_epoch=False, interval=2000, type='CheckpointHook'),
    logger=dict(interval=50, log_metric_by_epoch=False, type='LoggerHook'),
    param_scheduler=dict(type='ParamSchedulerHook'),
    sampler_seed=dict(type='DistSamplerSeedHook'),
    timer=dict(type='IterTimerHook'),
    visualization=dict(interval=1, type='SegVisualizationHook'))
default_scope = 'mmseg'
env_cfg = dict(
    cudnn_benchmark=True,
    dist_cfg=dict(backend='nccl'),
    mp_cfg=dict(mp_start_method='fork', opencv_num_threads=0))
launcher = 'none'
load_from = None
log_level = 'INFO'
log_processor = dict(by_epoch=False)
model = dict(
    clip_path='ViT-B/16',
    logit_scale=55,
    multi_end_idx=10,
    multi_start_idx=3,
    name_path='./configs/cls_coco_object.txt',
    post_adjust_idx=3,
    pre_adjust_idx=8,
    prob_thd=0.35,
    res_cls=0.3,
    type='SCCLIPForSegmentation')
resume = False
test_cfg = dict(type='TestLoop')
test_dataloader = dict(
    batch_size=1,
    dataset=dict(
        data_prefix=dict(
            img_path='images/val2017', seg_map_path='annotations/val2017'),
        data_root='./datasets/coco_object',
        pipeline=[
            dict(type='LoadImageFromFile'),
            dict(keep_ratio=True, scale=(
                2048,
                336,
            ), type='Resize'),
            dict(type='LoadAnnotations'),
            dict(type='PackSegInputs'),
        ],
        reduce_zero_label=False,
        type='COCOObjectDataset'),
    num_workers=4,
    persistent_workers=True,
    sampler=dict(shuffle=False, type='DefaultSampler'))
test_evaluator = dict(
    iou_metrics=[
        'mIoU',
    ], type='IoUMetric')
test_pipeline = [
    dict(type='LoadImageFromFile'),
    dict(keep_ratio=True, scale=(
        2048,
        336,
    ), type='Resize'),
    dict(type='LoadAnnotations'),
    dict(type='PackSegInputs'),
]
vis_backends = [
    dict(type='LocalVisBackend'),
]
visualizer = dict(
    name='visualizer',
    type='SegLocalVisualizer',
    vis_backends=[
        dict(type='LocalVisBackend'),
    ])
work_dir = '/media/dell/DATA/ovss/runs/w16d_rand'

08/02 15:38:54 - mmengine - INFO - Distributed training is not used, all SyncBatchNorm (SyncBN) layers in the model will be automatically reverted to BatchNormXd layers if they are used.
/media/dell/DATA/ovss/miniconda3/envs/scclip/lib/python3.9/site-packages/mmseg/engine/hooks/visualization_hook.py:61: UserWarning: The draw is False, it means that the hook for visualization will not take effect. The results will NOT be visualized or stored.
  warnings.warn('The draw is False, it means that the '
08/02 15:38:54 - mmengine - INFO - Hooks will be executed in the following order:
before_run:
(VERY_HIGH   ) RuntimeInfoHook                    
(BELOW_NORMAL) LoggerHook                         
 -------------------- 
before_train:
(VERY_HIGH   ) RuntimeInfoHook                    
(NORMAL      ) IterTimerHook                      
(VERY_LOW    ) CheckpointHook                     
 -------------------- 
before_train_epoch:
(VERY_HIGH   ) RuntimeInfoHook                    
(NORMAL      ) IterTimerHook                      
(NORMAL      ) DistSamplerSeedHook                
 -------------------- 
before_train_iter:
(VERY_HIGH   ) RuntimeInfoHook                    
(NORMAL      ) IterTimerHook                      
 -------------------- 
after_train_iter:
(VERY_HIGH   ) RuntimeInfoHook                    
(NORMAL      ) IterTimerHook                      
(NORMAL      ) SegVisualizationHook               
(BELOW_NORMAL) LoggerHook                         
(LOW         ) ParamSchedulerHook                 
(VERY_LOW    ) CheckpointHook                     
 -------------------- 
after_train_epoch:
(NORMAL      ) IterTimerHook                      
(LOW         ) ParamSchedulerHook                 
(VERY_LOW    ) CheckpointHook                     
 -------------------- 
before_val:
(VERY_HIGH   ) RuntimeInfoHook                    
 -------------------- 
before_val_epoch:
(NORMAL      ) IterTimerHook                      
 -------------------- 
before_val_iter:
(NORMAL      ) IterTimerHook                      
 -------------------- 
after_val_iter:
(NORMAL      ) IterTimerHook                      
(NORMAL      ) SegVisualizationHook               
(BELOW_NORMAL) LoggerHook                         
 -------------------- 
after_val_epoch:
(VERY_HIGH   ) RuntimeInfoHook                    
(NORMAL      ) IterTimerHook                      
(BELOW_NORMAL) LoggerHook                         
(LOW         ) ParamSchedulerHook                 
(VERY_LOW    ) CheckpointHook                     
 -------------------- 
after_val:
(VERY_HIGH   ) RuntimeInfoHook                    
 -------------------- 
after_train:
(VERY_HIGH   ) RuntimeInfoHook                    
(VERY_LOW    ) CheckpointHook                     
 -------------------- 
before_test:
(VERY_HIGH   ) RuntimeInfoHook                    
 -------------------- 
before_test_epoch:
(NORMAL      ) IterTimerHook                      
 -------------------- 
before_test_iter:
(NORMAL      ) IterTimerHook                      
 -------------------- 
after_test_iter:
(NORMAL      ) IterTimerHook                      
(NORMAL      ) SegVisualizationHook               
(BELOW_NORMAL) LoggerHook                         
 -------------------- 
after_test_epoch:
(VERY_HIGH   ) RuntimeInfoHook                    
(NORMAL      ) IterTimerHook                      
(BELOW_NORMAL) LoggerHook                         
 -------------------- 
after_test:
(VERY_HIGH   ) RuntimeInfoHook                    
 -------------------- 
after_run:
(BELOW_NORMAL) LoggerHook                         
 -------------------- 
08/02 15:38:54 - mmengine - WARNING - The prefix is not set in metric class IoUMetric.
08/02 15:38:57 - mmengine - INFO - Iter(test) [  50/5000]    eta: 0:04:47  time: 0.0523  data_time: 0.0011  memory: 1012  
08/02 15:39:00 - mmengine - INFO - Iter(test) [ 100/5000]    eta: 0:04:40  time: 0.0523  data_time: 0.0011  memory: 1032  
08/02 15:39:02 - mmengine - INFO - Iter(test) [ 150/5000]    eta: 0:04:34  time: 0.0558  data_time: 0.0010  memory: 975  
08/02 15:39:05 - mmengine - INFO - Iter(test) [ 200/5000]    eta: 0:04:29  time: 0.0558  data_time: 0.0010  memory: 1032  
08/02 15:39:08 - mmengine - INFO - Iter(test) [ 250/5000]    eta: 0:04:24  time: 0.0555  data_time: 0.0011  memory: 995  
08/02 15:39:11 - mmengine - INFO - Iter(test) [ 300/5000]    eta: 0:04:21  time: 0.0538  data_time: 0.0010  memory: 1032  
08/02 15:39:13 - mmengine - INFO - Iter(test) [ 350/5000]    eta: 0:04:18  time: 0.0557  data_time: 0.0010  memory: 975  
08/02 15:39:16 - mmengine - INFO - Iter(test) [ 400/5000]    eta: 0:04:16  time: 0.0622  data_time: 0.0010  memory: 1032  
08/02 15:39:19 - mmengine - INFO - Iter(test) [ 450/5000]    eta: 0:04:13  time: 0.0534  data_time: 0.0010  memory: 1032  
08/02 15:39:22 - mmengine - INFO - Iter(test) [ 500/5000]    eta: 0:04:11  time: 0.0531  data_time: 0.0010  memory: 975  
08/02 15:39:25 - mmengine - INFO - Iter(test) [ 550/5000]    eta: 0:04:08  time: 0.0550  data_time: 0.0011  memory: 1026  
08/02 15:39:27 - mmengine - INFO - Iter(test) [ 600/5000]    eta: 0:04:05  time: 0.0575  data_time: 0.0010  memory: 975  
08/02 15:39:30 - mmengine - INFO - Iter(test) [ 650/5000]    eta: 0:04:02  time: 0.0531  data_time: 0.0011  memory: 975  
08/02 15:39:33 - mmengine - INFO - Iter(test) [ 700/5000]    eta: 0:03:59  time: 0.0557  data_time: 0.0010  memory: 1032  
08/02 15:39:36 - mmengine - INFO - Iter(test) [ 750/5000]    eta: 0:03:56  time: 0.0530  data_time: 0.0010  memory: 990  
08/02 15:39:39 - mmengine - INFO - Iter(test) [ 800/5000]    eta: 0:03:54  time: 0.0545  data_time: 0.0010  memory: 1032  
08/02 15:39:41 - mmengine - INFO - Iter(test) [ 850/5000]    eta: 0:03:51  time: 0.0563  data_time: 0.0011  memory: 975  
08/02 15:39:44 - mmengine - INFO - Iter(test) [ 900/5000]    eta: 0:03:48  time: 0.0546  data_time: 0.0010  memory: 975  
08/02 15:39:47 - mmengine - INFO - Iter(test) [ 950/5000]    eta: 0:03:45  time: 0.0570  data_time: 0.0010  memory: 1032  
08/02 15:39:50 - mmengine - INFO - Iter(test) [1000/5000]    eta: 0:03:42  time: 0.0561  data_time: 0.0010  memory: 1025  
08/02 15:39:52 - mmengine - INFO - Iter(test) [1050/5000]    eta: 0:03:39  time: 0.0574  data_time: 0.0010  memory: 975  
08/02 15:39:55 - mmengine - INFO - Iter(test) [1100/5000]    eta: 0:03:36  time: 0.0526  data_time: 0.0011  memory: 975  
08/02 15:39:58 - mmengine - INFO - Iter(test) [1150/5000]    eta: 0:03:34  time: 0.0509  data_time: 0.0010  memory: 1031  
08/02 15:40:01 - mmengine - INFO - Iter(test) [1200/5000]    eta: 0:03:31  time: 0.0593  data_time: 0.0011  memory: 975  
08/02 15:40:04 - mmengine - INFO - Iter(test) [1250/5000]    eta: 0:03:29  time: 0.0598  data_time: 0.0010  memory: 975  
08/02 15:40:07 - mmengine - INFO - Iter(test) [1300/5000]    eta: 0:03:26  time: 0.0561  data_time: 0.0010  memory: 1030  
08/02 15:40:09 - mmengine - INFO - Iter(test) [1350/5000]    eta: 0:03:23  time: 0.0533  data_time: 0.0010  memory: 1032  
08/02 15:40:12 - mmengine - INFO - Iter(test) [1400/5000]    eta: 0:03:20  time: 0.0541  data_time: 0.0011  memory: 1032  
08/02 15:40:15 - mmengine - INFO - Iter(test) [1450/5000]    eta: 0:03:17  time: 0.0543  data_time: 0.0011  memory: 994  
08/02 15:40:17 - mmengine - INFO - Iter(test) [1500/5000]    eta: 0:03:14  time: 0.0529  data_time: 0.0011  memory: 975  
08/02 15:40:20 - mmengine - INFO - Iter(test) [1550/5000]    eta: 0:03:11  time: 0.0544  data_time: 0.0010  memory: 982  
08/02 15:40:23 - mmengine - INFO - Iter(test) [1600/5000]    eta: 0:03:08  time: 0.0571  data_time: 0.0011  memory: 1024  
08/02 15:40:26 - mmengine - INFO - Iter(test) [1650/5000]    eta: 0:03:05  time: 0.0549  data_time: 0.0011  memory: 999  
08/02 15:40:29 - mmengine - INFO - Iter(test) [1700/5000]    eta: 0:03:03  time: 0.0581  data_time: 0.0010  memory: 975  
08/02 15:40:31 - mmengine - INFO - Iter(test) [1750/5000]    eta: 0:03:00  time: 0.0565  data_time: 0.0010  memory: 1032  
08/02 15:40:34 - mmengine - INFO - Iter(test) [1800/5000]    eta: 0:02:57  time: 0.0569  data_time: 0.0010  memory: 975  
08/02 15:40:37 - mmengine - INFO - Iter(test) [1850/5000]    eta: 0:02:54  time: 0.0506  data_time: 0.0010  memory: 975  
08/02 15:40:40 - mmengine - INFO - Iter(test) [1900/5000]    eta: 0:02:52  time: 0.0545  data_time: 0.0011  memory: 934  
08/02 15:40:42 - mmengine - INFO - Iter(test) [1950/5000]    eta: 0:02:49  time: 0.0588  data_time: 0.0010  memory: 1032  
08/02 15:40:45 - mmengine - INFO - Iter(test) [2000/5000]    eta: 0:02:46  time: 0.0534  data_time: 0.0010  memory: 926  
08/02 15:40:48 - mmengine - INFO - Iter(test) [2050/5000]    eta: 0:02:43  time: 0.0471  data_time: 0.0010  memory: 1032  
08/02 15:40:51 - mmengine - INFO - Iter(test) [2100/5000]    eta: 0:02:40  time: 0.0533  data_time: 0.0010  memory: 975  
08/02 15:40:53 - mmengine - INFO - Iter(test) [2150/5000]    eta: 0:02:38  time: 0.0527  data_time: 0.0010  memory: 1032  
08/02 15:40:56 - mmengine - INFO - Iter(test) [2200/5000]    eta: 0:02:35  time: 0.0578  data_time: 0.0011  memory: 1032  
08/02 15:40:59 - mmengine - INFO - Iter(test) [2250/5000]    eta: 0:02:32  time: 0.0589  data_time: 0.0010  memory: 860  
08/02 15:41:02 - mmengine - INFO - Iter(test) [2300/5000]    eta: 0:02:29  time: 0.0501  data_time: 0.0011  memory: 1000  
08/02 15:41:04 - mmengine - INFO - Iter(test) [2350/5000]    eta: 0:02:26  time: 0.0608  data_time: 0.0010  memory: 1026  
08/02 15:41:07 - mmengine - INFO - Iter(test) [2400/5000]    eta: 0:02:24  time: 0.0584  data_time: 0.0011  memory: 1025  
08/02 15:41:10 - mmengine - INFO - Iter(test) [2450/5000]    eta: 0:02:21  time: 0.0556  data_time: 0.0010  memory: 983  
08/02 15:41:13 - mmengine - INFO - Iter(test) [2500/5000]    eta: 0:02:18  time: 0.0584  data_time: 0.0010  memory: 1032  
08/02 15:41:15 - mmengine - INFO - Iter(test) [2550/5000]    eta: 0:02:15  time: 0.0563  data_time: 0.0010  memory: 1032  
08/02 15:41:18 - mmengine - INFO - Iter(test) [2600/5000]    eta: 0:02:13  time: 0.0521  data_time: 0.0010  memory: 1032  
08/02 15:41:21 - mmengine - INFO - Iter(test) [2650/5000]    eta: 0:02:10  time: 0.0549  data_time: 0.0010  memory: 975  
08/02 15:41:24 - mmengine - INFO - Iter(test) [2700/5000]    eta: 0:02:07  time: 0.0562  data_time: 0.0010  memory: 978  
08/02 15:41:27 - mmengine - INFO - Iter(test) [2750/5000]    eta: 0:02:04  time: 0.0519  data_time: 0.0010  memory: 1031  
08/02 15:41:29 - mmengine - INFO - Iter(test) [2800/5000]    eta: 0:02:01  time: 0.0547  data_time: 0.0011  memory: 1032  
08/02 15:41:32 - mmengine - INFO - Iter(test) [2850/5000]    eta: 0:01:59  time: 0.0556  data_time: 0.0011  memory: 998  
08/02 15:41:35 - mmengine - INFO - Iter(test) [2900/5000]    eta: 0:01:56  time: 0.0585  data_time: 0.0011  memory: 996  
08/02 15:41:38 - mmengine - INFO - Iter(test) [2950/5000]    eta: 0:01:53  time: 0.0507  data_time: 0.0010  memory: 1027  
08/02 15:41:41 - mmengine - INFO - Iter(test) [3000/5000]    eta: 0:01:51  time: 0.0590  data_time: 0.0010  memory: 1032  
08/02 15:41:43 - mmengine - INFO - Iter(test) [3050/5000]    eta: 0:01:48  time: 0.0549  data_time: 0.0010  memory: 977  
08/02 15:41:46 - mmengine - INFO - Iter(test) [3100/5000]    eta: 0:01:45  time: 0.0498  data_time: 0.0010  memory: 863  
08/02 15:41:49 - mmengine - INFO - Iter(test) [3150/5000]    eta: 0:01:42  time: 0.0549  data_time: 0.0010  memory: 1032  
08/02 15:41:52 - mmengine - INFO - Iter(test) [3200/5000]    eta: 0:01:39  time: 0.0528  data_time: 0.0010  memory: 992  
08/02 15:41:55 - mmengine - INFO - Iter(test) [3250/5000]    eta: 0:01:37  time: 0.0628  data_time: 0.0010  memory: 1030  
08/02 15:41:57 - mmengine - INFO - Iter(test) [3300/5000]    eta: 0:01:34  time: 0.0558  data_time: 0.0011  memory: 911  
08/02 15:42:00 - mmengine - INFO - Iter(test) [3350/5000]    eta: 0:01:31  time: 0.0535  data_time: 0.0010  memory: 977  
08/02 15:42:03 - mmengine - INFO - Iter(test) [3400/5000]    eta: 0:01:28  time: 0.0523  data_time: 0.0011  memory: 1032  
08/02 15:42:06 - mmengine - INFO - Iter(test) [3450/5000]    eta: 0:01:26  time: 0.0544  data_time: 0.0010  memory: 1032  
08/02 15:42:08 - mmengine - INFO - Iter(test) [3500/5000]    eta: 0:01:23  time: 0.0544  data_time: 0.0010  memory: 1032  
08/02 15:42:11 - mmengine - INFO - Iter(test) [3550/5000]    eta: 0:01:20  time: 0.0567  data_time: 0.0011  memory: 1013  
08/02 15:42:14 - mmengine - INFO - Iter(test) [3600/5000]    eta: 0:01:17  time: 0.0532  data_time: 0.0010  memory: 975  
08/02 15:42:17 - mmengine - INFO - Iter(test) [3650/5000]    eta: 0:01:14  time: 0.0557  data_time: 0.0010  memory: 1032  
08/02 15:42:20 - mmengine - INFO - Iter(test) [3700/5000]    eta: 0:01:12  time: 0.0576  data_time: 0.0010  memory: 1032  
08/02 15:42:22 - mmengine - INFO - Iter(test) [3750/5000]    eta: 0:01:09  time: 0.0538  data_time: 0.0010  memory: 1032  
08/02 15:42:25 - mmengine - INFO - Iter(test) [3800/5000]    eta: 0:01:06  time: 0.0555  data_time: 0.0011  memory: 942  
08/02 15:42:28 - mmengine - INFO - Iter(test) [3850/5000]    eta: 0:01:03  time: 0.0541  data_time: 0.0010  memory: 1032  
08/02 15:42:31 - mmengine - INFO - Iter(test) [3900/5000]    eta: 0:01:01  time: 0.0564  data_time: 0.0010  memory: 1031  
08/02 15:42:34 - mmengine - INFO - Iter(test) [3950/5000]    eta: 0:00:58  time: 0.0566  data_time: 0.0010  memory: 1032  
08/02 15:42:36 - mmengine - INFO - Iter(test) [4000/5000]    eta: 0:00:55  time: 0.0562  data_time: 0.0010  memory: 994  
08/02 15:42:39 - mmengine - INFO - Iter(test) [4050/5000]    eta: 0:00:52  time: 0.0558  data_time: 0.0011  memory: 975  
08/02 15:42:42 - mmengine - INFO - Iter(test) [4100/5000]    eta: 0:00:50  time: 0.0585  data_time: 0.0011  memory: 975  
08/02 15:42:45 - mmengine - INFO - Iter(test) [4150/5000]    eta: 0:00:47  time: 0.0508  data_time: 0.0011  memory: 1025  
08/02 15:42:47 - mmengine - INFO - Iter(test) [4200/5000]    eta: 0:00:44  time: 0.0543  data_time: 0.0010  memory: 1032  
08/02 15:42:50 - mmengine - INFO - Iter(test) [4250/5000]    eta: 0:00:41  time: 0.0545  data_time: 0.0011  memory: 1013  
08/02 15:42:53 - mmengine - INFO - Iter(test) [4300/5000]    eta: 0:00:38  time: 0.0581  data_time: 0.0011  memory: 1032  
08/02 15:42:56 - mmengine - INFO - Iter(test) [4350/5000]    eta: 0:00:36  time: 0.0594  data_time: 0.0010  memory: 987  
08/02 15:42:59 - mmengine - INFO - Iter(test) [4400/5000]    eta: 0:00:33  time: 0.0607  data_time: 0.0010  memory: 1032  
08/02 15:43:02 - mmengine - INFO - Iter(test) [4450/5000]    eta: 0:00:30  time: 0.0612  data_time: 0.0011  memory: 1032  
08/02 15:43:04 - mmengine - INFO - Iter(test) [4500/5000]    eta: 0:00:27  time: 0.0586  data_time: 0.0011  memory: 1032  
08/02 15:43:07 - mmengine - INFO - Iter(test) [4550/5000]    eta: 0:00:25  time: 0.0586  data_time: 0.0010  memory: 1032  
08/02 15:43:10 - mmengine - INFO - Iter(test) [4600/5000]    eta: 0:00:22  time: 0.0595  data_time: 0.0010  memory: 1032  
08/02 15:43:13 - mmengine - INFO - Iter(test) [4650/5000]    eta: 0:00:19  time: 0.0575  data_time: 0.0011  memory: 1032  
08/02 15:43:16 - mmengine - INFO - Iter(test) [4700/5000]    eta: 0:00:16  time: 0.0594  data_time: 0.0011  memory: 1032  
08/02 15:43:18 - mmengine - INFO - Iter(test) [4750/5000]    eta: 0:00:13  time: 0.0558  data_time: 0.0011  memory: 1032  
08/02 15:43:21 - mmengine - INFO - Iter(test) [4800/5000]    eta: 0:00:11  time: 0.0567  data_time: 0.0011  memory: 901  
08/02 15:43:24 - mmengine - INFO - Iter(test) [4850/5000]    eta: 0:00:08  time: 0.0602  data_time: 0.0011  memory: 1032  
08/02 15:43:27 - mmengine - INFO - Iter(test) [4900/5000]    eta: 0:00:05  time: 0.0537  data_time: 0.0010  memory: 962  
08/02 15:43:30 - mmengine - INFO - Iter(test) [4950/5000]    eta: 0:00:02  time: 0.0560  data_time: 0.0010  memory: 975  
08/02 15:43:32 - mmengine - INFO - Iter(test) [5000/5000]    eta: 0:00:00  time: 0.0570  data_time: 0.0010  memory: 987  
08/02 15:43:33 - mmengine - INFO - per class results:
08/02 15:43:33 - mmengine - INFO - 
+----------------+-------+-------+
|     Class      |  IoU  |  Acc  |
+----------------+-------+-------+
|   background   |  75.7 | 92.01 |
|     person     |  0.21 |  0.21 |
|    bicycle     | 49.09 | 75.99 |
|      car       | 46.34 | 64.33 |
|   motorcycle   | 63.94 | 74.63 |
|    airplane    | 58.41 | 80.99 |
|      bus       | 61.42 | 75.57 |
|     train      | 51.25 | 67.06 |
|     truck      | 35.76 | 43.83 |
|      boat      | 40.52 | 75.61 |
| traffic light  | 35.22 | 74.56 |
|  fire hydrant  | 63.51 | 76.83 |
|   stop sign    | 52.88 | 87.89 |
| parking meter  | 39.14 | 42.38 |
|     bench      | 32.28 |  37.7 |
|      bird      | 54.84 |  62.5 |
|      cat       | 75.67 |  87.4 |
|      dog       | 63.78 | 72.12 |
|     horse      | 66.36 |  89.8 |
|     sheep      | 70.22 | 91.92 |
|      cow       | 68.44 | 75.99 |
|    elephant    | 79.05 | 86.99 |
|      bear      | 81.26 | 87.03 |
|     zebra      |  74.1 |  93.0 |
|    giraffe     | 70.03 | 90.58 |
|    backpack    | 19.72 | 66.19 |
|    umbrella    | 57.38 | 72.48 |
|    handbag     | 19.85 | 25.96 |
|      tie       |  1.9  | 49.46 |
|    suitcase    | 44.27 | 50.89 |
|    frisbee     | 55.56 | 66.57 |
|      skis      |  4.34 |  87.4 |
|   snowboard    |  4.05 | 10.43 |
|  sports ball   | 36.77 | 66.06 |
|      kite      | 33.06 | 61.18 |
|  baseball bat  |  17.5 | 61.09 |
| baseball glove | 17.74 | 88.25 |
|   skateboard   |  18.6 | 51.58 |
|   surfboard    | 12.81 | 68.57 |
| tennis racket  | 22.67 | 81.54 |
|     bottle     | 33.52 | 46.69 |
|   wine glass   | 32.12 | 74.32 |
|      cup       | 17.33 | 19.36 |
|      fork      | 26.04 |  52.2 |
|     knife      |  8.8  |  9.76 |
|     spoon      | 24.39 | 37.18 |
|      bowl      |  9.25 |  10.2 |
|     banana     | 50.77 | 81.35 |
|     apple      | 39.91 | 55.96 |
|    sandwich    | 42.36 | 67.13 |
|     orange     | 29.85 |  85.6 |
|    broccoli    | 38.99 | 73.93 |
|     carrot     | 47.65 | 57.24 |
|    hot dog     | 42.29 | 52.61 |
|     pizza      | 56.51 | 80.29 |
|     donut      | 60.03 | 88.58 |
|      cake      | 47.62 | 59.23 |
|     chair      | 18.49 |  20.5 |
|     couch      | 49.16 | 66.27 |
|  potted plant  | 19.15 | 43.82 |
|      bed       | 50.34 | 59.85 |
|  dining table  | 16.17 | 18.91 |
|     toilet     | 32.13 | 68.64 |
|       tv       | 16.44 | 17.13 |
|     laptop     | 42.58 | 51.36 |
|     mouse      | 19.41 | 19.77 |
|     remote     | 26.43 | 33.21 |
|    keyboard    | 41.64 |  46.3 |
|   cell phone   | 16.79 | 18.45 |
|   microwave    | 22.75 | 25.14 |
|      oven      | 30.16 | 42.76 |
|    toaster     | 26.66 | 43.88 |
|      sink      | 33.58 | 56.99 |
|  refrigerator  | 34.61 | 67.76 |
|      book      |  9.56 |  9.78 |
|     clock      | 52.85 | 77.41 |
|      vase      | 17.65 | 19.63 |
|    scissors    | 19.53 | 20.31 |
|   teddy bear   | 60.74 | 69.06 |
|   hair drier   |  3.76 | 24.79 |
|   toothbrush   | 31.36 | 57.49 |
+----------------+-------+-------+
08/02 15:43:33 - mmengine - INFO - Iter(test) [5000/5000]    aAcc: 76.6900  mIoU: 37.9600  mAcc: 57.3500  data_time: 0.0011  time: 0.0557
