08/02 15:24:17 - mmengine - INFO - 
------------------------------------------------------------
System environment:
    sys.platform: linux
    Python: 3.9.25 (main, Nov  3 2025, 22:33:05) [GCC 11.2.0]
    CUDA available: True
    numpy_random_seed: 1189798835
    GPU 0: NVIDIA GeForce RTX 3090
    CUDA_HOME: /usr/local/cuda
    NVCC: Cuda compilation tools, release 12.2, V12.2.140
    GCC: gcc (Ubuntu 9.4.0-1ubuntu1~20.04.2) 9.4.0
    PyTorch: 1.10.1+cu111
    PyTorch compiling details: PyTorch built with:
  - GCC 7.3
  - C++ Version: 201402
  - Intel(R) Math Kernel Library Version 2020.0.0 Product Build 20191122 for Intel(R) 64 architecture applications
  - Intel(R) MKL-DNN v2.2.3 (Git Hash 7336ca9f055cf1bfa13efb658fe15dc9b41f0740)
  - OpenMP 201511 (a.k.a. OpenMP 4.5)
  - LAPACK is enabled (usually provided by MKL)
  - NNPACK is enabled
  - CPU capability usage: AVX512
  - CUDA Runtime 11.1
  - NVCC architecture flags: -gencode;arch=compute_37,code=sm_37;-gencode;arch=compute_50,code=sm_50;-gencode;arch=compute_60,code=sm_60;-gencode;arch=compute_70,code=sm_70;-gencode;arch=compute_75,code=sm_75;-gencode;arch=compute_80,code=sm_80;-gencode;arch=compute_86,code=sm_86
  - CuDNN 8.0.5
  - Magma 2.5.2
  - Build settings: BLAS_INFO=mkl, BUILD_TYPE=Release, CUDA_VERSION=11.1, CUDNN_VERSION=8.0.5, CXX_COMPILER=/opt/rh/devtoolset-7/root/usr/bin/c++, CXX_FLAGS= -Wno-deprecated -fvisibility-inlines-hidden -DUSE_PTHREADPOOL -fopenmp -DNDEBUG -DUSE_KINETO -DUSE_FBGEMM -DUSE_QNNPACK -DUSE_PYTORCH_QNNPACK -DUSE_XNNPACK -DSYMBOLICATE_MOBILE_DEBUG_HANDLE -DEDGE_PROFILER_USE_KINETO -O2 -fPIC -Wno-narrowing -Wall -Wextra -Werror=return-type -Wno-missing-field-initializers -Wno-type-limits -Wno-array-bounds -Wno-unknown-pragmas -Wno-sign-compare -Wno-unused-parameter -Wno-unused-variable -Wno-unused-function -Wno-unused-result -Wno-unused-local-typedefs -Wno-strict-overflow -Wno-strict-aliasing -Wno-error=deprecated-declarations -Wno-stringop-overflow -Wno-psabi -Wno-error=pedantic -Wno-error=redundant-decls -Wno-error=old-style-cast -fdiagnostics-color=always -faligned-new -Wno-unused-but-set-variable -Wno-maybe-uninitialized -fno-math-errno -fno-trapping-math -Werror=format -Wno-stringop-overflow, LAPACK_INFO=mkl, PERF_WITH_AVX=1, PERF_WITH_AVX2=1, PERF_WITH_AVX512=1, TORCH_VERSION=1.10.1, USE_CUDA=ON, USE_CUDNN=ON, USE_EXCEPTION_PTR=1, USE_GFLAGS=OFF, USE_GLOG=OFF, USE_MKL=ON, USE_MKLDNN=ON, USE_MPI=OFF, USE_NCCL=ON, USE_NNPACK=ON, USE_OPENMP=ON, 

    TorchVision: 0.11.2+cu111
    OpenCV: 5.0.0
    MMEngine: 0.8.4

Runtime environment:
    cudnn_benchmark: True
    mp_cfg: {'mp_start_method': 'fork', 'opencv_num_threads': 0}
    dist_cfg: {'backend': 'nccl'}
    seed: 1189798835
    Distributed launcher: none
    Distributed training: False
    GPU number: 1
------------------------------------------------------------

08/02 15:24:17 - mmengine - INFO - Config:
data_root = './datasets/coco_object'
dataset_type = 'COCOObjectDataset'
default_hooks = dict(
    checkpoint=dict(by_epoch=False, interval=2000, type='CheckpointHook'),
    logger=dict(interval=50, log_metric_by_epoch=False, type='LoggerHook'),
    param_scheduler=dict(type='ParamSchedulerHook'),
    sampler_seed=dict(type='DistSamplerSeedHook'),
    timer=dict(type='IterTimerHook'),
    visualization=dict(interval=1, type='SegVisualizationHook'))
default_scope = 'mmseg'
env_cfg = dict(
    cudnn_benchmark=True,
    dist_cfg=dict(backend='nccl'),
    mp_cfg=dict(mp_start_method='fork', opencv_num_threads=0))
launcher = 'none'
load_from = None
log_level = 'INFO'
log_processor = dict(by_epoch=False)
model = dict(
    clip_path='ViT-B/16',
    logit_scale=55,
    multi_end_idx=10,
    multi_start_idx=3,
    name_path='./configs/cls_coco_object.txt',
    post_adjust_idx=3,
    pre_adjust_idx=8,
    prob_thd=0.35,
    res_cls=0.3,
    type='SCCLIPForSegmentation')
resume = False
test_cfg = dict(type='TestLoop')
test_dataloader = dict(
    batch_size=1,
    dataset=dict(
        data_prefix=dict(
            img_path='images/val2017', seg_map_path='annotations/val2017'),
        data_root='./datasets/coco_object',
        pipeline=[
            dict(type='LoadImageFromFile'),
            dict(keep_ratio=True, scale=(
                2048,
                336,
            ), type='Resize'),
            dict(type='LoadAnnotations'),
            dict(type='PackSegInputs'),
        ],
        reduce_zero_label=False,
        type='COCOObjectDataset'),
    num_workers=4,
    persistent_workers=True,
    sampler=dict(shuffle=False, type='DefaultSampler'))
test_evaluator = dict(
    iou_metrics=[
        'mIoU',
    ], type='IoUMetric')
test_pipeline = [
    dict(type='LoadImageFromFile'),
    dict(keep_ratio=True, scale=(
        2048,
        336,
    ), type='Resize'),
    dict(type='LoadAnnotations'),
    dict(type='PackSegInputs'),
]
vis_backends = [
    dict(type='LocalVisBackend'),
]
visualizer = dict(
    name='visualizer',
    type='SegLocalVisualizer',
    vis_backends=[
        dict(type='LocalVisBackend'),
    ])
work_dir = '/media/dell/DATA/ovss/runs/w16d_syn100'

08/02 15:24:23 - mmengine - INFO - Distributed training is not used, all SyncBatchNorm (SyncBN) layers in the model will be automatically reverted to BatchNormXd layers if they are used.
/media/dell/DATA/ovss/miniconda3/envs/scclip/lib/python3.9/site-packages/mmseg/engine/hooks/visualization_hook.py:61: UserWarning: The draw is False, it means that the hook for visualization will not take effect. The results will NOT be visualized or stored.
  warnings.warn('The draw is False, it means that the '
08/02 15:24:23 - mmengine - INFO - Hooks will be executed in the following order:
before_run:
(VERY_HIGH   ) RuntimeInfoHook                    
(BELOW_NORMAL) LoggerHook                         
 -------------------- 
before_train:
(VERY_HIGH   ) RuntimeInfoHook                    
(NORMAL      ) IterTimerHook                      
(VERY_LOW    ) CheckpointHook                     
 -------------------- 
before_train_epoch:
(VERY_HIGH   ) RuntimeInfoHook                    
(NORMAL      ) IterTimerHook                      
(NORMAL      ) DistSamplerSeedHook                
 -------------------- 
before_train_iter:
(VERY_HIGH   ) RuntimeInfoHook                    
(NORMAL      ) IterTimerHook                      
 -------------------- 
after_train_iter:
(VERY_HIGH   ) RuntimeInfoHook                    
(NORMAL      ) IterTimerHook                      
(NORMAL      ) SegVisualizationHook               
(BELOW_NORMAL) LoggerHook                         
(LOW         ) ParamSchedulerHook                 
(VERY_LOW    ) CheckpointHook                     
 -------------------- 
after_train_epoch:
(NORMAL      ) IterTimerHook                      
(LOW         ) ParamSchedulerHook                 
(VERY_LOW    ) CheckpointHook                     
 -------------------- 
before_val:
(VERY_HIGH   ) RuntimeInfoHook                    
 -------------------- 
before_val_epoch:
(NORMAL      ) IterTimerHook                      
 -------------------- 
before_val_iter:
(NORMAL      ) IterTimerHook                      
 -------------------- 
after_val_iter:
(NORMAL      ) IterTimerHook                      
(NORMAL      ) SegVisualizationHook               
(BELOW_NORMAL) LoggerHook                         
 -------------------- 
after_val_epoch:
(VERY_HIGH   ) RuntimeInfoHook                    
(NORMAL      ) IterTimerHook                      
(BELOW_NORMAL) LoggerHook                         
(LOW         ) ParamSchedulerHook                 
(VERY_LOW    ) CheckpointHook                     
 -------------------- 
after_val:
(VERY_HIGH   ) RuntimeInfoHook                    
 -------------------- 
after_train:
(VERY_HIGH   ) RuntimeInfoHook                    
(VERY_LOW    ) CheckpointHook                     
 -------------------- 
before_test:
(VERY_HIGH   ) RuntimeInfoHook                    
 -------------------- 
before_test_epoch:
(NORMAL      ) IterTimerHook                      
 -------------------- 
before_test_iter:
(NORMAL      ) IterTimerHook                      
 -------------------- 
after_test_iter:
(NORMAL      ) IterTimerHook                      
(NORMAL      ) SegVisualizationHook               
(BELOW_NORMAL) LoggerHook                         
 -------------------- 
after_test_epoch:
(VERY_HIGH   ) RuntimeInfoHook                    
(NORMAL      ) IterTimerHook                      
(BELOW_NORMAL) LoggerHook                         
 -------------------- 
after_test:
(VERY_HIGH   ) RuntimeInfoHook                    
 -------------------- 
after_run:
(BELOW_NORMAL) LoggerHook                         
 -------------------- 
08/02 15:24:24 - mmengine - WARNING - The prefix is not set in metric class IoUMetric.
08/02 15:24:26 - mmengine - INFO - Iter(test) [  50/5000]    eta: 0:04:15  time: 0.0447  data_time: 0.0010  memory: 714  
08/02 15:24:29 - mmengine - INFO - Iter(test) [ 100/5000]    eta: 0:04:09  time: 0.0456  data_time: 0.0011  memory: 726  
08/02 15:24:31 - mmengine - INFO - Iter(test) [ 150/5000]    eta: 0:04:03  time: 0.0504  data_time: 0.0011  memory: 694  
08/02 15:24:34 - mmengine - INFO - Iter(test) [ 200/5000]    eta: 0:03:59  time: 0.0504  data_time: 0.0010  memory: 726  
08/02 15:24:36 - mmengine - INFO - Iter(test) [ 250/5000]    eta: 0:03:56  time: 0.0496  data_time: 0.0011  memory: 705  
08/02 15:24:39 - mmengine - INFO - Iter(test) [ 300/5000]    eta: 0:03:53  time: 0.0494  data_time: 0.0011  memory: 726  
08/02 15:24:41 - mmengine - INFO - Iter(test) [ 350/5000]    eta: 0:03:50  time: 0.0493  data_time: 0.0010  memory: 694  
08/02 15:24:44 - mmengine - INFO - Iter(test) [ 400/5000]    eta: 0:03:48  time: 0.0560  data_time: 0.0011  memory: 726  
08/02 15:24:46 - mmengine - INFO - Iter(test) [ 450/5000]    eta: 0:03:46  time: 0.0484  data_time: 0.0011  memory: 726  
08/02 15:24:49 - mmengine - INFO - Iter(test) [ 500/5000]    eta: 0:03:45  time: 0.0477  data_time: 0.0011  memory: 694  
08/02 15:24:51 - mmengine - INFO - Iter(test) [ 550/5000]    eta: 0:03:42  time: 0.0487  data_time: 0.0010  memory: 722  
08/02 15:24:54 - mmengine - INFO - Iter(test) [ 600/5000]    eta: 0:03:39  time: 0.0531  data_time: 0.0011  memory: 694  
08/02 15:24:56 - mmengine - INFO - Iter(test) [ 650/5000]    eta: 0:03:37  time: 0.0478  data_time: 0.0011  memory: 694  
08/02 15:24:59 - mmengine - INFO - Iter(test) [ 700/5000]    eta: 0:03:34  time: 0.0502  data_time: 0.0010  memory: 726  
08/02 15:25:01 - mmengine - INFO - Iter(test) [ 750/5000]    eta: 0:03:32  time: 0.0472  data_time: 0.0011  memory: 703  
08/02 15:25:04 - mmengine - INFO - Iter(test) [ 800/5000]    eta: 0:03:29  time: 0.0490  data_time: 0.0010  memory: 726  
08/02 15:25:06 - mmengine - INFO - Iter(test) [ 850/5000]    eta: 0:03:27  time: 0.0513  data_time: 0.0010  memory: 694  
08/02 15:25:09 - mmengine - INFO - Iter(test) [ 900/5000]    eta: 0:03:24  time: 0.0490  data_time: 0.0010  memory: 694  
08/02 15:25:11 - mmengine - INFO - Iter(test) [ 950/5000]    eta: 0:03:22  time: 0.0515  data_time: 0.0011  memory: 726  
08/02 15:25:14 - mmengine - INFO - Iter(test) [1000/5000]    eta: 0:03:19  time: 0.0514  data_time: 0.0010  memory: 722  
08/02 15:25:16 - mmengine - INFO - Iter(test) [1050/5000]    eta: 0:03:16  time: 0.0524  data_time: 0.0010  memory: 694  
08/02 15:25:19 - mmengine - INFO - Iter(test) [1100/5000]    eta: 0:03:14  time: 0.0460  data_time: 0.0010  memory: 694  
08/02 15:25:21 - mmengine - INFO - Iter(test) [1150/5000]    eta: 0:03:12  time: 0.0457  data_time: 0.0010  memory: 725  
08/02 15:25:24 - mmengine - INFO - Iter(test) [1200/5000]    eta: 0:03:09  time: 0.0534  data_time: 0.0011  memory: 694  
08/02 15:25:26 - mmengine - INFO - Iter(test) [1250/5000]    eta: 0:03:07  time: 0.0527  data_time: 0.0010  memory: 694  
08/02 15:25:29 - mmengine - INFO - Iter(test) [1300/5000]    eta: 0:03:04  time: 0.0513  data_time: 0.0010  memory: 725  
08/02 15:25:31 - mmengine - INFO - Iter(test) [1350/5000]    eta: 0:03:02  time: 0.0477  data_time: 0.0011  memory: 726  
08/02 15:25:34 - mmengine - INFO - Iter(test) [1400/5000]    eta: 0:02:59  time: 0.0491  data_time: 0.0011  memory: 726  
08/02 15:25:36 - mmengine - INFO - Iter(test) [1450/5000]    eta: 0:02:57  time: 0.0481  data_time: 0.0011  memory: 704  
08/02 15:25:38 - mmengine - INFO - Iter(test) [1500/5000]    eta: 0:02:54  time: 0.0471  data_time: 0.0011  memory: 694  
08/02 15:25:41 - mmengine - INFO - Iter(test) [1550/5000]    eta: 0:02:51  time: 0.0484  data_time: 0.0010  memory: 698  
08/02 15:25:43 - mmengine - INFO - Iter(test) [1600/5000]    eta: 0:02:49  time: 0.0511  data_time: 0.0011  memory: 721  
08/02 15:25:46 - mmengine - INFO - Iter(test) [1650/5000]    eta: 0:02:46  time: 0.0484  data_time: 0.0010  memory: 707  
08/02 15:25:48 - mmengine - INFO - Iter(test) [1700/5000]    eta: 0:02:44  time: 0.0527  data_time: 0.0010  memory: 694  
08/02 15:25:51 - mmengine - INFO - Iter(test) [1750/5000]    eta: 0:02:41  time: 0.0510  data_time: 0.0010  memory: 726  
08/02 15:25:53 - mmengine - INFO - Iter(test) [1800/5000]    eta: 0:02:39  time: 0.0516  data_time: 0.0010  memory: 694  
08/02 15:25:56 - mmengine - INFO - Iter(test) [1850/5000]    eta: 0:02:36  time: 0.0458  data_time: 0.0011  memory: 694  
08/02 15:25:58 - mmengine - INFO - Iter(test) [1900/5000]    eta: 0:02:34  time: 0.0485  data_time: 0.0010  memory: 671  
08/02 15:26:01 - mmengine - INFO - Iter(test) [1950/5000]    eta: 0:02:32  time: 0.0537  data_time: 0.0010  memory: 726  
08/02 15:26:03 - mmengine - INFO - Iter(test) [2000/5000]    eta: 0:02:29  time: 0.0479  data_time: 0.0011  memory: 667  
08/02 15:26:06 - mmengine - INFO - Iter(test) [2050/5000]    eta: 0:02:26  time: 0.0412  data_time: 0.0010  memory: 726  
08/02 15:26:08 - mmengine - INFO - Iter(test) [2100/5000]    eta: 0:02:24  time: 0.0469  data_time: 0.0010  memory: 694  
08/02 15:26:11 - mmengine - INFO - Iter(test) [2150/5000]    eta: 0:02:21  time: 0.0476  data_time: 0.0011  memory: 726  
08/02 15:26:13 - mmengine - INFO - Iter(test) [2200/5000]    eta: 0:02:19  time: 0.0533  data_time: 0.0010  memory: 726  
08/02 15:26:16 - mmengine - INFO - Iter(test) [2250/5000]    eta: 0:02:16  time: 0.0539  data_time: 0.0010  memory: 630  
08/02 15:26:18 - mmengine - INFO - Iter(test) [2300/5000]    eta: 0:02:14  time: 0.0446  data_time: 0.0011  memory: 708  
08/02 15:26:21 - mmengine - INFO - Iter(test) [2350/5000]    eta: 0:02:11  time: 0.0542  data_time: 0.0011  memory: 722  
08/02 15:26:23 - mmengine - INFO - Iter(test) [2400/5000]    eta: 0:02:09  time: 0.0526  data_time: 0.0011  memory: 722  
08/02 15:26:26 - mmengine - INFO - Iter(test) [2450/5000]    eta: 0:02:06  time: 0.0502  data_time: 0.0011  memory: 699  
08/02 15:26:28 - mmengine - INFO - Iter(test) [2500/5000]    eta: 0:02:04  time: 0.0530  data_time: 0.0011  memory: 726  
08/02 15:26:31 - mmengine - INFO - Iter(test) [2550/5000]    eta: 0:02:02  time: 0.0532  data_time: 0.0011  memory: 726  
08/02 15:26:33 - mmengine - INFO - Iter(test) [2600/5000]    eta: 0:01:59  time: 0.0465  data_time: 0.0011  memory: 726  
08/02 15:26:36 - mmengine - INFO - Iter(test) [2650/5000]    eta: 0:01:57  time: 0.0482  data_time: 0.0011  memory: 694  
08/02 15:26:39 - mmengine - INFO - Iter(test) [2700/5000]    eta: 0:01:54  time: 0.0512  data_time: 0.0011  memory: 696  
08/02 15:26:41 - mmengine - INFO - Iter(test) [2750/5000]    eta: 0:01:52  time: 0.0462  data_time: 0.0011  memory: 725  
08/02 15:26:43 - mmengine - INFO - Iter(test) [2800/5000]    eta: 0:01:49  time: 0.0492  data_time: 0.0011  memory: 726  
08/02 15:26:46 - mmengine - INFO - Iter(test) [2850/5000]    eta: 0:01:47  time: 0.0496  data_time: 0.0011  memory: 707  
08/02 15:26:49 - mmengine - INFO - Iter(test) [2900/5000]    eta: 0:01:44  time: 0.0524  data_time: 0.0011  memory: 706  
08/02 15:26:51 - mmengine - INFO - Iter(test) [2950/5000]    eta: 0:01:42  time: 0.0449  data_time: 0.0011  memory: 723  
08/02 15:26:54 - mmengine - INFO - Iter(test) [3000/5000]    eta: 0:01:39  time: 0.0547  data_time: 0.0011  memory: 726  
08/02 15:26:56 - mmengine - INFO - Iter(test) [3050/5000]    eta: 0:01:37  time: 0.0487  data_time: 0.0011  memory: 695  
08/02 15:26:59 - mmengine - INFO - Iter(test) [3100/5000]    eta: 0:01:34  time: 0.0442  data_time: 0.0011  memory: 632  
08/02 15:27:01 - mmengine - INFO - Iter(test) [3150/5000]    eta: 0:01:32  time: 0.0500  data_time: 0.0011  memory: 726  
08/02 15:27:04 - mmengine - INFO - Iter(test) [3200/5000]    eta: 0:01:29  time: 0.0467  data_time: 0.0011  memory: 704  
08/02 15:27:06 - mmengine - INFO - Iter(test) [3250/5000]    eta: 0:01:27  time: 0.0574  data_time: 0.0010  memory: 725  
08/02 15:27:09 - mmengine - INFO - Iter(test) [3300/5000]    eta: 0:01:24  time: 0.0509  data_time: 0.0010  memory: 659  
08/02 15:27:11 - mmengine - INFO - Iter(test) [3350/5000]    eta: 0:01:22  time: 0.0483  data_time: 0.0011  memory: 695  
08/02 15:27:14 - mmengine - INFO - Iter(test) [3400/5000]    eta: 0:01:19  time: 0.0456  data_time: 0.0011  memory: 726  
08/02 15:27:16 - mmengine - INFO - Iter(test) [3450/5000]    eta: 0:01:17  time: 0.0488  data_time: 0.0010  memory: 726  
08/02 15:27:19 - mmengine - INFO - Iter(test) [3500/5000]    eta: 0:01:14  time: 0.0484  data_time: 0.0010  memory: 726  
08/02 15:27:21 - mmengine - INFO - Iter(test) [3550/5000]    eta: 0:01:12  time: 0.0514  data_time: 0.0011  memory: 718  
08/02 15:27:24 - mmengine - INFO - Iter(test) [3600/5000]    eta: 0:01:09  time: 0.0471  data_time: 0.0010  memory: 694  
08/02 15:27:26 - mmengine - INFO - Iter(test) [3650/5000]    eta: 0:01:07  time: 0.0497  data_time: 0.0011  memory: 726  
08/02 15:27:29 - mmengine - INFO - Iter(test) [3700/5000]    eta: 0:01:04  time: 0.0537  data_time: 0.0011  memory: 726  
08/02 15:27:31 - mmengine - INFO - Iter(test) [3750/5000]    eta: 0:01:02  time: 0.0475  data_time: 0.0010  memory: 726  
08/02 15:27:34 - mmengine - INFO - Iter(test) [3800/5000]    eta: 0:00:59  time: 0.0497  data_time: 0.0011  memory: 676  
08/02 15:27:36 - mmengine - INFO - Iter(test) [3850/5000]    eta: 0:00:57  time: 0.0494  data_time: 0.0011  memory: 726  
08/02 15:27:39 - mmengine - INFO - Iter(test) [3900/5000]    eta: 0:00:54  time: 0.0504  data_time: 0.0011  memory: 725  
08/02 15:27:41 - mmengine - INFO - Iter(test) [3950/5000]    eta: 0:00:52  time: 0.0498  data_time: 0.0011  memory: 726  
08/02 15:27:44 - mmengine - INFO - Iter(test) [4000/5000]    eta: 0:00:49  time: 0.0513  data_time: 0.0011  memory: 704  
08/02 15:27:46 - mmengine - INFO - Iter(test) [4050/5000]    eta: 0:00:47  time: 0.0498  data_time: 0.0011  memory: 694  
08/02 15:27:49 - mmengine - INFO - Iter(test) [4100/5000]    eta: 0:00:44  time: 0.0519  data_time: 0.0010  memory: 694  
08/02 15:27:51 - mmengine - INFO - Iter(test) [4150/5000]    eta: 0:00:42  time: 0.0445  data_time: 0.0011  memory: 722  
08/02 15:27:54 - mmengine - INFO - Iter(test) [4200/5000]    eta: 0:00:39  time: 0.0485  data_time: 0.0010  memory: 726  
08/02 15:27:56 - mmengine - INFO - Iter(test) [4250/5000]    eta: 0:00:37  time: 0.0491  data_time: 0.0011  memory: 718  
08/02 15:27:59 - mmengine - INFO - Iter(test) [4300/5000]    eta: 0:00:34  time: 0.0519  data_time: 0.0011  memory: 726  
08/02 15:28:01 - mmengine - INFO - Iter(test) [4350/5000]    eta: 0:00:32  time: 0.0532  data_time: 0.0011  memory: 701  
08/02 15:28:04 - mmengine - INFO - Iter(test) [4400/5000]    eta: 0:00:29  time: 0.0560  data_time: 0.0011  memory: 726  
08/02 15:28:06 - mmengine - INFO - Iter(test) [4450/5000]    eta: 0:00:27  time: 0.0555  data_time: 0.0011  memory: 726  
08/02 15:28:09 - mmengine - INFO - Iter(test) [4500/5000]    eta: 0:00:24  time: 0.0515  data_time: 0.0011  memory: 726  
08/02 15:28:11 - mmengine - INFO - Iter(test) [4550/5000]    eta: 0:00:22  time: 0.0542  data_time: 0.0011  memory: 726  
08/02 15:28:14 - mmengine - INFO - Iter(test) [4600/5000]    eta: 0:00:19  time: 0.0542  data_time: 0.0011  memory: 726  
08/02 15:28:17 - mmengine - INFO - Iter(test) [4650/5000]    eta: 0:00:17  time: 0.0500  data_time: 0.0011  memory: 726  
08/02 15:28:19 - mmengine - INFO - Iter(test) [4700/5000]    eta: 0:00:14  time: 0.0554  data_time: 0.0012  memory: 726  
08/02 15:28:22 - mmengine - INFO - Iter(test) [4750/5000]    eta: 0:00:12  time: 0.0504  data_time: 0.0011  memory: 726  
08/02 15:28:24 - mmengine - INFO - Iter(test) [4800/5000]    eta: 0:00:09  time: 0.0513  data_time: 0.0011  memory: 653  
08/02 15:28:27 - mmengine - INFO - Iter(test) [4850/5000]    eta: 0:00:07  time: 0.0551  data_time: 0.0011  memory: 726  
08/02 15:28:29 - mmengine - INFO - Iter(test) [4900/5000]    eta: 0:00:04  time: 0.0477  data_time: 0.0011  memory: 687  
08/02 15:28:32 - mmengine - INFO - Iter(test) [4950/5000]    eta: 0:00:02  time: 0.0499  data_time: 0.0011  memory: 694  
08/02 15:28:34 - mmengine - INFO - Iter(test) [5000/5000]    eta: 0:00:00  time: 0.0513  data_time: 0.0011  memory: 701  
08/02 15:28:34 - mmengine - INFO - per class results:
08/02 15:28:34 - mmengine - INFO - 
+----------------+-------+-------+
|     Class      |  IoU  |  Acc  |
+----------------+-------+-------+
|   background   | 64.21 | 79.08 |
|     person     |  0.0  |  0.0  |
|    bicycle     | 43.18 | 59.66 |
|      car       | 41.66 | 59.25 |
|   motorcycle   | 65.82 | 79.94 |
|    airplane    | 52.45 | 84.08 |
|      bus       | 47.12 | 77.77 |
|     train      | 24.32 | 31.18 |
|     truck      |  1.17 |  1.22 |
|      boat      | 29.95 | 71.21 |
| traffic light  | 24.73 | 80.08 |
|  fire hydrant  | 62.44 | 73.03 |
|   stop sign    | 32.06 | 92.45 |
| parking meter  | 37.72 | 47.51 |
|     bench      |  0.1  |  0.13 |
|      bird      | 57.48 |  68.9 |
|      cat       | 65.37 | 72.74 |
|      dog       |  1.54 |  1.54 |
|     horse      | 64.27 | 86.58 |
|     sheep      | 44.73 | 94.79 |
|      cow       | 69.19 | 79.96 |
|    elephant    |  79.5 | 89.96 |
|      bear      | 81.47 | 90.01 |
|     zebra      | 67.23 | 94.64 |
|    giraffe     | 67.94 | 86.36 |
|    backpack    | 18.34 | 38.94 |
|    umbrella    | 50.12 | 77.05 |
|    handbag     | 15.11 | 29.71 |
|      tie       |  1.59 | 33.42 |
|    suitcase    | 38.44 | 44.67 |
|    frisbee     | 56.77 | 70.67 |
|      skis      |  1.36 | 91.86 |
|   snowboard    |  2.3  |  2.51 |
|  sports ball   | 31.63 | 71.05 |
|      kite      | 27.74 | 66.37 |
|  baseball bat  |  0.13 | 15.52 |
| baseball glove | 12.34 | 89.03 |
|   skateboard   | 14.84 | 56.76 |
|   surfboard    | 10.06 | 71.62 |
| tennis racket  | 12.14 | 84.43 |
|     bottle     | 34.36 | 52.99 |
|   wine glass   | 27.85 | 81.36 |
|      cup       | 17.01 | 20.78 |
|      fork      | 19.16 | 57.08 |
|     knife      |  0.0  |  0.0  |
|     spoon      | 20.02 | 45.33 |
|      bowl      |  16.6 |  23.4 |
|     banana     | 21.65 | 76.68 |
|     apple      |  2.34 | 43.04 |
|    sandwich    | 29.13 | 76.06 |
|     orange     | 18.86 | 88.16 |
|    broccoli    | 33.07 |  60.2 |
|     carrot     | 34.79 | 47.63 |
|    hot dog     |  0.0  |  0.0  |
|     pizza      | 55.56 | 85.49 |
|     donut      |  0.0  |  0.0  |
|      cake      |  0.0  |  0.0  |
|     chair      | 16.79 | 19.19 |
|     couch      | 32.33 | 56.41 |
|  potted plant  | 11.54 | 61.03 |
|      bed       |  0.01 |  0.01 |
|  dining table  |  0.01 |  0.01 |
|     toilet     | 20.44 | 73.12 |
|       tv       | 12.53 | 12.96 |
|     laptop     | 34.98 | 40.86 |
|     mouse      | 38.73 | 41.58 |
|     remote     | 27.15 | 38.68 |
|    keyboard    | 50.72 | 64.93 |
|   cell phone   | 21.17 | 24.04 |
|   microwave    | 27.56 |  45.2 |
|      oven      | 24.84 | 61.74 |
|    toaster     |  0.0  |  0.0  |
|      sink      |  0.7  |  6.71 |
|  refrigerator  | 15.63 | 31.58 |
|      book      | 18.07 | 20.29 |
|     clock      | 44.79 |  80.9 |
|      vase      |  22.0 | 26.57 |
|    scissors    | 23.38 | 24.48 |
|   teddy bear   | 61.05 | 71.86 |
|   hair drier   |  6.05 | 49.28 |
|   toothbrush   |  0.0  |  0.0  |
+----------------+-------+-------+
08/02 15:28:34 - mmengine - INFO - Iter(test) [5000/5000]    aAcc: 64.9800  mIoU: 27.8900  mAcc: 50.0700  data_time: 0.0011  time: 0.0500
