08/02 15:32:31 - mmengine - INFO - 
------------------------------------------------------------
System environment:
    sys.platform: linux
    Python: 3.9.25 (main, Nov  3 2025, 22:33:05) [GCC 11.2.0]
    CUDA available: True
    numpy_random_seed: 42466637
    GPU 0: NVIDIA GeForce RTX 3090
    CUDA_HOME: /usr/local/cuda
    NVCC: Cuda compilation tools, release 12.2, V12.2.140
    GCC: gcc (Ubuntu 9.4.0-1ubuntu1~20.04.2) 9.4.0
    PyTorch: 1.10.1+cu111
    PyTorch compiling details: PyTorch built with:
  - GCC 7.3
  - C++ Version: 201402
  - Intel(R) Math Kernel Library Version 2020.0.0 Product Build 20191122 for Intel(R) 64 architecture applications
  - Intel(R) MKL-DNN v2.2.3 (Git Hash 7336ca9f055cf1bfa13efb658fe15dc9b41f0740)
  - OpenMP 201511 (a.k.a. OpenMP 4.5)
  - LAPACK is enabled (usually provided by MKL)
  - NNPACK is enabled
  - CPU capability usage: AVX512
  - CUDA Runtime 11.1
  - NVCC architecture flags: -gencode;arch=compute_37,code=sm_37;-gencode;arch=compute_50,code=sm_50;-gencode;arch=compute_60,code=sm_60;-gencode;arch=compute_70,code=sm_70;-gencode;arch=compute_75,code=sm_75;-gencode;arch=compute_80,code=sm_80;-gencode;arch=compute_86,code=sm_86
  - CuDNN 8.0.5
  - Magma 2.5.2
  - Build settings: BLAS_INFO=mkl, BUILD_TYPE=Release, CUDA_VERSION=11.1, CUDNN_VERSION=8.0.5, CXX_COMPILER=/opt/rh/devtoolset-7/root/usr/bin/c++, CXX_FLAGS= -Wno-deprecated -fvisibility-inlines-hidden -DUSE_PTHREADPOOL -fopenmp -DNDEBUG -DUSE_KINETO -DUSE_FBGEMM -DUSE_QNNPACK -DUSE_PYTORCH_QNNPACK -DUSE_XNNPACK -DSYMBOLICATE_MOBILE_DEBUG_HANDLE -DEDGE_PROFILER_USE_KINETO -O2 -fPIC -Wno-narrowing -Wall -Wextra -Werror=return-type -Wno-missing-field-initializers -Wno-type-limits -Wno-array-bounds -Wno-unknown-pragmas -Wno-sign-compare -Wno-unused-parameter -Wno-unused-variable -Wno-unused-function -Wno-unused-result -Wno-unused-local-typedefs -Wno-strict-overflow -Wno-strict-aliasing -Wno-error=deprecated-declarations -Wno-stringop-overflow -Wno-psabi -Wno-error=pedantic -Wno-error=redundant-decls -Wno-error=old-style-cast -fdiagnostics-color=always -faligned-new -Wno-unused-but-set-variable -Wno-maybe-uninitialized -fno-math-errno -fno-trapping-math -Werror=format -Wno-stringop-overflow, LAPACK_INFO=mkl, PERF_WITH_AVX=1, PERF_WITH_AVX2=1, PERF_WITH_AVX512=1, TORCH_VERSION=1.10.1, USE_CUDA=ON, USE_CUDNN=ON, USE_EXCEPTION_PTR=1, USE_GFLAGS=OFF, USE_GLOG=OFF, USE_MKL=ON, USE_MKLDNN=ON, USE_MPI=OFF, USE_NCCL=ON, USE_NNPACK=ON, USE_OPENMP=ON, 

    TorchVision: 0.11.2+cu111
    OpenCV: 5.0.0
    MMEngine: 0.8.4

Runtime environment:
    cudnn_benchmark: True
    mp_cfg: {'mp_start_method': 'fork', 'opencv_num_threads': 0}
    dist_cfg: {'backend': 'nccl'}
    seed: 42466637
    Distributed launcher: none
    Distributed training: False
    GPU number: 1
------------------------------------------------------------

08/02 15:32:31 - mmengine - INFO - Config:
data_root = './datasets/VOCdevkit/VOC2012'
dataset_type = 'PascalVOCDataset'
default_hooks = dict(
    checkpoint=dict(by_epoch=False, interval=2000, type='CheckpointHook'),
    logger=dict(interval=50, log_metric_by_epoch=False, type='LoggerHook'),
    param_scheduler=dict(type='ParamSchedulerHook'),
    sampler_seed=dict(type='DistSamplerSeedHook'),
    timer=dict(type='IterTimerHook'),
    visualization=dict(interval=1, type='SegVisualizationHook'))
default_scope = 'mmseg'
env_cfg = dict(
    cudnn_benchmark=True,
    dist_cfg=dict(backend='nccl'),
    mp_cfg=dict(mp_start_method='fork', opencv_num_threads=0))
launcher = 'none'
load_from = None
log_level = 'INFO'
log_processor = dict(by_epoch=False)
model = dict(
    area_thd=0.1,
    clip_path='ViT-B/16',
    logit_scale=50,
    multi_end_idx=10,
    multi_start_idx=3,
    name_path='./configs/cls_voc21.txt',
    post_adjust_idx=3,
    pre_adjust_idx=8,
    prob_thd=0.15,
    res_cls=0.3,
    type='SCCLIPForSegmentation')
resume = False
test_cfg = dict(type='TestLoop')
test_dataloader = dict(
    batch_size=1,
    dataset=dict(
        ann_file='ImageSets/Segmentation/val.txt',
        data_prefix=dict(
            img_path='JPEGImages', seg_map_path='SegmentationClass'),
        data_root='./datasets/VOCdevkit/VOC2012',
        pipeline=[
            dict(type='LoadImageFromFile'),
            dict(keep_ratio=True, scale=(
                2048,
                336,
            ), type='Resize'),
            dict(type='LoadAnnotations'),
            dict(type='PackSegInputs'),
        ],
        type='PascalVOCDataset'),
    num_workers=4,
    persistent_workers=True,
    sampler=dict(shuffle=False, type='DefaultSampler'))
test_evaluator = dict(
    iou_metrics=[
        'mIoU',
    ], type='IoUMetric')
test_pipeline = [
    dict(type='LoadImageFromFile'),
    dict(keep_ratio=True, scale=(
        2048,
        336,
    ), type='Resize'),
    dict(type='LoadAnnotations'),
    dict(type='PackSegInputs'),
]
vis_backends = [
    dict(type='LocalVisBackend'),
]
visualizer = dict(
    name='visualizer',
    type='SegLocalVisualizer',
    vis_backends=[
        dict(type='LocalVisBackend'),
    ])
work_dir = '/media/dell/DATA/ovss/runs/w16d_regress'

08/02 15:32:37 - mmengine - INFO - Distributed training is not used, all SyncBatchNorm (SyncBN) layers in the model will be automatically reverted to BatchNormXd layers if they are used.
/media/dell/DATA/ovss/miniconda3/envs/scclip/lib/python3.9/site-packages/mmseg/engine/hooks/visualization_hook.py:61: UserWarning: The draw is False, it means that the hook for visualization will not take effect. The results will NOT be visualized or stored.
  warnings.warn('The draw is False, it means that the '
08/02 15:32:37 - mmengine - INFO - Hooks will be executed in the following order:
before_run:
(VERY_HIGH   ) RuntimeInfoHook                    
(BELOW_NORMAL) LoggerHook                         
 -------------------- 
before_train:
(VERY_HIGH   ) RuntimeInfoHook                    
(NORMAL      ) IterTimerHook                      
(VERY_LOW    ) CheckpointHook                     
 -------------------- 
before_train_epoch:
(VERY_HIGH   ) RuntimeInfoHook                    
(NORMAL      ) IterTimerHook                      
(NORMAL      ) DistSamplerSeedHook                
 -------------------- 
before_train_iter:
(VERY_HIGH   ) RuntimeInfoHook                    
(NORMAL      ) IterTimerHook                      
 -------------------- 
after_train_iter:
(VERY_HIGH   ) RuntimeInfoHook                    
(NORMAL      ) IterTimerHook                      
(NORMAL      ) SegVisualizationHook               
(BELOW_NORMAL) LoggerHook                         
(LOW         ) ParamSchedulerHook                 
(VERY_LOW    ) CheckpointHook                     
 -------------------- 
after_train_epoch:
(NORMAL      ) IterTimerHook                      
(LOW         ) ParamSchedulerHook                 
(VERY_LOW    ) CheckpointHook                     
 -------------------- 
before_val:
(VERY_HIGH   ) RuntimeInfoHook                    
 -------------------- 
before_val_epoch:
(NORMAL      ) IterTimerHook                      
 -------------------- 
before_val_iter:
(NORMAL      ) IterTimerHook                      
 -------------------- 
after_val_iter:
(NORMAL      ) IterTimerHook                      
(NORMAL      ) SegVisualizationHook               
(BELOW_NORMAL) LoggerHook                         
 -------------------- 
after_val_epoch:
(VERY_HIGH   ) RuntimeInfoHook                    
(NORMAL      ) IterTimerHook                      
(BELOW_NORMAL) LoggerHook                         
(LOW         ) ParamSchedulerHook                 
(VERY_LOW    ) CheckpointHook                     
 -------------------- 
after_val:
(VERY_HIGH   ) RuntimeInfoHook                    
 -------------------- 
after_train:
(VERY_HIGH   ) RuntimeInfoHook                    
(VERY_LOW    ) CheckpointHook                     
 -------------------- 
before_test:
(VERY_HIGH   ) RuntimeInfoHook                    
 -------------------- 
before_test_epoch:
(NORMAL      ) IterTimerHook                      
 -------------------- 
before_test_iter:
(NORMAL      ) IterTimerHook                      
 -------------------- 
after_test_iter:
(NORMAL      ) IterTimerHook                      
(NORMAL      ) SegVisualizationHook               
(BELOW_NORMAL) LoggerHook                         
 -------------------- 
after_test_epoch:
(VERY_HIGH   ) RuntimeInfoHook                    
(NORMAL      ) IterTimerHook                      
(BELOW_NORMAL) LoggerHook                         
 -------------------- 
after_test:
(VERY_HIGH   ) RuntimeInfoHook                    
 -------------------- 
after_run:
(BELOW_NORMAL) LoggerHook                         
 -------------------- 
08/02 15:32:37 - mmengine - WARNING - The prefix is not set in metric class IoUMetric.
08/02 15:32:40 - mmengine - INFO - Iter(test) [  50/1449]    eta: 0:01:12  time: 0.0489  data_time: 0.0009  memory: 487  
08/02 15:32:42 - mmengine - INFO - Iter(test) [ 100/1449]    eta: 0:01:05  time: 0.0457  data_time: 0.0009  memory: 505  
08/02 15:32:44 - mmengine - INFO - Iter(test) [ 150/1449]    eta: 0:01:04  time: 0.0501  data_time: 0.0009  memory: 492  
08/02 15:32:47 - mmengine - INFO - Iter(test) [ 200/1449]    eta: 0:01:01  time: 0.0502  data_time: 0.0009  memory: 497  
08/02 15:32:49 - mmengine - INFO - Iter(test) [ 250/1449]    eta: 0:00:58  time: 0.0454  data_time: 0.0009  memory: 482  
08/02 15:32:51 - mmengine - INFO - Iter(test) [ 300/1449]    eta: 0:00:55  time: 0.0464  data_time: 0.0009  memory: 505  
08/02 15:32:54 - mmengine - INFO - Iter(test) [ 350/1449]    eta: 0:00:52  time: 0.0473  data_time: 0.0009  memory: 496  
08/02 15:32:56 - mmengine - INFO - Iter(test) [ 400/1449]    eta: 0:00:50  time: 0.0506  data_time: 0.0009  memory: 473  
08/02 15:32:59 - mmengine - INFO - Iter(test) [ 450/1449]    eta: 0:00:47  time: 0.0459  data_time: 0.0010  memory: 502  
08/02 15:33:01 - mmengine - INFO - Iter(test) [ 500/1449]    eta: 0:00:45  time: 0.0546  data_time: 0.0009  memory: 513  
08/02 15:33:03 - mmengine - INFO - Iter(test) [ 550/1449]    eta: 0:00:43  time: 0.0453  data_time: 0.0009  memory: 478  
08/02 15:33:06 - mmengine - INFO - Iter(test) [ 600/1449]    eta: 0:00:40  time: 0.0462  data_time: 0.0010  memory: 497  
08/02 15:33:08 - mmengine - INFO - Iter(test) [ 650/1449]    eta: 0:00:38  time: 0.0484  data_time: 0.0009  memory: 498  
08/02 15:33:10 - mmengine - INFO - Iter(test) [ 700/1449]    eta: 0:00:35  time: 0.0508  data_time: 0.0009  memory: 482  
08/02 15:33:13 - mmengine - INFO - Iter(test) [ 750/1449]    eta: 0:00:33  time: 0.0465  data_time: 0.0009  memory: 505  
08/02 15:33:15 - mmengine - INFO - Iter(test) [ 800/1449]    eta: 0:00:31  time: 0.0547  data_time: 0.0009  memory: 505  
08/02 15:33:18 - mmengine - INFO - Iter(test) [ 850/1449]    eta: 0:00:28  time: 0.0460  data_time: 0.0009  memory: 505  
08/02 15:33:20 - mmengine - INFO - Iter(test) [ 900/1449]    eta: 0:00:26  time: 0.0497  data_time: 0.0009  memory: 471  
08/02 15:33:22 - mmengine - INFO - Iter(test) [ 950/1449]    eta: 0:00:23  time: 0.0489  data_time: 0.0009  memory: 497  
08/02 15:33:25 - mmengine - INFO - Iter(test) [1000/1449]    eta: 0:00:21  time: 0.0487  data_time: 0.0010  memory: 488  
08/02 15:33:27 - mmengine - INFO - Iter(test) [1050/1449]    eta: 0:00:19  time: 0.0461  data_time: 0.0010  memory: 476  
08/02 15:33:30 - mmengine - INFO - Iter(test) [1100/1449]    eta: 0:00:16  time: 0.0503  data_time: 0.0009  memory: 487  
08/02 15:33:32 - mmengine - INFO - Iter(test) [1150/1449]    eta: 0:00:14  time: 0.0470  data_time: 0.0009  memory: 505  
08/02 15:33:34 - mmengine - INFO - Iter(test) [1200/1449]    eta: 0:00:11  time: 0.0479  data_time: 0.0009  memory: 505  
08/02 15:33:37 - mmengine - INFO - Iter(test) [1250/1449]    eta: 0:00:09  time: 0.0467  data_time: 0.0010  memory: 481  
08/02 15:33:39 - mmengine - INFO - Iter(test) [1300/1449]    eta: 0:00:07  time: 0.0444  data_time: 0.0010  memory: 465  
08/02 15:33:41 - mmengine - INFO - Iter(test) [1350/1449]    eta: 0:00:04  time: 0.0492  data_time: 0.0010  memory: 505  
08/02 15:33:44 - mmengine - INFO - Iter(test) [1400/1449]    eta: 0:00:02  time: 0.0464  data_time: 0.0010  memory: 505  
08/02 15:33:46 - mmengine - INFO - per class results:
08/02 15:33:46 - mmengine - INFO - 
+-------------+-------+-------+
|    Class    |  IoU  |  Acc  |
+-------------+-------+-------+
|  background | 88.35 | 91.15 |
|  aeroplane  | 67.32 | 95.79 |
|   bicycle   | 35.84 | 97.15 |
|     bird    | 79.11 | 89.54 |
|     boat    | 58.67 | 82.52 |
|    bottle   | 62.18 | 85.72 |
|     bus     | 79.67 | 94.83 |
|     car     | 71.51 | 95.65 |
|     cat     | 85.18 | 93.77 |
|    chair    | 29.29 | 42.01 |
|     cow     | 81.65 | 88.83 |
| diningtable | 45.01 | 83.65 |
|     dog     | 83.05 | 91.85 |
|    horse    | 72.06 | 94.49 |
|  motorbike  | 69.01 | 84.12 |
|    person   | 74.78 |  81.9 |
| pottedplant | 38.12 | 77.93 |
|    sheep    | 70.06 | 97.08 |
|     sofa    |  49.8 | 88.01 |
|    train    | 68.98 | 79.45 |
|  tvmonitor  | 46.95 | 67.16 |
+-------------+-------+-------+
08/02 15:33:46 - mmengine - INFO - Iter(test) [1449/1449]    aAcc: 89.8200  mIoU: 64.6000  mAcc: 85.8400  data_time: 0.0010  time: 0.0476
