08/02 15:19:55 - mmengine - INFO - 
------------------------------------------------------------
System environment:
    sys.platform: linux
    Python: 3.9.25 (main, Nov  3 2025, 22:33:05) [GCC 11.2.0]
    CUDA available: True
    numpy_random_seed: 1953890317
    GPU 0: NVIDIA GeForce RTX 3090
    CUDA_HOME: /usr/local/cuda
    NVCC: Cuda compilation tools, release 12.2, V12.2.140
    GCC: gcc (Ubuntu 9.4.0-1ubuntu1~20.04.2) 9.4.0
    PyTorch: 1.10.1+cu111
    PyTorch compiling details: PyTorch built with:
  - GCC 7.3
  - C++ Version: 201402
  - Intel(R) Math Kernel Library Version 2020.0.0 Product Build 20191122 for Intel(R) 64 architecture applications
  - Intel(R) MKL-DNN v2.2.3 (Git Hash 7336ca9f055cf1bfa13efb658fe15dc9b41f0740)
  - OpenMP 201511 (a.k.a. OpenMP 4.5)
  - LAPACK is enabled (usually provided by MKL)
  - NNPACK is enabled
  - CPU capability usage: AVX512
  - CUDA Runtime 11.1
  - NVCC architecture flags: -gencode;arch=compute_37,code=sm_37;-gencode;arch=compute_50,code=sm_50;-gencode;arch=compute_60,code=sm_60;-gencode;arch=compute_70,code=sm_70;-gencode;arch=compute_75,code=sm_75;-gencode;arch=compute_80,code=sm_80;-gencode;arch=compute_86,code=sm_86
  - CuDNN 8.0.5
  - Magma 2.5.2
  - Build settings: BLAS_INFO=mkl, BUILD_TYPE=Release, CUDA_VERSION=11.1, CUDNN_VERSION=8.0.5, CXX_COMPILER=/opt/rh/devtoolset-7/root/usr/bin/c++, CXX_FLAGS= -Wno-deprecated -fvisibility-inlines-hidden -DUSE_PTHREADPOOL -fopenmp -DNDEBUG -DUSE_KINETO -DUSE_FBGEMM -DUSE_QNNPACK -DUSE_PYTORCH_QNNPACK -DUSE_XNNPACK -DSYMBOLICATE_MOBILE_DEBUG_HANDLE -DEDGE_PROFILER_USE_KINETO -O2 -fPIC -Wno-narrowing -Wall -Wextra -Werror=return-type -Wno-missing-field-initializers -Wno-type-limits -Wno-array-bounds -Wno-unknown-pragmas -Wno-sign-compare -Wno-unused-parameter -Wno-unused-variable -Wno-unused-function -Wno-unused-result -Wno-unused-local-typedefs -Wno-strict-overflow -Wno-strict-aliasing -Wno-error=deprecated-declarations -Wno-stringop-overflow -Wno-psabi -Wno-error=pedantic -Wno-error=redundant-decls -Wno-error=old-style-cast -fdiagnostics-color=always -faligned-new -Wno-unused-but-set-variable -Wno-maybe-uninitialized -fno-math-errno -fno-trapping-math -Werror=format -Wno-stringop-overflow, LAPACK_INFO=mkl, PERF_WITH_AVX=1, PERF_WITH_AVX2=1, PERF_WITH_AVX512=1, TORCH_VERSION=1.10.1, USE_CUDA=ON, USE_CUDNN=ON, USE_EXCEPTION_PTR=1, USE_GFLAGS=OFF, USE_GLOG=OFF, USE_MKL=ON, USE_MKLDNN=ON, USE_MPI=OFF, USE_NCCL=ON, USE_NNPACK=ON, USE_OPENMP=ON, 

    TorchVision: 0.11.2+cu111
    OpenCV: 5.0.0
    MMEngine: 0.8.4

Runtime environment:
    cudnn_benchmark: True
    mp_cfg: {'mp_start_method': 'fork', 'opencv_num_threads': 0}
    dist_cfg: {'backend': 'nccl'}
    seed: 1953890317
    Distributed launcher: none
    Distributed training: False
    GPU number: 1
------------------------------------------------------------

08/02 15:19:55 - mmengine - INFO - Config:
data_root = './datasets/coco_object'
dataset_type = 'COCOObjectDataset'
default_hooks = dict(
    checkpoint=dict(by_epoch=False, interval=2000, type='CheckpointHook'),
    logger=dict(interval=50, log_metric_by_epoch=False, type='LoggerHook'),
    param_scheduler=dict(type='ParamSchedulerHook'),
    sampler_seed=dict(type='DistSamplerSeedHook'),
    timer=dict(type='IterTimerHook'),
    visualization=dict(interval=1, type='SegVisualizationHook'))
default_scope = 'mmseg'
env_cfg = dict(
    cudnn_benchmark=True,
    dist_cfg=dict(backend='nccl'),
    mp_cfg=dict(mp_start_method='fork', opencv_num_threads=0))
launcher = 'none'
load_from = None
log_level = 'INFO'
log_processor = dict(by_epoch=False)
model = dict(
    clip_path='ViT-B/16',
    logit_scale=55,
    multi_end_idx=10,
    multi_start_idx=3,
    name_path='./configs/cls_coco_object.txt',
    post_adjust_idx=3,
    pre_adjust_idx=8,
    prob_thd=0.35,
    res_cls=0.3,
    type='SCCLIPForSegmentation')
resume = False
test_cfg = dict(type='TestLoop')
test_dataloader = dict(
    batch_size=1,
    dataset=dict(
        data_prefix=dict(
            img_path='images/val2017', seg_map_path='annotations/val2017'),
        data_root='./datasets/coco_object',
        pipeline=[
            dict(type='LoadImageFromFile'),
            dict(keep_ratio=True, scale=(
                2048,
                336,
            ), type='Resize'),
            dict(type='LoadAnnotations'),
            dict(type='PackSegInputs'),
        ],
        reduce_zero_label=False,
        type='COCOObjectDataset'),
    num_workers=4,
    persistent_workers=True,
    sampler=dict(shuffle=False, type='DefaultSampler'))
test_evaluator = dict(
    iou_metrics=[
        'mIoU',
    ], type='IoUMetric')
test_pipeline = [
    dict(type='LoadImageFromFile'),
    dict(keep_ratio=True, scale=(
        2048,
        336,
    ), type='Resize'),
    dict(type='LoadAnnotations'),
    dict(type='PackSegInputs'),
]
vis_backends = [
    dict(type='LocalVisBackend'),
]
visualizer = dict(
    name='visualizer',
    type='SegLocalVisualizer',
    vis_backends=[
        dict(type='LocalVisBackend'),
    ])
work_dir = '/media/dell/DATA/ovss/runs/w16d_plain'

08/02 15:20:01 - mmengine - INFO - Distributed training is not used, all SyncBatchNorm (SyncBN) layers in the model will be automatically reverted to BatchNormXd layers if they are used.
/media/dell/DATA/ovss/miniconda3/envs/scclip/lib/python3.9/site-packages/mmseg/engine/hooks/visualization_hook.py:61: UserWarning: The draw is False, it means that the hook for visualization will not take effect. The results will NOT be visualized or stored.
  warnings.warn('The draw is False, it means that the '
08/02 15:20:01 - mmengine - INFO - Hooks will be executed in the following order:
before_run:
(VERY_HIGH   ) RuntimeInfoHook                    
(BELOW_NORMAL) LoggerHook                         
 -------------------- 
before_train:
(VERY_HIGH   ) RuntimeInfoHook                    
(NORMAL      ) IterTimerHook                      
(VERY_LOW    ) CheckpointHook                     
 -------------------- 
before_train_epoch:
(VERY_HIGH   ) RuntimeInfoHook                    
(NORMAL      ) IterTimerHook                      
(NORMAL      ) DistSamplerSeedHook                
 -------------------- 
before_train_iter:
(VERY_HIGH   ) RuntimeInfoHook                    
(NORMAL      ) IterTimerHook                      
 -------------------- 
after_train_iter:
(VERY_HIGH   ) RuntimeInfoHook                    
(NORMAL      ) IterTimerHook                      
(NORMAL      ) SegVisualizationHook               
(BELOW_NORMAL) LoggerHook                         
(LOW         ) ParamSchedulerHook                 
(VERY_LOW    ) CheckpointHook                     
 -------------------- 
after_train_epoch:
(NORMAL      ) IterTimerHook                      
(LOW         ) ParamSchedulerHook                 
(VERY_LOW    ) CheckpointHook                     
 -------------------- 
before_val:
(VERY_HIGH   ) RuntimeInfoHook                    
 -------------------- 
before_val_epoch:
(NORMAL      ) IterTimerHook                      
 -------------------- 
before_val_iter:
(NORMAL      ) IterTimerHook                      
 -------------------- 
after_val_iter:
(NORMAL      ) IterTimerHook                      
(NORMAL      ) SegVisualizationHook               
(BELOW_NORMAL) LoggerHook                         
 -------------------- 
after_val_epoch:
(VERY_HIGH   ) RuntimeInfoHook                    
(NORMAL      ) IterTimerHook                      
(BELOW_NORMAL) LoggerHook                         
(LOW         ) ParamSchedulerHook                 
(VERY_LOW    ) CheckpointHook                     
 -------------------- 
after_val:
(VERY_HIGH   ) RuntimeInfoHook                    
 -------------------- 
after_train:
(VERY_HIGH   ) RuntimeInfoHook                    
(VERY_LOW    ) CheckpointHook                     
 -------------------- 
before_test:
(VERY_HIGH   ) RuntimeInfoHook                    
 -------------------- 
before_test_epoch:
(NORMAL      ) IterTimerHook                      
 -------------------- 
before_test_iter:
(NORMAL      ) IterTimerHook                      
 -------------------- 
after_test_iter:
(NORMAL      ) IterTimerHook                      
(NORMAL      ) SegVisualizationHook               
(BELOW_NORMAL) LoggerHook                         
 -------------------- 
after_test_epoch:
(VERY_HIGH   ) RuntimeInfoHook                    
(NORMAL      ) IterTimerHook                      
(BELOW_NORMAL) LoggerHook                         
 -------------------- 
after_test:
(VERY_HIGH   ) RuntimeInfoHook                    
 -------------------- 
after_run:
(BELOW_NORMAL) LoggerHook                         
 -------------------- 
08/02 15:20:01 - mmengine - WARNING - The prefix is not set in metric class IoUMetric.
08/02 15:20:04 - mmengine - INFO - Iter(test) [  50/5000]    eta: 0:04:20  time: 0.0453  data_time: 0.0011  memory: 714  
08/02 15:20:06 - mmengine - INFO - Iter(test) [ 100/5000]    eta: 0:04:10  time: 0.0454  data_time: 0.0010  memory: 726  
08/02 15:20:09 - mmengine - INFO - Iter(test) [ 150/5000]    eta: 0:04:03  time: 0.0489  data_time: 0.0010  memory: 694  
08/02 15:20:11 - mmengine - INFO - Iter(test) [ 200/5000]    eta: 0:03:59  time: 0.0491  data_time: 0.0010  memory: 726  
08/02 15:20:14 - mmengine - INFO - Iter(test) [ 250/5000]    eta: 0:03:54  time: 0.0490  data_time: 0.0010  memory: 705  
08/02 15:20:16 - mmengine - INFO - Iter(test) [ 300/5000]    eta: 0:03:51  time: 0.0479  data_time: 0.0010  memory: 726  
08/02 15:20:18 - mmengine - INFO - Iter(test) [ 350/5000]    eta: 0:03:48  time: 0.0493  data_time: 0.0010  memory: 694  
08/02 15:20:21 - mmengine - INFO - Iter(test) [ 400/5000]    eta: 0:03:47  time: 0.0557  data_time: 0.0010  memory: 726  
08/02 15:20:23 - mmengine - INFO - Iter(test) [ 450/5000]    eta: 0:03:44  time: 0.0476  data_time: 0.0011  memory: 726  
08/02 15:20:26 - mmengine - INFO - Iter(test) [ 500/5000]    eta: 0:03:42  time: 0.0469  data_time: 0.0011  memory: 694  
08/02 15:20:28 - mmengine - INFO - Iter(test) [ 550/5000]    eta: 0:03:39  time: 0.0479  data_time: 0.0011  memory: 722  
08/02 15:20:31 - mmengine - INFO - Iter(test) [ 600/5000]    eta: 0:03:37  time: 0.0528  data_time: 0.0010  memory: 694  
08/02 15:20:33 - mmengine - INFO - Iter(test) [ 650/5000]    eta: 0:03:35  time: 0.0488  data_time: 0.0011  memory: 694  
08/02 15:20:36 - mmengine - INFO - Iter(test) [ 700/5000]    eta: 0:03:33  time: 0.0500  data_time: 0.0010  memory: 726  
08/02 15:20:38 - mmengine - INFO - Iter(test) [ 750/5000]    eta: 0:03:30  time: 0.0489  data_time: 0.0010  memory: 703  
08/02 15:20:41 - mmengine - INFO - Iter(test) [ 800/5000]    eta: 0:03:29  time: 0.0494  data_time: 0.0010  memory: 726  
08/02 15:20:44 - mmengine - INFO - Iter(test) [ 850/5000]    eta: 0:03:27  time: 0.0512  data_time: 0.0010  memory: 694  
08/02 15:20:46 - mmengine - INFO - Iter(test) [ 900/5000]    eta: 0:03:24  time: 0.0497  data_time: 0.0010  memory: 694  
08/02 15:20:49 - mmengine - INFO - Iter(test) [ 950/5000]    eta: 0:03:21  time: 0.0515  data_time: 0.0010  memory: 726  
08/02 15:20:51 - mmengine - INFO - Iter(test) [1000/5000]    eta: 0:03:19  time: 0.0509  data_time: 0.0010  memory: 722  
08/02 15:20:54 - mmengine - INFO - Iter(test) [1050/5000]    eta: 0:03:16  time: 0.0533  data_time: 0.0010  memory: 694  
08/02 15:20:56 - mmengine - INFO - Iter(test) [1100/5000]    eta: 0:03:14  time: 0.0462  data_time: 0.0010  memory: 694  
08/02 15:20:59 - mmengine - INFO - Iter(test) [1150/5000]    eta: 0:03:11  time: 0.0457  data_time: 0.0011  memory: 725  
08/02 15:21:01 - mmengine - INFO - Iter(test) [1200/5000]    eta: 0:03:09  time: 0.0546  data_time: 0.0011  memory: 694  
08/02 15:21:04 - mmengine - INFO - Iter(test) [1250/5000]    eta: 0:03:07  time: 0.0531  data_time: 0.0011  memory: 694  
08/02 15:21:06 - mmengine - INFO - Iter(test) [1300/5000]    eta: 0:03:05  time: 0.0509  data_time: 0.0010  memory: 725  
08/02 15:21:09 - mmengine - INFO - Iter(test) [1350/5000]    eta: 0:03:02  time: 0.0481  data_time: 0.0011  memory: 726  
08/02 15:21:11 - mmengine - INFO - Iter(test) [1400/5000]    eta: 0:03:00  time: 0.0496  data_time: 0.0011  memory: 726  
08/02 15:21:14 - mmengine - INFO - Iter(test) [1450/5000]    eta: 0:02:57  time: 0.0492  data_time: 0.0011  memory: 704  
08/02 15:21:16 - mmengine - INFO - Iter(test) [1500/5000]    eta: 0:02:54  time: 0.0476  data_time: 0.0010  memory: 694  
08/02 15:21:19 - mmengine - INFO - Iter(test) [1550/5000]    eta: 0:02:52  time: 0.0493  data_time: 0.0010  memory: 698  
08/02 15:21:21 - mmengine - INFO - Iter(test) [1600/5000]    eta: 0:02:49  time: 0.0528  data_time: 0.0011  memory: 721  
08/02 15:21:24 - mmengine - INFO - Iter(test) [1650/5000]    eta: 0:02:47  time: 0.0488  data_time: 0.0010  memory: 707  
08/02 15:21:26 - mmengine - INFO - Iter(test) [1700/5000]    eta: 0:02:44  time: 0.0531  data_time: 0.0010  memory: 694  
08/02 15:21:29 - mmengine - INFO - Iter(test) [1750/5000]    eta: 0:02:42  time: 0.0532  data_time: 0.0011  memory: 726  
08/02 15:21:31 - mmengine - INFO - Iter(test) [1800/5000]    eta: 0:02:40  time: 0.0518  data_time: 0.0011  memory: 694  
08/02 15:21:34 - mmengine - INFO - Iter(test) [1850/5000]    eta: 0:02:37  time: 0.0455  data_time: 0.0010  memory: 694  
08/02 15:21:36 - mmengine - INFO - Iter(test) [1900/5000]    eta: 0:02:35  time: 0.0505  data_time: 0.0011  memory: 671  
08/02 15:21:39 - mmengine - INFO - Iter(test) [1950/5000]    eta: 0:02:32  time: 0.0542  data_time: 0.0011  memory: 726  
08/02 15:21:42 - mmengine - INFO - Iter(test) [2000/5000]    eta: 0:02:30  time: 0.0481  data_time: 0.0010  memory: 667  
08/02 15:21:44 - mmengine - INFO - Iter(test) [2050/5000]    eta: 0:02:27  time: 0.0421  data_time: 0.0011  memory: 726  
08/02 15:21:46 - mmengine - INFO - Iter(test) [2100/5000]    eta: 0:02:25  time: 0.0475  data_time: 0.0010  memory: 694  
08/02 15:21:49 - mmengine - INFO - Iter(test) [2150/5000]    eta: 0:02:22  time: 0.0467  data_time: 0.0011  memory: 726  
08/02 15:21:51 - mmengine - INFO - Iter(test) [2200/5000]    eta: 0:02:19  time: 0.0525  data_time: 0.0010  memory: 726  
08/02 15:21:54 - mmengine - INFO - Iter(test) [2250/5000]    eta: 0:02:17  time: 0.0535  data_time: 0.0010  memory: 630  
08/02 15:21:56 - mmengine - INFO - Iter(test) [2300/5000]    eta: 0:02:14  time: 0.0450  data_time: 0.0010  memory: 708  
08/02 15:21:59 - mmengine - INFO - Iter(test) [2350/5000]    eta: 0:02:12  time: 0.0546  data_time: 0.0010  memory: 722  
08/02 15:22:01 - mmengine - INFO - Iter(test) [2400/5000]    eta: 0:02:10  time: 0.0526  data_time: 0.0010  memory: 722  
08/02 15:22:04 - mmengine - INFO - Iter(test) [2450/5000]    eta: 0:02:07  time: 0.0512  data_time: 0.0011  memory: 699  
08/02 15:22:06 - mmengine - INFO - Iter(test) [2500/5000]    eta: 0:02:05  time: 0.0524  data_time: 0.0010  memory: 726  
08/02 15:22:09 - mmengine - INFO - Iter(test) [2550/5000]    eta: 0:02:02  time: 0.0512  data_time: 0.0010  memory: 726  
08/02 15:22:11 - mmengine - INFO - Iter(test) [2600/5000]    eta: 0:02:00  time: 0.0478  data_time: 0.0010  memory: 726  
08/02 15:22:14 - mmengine - INFO - Iter(test) [2650/5000]    eta: 0:01:57  time: 0.0494  data_time: 0.0011  memory: 694  
08/02 15:22:17 - mmengine - INFO - Iter(test) [2700/5000]    eta: 0:01:55  time: 0.0506  data_time: 0.0010  memory: 696  
08/02 15:22:19 - mmengine - INFO - Iter(test) [2750/5000]    eta: 0:01:52  time: 0.0479  data_time: 0.0011  memory: 725  
08/02 15:22:22 - mmengine - INFO - Iter(test) [2800/5000]    eta: 0:01:50  time: 0.0493  data_time: 0.0011  memory: 726  
08/02 15:22:24 - mmengine - INFO - Iter(test) [2850/5000]    eta: 0:01:47  time: 0.0492  data_time: 0.0010  memory: 707  
08/02 15:22:27 - mmengine - INFO - Iter(test) [2900/5000]    eta: 0:01:45  time: 0.0547  data_time: 0.0011  memory: 706  
08/02 15:22:29 - mmengine - INFO - Iter(test) [2950/5000]    eta: 0:01:42  time: 0.0456  data_time: 0.0010  memory: 723  
08/02 15:22:32 - mmengine - INFO - Iter(test) [3000/5000]    eta: 0:01:40  time: 0.0541  data_time: 0.0010  memory: 726  
08/02 15:22:34 - mmengine - INFO - Iter(test) [3050/5000]    eta: 0:01:37  time: 0.0507  data_time: 0.0011  memory: 695  
08/02 15:22:37 - mmengine - INFO - Iter(test) [3100/5000]    eta: 0:01:35  time: 0.0445  data_time: 0.0010  memory: 632  
08/02 15:22:40 - mmengine - INFO - Iter(test) [3150/5000]    eta: 0:01:32  time: 0.0496  data_time: 0.0011  memory: 726  
08/02 15:22:42 - mmengine - INFO - Iter(test) [3200/5000]    eta: 0:01:30  time: 0.0476  data_time: 0.0011  memory: 704  
08/02 15:22:45 - mmengine - INFO - Iter(test) [3250/5000]    eta: 0:01:27  time: 0.0573  data_time: 0.0010  memory: 725  
08/02 15:22:47 - mmengine - INFO - Iter(test) [3300/5000]    eta: 0:01:25  time: 0.0501  data_time: 0.0010  memory: 659  
08/02 15:22:50 - mmengine - INFO - Iter(test) [3350/5000]    eta: 0:01:22  time: 0.0483  data_time: 0.0011  memory: 695  
08/02 15:22:52 - mmengine - INFO - Iter(test) [3400/5000]    eta: 0:01:20  time: 0.0459  data_time: 0.0010  memory: 726  
08/02 15:22:55 - mmengine - INFO - Iter(test) [3450/5000]    eta: 0:01:17  time: 0.0496  data_time: 0.0009  memory: 726  
08/02 15:22:57 - mmengine - INFO - Iter(test) [3500/5000]    eta: 0:01:15  time: 0.0497  data_time: 0.0010  memory: 726  
08/02 15:23:00 - mmengine - INFO - Iter(test) [3550/5000]    eta: 0:01:12  time: 0.0510  data_time: 0.0010  memory: 718  
08/02 15:23:02 - mmengine - INFO - Iter(test) [3600/5000]    eta: 0:01:10  time: 0.0486  data_time: 0.0011  memory: 694  
08/02 15:23:05 - mmengine - INFO - Iter(test) [3650/5000]    eta: 0:01:07  time: 0.0508  data_time: 0.0010  memory: 726  
08/02 15:23:07 - mmengine - INFO - Iter(test) [3700/5000]    eta: 0:01:05  time: 0.0529  data_time: 0.0011  memory: 726  
08/02 15:23:10 - mmengine - INFO - Iter(test) [3750/5000]    eta: 0:01:02  time: 0.0488  data_time: 0.0010  memory: 726  
08/02 15:23:12 - mmengine - INFO - Iter(test) [3800/5000]    eta: 0:01:00  time: 0.0504  data_time: 0.0010  memory: 676  
08/02 15:23:15 - mmengine - INFO - Iter(test) [3850/5000]    eta: 0:00:57  time: 0.0490  data_time: 0.0010  memory: 726  
08/02 15:23:18 - mmengine - INFO - Iter(test) [3900/5000]    eta: 0:00:55  time: 0.0515  data_time: 0.0011  memory: 725  
08/02 15:23:20 - mmengine - INFO - Iter(test) [3950/5000]    eta: 0:00:52  time: 0.0511  data_time: 0.0010  memory: 726  
08/02 15:23:23 - mmengine - INFO - Iter(test) [4000/5000]    eta: 0:00:50  time: 0.0504  data_time: 0.0011  memory: 704  
08/02 15:23:25 - mmengine - INFO - Iter(test) [4050/5000]    eta: 0:00:47  time: 0.0517  data_time: 0.0011  memory: 694  
08/02 15:23:28 - mmengine - INFO - Iter(test) [4100/5000]    eta: 0:00:45  time: 0.0528  data_time: 0.0010  memory: 694  
08/02 15:23:30 - mmengine - INFO - Iter(test) [4150/5000]    eta: 0:00:42  time: 0.0449  data_time: 0.0011  memory: 722  
08/02 15:23:33 - mmengine - INFO - Iter(test) [4200/5000]    eta: 0:00:40  time: 0.0508  data_time: 0.0011  memory: 726  
08/02 15:23:35 - mmengine - INFO - Iter(test) [4250/5000]    eta: 0:00:37  time: 0.0496  data_time: 0.0011  memory: 718  
08/02 15:23:38 - mmengine - INFO - Iter(test) [4300/5000]    eta: 0:00:35  time: 0.0524  data_time: 0.0011  memory: 726  
08/02 15:23:41 - mmengine - INFO - Iter(test) [4350/5000]    eta: 0:00:32  time: 0.0559  data_time: 0.0011  memory: 701  
08/02 15:23:43 - mmengine - INFO - Iter(test) [4400/5000]    eta: 0:00:30  time: 0.0550  data_time: 0.0010  memory: 726  
08/02 15:23:46 - mmengine - INFO - Iter(test) [4450/5000]    eta: 0:00:27  time: 0.0551  data_time: 0.0010  memory: 726  
08/02 15:23:48 - mmengine - INFO - Iter(test) [4500/5000]    eta: 0:00:25  time: 0.0528  data_time: 0.0011  memory: 726  
08/02 15:23:51 - mmengine - INFO - Iter(test) [4550/5000]    eta: 0:00:22  time: 0.0534  data_time: 0.0010  memory: 726  
08/02 15:23:53 - mmengine - INFO - Iter(test) [4600/5000]    eta: 0:00:20  time: 0.0544  data_time: 0.0010  memory: 726  
08/02 15:23:56 - mmengine - INFO - Iter(test) [4650/5000]    eta: 0:00:17  time: 0.0517  data_time: 0.0011  memory: 726  
08/02 15:23:58 - mmengine - INFO - Iter(test) [4700/5000]    eta: 0:00:15  time: 0.0540  data_time: 0.0010  memory: 726  
08/02 15:24:01 - mmengine - INFO - Iter(test) [4750/5000]    eta: 0:00:12  time: 0.0509  data_time: 0.0011  memory: 726  
08/02 15:24:03 - mmengine - INFO - Iter(test) [4800/5000]    eta: 0:00:10  time: 0.0526  data_time: 0.0010  memory: 653  
08/02 15:24:06 - mmengine - INFO - Iter(test) [4850/5000]    eta: 0:00:07  time: 0.0546  data_time: 0.0010  memory: 726  
08/02 15:24:09 - mmengine - INFO - Iter(test) [4900/5000]    eta: 0:00:05  time: 0.0482  data_time: 0.0010  memory: 687  
08/02 15:24:11 - mmengine - INFO - Iter(test) [4950/5000]    eta: 0:00:02  time: 0.0511  data_time: 0.0011  memory: 694  
08/02 15:24:14 - mmengine - INFO - Iter(test) [5000/5000]    eta: 0:00:00  time: 0.0511  data_time: 0.0010  memory: 701  
08/02 15:24:14 - mmengine - INFO - per class results:
08/02 15:24:14 - mmengine - INFO - 
+----------------+-------+-------+
|     Class      |  IoU  |  Acc  |
+----------------+-------+-------+
|   background   |  66.0 | 76.61 |
|     person     |  5.04 |  5.05 |
|    bicycle     | 47.82 | 81.29 |
|      car       |  44.3 |  71.0 |
|   motorcycle   | 63.41 | 77.74 |
|    airplane    | 46.55 | 88.84 |
|      bus       | 61.33 | 80.63 |
|     train      | 42.18 | 76.04 |
|     truck      | 37.09 | 50.09 |
|      boat      | 12.33 | 81.19 |
| traffic light  | 21.31 | 82.58 |
|  fire hydrant  | 60.27 | 87.83 |
|   stop sign    | 21.48 | 94.19 |
| parking meter  | 37.61 | 50.17 |
|     bench      | 33.93 | 55.29 |
|      bird      |  55.7 | 74.45 |
|      cat       | 76.68 | 91.65 |
|      dog       | 65.79 | 77.79 |
|     horse      | 60.88 | 93.72 |
|     sheep      | 32.15 |  95.7 |
|      cow       | 67.87 | 79.77 |
|    elephant    | 79.32 | 91.04 |
|      bear      | 81.93 | 91.62 |
|     zebra      | 66.44 | 94.58 |
|    giraffe     | 64.42 | 94.21 |
|    backpack    | 13.39 | 72.37 |
|    umbrella    | 46.27 |  78.3 |
|    handbag     |  19.0 | 30.22 |
|      tie       |  1.65 | 64.68 |
|    suitcase    | 46.45 | 57.33 |
|    frisbee     | 46.86 | 73.51 |
|      skis      |  1.7  |  92.6 |
|   snowboard    |  1.11 |  11.2 |
|  sports ball   | 21.54 | 72.98 |
|      kite      | 26.28 | 69.16 |
|  baseball bat  |  9.38 | 70.51 |
| baseball glove |  8.74 | 91.58 |
|   skateboard   | 12.28 | 61.86 |
|   surfboard    |  7.67 | 76.19 |
| tennis racket  |  9.24 | 86.41 |
|     bottle     | 34.76 | 54.57 |
|   wine glass   | 30.32 | 77.47 |
|      cup       | 20.71 | 24.48 |
|      fork      | 25.42 | 58.82 |
|     knife      | 11.86 | 13.56 |
|     spoon      |  25.4 | 42.61 |
|      bowl      | 14.03 | 16.89 |
|     banana     | 46.32 | 85.29 |
|     apple      | 37.76 |  60.9 |
|    sandwich    | 34.68 | 77.18 |
|     orange     | 20.23 | 88.15 |
|    broccoli    | 18.37 | 94.85 |
|     carrot     | 44.74 | 74.58 |
|    hot dog     | 42.33 | 55.78 |
|     pizza      | 56.92 | 85.44 |
|     donut      | 56.48 | 90.42 |
|      cake      | 51.29 | 69.48 |
|     chair      | 23.91 | 29.71 |
|     couch      | 43.41 | 77.98 |
|  potted plant  |  7.04 | 66.08 |
|      bed       |  51.9 | 73.95 |
|  dining table  | 27.41 | 42.05 |
|     toilet     | 15.11 | 74.77 |
|       tv       | 21.89 | 24.41 |
|     laptop     | 46.41 | 67.57 |
|     mouse      | 29.03 | 30.82 |
|     remote     | 28.87 | 43.71 |
|    keyboard    | 47.47 | 56.41 |
|   cell phone   | 21.27 |  24.3 |
|   microwave    | 28.29 |  33.8 |
|      oven      | 27.33 | 52.56 |
|    toaster     |  23.5 | 55.15 |
|      sink      | 21.17 | 65.03 |
|  refrigerator  | 22.15 | 80.12 |
|      book      | 26.62 | 32.94 |
|     clock      |  41.5 | 83.43 |
|      vase      | 23.42 | 28.73 |
|    scissors    | 22.16 | 23.39 |
|   teddy bear   | 61.79 | 72.66 |
|   hair drier   |  2.27 | 34.69 |
|   toothbrush   |  27.7 | 61.12 |
+----------------+-------+-------+
08/02 15:24:14 - mmengine - INFO - Iter(test) [5000/5000]    aAcc: 68.2800  mIoU: 34.4000  mAcc: 64.9100  data_time: 0.0011  time: 0.0504
