08/03 03:05:37 - mmengine - INFO - 
------------------------------------------------------------
System environment:
    sys.platform: linux
    Python: 3.10.20 (main, Jun 11 2026, 15:17:37) [GCC 14.3.0]
    CUDA available: True
    numpy_random_seed: 42
    GPU 0: NVIDIA GeForce RTX 3090
    CUDA_HOME: /usr/local/cuda
    NVCC: Cuda compilation tools, release 12.2, V12.2.140
    GCC: gcc (Ubuntu 9.4.0-1ubuntu1~20.04.2) 9.4.0
    PyTorch: 2.1.0+cu121
    PyTorch compiling details: PyTorch built with:
  - GCC 9.3
  - C++ Version: 201703
  - Intel(R) oneAPI Math Kernel Library Version 2022.2-Product Build 20220804 for Intel(R) 64 architecture applications
  - Intel(R) MKL-DNN v3.1.1 (Git Hash 64f6bcbcbab628e96f33a62c3e975f8535a7bde4)
  - OpenMP 201511 (a.k.a. OpenMP 4.5)
  - LAPACK is enabled (usually provided by MKL)
  - NNPACK is enabled
  - CPU capability usage: AVX512
  - CUDA Runtime 12.1
  - NVCC architecture flags: -gencode;arch=compute_50,code=sm_50;-gencode;arch=compute_60,code=sm_60;-gencode;arch=compute_70,code=sm_70;-gencode;arch=compute_75,code=sm_75;-gencode;arch=compute_80,code=sm_80;-gencode;arch=compute_86,code=sm_86;-gencode;arch=compute_90,code=sm_90
  - CuDNN 8.9.2
  - Magma 2.6.1
  - Build settings: BLAS_INFO=mkl, BUILD_TYPE=Release, CUDA_VERSION=12.1, CUDNN_VERSION=8.9.2, CXX_COMPILER=/opt/rh/devtoolset-9/root/usr/bin/c++, CXX_FLAGS= -D_GLIBCXX_USE_CXX11_ABI=0 -fabi-version=11 -fvisibility-inlines-hidden -DUSE_PTHREADPOOL -DNDEBUG -DUSE_KINETO -DLIBKINETO_NOROCTRACER -DUSE_FBGEMM -DUSE_QNNPACK -DUSE_PYTORCH_QNNPACK -DUSE_XNNPACK -DSYMBOLICATE_MOBILE_DEBUG_HANDLE -O2 -fPIC -Wall -Wextra -Werror=return-type -Werror=non-virtual-dtor -Werror=bool-operation -Wnarrowing -Wno-missing-field-initializers -Wno-type-limits -Wno-array-bounds -Wno-unknown-pragmas -Wno-unused-parameter -Wno-unused-function -Wno-unused-result -Wno-strict-overflow -Wno-strict-aliasing -Wno-stringop-overflow -Wno-psabi -Wno-error=pedantic -Wno-error=old-style-cast -Wno-invalid-partial-specialization -Wno-unused-private-field -Wno-aligned-allocation-unavailable -Wno-missing-braces -fdiagnostics-color=always -faligned-new -Wno-unused-but-set-variable -Wno-maybe-uninitialized -fno-math-errno -fno-trapping-math -Werror=format -Werror=cast-function-type -Wno-stringop-overflow, LAPACK_INFO=mkl, PERF_WITH_AVX=1, PERF_WITH_AVX2=1, PERF_WITH_AVX512=1, TORCH_DISABLE_GPU_ASSERTS=ON, TORCH_VERSION=2.1.0, USE_CUDA=ON, USE_CUDNN=ON, USE_EXCEPTION_PTR=1, USE_GFLAGS=OFF, USE_GLOG=OFF, USE_MKL=ON, USE_MKLDNN=ON, USE_MPI=OFF, USE_NCCL=1, USE_NNPACK=ON, USE_OPENMP=ON, USE_ROCM=OFF, 

    TorchVision: 0.16.0+cu121
    OpenCV: 5.0.0
    MMEngine: 0.10.1

Runtime environment:
    cudnn_benchmark: True
    mp_cfg: {'mp_start_method': 'fork', 'opencv_num_threads': 0}
    dist_cfg: {'backend': 'nccl'}
    seed: 42
    Distributed launcher: none
    Distributed training: False
    GPU number: 1
------------------------------------------------------------

08/03 03:05:37 - mmengine - INFO - Config:
data_root = '/media/dell/DATA/ovss/datasets/VOCdevkit/VOC2012'
dataset_type = 'PascalVOCDataset'
default_hooks = dict(
    checkpoint=dict(by_epoch=False, interval=2000, type='CheckpointHook'),
    logger=dict(interval=100, log_metric_by_epoch=False, type='LoggerHook'),
    param_scheduler=dict(type='ParamSchedulerHook'),
    sampler_seed=dict(type='DistSamplerSeedHook'),
    timer=dict(type='IterTimerHook'))
default_scope = 'mmseg'
env_cfg = dict(
    cudnn_benchmark=True,
    dist_cfg=dict(backend='nccl'),
    mp_cfg=dict(mp_start_method='fork', opencv_num_threads=0),
    seed=42)
launcher = 'none'
load_from = None
log_level = 'INFO'
log_processor = dict(by_epoch=False)
model = dict(
    clip_path='ViT-B/16',
    dataset='configs/cfg_voc21.py',
    global_semantics_weight=0.1,
    h_threshold=0.1,
    mean_vector_weight=0.03,
    name_path='./configs/cls_voc21.txt',
    pamr_steps=0,
    prob_thd=0.1,
    slide_crop=0,
    type='RF_CLIP')
randomness = dict(seed=42)
resume = False
test_cfg = dict(type='TestLoop')
test_dataloader = dict(
    batch_size=1,
    dataset=dict(
        ann_file='ImageSets/Segmentation/val.txt',
        data_prefix=dict(
            img_path='JPEGImages', seg_map_path='SegmentationClassAug'),
        data_root='/media/dell/DATA/ovss/datasets/VOCdevkit/VOC2012',
        pipeline=[
            dict(type='LoadImageFromFile'),
            dict(keep_ratio=True, scale=(
                2048,
                336,
            ), type='Resize'),
            dict(type='LoadAnnotations'),
            dict(type='PackSegInputs'),
        ],
        type='PascalVOCDataset'),
    num_workers=4,
    persistent_workers=True,
    sampler=dict(shuffle=False, type='DefaultSampler'))
test_evaluator = dict(
    iou_metrics=[
        'mIoU',
    ], type='IoUMetric')
test_pipeline = [
    dict(type='LoadImageFromFile'),
    dict(keep_ratio=True, scale=(
        2048,
        336,
    ), type='Resize'),
    dict(type='LoadAnnotations'),
    dict(type='PackSegInputs'),
]
vis_backends = [
    dict(type='LocalVisBackend'),
]
visualizer = dict(
    alpha=0.7,
    name='visualizer',
    type='SegLocalVisualizer',
    vis_backends=[
        dict(type='LocalVisBackend'),
    ])
work_dir = '/media/dell/DATA/ovss/runs/w19_regress'

08/03 03:05:41 - mmengine - INFO - Distributed training is not used, all SyncBatchNorm (SyncBN) layers in the model will be automatically reverted to BatchNormXd layers if they are used.
08/03 03:05:41 - mmengine - INFO - Hooks will be executed in the following order:
before_run:
(VERY_HIGH   ) RuntimeInfoHook                    
(BELOW_NORMAL) LoggerHook                         
 -------------------- 
before_train:
(VERY_HIGH   ) RuntimeInfoHook                    
(NORMAL      ) IterTimerHook                      
(VERY_LOW    ) CheckpointHook                     
 -------------------- 
before_train_epoch:
(VERY_HIGH   ) RuntimeInfoHook                    
(NORMAL      ) IterTimerHook                      
(NORMAL      ) DistSamplerSeedHook                
 -------------------- 
before_train_iter:
(VERY_HIGH   ) RuntimeInfoHook                    
(NORMAL      ) IterTimerHook                      
 -------------------- 
after_train_iter:
(VERY_HIGH   ) RuntimeInfoHook                    
(NORMAL      ) IterTimerHook                      
(BELOW_NORMAL) LoggerHook                         
(LOW         ) ParamSchedulerHook                 
(VERY_LOW    ) CheckpointHook                     
 -------------------- 
after_train_epoch:
(NORMAL      ) IterTimerHook                      
(LOW         ) ParamSchedulerHook                 
(VERY_LOW    ) CheckpointHook                     
 -------------------- 
before_val:
(VERY_HIGH   ) RuntimeInfoHook                    
 -------------------- 
before_val_epoch:
(NORMAL      ) IterTimerHook                      
 -------------------- 
before_val_iter:
(NORMAL      ) IterTimerHook                      
 -------------------- 
after_val_iter:
(NORMAL      ) IterTimerHook                      
(BELOW_NORMAL) LoggerHook                         
 -------------------- 
after_val_epoch:
(VERY_HIGH   ) RuntimeInfoHook                    
(NORMAL      ) IterTimerHook                      
(BELOW_NORMAL) LoggerHook                         
(LOW         ) ParamSchedulerHook                 
(VERY_LOW    ) CheckpointHook                     
 -------------------- 
after_val:
(VERY_HIGH   ) RuntimeInfoHook                    
 -------------------- 
after_train:
(VERY_HIGH   ) RuntimeInfoHook                    
(VERY_LOW    ) CheckpointHook                     
 -------------------- 
before_test:
(VERY_HIGH   ) RuntimeInfoHook                    
 -------------------- 
before_test_epoch:
(NORMAL      ) IterTimerHook                      
 -------------------- 
before_test_iter:
(NORMAL      ) IterTimerHook                      
 -------------------- 
after_test_iter:
(NORMAL      ) IterTimerHook                      
(BELOW_NORMAL) LoggerHook                         
 -------------------- 
after_test_epoch:
(VERY_HIGH   ) RuntimeInfoHook                    
(NORMAL      ) IterTimerHook                      
(BELOW_NORMAL) LoggerHook                         
 -------------------- 
after_test:
(VERY_HIGH   ) RuntimeInfoHook                    
 -------------------- 
after_run:
(BELOW_NORMAL) LoggerHook                         
 -------------------- 
08/03 03:05:41 - mmengine - WARNING - The prefix is not set in metric class IoUMetric.
08/03 03:05:50 - mmengine - INFO - Iter(test) [ 100/1449]    eta: 0:01:57  time: 0.0709  data_time: 0.0011  memory: 2163  
08/03 03:05:58 - mmengine - INFO - Iter(test) [ 200/1449]    eta: 0:01:44  time: 0.0775  data_time: 0.0011  memory: 3561  
08/03 03:06:05 - mmengine - INFO - Iter(test) [ 300/1449]    eta: 0:01:31  time: 0.0670  data_time: 0.0010  memory: 1714  
08/03 03:06:12 - mmengine - INFO - Iter(test) [ 400/1449]    eta: 0:01:21  time: 0.0734  data_time: 0.0010  memory: 1646  
08/03 03:06:19 - mmengine - INFO - Iter(test) [ 500/1449]    eta: 0:01:12  time: 0.0747  data_time: 0.0010  memory: 4592  
08/03 03:06:26 - mmengine - INFO - Iter(test) [ 600/1449]    eta: 0:01:04  time: 0.0683  data_time: 0.0010  memory: 1859  
08/03 03:06:34 - mmengine - INFO - Iter(test) [ 700/1449]    eta: 0:00:56  time: 0.0772  data_time: 0.0010  memory: 1786  
08/03 03:06:41 - mmengine - INFO - Iter(test) [ 800/1449]    eta: 0:00:48  time: 0.0826  data_time: 0.0011  memory: 2247  
08/03 03:06:48 - mmengine - INFO - Iter(test) [ 900/1449]    eta: 0:00:40  time: 0.0752  data_time: 0.0010  memory: 1581  
08/03 03:06:55 - mmengine - INFO - Iter(test) [1000/1449]    eta: 0:00:33  time: 0.0734  data_time: 0.0010  memory: 1864  
08/03 03:07:02 - mmengine - INFO - Iter(test) [1100/1449]    eta: 0:00:25  time: 0.0806  data_time: 0.0010  memory: 2857  
08/03 03:07:09 - mmengine - INFO - Iter(test) [1200/1449]    eta: 0:00:18  time: 0.0722  data_time: 0.0010  memory: 1647  
08/03 03:07:16 - mmengine - INFO - Iter(test) [1300/1449]    eta: 0:00:10  time: 0.0661  data_time: 0.0010  memory: 2415  
08/03 03:07:23 - mmengine - INFO - Iter(test) [1400/1449]    eta: 0:00:03  time: 0.0674  data_time: 0.0010  memory: 1582  
08/03 03:07:27 - mmengine - INFO - per class results:
08/03 03:07:27 - mmengine - INFO - 
+-------------+-------+-------+
|    Class    |  IoU  |  Acc  |
+-------------+-------+-------+
|  background | 87.78 |  91.6 |
|  aeroplane  | 70.16 | 91.23 |
|   bicycle   | 37.91 | 93.21 |
|     bird    | 79.37 | 88.45 |
|     boat    | 57.07 | 81.94 |
|    bottle   | 60.54 | 79.17 |
|     bus     | 78.49 | 93.29 |
|     car     | 71.73 | 96.21 |
|     cat     | 83.66 |  89.7 |
|    chair    | 30.25 | 46.45 |
|     cow     | 82.98 | 90.55 |
| diningtable | 38.91 | 87.49 |
|     dog     | 80.01 | 84.96 |
|    horse    |  77.5 | 94.18 |
|  motorbike  | 73.01 | 89.67 |
|    person   | 67.19 | 72.58 |
| pottedplant | 47.07 | 82.72 |
|    sheep    |  70.8 | 95.26 |
|     sofa    | 52.55 | 84.05 |
|    train    | 71.68 | 85.84 |
|  tvmonitor  | 40.86 |  53.4 |
+-------------+-------+-------+
08/03 03:07:27 - mmengine - INFO - Iter(test) [1449/1449]    aAcc: 89.4000  mIoU: 64.7400  mAcc: 84.3800  data_time: 0.0011  time: 0.0727
