08/03 01:38:24 - mmengine - INFO - 
------------------------------------------------------------
System environment:
    sys.platform: linux
    Python: 3.10.20 (main, Jun 11 2026, 15:17:37) [GCC 14.3.0]
    CUDA available: True
    numpy_random_seed: 42
    GPU 0: NVIDIA GeForce RTX 3090
    CUDA_HOME: /usr/local/cuda
    NVCC: Cuda compilation tools, release 12.2, V12.2.140
    GCC: gcc (Ubuntu 9.4.0-1ubuntu1~20.04.2) 9.4.0
    PyTorch: 2.1.0+cu121
    PyTorch compiling details: PyTorch built with:
  - GCC 9.3
  - C++ Version: 201703
  - Intel(R) oneAPI Math Kernel Library Version 2022.2-Product Build 20220804 for Intel(R) 64 architecture applications
  - Intel(R) MKL-DNN v3.1.1 (Git Hash 64f6bcbcbab628e96f33a62c3e975f8535a7bde4)
  - OpenMP 201511 (a.k.a. OpenMP 4.5)
  - LAPACK is enabled (usually provided by MKL)
  - NNPACK is enabled
  - CPU capability usage: AVX512
  - CUDA Runtime 12.1
  - NVCC architecture flags: -gencode;arch=compute_50,code=sm_50;-gencode;arch=compute_60,code=sm_60;-gencode;arch=compute_70,code=sm_70;-gencode;arch=compute_75,code=sm_75;-gencode;arch=compute_80,code=sm_80;-gencode;arch=compute_86,code=sm_86;-gencode;arch=compute_90,code=sm_90
  - CuDNN 8.9.2
  - Magma 2.6.1
  - Build settings: BLAS_INFO=mkl, BUILD_TYPE=Release, CUDA_VERSION=12.1, CUDNN_VERSION=8.9.2, CXX_COMPILER=/opt/rh/devtoolset-9/root/usr/bin/c++, CXX_FLAGS= -D_GLIBCXX_USE_CXX11_ABI=0 -fabi-version=11 -fvisibility-inlines-hidden -DUSE_PTHREADPOOL -DNDEBUG -DUSE_KINETO -DLIBKINETO_NOROCTRACER -DUSE_FBGEMM -DUSE_QNNPACK -DUSE_PYTORCH_QNNPACK -DUSE_XNNPACK -DSYMBOLICATE_MOBILE_DEBUG_HANDLE -O2 -fPIC -Wall -Wextra -Werror=return-type -Werror=non-virtual-dtor -Werror=bool-operation -Wnarrowing -Wno-missing-field-initializers -Wno-type-limits -Wno-array-bounds -Wno-unknown-pragmas -Wno-unused-parameter -Wno-unused-function -Wno-unused-result -Wno-strict-overflow -Wno-strict-aliasing -Wno-stringop-overflow -Wno-psabi -Wno-error=pedantic -Wno-error=old-style-cast -Wno-invalid-partial-specialization -Wno-unused-private-field -Wno-aligned-allocation-unavailable -Wno-missing-braces -fdiagnostics-color=always -faligned-new -Wno-unused-but-set-variable -Wno-maybe-uninitialized -fno-math-errno -fno-trapping-math -Werror=format -Werror=cast-function-type -Wno-stringop-overflow, LAPACK_INFO=mkl, PERF_WITH_AVX=1, PERF_WITH_AVX2=1, PERF_WITH_AVX512=1, TORCH_DISABLE_GPU_ASSERTS=ON, TORCH_VERSION=2.1.0, USE_CUDA=ON, USE_CUDNN=ON, USE_EXCEPTION_PTR=1, USE_GFLAGS=OFF, USE_GLOG=OFF, USE_MKL=ON, USE_MKLDNN=ON, USE_MPI=OFF, USE_NCCL=1, USE_NNPACK=ON, USE_OPENMP=ON, USE_ROCM=OFF, 

    TorchVision: 0.16.0+cu121
    OpenCV: 5.0.0
    MMEngine: 0.10.1

Runtime environment:
    cudnn_benchmark: True
    mp_cfg: {'mp_start_method': 'fork', 'opencv_num_threads': 0}
    dist_cfg: {'backend': 'nccl'}
    seed: 42
    Distributed launcher: none
    Distributed training: False
    GPU number: 1
------------------------------------------------------------

08/03 01:38:24 - mmengine - INFO - Config:
data_root = '/media/dell/DATA/ovss/datasets/VOCdevkit/VOC2010'
dataset_type = 'PascalContext60Dataset'
default_hooks = dict(
    checkpoint=dict(by_epoch=False, interval=2000, type='CheckpointHook'),
    logger=dict(interval=100, log_metric_by_epoch=False, type='LoggerHook'),
    param_scheduler=dict(type='ParamSchedulerHook'),
    sampler_seed=dict(type='DistSamplerSeedHook'),
    timer=dict(type='IterTimerHook'))
default_scope = 'mmseg'
env_cfg = dict(
    cudnn_benchmark=True,
    dist_cfg=dict(backend='nccl'),
    mp_cfg=dict(mp_start_method='fork', opencv_num_threads=0),
    seed=42)
launcher = 'none'
load_from = None
log_level = 'INFO'
log_processor = dict(by_epoch=False)
model = dict(
    clip_path='ViT-B/16',
    dataset='configs/cfg_context60.py',
    global_semantics_weight=0.25,
    h_threshold=0.09,
    mean_vector_weight=0.04,
    name_path='./configs/cls_context60.txt',
    pamr_steps=0,
    prob_thd=0.1,
    type='RF_CLIP')
randomness = dict(seed=42)
resume = False
test_cfg = dict(type='TestLoop')
test_dataloader = dict(
    batch_size=1,
    dataset=dict(
        ann_file='ImageSets/SegmentationContext/val.txt',
        data_prefix=dict(
            img_path='JPEGImages', seg_map_path='SegmentationClassContext'),
        data_root='/media/dell/DATA/ovss/datasets/VOCdevkit/VOC2010',
        pipeline=[
            dict(type='LoadImageFromFile'),
            dict(keep_ratio=True, scale=(
                2048,
                336,
            ), type='Resize'),
            dict(type='LoadAnnotations'),
            dict(type='PackSegInputs'),
        ],
        type='PascalContext60Dataset'),
    num_workers=4,
    persistent_workers=True,
    sampler=dict(shuffle=False, type='DefaultSampler'))
test_evaluator = dict(
    iou_metrics=[
        'mIoU',
    ], type='IoUMetric')
test_pipeline = [
    dict(type='LoadImageFromFile'),
    dict(keep_ratio=True, scale=(
        2048,
        336,
    ), type='Resize'),
    dict(type='LoadAnnotations'),
    dict(type='PackSegInputs'),
]
vis_backends = [
    dict(type='LocalVisBackend'),
]
visualizer = dict(
    alpha=0.7,
    name='visualizer',
    type='SegLocalVisualizer',
    vis_backends=[
        dict(type='LocalVisBackend'),
    ])
work_dir = '/media/dell/DATA/ovss/runs/w19_ctx60_syn100'

08/03 01:38:28 - mmengine - INFO - Distributed training is not used, all SyncBatchNorm (SyncBN) layers in the model will be automatically reverted to BatchNormXd layers if they are used.
08/03 01:38:28 - mmengine - INFO - Hooks will be executed in the following order:
before_run:
(VERY_HIGH   ) RuntimeInfoHook                    
(BELOW_NORMAL) LoggerHook                         
 -------------------- 
before_train:
(VERY_HIGH   ) RuntimeInfoHook                    
(NORMAL      ) IterTimerHook                      
(VERY_LOW    ) CheckpointHook                     
 -------------------- 
before_train_epoch:
(VERY_HIGH   ) RuntimeInfoHook                    
(NORMAL      ) IterTimerHook                      
(NORMAL      ) DistSamplerSeedHook                
 -------------------- 
before_train_iter:
(VERY_HIGH   ) RuntimeInfoHook                    
(NORMAL      ) IterTimerHook                      
 -------------------- 
after_train_iter:
(VERY_HIGH   ) RuntimeInfoHook                    
(NORMAL      ) IterTimerHook                      
(BELOW_NORMAL) LoggerHook                         
(LOW         ) ParamSchedulerHook                 
(VERY_LOW    ) CheckpointHook                     
 -------------------- 
after_train_epoch:
(NORMAL      ) IterTimerHook                      
(LOW         ) ParamSchedulerHook                 
(VERY_LOW    ) CheckpointHook                     
 -------------------- 
before_val:
(VERY_HIGH   ) RuntimeInfoHook                    
 -------------------- 
before_val_epoch:
(NORMAL      ) IterTimerHook                      
 -------------------- 
before_val_iter:
(NORMAL      ) IterTimerHook                      
 -------------------- 
after_val_iter:
(NORMAL      ) IterTimerHook                      
(BELOW_NORMAL) LoggerHook                         
 -------------------- 
after_val_epoch:
(VERY_HIGH   ) RuntimeInfoHook                    
(NORMAL      ) IterTimerHook                      
(BELOW_NORMAL) LoggerHook                         
(LOW         ) ParamSchedulerHook                 
(VERY_LOW    ) CheckpointHook                     
 -------------------- 
after_val:
(VERY_HIGH   ) RuntimeInfoHook                    
 -------------------- 
after_train:
(VERY_HIGH   ) RuntimeInfoHook                    
(VERY_LOW    ) CheckpointHook                     
 -------------------- 
before_test:
(VERY_HIGH   ) RuntimeInfoHook                    
 -------------------- 
before_test_epoch:
(NORMAL      ) IterTimerHook                      
 -------------------- 
before_test_iter:
(NORMAL      ) IterTimerHook                      
 -------------------- 
after_test_iter:
(NORMAL      ) IterTimerHook                      
(BELOW_NORMAL) LoggerHook                         
 -------------------- 
after_test_epoch:
(VERY_HIGH   ) RuntimeInfoHook                    
(NORMAL      ) IterTimerHook                      
(BELOW_NORMAL) LoggerHook                         
 -------------------- 
after_test:
(VERY_HIGH   ) RuntimeInfoHook                    
 -------------------- 
after_run:
(BELOW_NORMAL) LoggerHook                         
 -------------------- 
08/03 01:38:28 - mmengine - WARNING - The prefix is not set in metric class IoUMetric.
08/03 01:38:54 - mmengine - INFO - Iter(test) [ 100/5105]    eta: 0:22:15  time: 0.2719  data_time: 0.0010  memory: 829  
08/03 01:39:20 - mmengine - INFO - Iter(test) [ 200/5105]    eta: 0:21:11  time: 0.2946  data_time: 0.0010  memory: 935  
08/03 01:39:44 - mmengine - INFO - Iter(test) [ 300/5105]    eta: 0:20:23  time: 0.2461  data_time: 0.0010  memory: 843  
08/03 01:40:09 - mmengine - INFO - Iter(test) [ 400/5105]    eta: 0:19:56  time: 0.2735  data_time: 0.0010  memory: 1331  
08/03 01:40:36 - mmengine - INFO - Iter(test) [ 500/5105]    eta: 0:19:43  time: 0.2285  data_time: 0.0010  memory: 3488  
08/03 01:41:01 - mmengine - INFO - Iter(test) [ 600/5105]    eta: 0:19:13  time: 0.2349  data_time: 0.0011  memory: 816  
08/03 01:41:26 - mmengine - INFO - Iter(test) [ 700/5105]    eta: 0:18:40  time: 0.2359  data_time: 0.0011  memory: 933  
08/03 01:41:51 - mmengine - INFO - Iter(test) [ 800/5105]    eta: 0:18:13  time: 0.2414  data_time: 0.0011  memory: 1084  
08/03 01:42:17 - mmengine - INFO - Iter(test) [ 900/5105]    eta: 0:17:50  time: 0.2311  data_time: 0.0010  memory: 2740  
08/03 01:42:41 - mmengine - INFO - Iter(test) [1000/5105]    eta: 0:17:20  time: 0.2478  data_time: 0.0011  memory: 763  
08/03 01:43:07 - mmengine - INFO - Iter(test) [1100/5105]    eta: 0:16:55  time: 0.2629  data_time: 0.0010  memory: 1640  
08/03 01:43:31 - mmengine - INFO - Iter(test) [1200/5105]    eta: 0:16:27  time: 0.2758  data_time: 0.0010  memory: 984  
08/03 01:43:56 - mmengine - INFO - Iter(test) [1300/5105]    eta: 0:16:01  time: 0.2325  data_time: 0.0011  memory: 868  
08/03 01:44:22 - mmengine - INFO - Iter(test) [1400/5105]    eta: 0:15:37  time: 0.2427  data_time: 0.0010  memory: 1382  
08/03 01:44:47 - mmengine - INFO - Iter(test) [1500/5105]    eta: 0:15:11  time: 0.2572  data_time: 0.0010  memory: 763  
08/03 01:45:12 - mmengine - INFO - Iter(test) [1600/5105]    eta: 0:14:44  time: 0.2359  data_time: 0.0011  memory: 934  
08/03 01:45:37 - mmengine - INFO - Iter(test) [1700/5105]    eta: 0:14:20  time: 0.2354  data_time: 0.0010  memory: 1195  
08/03 01:46:03 - mmengine - INFO - Iter(test) [1800/5105]    eta: 0:13:55  time: 0.2491  data_time: 0.0011  memory: 1230  
08/03 01:46:28 - mmengine - INFO - Iter(test) [1900/5105]    eta: 0:13:30  time: 0.2406  data_time: 0.0010  memory: 1383  
08/03 01:46:52 - mmengine - INFO - Iter(test) [2000/5105]    eta: 0:13:03  time: 0.2116  data_time: 0.0011  memory: 781  
08/03 01:47:17 - mmengine - INFO - Iter(test) [2100/5105]    eta: 0:12:37  time: 0.2361  data_time: 0.0011  memory: 920  
08/03 01:47:43 - mmengine - INFO - Iter(test) [2200/5105]    eta: 0:12:12  time: 0.2338  data_time: 0.0010  memory: 933  
08/03 01:48:08 - mmengine - INFO - Iter(test) [2300/5105]    eta: 0:11:48  time: 0.2682  data_time: 0.0010  memory: 762  
08/03 01:48:35 - mmengine - INFO - Iter(test) [2400/5105]    eta: 0:11:23  time: 0.2665  data_time: 0.0010  memory: 1330  
08/03 01:49:02 - mmengine - INFO - Iter(test) [2500/5105]    eta: 0:11:00  time: 0.2168  data_time: 0.0011  memory: 2310  
08/03 01:49:28 - mmengine - INFO - Iter(test) [2600/5105]    eta: 0:10:35  time: 0.2667  data_time: 0.0011  memory: 869  
08/03 01:49:54 - mmengine - INFO - Iter(test) [2700/5105]    eta: 0:10:11  time: 0.2706  data_time: 0.0011  memory: 1404  
08/03 01:50:20 - mmengine - INFO - Iter(test) [2800/5105]    eta: 0:09:45  time: 0.2356  data_time: 0.0010  memory: 781  
08/03 01:50:47 - mmengine - INFO - Iter(test) [2900/5105]    eta: 0:09:21  time: 0.2585  data_time: 0.0011  memory: 1252  
08/03 01:51:13 - mmengine - INFO - Iter(test) [3000/5105]    eta: 0:08:56  time: 0.2578  data_time: 0.0011  memory: 971  
08/03 01:51:40 - mmengine - INFO - Iter(test) [3100/5105]    eta: 0:08:32  time: 0.3047  data_time: 0.0010  memory: 888  
08/03 01:52:05 - mmengine - INFO - Iter(test) [3200/5105]    eta: 0:08:06  time: 0.2663  data_time: 0.0011  memory: 763  
08/03 01:52:31 - mmengine - INFO - Iter(test) [3300/5105]    eta: 0:07:41  time: 0.2742  data_time: 0.0010  memory: 761  
08/03 01:52:56 - mmengine - INFO - Iter(test) [3400/5105]    eta: 0:07:15  time: 0.2671  data_time: 0.0010  memory: 760  
08/03 01:53:22 - mmengine - INFO - Iter(test) [3500/5105]    eta: 0:06:49  time: 0.2765  data_time: 0.0011  memory: 783  
08/03 01:53:47 - mmengine - INFO - Iter(test) [3600/5105]    eta: 0:06:24  time: 0.2474  data_time: 0.0011  memory: 983  
08/03 01:54:12 - mmengine - INFO - Iter(test) [3700/5105]    eta: 0:05:58  time: 0.2434  data_time: 0.0010  memory: 761  
08/03 01:54:37 - mmengine - INFO - Iter(test) [3800/5105]    eta: 0:05:32  time: 0.2436  data_time: 0.0011  memory: 869  
08/03 01:55:01 - mmengine - INFO - Iter(test) [3900/5105]    eta: 0:05:06  time: 0.2406  data_time: 0.0010  memory: 728  
08/03 01:55:27 - mmengine - INFO - Iter(test) [4000/5105]    eta: 0:04:41  time: 0.2647  data_time: 0.0010  memory: 806  
08/03 01:55:52 - mmengine - INFO - Iter(test) [4100/5105]    eta: 0:04:16  time: 0.2962  data_time: 0.0010  memory: 970  
08/03 01:56:17 - mmengine - INFO - Iter(test) [4200/5105]    eta: 0:03:50  time: 0.2508  data_time: 0.0011  memory: 724  
08/03 01:56:43 - mmengine - INFO - Iter(test) [4300/5105]    eta: 0:03:25  time: 0.3172  data_time: 0.0010  memory: 1787  
08/03 01:57:08 - mmengine - INFO - Iter(test) [4400/5105]    eta: 0:02:59  time: 0.2423  data_time: 0.0011  memory: 1139  
08/03 01:57:34 - mmengine - INFO - Iter(test) [4500/5105]    eta: 0:02:34  time: 0.2473  data_time: 0.0011  memory: 868  
08/03 01:57:59 - mmengine - INFO - Iter(test) [4600/5105]    eta: 0:02:08  time: 0.2495  data_time: 0.0010  memory: 762  
08/03 01:58:25 - mmengine - INFO - Iter(test) [4700/5105]    eta: 0:01:43  time: 0.2429  data_time: 0.0011  memory: 781  
08/03 01:58:50 - mmengine - INFO - Iter(test) [4800/5105]    eta: 0:01:17  time: 0.2638  data_time: 0.0011  memory: 1138  
08/03 01:59:15 - mmengine - INFO - Iter(test) [4900/5105]    eta: 0:00:52  time: 0.2550  data_time: 0.0011  memory: 1024  
08/03 01:59:40 - mmengine - INFO - Iter(test) [5000/5105]    eta: 0:00:26  time: 0.2507  data_time: 0.0010  memory: 828  
08/03 02:00:05 - mmengine - INFO - Iter(test) [5100/5105]    eta: 0:00:01  time: 0.2455  data_time: 0.0010  memory: 729  
08/03 02:00:06 - mmengine - INFO - per class results:
08/03 02:00:06 - mmengine - INFO - 
+-------------+-------+-------+
|    Class    |  IoU  |  Acc  |
+-------------+-------+-------+
|  background | 12.78 | 56.02 |
|  aeroplane  | 55.06 | 72.07 |
|     bag     | 13.86 | 73.74 |
|     bed     |  0.18 |  0.58 |
|  bedclothes | 25.45 | 72.65 |
|    bench    |  0.0  |  0.0  |
|   bicycle   | 45.18 | 84.12 |
|     bird    | 70.09 |  83.4 |
|     boat    | 41.25 | 77.75 |
|     book    | 14.19 | 15.64 |
|    bottle   | 50.68 | 65.87 |
|   building  | 14.04 | 14.61 |
|     bus     | 63.05 | 84.29 |
|   cabinet   |  7.54 | 11.48 |
|     car     | 66.62 | 81.42 |
|     cat     | 78.43 |  86.6 |
|   ceiling   | 21.16 | 41.25 |
|    chair    | 19.74 | 22.17 |
|    cloth    |  2.33 |  2.51 |
|   computer  |  7.23 | 17.18 |
|     cow     | 71.97 | 89.76 |
|     cup     | 13.62 | 25.12 |
|   curtain   |  11.6 | 54.99 |
|     dog     | 68.67 | 72.15 |
|     door    | 10.62 |  25.6 |
|    fence    |  18.0 | 21.65 |
|    floor    |  0.0  |  0.0  |
|    flower   |  21.0 | 47.16 |
|     food    |  8.8  |  9.38 |
|    grass    |  1.31 |  1.32 |
|    ground   |  6.73 |  7.81 |
|    horse    | 65.34 | 76.45 |
|   keyboard  | 60.92 | 75.01 |
|    light    |  6.37 |  9.59 |
|  motorbike  |  31.8 | 33.42 |
|   mountain  | 18.36 | 19.72 |
|    mouse    | 23.77 |  32.4 |
|    person   |  0.21 |  0.21 |
|    plate    |  4.4  |  4.62 |
|   platform  |  0.0  |  0.0  |
| pottedplant | 40.35 | 73.07 |
|     road    |  1.25 |  1.4  |
|     rock    |  0.44 |  0.51 |
|    sheep    | 44.43 | 96.69 |
|   shelves   |  0.08 |  0.17 |
|   sidewalk  |  3.03 | 90.26 |
|     sign    |  1.72 |  1.87 |
|     sky     | 74.88 | 75.97 |
|     snow    | 48.12 | 84.19 |
|     sofa    | 32.04 | 48.68 |
|    table    |  27.2 | 54.35 |
|    track    |  0.0  |  0.0  |
|    train    | 42.75 | 53.17 |
|     tree    | 14.19 | 14.69 |
|    truck    |  2.97 |  3.5  |
|  tvmonitor  |  13.8 | 14.35 |
|     wall    |  0.17 |  0.18 |
|    water    | 64.17 | 71.16 |
|    window   | 29.08 | 43.61 |
|     wood    |  1.31 |  29.4 |
+-------------+-------+-------+
08/03 02:00:06 - mmengine - INFO - Iter(test) [5105/5105]    aAcc: 35.5400  mIoU: 24.9100  mAcc: 38.7800  data_time: 0.0011  time: 0.2543
