08/03 01:16:28 - mmengine - INFO - 
------------------------------------------------------------
System environment:
    sys.platform: linux
    Python: 3.10.20 (main, Jun 11 2026, 15:17:37) [GCC 14.3.0]
    CUDA available: True
    numpy_random_seed: 42
    GPU 0: NVIDIA GeForce RTX 3090
    CUDA_HOME: /usr/local/cuda
    NVCC: Cuda compilation tools, release 12.2, V12.2.140
    GCC: gcc (Ubuntu 9.4.0-1ubuntu1~20.04.2) 9.4.0
    PyTorch: 2.1.0+cu121
    PyTorch compiling details: PyTorch built with:
  - GCC 9.3
  - C++ Version: 201703
  - Intel(R) oneAPI Math Kernel Library Version 2022.2-Product Build 20220804 for Intel(R) 64 architecture applications
  - Intel(R) MKL-DNN v3.1.1 (Git Hash 64f6bcbcbab628e96f33a62c3e975f8535a7bde4)
  - OpenMP 201511 (a.k.a. OpenMP 4.5)
  - LAPACK is enabled (usually provided by MKL)
  - NNPACK is enabled
  - CPU capability usage: AVX512
  - CUDA Runtime 12.1
  - NVCC architecture flags: -gencode;arch=compute_50,code=sm_50;-gencode;arch=compute_60,code=sm_60;-gencode;arch=compute_70,code=sm_70;-gencode;arch=compute_75,code=sm_75;-gencode;arch=compute_80,code=sm_80;-gencode;arch=compute_86,code=sm_86;-gencode;arch=compute_90,code=sm_90
  - CuDNN 8.9.2
  - Magma 2.6.1
  - Build settings: BLAS_INFO=mkl, BUILD_TYPE=Release, CUDA_VERSION=12.1, CUDNN_VERSION=8.9.2, CXX_COMPILER=/opt/rh/devtoolset-9/root/usr/bin/c++, CXX_FLAGS= -D_GLIBCXX_USE_CXX11_ABI=0 -fabi-version=11 -fvisibility-inlines-hidden -DUSE_PTHREADPOOL -DNDEBUG -DUSE_KINETO -DLIBKINETO_NOROCTRACER -DUSE_FBGEMM -DUSE_QNNPACK -DUSE_PYTORCH_QNNPACK -DUSE_XNNPACK -DSYMBOLICATE_MOBILE_DEBUG_HANDLE -O2 -fPIC -Wall -Wextra -Werror=return-type -Werror=non-virtual-dtor -Werror=bool-operation -Wnarrowing -Wno-missing-field-initializers -Wno-type-limits -Wno-array-bounds -Wno-unknown-pragmas -Wno-unused-parameter -Wno-unused-function -Wno-unused-result -Wno-strict-overflow -Wno-strict-aliasing -Wno-stringop-overflow -Wno-psabi -Wno-error=pedantic -Wno-error=old-style-cast -Wno-invalid-partial-specialization -Wno-unused-private-field -Wno-aligned-allocation-unavailable -Wno-missing-braces -fdiagnostics-color=always -faligned-new -Wno-unused-but-set-variable -Wno-maybe-uninitialized -fno-math-errno -fno-trapping-math -Werror=format -Werror=cast-function-type -Wno-stringop-overflow, LAPACK_INFO=mkl, PERF_WITH_AVX=1, PERF_WITH_AVX2=1, PERF_WITH_AVX512=1, TORCH_DISABLE_GPU_ASSERTS=ON, TORCH_VERSION=2.1.0, USE_CUDA=ON, USE_CUDNN=ON, USE_EXCEPTION_PTR=1, USE_GFLAGS=OFF, USE_GLOG=OFF, USE_MKL=ON, USE_MKLDNN=ON, USE_MPI=OFF, USE_NCCL=1, USE_NNPACK=ON, USE_OPENMP=ON, USE_ROCM=OFF, 

    TorchVision: 0.16.0+cu121
    OpenCV: 5.0.0
    MMEngine: 0.10.1

Runtime environment:
    cudnn_benchmark: True
    mp_cfg: {'mp_start_method': 'fork', 'opencv_num_threads': 0}
    dist_cfg: {'backend': 'nccl'}
    seed: 42
    Distributed launcher: none
    Distributed training: False
    GPU number: 1
------------------------------------------------------------

08/03 01:16:28 - mmengine - INFO - Config:
data_root = '/media/dell/DATA/ovss/datasets/VOCdevkit/VOC2010'
dataset_type = 'PascalContext60Dataset'
default_hooks = dict(
    checkpoint=dict(by_epoch=False, interval=2000, type='CheckpointHook'),
    logger=dict(interval=100, log_metric_by_epoch=False, type='LoggerHook'),
    param_scheduler=dict(type='ParamSchedulerHook'),
    sampler_seed=dict(type='DistSamplerSeedHook'),
    timer=dict(type='IterTimerHook'))
default_scope = 'mmseg'
env_cfg = dict(
    cudnn_benchmark=True,
    dist_cfg=dict(backend='nccl'),
    mp_cfg=dict(mp_start_method='fork', opencv_num_threads=0),
    seed=42)
launcher = 'none'
load_from = None
log_level = 'INFO'
log_processor = dict(by_epoch=False)
model = dict(
    clip_path='ViT-B/16',
    dataset='configs/cfg_context60.py',
    global_semantics_weight=0.25,
    h_threshold=0.09,
    mean_vector_weight=0.04,
    name_path='./configs/cls_context60.txt',
    pamr_steps=0,
    prob_thd=0.1,
    type='RF_CLIP')
randomness = dict(seed=42)
resume = False
test_cfg = dict(type='TestLoop')
test_dataloader = dict(
    batch_size=1,
    dataset=dict(
        ann_file='ImageSets/SegmentationContext/val.txt',
        data_prefix=dict(
            img_path='JPEGImages', seg_map_path='SegmentationClassContext'),
        data_root='/media/dell/DATA/ovss/datasets/VOCdevkit/VOC2010',
        pipeline=[
            dict(type='LoadImageFromFile'),
            dict(keep_ratio=True, scale=(
                2048,
                336,
            ), type='Resize'),
            dict(type='LoadAnnotations'),
            dict(type='PackSegInputs'),
        ],
        type='PascalContext60Dataset'),
    num_workers=4,
    persistent_workers=True,
    sampler=dict(shuffle=False, type='DefaultSampler'))
test_evaluator = dict(
    iou_metrics=[
        'mIoU',
    ], type='IoUMetric')
test_pipeline = [
    dict(type='LoadImageFromFile'),
    dict(keep_ratio=True, scale=(
        2048,
        336,
    ), type='Resize'),
    dict(type='LoadAnnotations'),
    dict(type='PackSegInputs'),
]
vis_backends = [
    dict(type='LocalVisBackend'),
]
visualizer = dict(
    alpha=0.7,
    name='visualizer',
    type='SegLocalVisualizer',
    vis_backends=[
        dict(type='LocalVisBackend'),
    ])
work_dir = '/media/dell/DATA/ovss/runs/w19_ctx60_plain'

08/03 01:16:31 - mmengine - INFO - Distributed training is not used, all SyncBatchNorm (SyncBN) layers in the model will be automatically reverted to BatchNormXd layers if they are used.
08/03 01:16:31 - mmengine - INFO - Hooks will be executed in the following order:
before_run:
(VERY_HIGH   ) RuntimeInfoHook                    
(BELOW_NORMAL) LoggerHook                         
 -------------------- 
before_train:
(VERY_HIGH   ) RuntimeInfoHook                    
(NORMAL      ) IterTimerHook                      
(VERY_LOW    ) CheckpointHook                     
 -------------------- 
before_train_epoch:
(VERY_HIGH   ) RuntimeInfoHook                    
(NORMAL      ) IterTimerHook                      
(NORMAL      ) DistSamplerSeedHook                
 -------------------- 
before_train_iter:
(VERY_HIGH   ) RuntimeInfoHook                    
(NORMAL      ) IterTimerHook                      
 -------------------- 
after_train_iter:
(VERY_HIGH   ) RuntimeInfoHook                    
(NORMAL      ) IterTimerHook                      
(BELOW_NORMAL) LoggerHook                         
(LOW         ) ParamSchedulerHook                 
(VERY_LOW    ) CheckpointHook                     
 -------------------- 
after_train_epoch:
(NORMAL      ) IterTimerHook                      
(LOW         ) ParamSchedulerHook                 
(VERY_LOW    ) CheckpointHook                     
 -------------------- 
before_val:
(VERY_HIGH   ) RuntimeInfoHook                    
 -------------------- 
before_val_epoch:
(NORMAL      ) IterTimerHook                      
 -------------------- 
before_val_iter:
(NORMAL      ) IterTimerHook                      
 -------------------- 
after_val_iter:
(NORMAL      ) IterTimerHook                      
(BELOW_NORMAL) LoggerHook                         
 -------------------- 
after_val_epoch:
(VERY_HIGH   ) RuntimeInfoHook                    
(NORMAL      ) IterTimerHook                      
(BELOW_NORMAL) LoggerHook                         
(LOW         ) ParamSchedulerHook                 
(VERY_LOW    ) CheckpointHook                     
 -------------------- 
after_val:
(VERY_HIGH   ) RuntimeInfoHook                    
 -------------------- 
after_train:
(VERY_HIGH   ) RuntimeInfoHook                    
(VERY_LOW    ) CheckpointHook                     
 -------------------- 
before_test:
(VERY_HIGH   ) RuntimeInfoHook                    
 -------------------- 
before_test_epoch:
(NORMAL      ) IterTimerHook                      
 -------------------- 
before_test_iter:
(NORMAL      ) IterTimerHook                      
 -------------------- 
after_test_iter:
(NORMAL      ) IterTimerHook                      
(BELOW_NORMAL) LoggerHook                         
 -------------------- 
after_test_epoch:
(VERY_HIGH   ) RuntimeInfoHook                    
(NORMAL      ) IterTimerHook                      
(BELOW_NORMAL) LoggerHook                         
 -------------------- 
after_test:
(VERY_HIGH   ) RuntimeInfoHook                    
 -------------------- 
after_run:
(BELOW_NORMAL) LoggerHook                         
 -------------------- 
08/03 01:16:31 - mmengine - WARNING - The prefix is not set in metric class IoUMetric.
08/03 01:16:57 - mmengine - INFO - Iter(test) [ 100/5105]    eta: 0:21:34  time: 0.2718  data_time: 0.0011  memory: 829  
08/03 01:17:21 - mmengine - INFO - Iter(test) [ 200/5105]    eta: 0:20:32  time: 0.2827  data_time: 0.0011  memory: 935  
08/03 01:17:45 - mmengine - INFO - Iter(test) [ 300/5105]    eta: 0:19:42  time: 0.2339  data_time: 0.0010  memory: 843  
08/03 01:18:09 - mmengine - INFO - Iter(test) [ 400/5105]    eta: 0:19:14  time: 0.2644  data_time: 0.0011  memory: 1331  
08/03 01:18:35 - mmengine - INFO - Iter(test) [ 500/5105]    eta: 0:19:02  time: 0.2224  data_time: 0.0010  memory: 3488  
08/03 01:18:59 - mmengine - INFO - Iter(test) [ 600/5105]    eta: 0:18:31  time: 0.2249  data_time: 0.0011  memory: 816  
08/03 01:19:23 - mmengine - INFO - Iter(test) [ 700/5105]    eta: 0:18:00  time: 0.2272  data_time: 0.0010  memory: 933  
08/03 01:19:47 - mmengine - INFO - Iter(test) [ 800/5105]    eta: 0:17:33  time: 0.2312  data_time: 0.0011  memory: 1084  
08/03 01:20:12 - mmengine - INFO - Iter(test) [ 900/5105]    eta: 0:17:11  time: 0.2237  data_time: 0.0011  memory: 2740  
08/03 01:20:35 - mmengine - INFO - Iter(test) [1000/5105]    eta: 0:16:43  time: 0.2412  data_time: 0.0011  memory: 763  
08/03 01:21:00 - mmengine - INFO - Iter(test) [1100/5105]    eta: 0:16:19  time: 0.2548  data_time: 0.0011  memory: 1640  
08/03 01:21:24 - mmengine - INFO - Iter(test) [1200/5105]    eta: 0:15:53  time: 0.2667  data_time: 0.0011  memory: 984  
08/03 01:21:48 - mmengine - INFO - Iter(test) [1300/5105]    eta: 0:15:27  time: 0.2243  data_time: 0.0010  memory: 868  
08/03 01:22:13 - mmengine - INFO - Iter(test) [1400/5105]    eta: 0:15:04  time: 0.2368  data_time: 0.0011  memory: 1382  
08/03 01:22:37 - mmengine - INFO - Iter(test) [1500/5105]    eta: 0:14:39  time: 0.2456  data_time: 0.0011  memory: 763  
08/03 01:23:01 - mmengine - INFO - Iter(test) [1600/5105]    eta: 0:14:13  time: 0.2265  data_time: 0.0011  memory: 934  
08/03 01:23:26 - mmengine - INFO - Iter(test) [1700/5105]    eta: 0:13:50  time: 0.2296  data_time: 0.0011  memory: 1195  
08/03 01:23:51 - mmengine - INFO - Iter(test) [1800/5105]    eta: 0:13:26  time: 0.2425  data_time: 0.0011  memory: 1230  
08/03 01:24:15 - mmengine - INFO - Iter(test) [1900/5105]    eta: 0:13:02  time: 0.2324  data_time: 0.0010  memory: 1383  
08/03 01:24:38 - mmengine - INFO - Iter(test) [2000/5105]    eta: 0:12:36  time: 0.2019  data_time: 0.0011  memory: 781  
08/03 01:25:02 - mmengine - INFO - Iter(test) [2100/5105]    eta: 0:12:11  time: 0.2253  data_time: 0.0011  memory: 920  
08/03 01:25:27 - mmengine - INFO - Iter(test) [2200/5105]    eta: 0:11:46  time: 0.2259  data_time: 0.0011  memory: 933  
08/03 01:25:51 - mmengine - INFO - Iter(test) [2300/5105]    eta: 0:11:23  time: 0.2561  data_time: 0.0011  memory: 762  
08/03 01:26:17 - mmengine - INFO - Iter(test) [2400/5105]    eta: 0:10:59  time: 0.2585  data_time: 0.0011  memory: 1330  
08/03 01:26:43 - mmengine - INFO - Iter(test) [2500/5105]    eta: 0:10:37  time: 0.2110  data_time: 0.0010  memory: 2310  
08/03 01:27:08 - mmengine - INFO - Iter(test) [2600/5105]    eta: 0:10:13  time: 0.2558  data_time: 0.0010  memory: 869  
08/03 01:27:33 - mmengine - INFO - Iter(test) [2700/5105]    eta: 0:09:49  time: 0.2590  data_time: 0.0010  memory: 1404  
08/03 01:27:58 - mmengine - INFO - Iter(test) [2800/5105]    eta: 0:09:25  time: 0.2286  data_time: 0.0011  memory: 781  
08/03 01:28:24 - mmengine - INFO - Iter(test) [2900/5105]    eta: 0:09:02  time: 0.2484  data_time: 0.0011  memory: 1252  
08/03 01:28:49 - mmengine - INFO - Iter(test) [3000/5105]    eta: 0:08:37  time: 0.2465  data_time: 0.0010  memory: 971  
08/03 01:29:15 - mmengine - INFO - Iter(test) [3100/5105]    eta: 0:08:13  time: 0.2927  data_time: 0.0010  memory: 888  
08/03 01:29:39 - mmengine - INFO - Iter(test) [3200/5105]    eta: 0:07:49  time: 0.2578  data_time: 0.0011  memory: 763  
08/03 01:30:04 - mmengine - INFO - Iter(test) [3300/5105]    eta: 0:07:24  time: 0.2647  data_time: 0.0010  memory: 761  
08/03 01:30:28 - mmengine - INFO - Iter(test) [3400/5105]    eta: 0:06:59  time: 0.2545  data_time: 0.0010  memory: 760  
08/03 01:30:52 - mmengine - INFO - Iter(test) [3500/5105]    eta: 0:06:34  time: 0.2641  data_time: 0.0010  memory: 783  
08/03 01:31:17 - mmengine - INFO - Iter(test) [3600/5105]    eta: 0:06:10  time: 0.2375  data_time: 0.0011  memory: 983  
08/03 01:31:40 - mmengine - INFO - Iter(test) [3700/5105]    eta: 0:05:45  time: 0.2323  data_time: 0.0011  memory: 761  
08/03 01:32:04 - mmengine - INFO - Iter(test) [3800/5105]    eta: 0:05:20  time: 0.2322  data_time: 0.0011  memory: 869  
08/03 01:32:28 - mmengine - INFO - Iter(test) [3900/5105]    eta: 0:04:55  time: 0.2316  data_time: 0.0011  memory: 728  
08/03 01:32:52 - mmengine - INFO - Iter(test) [4000/5105]    eta: 0:04:30  time: 0.2544  data_time: 0.0011  memory: 806  
08/03 01:33:17 - mmengine - INFO - Iter(test) [4100/5105]    eta: 0:04:06  time: 0.2829  data_time: 0.0011  memory: 970  
08/03 01:33:40 - mmengine - INFO - Iter(test) [4200/5105]    eta: 0:03:41  time: 0.2397  data_time: 0.0010  memory: 724  
08/03 01:34:05 - mmengine - INFO - Iter(test) [4300/5105]    eta: 0:03:17  time: 0.3041  data_time: 0.0011  memory: 1787  
08/03 01:34:29 - mmengine - INFO - Iter(test) [4400/5105]    eta: 0:02:52  time: 0.2305  data_time: 0.0011  memory: 1139  
08/03 01:34:54 - mmengine - INFO - Iter(test) [4500/5105]    eta: 0:02:28  time: 0.2398  data_time: 0.0010  memory: 868  
08/03 01:35:18 - mmengine - INFO - Iter(test) [4600/5105]    eta: 0:02:03  time: 0.2403  data_time: 0.0010  memory: 762  
08/03 01:35:43 - mmengine - INFO - Iter(test) [4700/5105]    eta: 0:01:39  time: 0.2345  data_time: 0.0011  memory: 781  
08/03 01:36:07 - mmengine - INFO - Iter(test) [4800/5105]    eta: 0:01:14  time: 0.2531  data_time: 0.0010  memory: 1138  
08/03 01:36:31 - mmengine - INFO - Iter(test) [4900/5105]    eta: 0:00:50  time: 0.2462  data_time: 0.0010  memory: 1024  
08/03 01:36:55 - mmengine - INFO - Iter(test) [5000/5105]    eta: 0:00:25  time: 0.2398  data_time: 0.0011  memory: 828  
08/03 01:37:19 - mmengine - INFO - Iter(test) [5100/5105]    eta: 0:00:01  time: 0.2328  data_time: 0.0010  memory: 729  
08/03 01:37:20 - mmengine - INFO - per class results:
08/03 01:37:20 - mmengine - INFO - 
+-------------+-------+-------+
|    Class    |  IoU  |  Acc  |
+-------------+-------+-------+
|  background | 15.75 |  44.2 |
|  aeroplane  | 58.55 | 77.19 |
|     bag     | 21.84 | 60.27 |
|     bed     | 18.13 | 47.08 |
|  bedclothes | 22.56 | 29.69 |
|    bench    | 16.87 | 42.81 |
|   bicycle   | 58.64 | 83.34 |
|     bird    | 71.24 |  86.1 |
|     boat    | 48.59 |  86.4 |
|     book    | 11.56 | 12.83 |
|    bottle   | 55.96 | 71.62 |
|   building  |  15.0 | 15.26 |
|     bus     | 73.12 | 87.09 |
|   cabinet   | 19.02 | 58.85 |
|     car     | 69.32 | 80.12 |
|     cat     | 83.14 |  92.6 |
|   ceiling   | 37.41 | 60.79 |
|    chair    | 32.12 | 41.59 |
|    cloth    | 11.21 | 27.83 |
|   computer  | 10.41 | 40.16 |
|     cow     | 77.81 | 89.72 |
|     cup     | 17.46 | 25.91 |
|   curtain   | 27.05 | 67.06 |
|     dog     | 80.11 | 87.73 |
|     door    | 15.31 | 47.06 |
|    fence    | 29.95 | 44.79 |
|    floor    | 50.27 | 72.15 |
|    flower   | 19.38 |  43.0 |
|     food    |  40.4 | 66.84 |
|    grass    |  65.1 | 85.22 |
|    ground   | 20.02 | 22.07 |
|    horse    | 72.04 | 94.42 |
|   keyboard  | 57.98 |  73.6 |
|    light    | 20.09 | 47.92 |
|  motorbike  | 68.27 | 83.53 |
|   mountain  | 40.94 | 54.58 |
|    mouse    |  8.25 | 32.11 |
|    person   | 27.68 | 28.15 |
|    plate    | 19.58 | 35.26 |
|   platform  |  9.82 | 18.89 |
| pottedplant | 44.52 | 67.88 |
|     road    | 39.45 |  64.1 |
|     rock    | 43.44 | 69.39 |
|    sheep    |  65.5 |  95.7 |
|   shelves   | 12.73 | 19.21 |
|   sidewalk  |  9.12 | 73.78 |
|     sign    | 28.73 | 52.42 |
|     sky     | 74.65 | 75.67 |
|     snow    | 51.67 |  82.7 |
|     sofa    | 51.24 | 69.74 |
|    table    | 28.44 | 46.61 |
|    track    | 16.12 | 25.41 |
|    train    |  59.8 | 78.97 |
|     tree    | 57.02 | 67.23 |
|    truck    |  7.51 |  35.5 |
|  tvmonitor  | 11.18 | 11.55 |
|     wall    | 27.19 | 33.61 |
|    water    | 75.72 | 83.87 |
|    window   | 29.88 | 47.02 |
|     wood    | 11.72 | 49.36 |
+-------------+-------+-------+
08/03 01:37:20 - mmengine - INFO - Iter(test) [5105/5105]    aAcc: 56.7500  mIoU: 37.7300  mAcc: 56.9300  data_time: 0.0011  time: 0.2446
