[transformers] Disabling PyTorch because PyTorch >= 2.4 is required but found 2.1.0+cu121
[transformers] PyTorch was not found. Models won't be available and only tokenizers, configuration and file/data utilities can be used.
/media/dell/DATA/ovss/miniconda3/envs/trident/lib/python3.10/site-packages/timm/models/layers/__init__.py:49: FutureWarning: Importing from timm.models.layers is deprecated, please import via timm.layers
  warnings.warn(f"Importing from {__name__} is deprecated, please import via timm.layers", FutureWarning)
EoMT is not installed
EntitySeg is not installed
SAM2 is not installed
/media/dell/DATA/ovss/CorrCLIP
08/03 06:17:45 - mmengine - INFO - 
------------------------------------------------------------
System environment:
    sys.platform: linux
    Python: 3.10.20 (main, Jun 11 2026, 15:17:37) [GCC 14.3.0]
    CUDA available: True
    numpy_random_seed: 1493499949
    GPU 0: NVIDIA GeForce RTX 3090
    CUDA_HOME: /usr/local/cuda
    NVCC: Cuda compilation tools, release 12.2, V12.2.140
    GCC: gcc (Ubuntu 9.4.0-1ubuntu1~20.04.2) 9.4.0
    PyTorch: 2.1.0+cu121
    PyTorch compiling details: PyTorch built with:
  - GCC 9.3
  - C++ Version: 201703
  - Intel(R) oneAPI Math Kernel Library Version 2022.2-Product Build 20220804 for Intel(R) 64 architecture applications
  - Intel(R) MKL-DNN v3.1.1 (Git Hash 64f6bcbcbab628e96f33a62c3e975f8535a7bde4)
  - OpenMP 201511 (a.k.a. OpenMP 4.5)
  - LAPACK is enabled (usually provided by MKL)
  - NNPACK is enabled
  - CPU capability usage: AVX512
  - CUDA Runtime 12.1
  - NVCC architecture flags: -gencode;arch=compute_50,code=sm_50;-gencode;arch=compute_60,code=sm_60;-gencode;arch=compute_70,code=sm_70;-gencode;arch=compute_75,code=sm_75;-gencode;arch=compute_80,code=sm_80;-gencode;arch=compute_86,code=sm_86;-gencode;arch=compute_90,code=sm_90
  - CuDNN 8.9.2
  - Magma 2.6.1
  - Build settings: BLAS_INFO=mkl, BUILD_TYPE=Release, CUDA_VERSION=12.1, CUDNN_VERSION=8.9.2, CXX_COMPILER=/opt/rh/devtoolset-9/root/usr/bin/c++, CXX_FLAGS= -D_GLIBCXX_USE_CXX11_ABI=0 -fabi-version=11 -fvisibility-inlines-hidden -DUSE_PTHREADPOOL -DNDEBUG -DUSE_KINETO -DLIBKINETO_NOROCTRACER -DUSE_FBGEMM -DUSE_QNNPACK -DUSE_PYTORCH_QNNPACK -DUSE_XNNPACK -DSYMBOLICATE_MOBILE_DEBUG_HANDLE -O2 -fPIC -Wall -Wextra -Werror=return-type -Werror=non-virtual-dtor -Werror=bool-operation -Wnarrowing -Wno-missing-field-initializers -Wno-type-limits -Wno-array-bounds -Wno-unknown-pragmas -Wno-unused-parameter -Wno-unused-function -Wno-unused-result -Wno-strict-overflow -Wno-strict-aliasing -Wno-stringop-overflow -Wno-psabi -Wno-error=pedantic -Wno-error=old-style-cast -Wno-invalid-partial-specialization -Wno-unused-private-field -Wno-aligned-allocation-unavailable -Wno-missing-braces -fdiagnostics-color=always -faligned-new -Wno-unused-but-set-variable -Wno-maybe-uninitialized -fno-math-errno -fno-trapping-math -Werror=format -Werror=cast-function-type -Wno-stringop-overflow, LAPACK_INFO=mkl, PERF_WITH_AVX=1, PERF_WITH_AVX2=1, PERF_WITH_AVX512=1, TORCH_DISABLE_GPU_ASSERTS=ON, TORCH_VERSION=2.1.0, USE_CUDA=ON, USE_CUDNN=ON, USE_EXCEPTION_PTR=1, USE_GFLAGS=OFF, USE_GLOG=OFF, USE_MKL=ON, USE_MKLDNN=ON, USE_MPI=OFF, USE_NCCL=1, USE_NNPACK=ON, USE_OPENMP=ON, USE_ROCM=OFF, 

    TorchVision: 0.16.0+cu121
    OpenCV: 5.0.0
    MMEngine: 0.10.1

Runtime environment:
    cudnn_benchmark: True
    mp_cfg: {'mp_start_method': 'fork', 'opencv_num_threads': 0}
    dist_cfg: {'backend': 'nccl'}
    seed: 1493499949
    Distributed launcher: none
    Distributed training: False
    GPU number: 1
------------------------------------------------------------

08/03 06:17:45 - mmengine - INFO - Config:
data_root = 'data/VOC2012'
dataset_type = 'PascalVOCDataset'
default_hooks = dict(
    checkpoint=dict(by_epoch=False, interval=2000, type='CheckpointHook'),
    logger=dict(interval=50, log_metric_by_epoch=False, type='LoggerHook'),
    param_scheduler=dict(type='ParamSchedulerHook'),
    sampler_seed=dict(type='DistSamplerSeedHook'),
    timer=dict(type='IterTimerHook'),
    visualization=dict(interval=5, type='SegVisualizationHook'))
default_scope = 'mmseg'
env_cfg = dict(
    cudnn_benchmark=True,
    dist_cfg=dict(backend='nccl'),
    mp_cfg=dict(mp_start_method='fork', opencv_num_threads=0))
launcher = 'none'
load_from = None
log_level = 'INFO'
log_processor = dict(by_epoch=False)
model = dict(
    clip_type='metaclip_fullcc',
    dino_type='dino_vitb8',
    instance_mask_path='data/region_masks/voc',
    mask_generator=None,
    model_type='ViT-B-16-quickgelu',
    name_path='./configs/cls_voc21.txt',
    prob_thd=0.2,
    type='CorrCLIPSegmentation')
resume = False
test_cfg = dict(type='TestLoop')
test_dataloader = dict(
    batch_size=1,
    dataset=dict(
        ann_file='ImageSets/Segmentation/val.txt',
        data_prefix=dict(
            img_path='JPEGImages', seg_map_path='SegmentationClass'),
        data_root='data/VOC2012',
        pipeline=[
            dict(type='LoadImageFromFile'),
            dict(keep_ratio=True, scale=(
                2048,
                336,
            ), type='Resize'),
            dict(type='LoadAnnotations'),
            dict(type='PackSegInputs'),
        ],
        type='PascalVOCDataset'),
    num_workers=4,
    persistent_workers=True,
    sampler=dict(shuffle=False, type='DefaultSampler'))
test_evaluator = dict(
    iou_metrics=[
        'mIoU',
    ], type='IoUMetric')
test_pipeline = [
    dict(type='LoadImageFromFile'),
    dict(keep_ratio=True, scale=(
        2048,
        336,
    ), type='Resize'),
    dict(type='LoadAnnotations'),
    dict(type='PackSegInputs'),
]
vis_backends = [
    dict(type='LocalVisBackend'),
]
visualizer = dict(
    alpha=1.0,
    name='visualizer',
    type='SegLocalVisualizer',
    vis_backends=[
        dict(type='LocalVisBackend'),
    ])
work_dir = './work_dirs/cfg_voc21'

Using cache found in /root/.cache/torch/hub/facebookresearch_dino_main
08/03 06:17:49 - mmengine - INFO - Distributed training is not used, all SyncBatchNorm (SyncBN) layers in the model will be automatically reverted to BatchNormXd layers if they are used.
/media/dell/DATA/ovss/miniconda3/envs/trident/lib/python3.10/site-packages/mmseg/engine/hooks/visualization_hook.py:60: UserWarning: The draw is False, it means that the hook for visualization will not take effect. The results will NOT be visualized or stored.
  warnings.warn('The draw is False, it means that the '
08/03 06:17:49 - mmengine - INFO - Hooks will be executed in the following order:
before_run:
(VERY_HIGH   ) RuntimeInfoHook                    
(BELOW_NORMAL) LoggerHook                         
 -------------------- 
before_train:
(VERY_HIGH   ) RuntimeInfoHook                    
(NORMAL      ) IterTimerHook                      
(VERY_LOW    ) CheckpointHook                     
 -------------------- 
before_train_epoch:
(VERY_HIGH   ) RuntimeInfoHook                    
(NORMAL      ) IterTimerHook                      
(NORMAL      ) DistSamplerSeedHook                
 -------------------- 
before_train_iter:
(VERY_HIGH   ) RuntimeInfoHook                    
(NORMAL      ) IterTimerHook                      
 -------------------- 
after_train_iter:
(VERY_HIGH   ) RuntimeInfoHook                    
(NORMAL      ) IterTimerHook                      
(NORMAL      ) SegVisualizationHook               
(BELOW_NORMAL) LoggerHook                         
(LOW         ) ParamSchedulerHook                 
(VERY_LOW    ) CheckpointHook                     
 -------------------- 
after_train_epoch:
(NORMAL      ) IterTimerHook                      
(LOW         ) ParamSchedulerHook                 
(VERY_LOW    ) CheckpointHook                     
 -------------------- 
before_val:
(VERY_HIGH   ) RuntimeInfoHook                    
 -------------------- 
before_val_epoch:
(NORMAL      ) IterTimerHook                      
 -------------------- 
before_val_iter:
(NORMAL      ) IterTimerHook                      
 -------------------- 
after_val_iter:
(NORMAL      ) IterTimerHook                      
(NORMAL      ) SegVisualizationHook               
(BELOW_NORMAL) LoggerHook                         
 -------------------- 
after_val_epoch:
(VERY_HIGH   ) RuntimeInfoHook                    
(NORMAL      ) IterTimerHook                      
(BELOW_NORMAL) LoggerHook                         
(LOW         ) ParamSchedulerHook                 
(VERY_LOW    ) CheckpointHook                     
 -------------------- 
after_val:
(VERY_HIGH   ) RuntimeInfoHook                    
 -------------------- 
after_train:
(VERY_HIGH   ) RuntimeInfoHook                    
(VERY_LOW    ) CheckpointHook                     
 -------------------- 
before_test:
(VERY_HIGH   ) RuntimeInfoHook                    
 -------------------- 
before_test_epoch:
(NORMAL      ) IterTimerHook                      
 -------------------- 
before_test_iter:
(NORMAL      ) IterTimerHook                      
 -------------------- 
after_test_iter:
(NORMAL      ) IterTimerHook                      
(NORMAL      ) SegVisualizationHook               
(BELOW_NORMAL) LoggerHook                         
 -------------------- 
after_test_epoch:
(VERY_HIGH   ) RuntimeInfoHook                    
(NORMAL      ) IterTimerHook                      
(BELOW_NORMAL) LoggerHook                         
 -------------------- 
after_test:
(VERY_HIGH   ) RuntimeInfoHook                    
 -------------------- 
after_run:
(BELOW_NORMAL) LoggerHook                         
 -------------------- 
08/03 06:17:49 - mmengine - WARNING - The prefix is not set in metric class IoUMetric.
08/03 06:17:55 - mmengine - INFO - Iter(test) [  50/1449]    eta: 0:02:33  time: 0.1031  data_time: 0.0010  memory: 741  
08/03 06:17:59 - mmengine - INFO - Iter(test) [ 100/1449]    eta: 0:02:17  time: 0.0915  data_time: 0.0010  memory: 728  
08/03 06:18:05 - mmengine - INFO - Iter(test) [ 150/1449]    eta: 0:02:14  time: 0.1096  data_time: 0.0010  memory: 756  
08/03 06:18:10 - mmengine - INFO - Iter(test) [ 200/1449]    eta: 0:02:08  time: 0.1063  data_time: 0.0011  memory: 734  
08/03 06:18:14 - mmengine - INFO - Iter(test) [ 250/1449]    eta: 0:02:01  time: 0.0938  data_time: 0.0010  memory: 734  
08/03 06:18:19 - mmengine - INFO - Iter(test) [ 300/1449]    eta: 0:01:56  time: 0.0973  data_time: 0.0010  memory: 734  
08/03 06:18:24 - mmengine - INFO - Iter(test) [ 350/1449]    eta: 0:01:50  time: 0.0917  data_time: 0.0010  memory: 728  
08/03 06:18:29 - mmengine - INFO - Iter(test) [ 400/1449]    eta: 0:01:44  time: 0.1010  data_time: 0.0010  memory: 734  
08/03 06:18:34 - mmengine - INFO - Iter(test) [ 450/1449]    eta: 0:01:39  time: 0.0916  data_time: 0.0012  memory: 734  
08/03 06:18:39 - mmengine - INFO - Iter(test) [ 500/1449]    eta: 0:01:34  time: 0.1163  data_time: 0.0011  memory: 765  
08/03 06:18:44 - mmengine - INFO - Iter(test) [ 550/1449]    eta: 0:01:29  time: 0.0920  data_time: 0.0011  memory: 736  
08/03 06:18:48 - mmengine - INFO - Iter(test) [ 600/1449]    eta: 0:01:23  time: 0.0915  data_time: 0.0010  memory: 734  
08/03 06:18:53 - mmengine - INFO - Iter(test) [ 650/1449]    eta: 0:01:18  time: 0.0991  data_time: 0.0010  memory: 728  
08/03 06:18:58 - mmengine - INFO - Iter(test) [ 700/1449]    eta: 0:01:13  time: 0.1067  data_time: 0.0010  memory: 735  
08/03 06:19:03 - mmengine - INFO - Iter(test) [ 750/1449]    eta: 0:01:08  time: 0.0942  data_time: 0.0010  memory: 734  
08/03 06:19:08 - mmengine - INFO - Iter(test) [ 800/1449]    eta: 0:01:04  time: 0.1169  data_time: 0.0010  memory: 742  
08/03 06:19:13 - mmengine - INFO - Iter(test) [ 850/1449]    eta: 0:00:59  time: 0.0948  data_time: 0.0011  memory: 732  
08/03 06:19:18 - mmengine - INFO - Iter(test) [ 900/1449]    eta: 0:00:54  time: 0.1038  data_time: 0.0011  memory: 727  
08/03 06:19:23 - mmengine - INFO - Iter(test) [ 950/1449]    eta: 0:00:49  time: 0.1032  data_time: 0.0010  memory: 727  
08/03 06:19:28 - mmengine - INFO - Iter(test) [1000/1449]    eta: 0:00:44  time: 0.0987  data_time: 0.0010  memory: 737  
08/03 06:19:32 - mmengine - INFO - Iter(test) [1050/1449]    eta: 0:00:39  time: 0.0933  data_time: 0.0010  memory: 732  
08/03 06:19:37 - mmengine - INFO - Iter(test) [1100/1449]    eta: 0:00:34  time: 0.1078  data_time: 0.0010  memory: 748  
08/03 06:19:42 - mmengine - INFO - Iter(test) [1150/1449]    eta: 0:00:29  time: 0.0944  data_time: 0.0010  memory: 731  
08/03 06:19:47 - mmengine - INFO - Iter(test) [1200/1449]    eta: 0:00:24  time: 0.0996  data_time: 0.0010  memory: 734  
08/03 06:19:52 - mmengine - INFO - Iter(test) [1250/1449]    eta: 0:00:19  time: 0.0917  data_time: 0.0010  memory: 743  
08/03 06:19:57 - mmengine - INFO - Iter(test) [1300/1449]    eta: 0:00:14  time: 0.0929  data_time: 0.0010  memory: 734  
08/03 06:20:01 - mmengine - INFO - Iter(test) [1350/1449]    eta: 0:00:09  time: 0.0996  data_time: 0.0010  memory: 734  
08/03 06:20:06 - mmengine - INFO - Iter(test) [1400/1449]    eta: 0:00:04  time: 0.0920  data_time: 0.0010  memory: 727  
08/03 06:20:11 - mmengine - INFO - per class results:
08/03 06:20:11 - mmengine - INFO - 
+-------------+-------+-------+
|    Class    |  IoU  |  Acc  |
+-------------+-------+-------+
|  background | 89.68 | 96.66 |
|  aeroplane  | 85.83 | 96.45 |
|   bicycle   | 51.57 | 97.45 |
|     bird    | 94.73 | 97.18 |
|     boat    | 66.82 | 70.87 |
|    bottle   | 78.84 |  96.6 |
|     bus     | 92.69 |  98.3 |
|     car     | 85.76 | 98.26 |
|     cat     | 95.77 | 97.98 |
|    chair    | 41.92 | 53.22 |
|     cow     | 93.57 | 94.64 |
| diningtable | 48.63 | 68.78 |
|     dog     |  92.8 | 97.83 |
|    horse    | 91.82 | 95.03 |
|  motorbike  | 82.67 | 92.89 |
|    person   |  20.7 | 20.85 |
| pottedplant | 59.05 | 87.39 |
|    sheep    | 93.52 | 97.78 |
|     sofa    | 57.89 | 81.41 |
|    train    | 84.69 | 89.74 |
|  tvmonitor  | 61.59 | 65.93 |
+-------------+-------+-------+
08/03 06:20:11 - mmengine - INFO - Iter(test) [1449/1449]    aAcc: 91.2400  mIoU: 74.7900  mAcc: 85.4900  data_time: 0.0011  time: 0.0976
