[transformers] Disabling PyTorch because PyTorch >= 2.4 is required but found 2.1.0+cu121
[transformers] PyTorch was not found. Models won't be available and only tokenizers, configuration and file/data utilities can be used.
/media/dell/DATA/ovss/miniconda3/envs/trident/lib/python3.10/site-packages/timm/models/layers/__init__.py:49: FutureWarning: Importing from timm.models.layers is deprecated, please import via timm.layers
  warnings.warn(f"Importing from {__name__} is deprecated, please import via timm.layers", FutureWarning)
EoMT is not installed
EntitySeg is not installed
SAM2 is not installed
/media/dell/DATA/ovss/CorrCLIP
08/03 06:58:32 - mmengine - INFO - 
------------------------------------------------------------
System environment:
    sys.platform: linux
    Python: 3.10.20 (main, Jun 11 2026, 15:17:37) [GCC 14.3.0]
    CUDA available: True
    numpy_random_seed: 319119499
    GPU 0: NVIDIA GeForce RTX 3090
    CUDA_HOME: /usr/local/cuda
    NVCC: Cuda compilation tools, release 12.2, V12.2.140
    GCC: gcc (Ubuntu 9.4.0-1ubuntu1~20.04.2) 9.4.0
    PyTorch: 2.1.0+cu121
    PyTorch compiling details: PyTorch built with:
  - GCC 9.3
  - C++ Version: 201703
  - Intel(R) oneAPI Math Kernel Library Version 2022.2-Product Build 20220804 for Intel(R) 64 architecture applications
  - Intel(R) MKL-DNN v3.1.1 (Git Hash 64f6bcbcbab628e96f33a62c3e975f8535a7bde4)
  - OpenMP 201511 (a.k.a. OpenMP 4.5)
  - LAPACK is enabled (usually provided by MKL)
  - NNPACK is enabled
  - CPU capability usage: AVX512
  - CUDA Runtime 12.1
  - NVCC architecture flags: -gencode;arch=compute_50,code=sm_50;-gencode;arch=compute_60,code=sm_60;-gencode;arch=compute_70,code=sm_70;-gencode;arch=compute_75,code=sm_75;-gencode;arch=compute_80,code=sm_80;-gencode;arch=compute_86,code=sm_86;-gencode;arch=compute_90,code=sm_90
  - CuDNN 8.9.2
  - Magma 2.6.1
  - Build settings: BLAS_INFO=mkl, BUILD_TYPE=Release, CUDA_VERSION=12.1, CUDNN_VERSION=8.9.2, CXX_COMPILER=/opt/rh/devtoolset-9/root/usr/bin/c++, CXX_FLAGS= -D_GLIBCXX_USE_CXX11_ABI=0 -fabi-version=11 -fvisibility-inlines-hidden -DUSE_PTHREADPOOL -DNDEBUG -DUSE_KINETO -DLIBKINETO_NOROCTRACER -DUSE_FBGEMM -DUSE_QNNPACK -DUSE_PYTORCH_QNNPACK -DUSE_XNNPACK -DSYMBOLICATE_MOBILE_DEBUG_HANDLE -O2 -fPIC -Wall -Wextra -Werror=return-type -Werror=non-virtual-dtor -Werror=bool-operation -Wnarrowing -Wno-missing-field-initializers -Wno-type-limits -Wno-array-bounds -Wno-unknown-pragmas -Wno-unused-parameter -Wno-unused-function -Wno-unused-result -Wno-strict-overflow -Wno-strict-aliasing -Wno-stringop-overflow -Wno-psabi -Wno-error=pedantic -Wno-error=old-style-cast -Wno-invalid-partial-specialization -Wno-unused-private-field -Wno-aligned-allocation-unavailable -Wno-missing-braces -fdiagnostics-color=always -faligned-new -Wno-unused-but-set-variable -Wno-maybe-uninitialized -fno-math-errno -fno-trapping-math -Werror=format -Werror=cast-function-type -Wno-stringop-overflow, LAPACK_INFO=mkl, PERF_WITH_AVX=1, PERF_WITH_AVX2=1, PERF_WITH_AVX512=1, TORCH_DISABLE_GPU_ASSERTS=ON, TORCH_VERSION=2.1.0, USE_CUDA=ON, USE_CUDNN=ON, USE_EXCEPTION_PTR=1, USE_GFLAGS=OFF, USE_GLOG=OFF, USE_MKL=ON, USE_MKLDNN=ON, USE_MPI=OFF, USE_NCCL=1, USE_NNPACK=ON, USE_OPENMP=ON, USE_ROCM=OFF, 

    TorchVision: 0.16.0+cu121
    OpenCV: 5.0.0
    MMEngine: 0.10.1

Runtime environment:
    cudnn_benchmark: True
    mp_cfg: {'mp_start_method': 'fork', 'opencv_num_threads': 0}
    dist_cfg: {'backend': 'nccl'}
    seed: 319119499
    Distributed launcher: none
    Distributed training: False
    GPU number: 1
------------------------------------------------------------

08/03 06:58:32 - mmengine - INFO - Config:
data_root = 'data/coco'
dataset_type = 'COCOObjectDataset'
default_hooks = dict(
    checkpoint=dict(by_epoch=False, interval=2000, type='CheckpointHook'),
    logger=dict(interval=50, log_metric_by_epoch=False, type='LoggerHook'),
    param_scheduler=dict(type='ParamSchedulerHook'),
    sampler_seed=dict(type='DistSamplerSeedHook'),
    timer=dict(type='IterTimerHook'),
    visualization=dict(interval=5, type='SegVisualizationHook'))
default_scope = 'mmseg'
env_cfg = dict(
    cudnn_benchmark=True,
    dist_cfg=dict(backend='nccl'),
    mp_cfg=dict(mp_start_method='fork', opencv_num_threads=0))
launcher = 'none'
load_from = None
log_level = 'INFO'
log_processor = dict(by_epoch=False)
model = dict(
    clip_type='metaclip_fullcc',
    dino_type='dino_vitb8',
    instance_mask_path='data/region_masks/coco',
    mask_generator=None,
    model_type='ViT-B-16-quickgelu',
    name_path='./configs/cls_coco_object.txt',
    prob_thd=0.25,
    type='CorrCLIPSegmentation')
resume = False
test_cfg = dict(type='TestLoop')
test_dataloader = dict(
    batch_size=1,
    dataset=dict(
        data_prefix=dict(
            img_path='images/val2017', seg_map_path='annotations/val2017'),
        data_root='data/coco',
        pipeline=[
            dict(type='LoadImageFromFile'),
            dict(keep_ratio=True, scale=(
                2048,
                336,
            ), type='Resize'),
            dict(type='LoadAnnotations'),
            dict(type='PackSegInputs'),
        ],
        reduce_zero_label=False,
        type='COCOObjectDataset'),
    num_workers=4,
    persistent_workers=True,
    sampler=dict(shuffle=False, type='DefaultSampler'))
test_evaluator = dict(
    iou_metrics=[
        'mIoU',
    ], type='IoUMetric')
test_pipeline = [
    dict(type='LoadImageFromFile'),
    dict(keep_ratio=True, scale=(
        2048,
        336,
    ), type='Resize'),
    dict(type='LoadAnnotations'),
    dict(type='PackSegInputs'),
]
vis_backends = [
    dict(type='LocalVisBackend'),
]
visualizer = dict(
    alpha=1.0,
    name='visualizer',
    type='SegLocalVisualizer',
    vis_backends=[
        dict(type='LocalVisBackend'),
    ])
work_dir = './work_dirs/cfg_coco_object'

Using cache found in /root/.cache/torch/hub/facebookresearch_dino_main
08/03 06:58:36 - mmengine - INFO - Distributed training is not used, all SyncBatchNorm (SyncBN) layers in the model will be automatically reverted to BatchNormXd layers if they are used.
/media/dell/DATA/ovss/miniconda3/envs/trident/lib/python3.10/site-packages/mmseg/engine/hooks/visualization_hook.py:60: UserWarning: The draw is False, it means that the hook for visualization will not take effect. The results will NOT be visualized or stored.
  warnings.warn('The draw is False, it means that the '
08/03 06:58:36 - mmengine - INFO - Hooks will be executed in the following order:
before_run:
(VERY_HIGH   ) RuntimeInfoHook                    
(BELOW_NORMAL) LoggerHook                         
 -------------------- 
before_train:
(VERY_HIGH   ) RuntimeInfoHook                    
(NORMAL      ) IterTimerHook                      
(VERY_LOW    ) CheckpointHook                     
 -------------------- 
before_train_epoch:
(VERY_HIGH   ) RuntimeInfoHook                    
(NORMAL      ) IterTimerHook                      
(NORMAL      ) DistSamplerSeedHook                
 -------------------- 
before_train_iter:
(VERY_HIGH   ) RuntimeInfoHook                    
(NORMAL      ) IterTimerHook                      
 -------------------- 
after_train_iter:
(VERY_HIGH   ) RuntimeInfoHook                    
(NORMAL      ) IterTimerHook                      
(NORMAL      ) SegVisualizationHook               
(BELOW_NORMAL) LoggerHook                         
(LOW         ) ParamSchedulerHook                 
(VERY_LOW    ) CheckpointHook                     
 -------------------- 
after_train_epoch:
(NORMAL      ) IterTimerHook                      
(LOW         ) ParamSchedulerHook                 
(VERY_LOW    ) CheckpointHook                     
 -------------------- 
before_val:
(VERY_HIGH   ) RuntimeInfoHook                    
 -------------------- 
before_val_epoch:
(NORMAL      ) IterTimerHook                      
 -------------------- 
before_val_iter:
(NORMAL      ) IterTimerHook                      
 -------------------- 
after_val_iter:
(NORMAL      ) IterTimerHook                      
(NORMAL      ) SegVisualizationHook               
(BELOW_NORMAL) LoggerHook                         
 -------------------- 
after_val_epoch:
(VERY_HIGH   ) RuntimeInfoHook                    
(NORMAL      ) IterTimerHook                      
(BELOW_NORMAL) LoggerHook                         
(LOW         ) ParamSchedulerHook                 
(VERY_LOW    ) CheckpointHook                     
 -------------------- 
after_val:
(VERY_HIGH   ) RuntimeInfoHook                    
 -------------------- 
after_train:
(VERY_HIGH   ) RuntimeInfoHook                    
(VERY_LOW    ) CheckpointHook                     
 -------------------- 
before_test:
(VERY_HIGH   ) RuntimeInfoHook                    
 -------------------- 
before_test_epoch:
(NORMAL      ) IterTimerHook                      
 -------------------- 
before_test_iter:
(NORMAL      ) IterTimerHook                      
 -------------------- 
after_test_iter:
(NORMAL      ) IterTimerHook                      
(NORMAL      ) SegVisualizationHook               
(BELOW_NORMAL) LoggerHook                         
 -------------------- 
after_test_epoch:
(VERY_HIGH   ) RuntimeInfoHook                    
(NORMAL      ) IterTimerHook                      
(BELOW_NORMAL) LoggerHook                         
 -------------------- 
after_test:
(VERY_HIGH   ) RuntimeInfoHook                    
 -------------------- 
after_run:
(BELOW_NORMAL) LoggerHook                         
 -------------------- 
08/03 06:58:37 - mmengine - WARNING - The prefix is not set in metric class IoUMetric.
08/03 06:58:42 - mmengine - INFO - Iter(test) [  50/5000]    eta: 0:09:00  time: 0.0927  data_time: 0.0011  memory: 905  
08/03 06:58:48 - mmengine - INFO - Iter(test) [ 100/5000]    eta: 0:08:52  time: 0.0998  data_time: 0.0012  memory: 916  
08/03 06:58:53 - mmengine - INFO - Iter(test) [ 150/5000]    eta: 0:08:43  time: 0.1073  data_time: 0.0011  memory: 885  
08/03 06:58:58 - mmengine - INFO - Iter(test) [ 200/5000]    eta: 0:08:35  time: 0.1045  data_time: 0.0010  memory: 916  
08/03 06:59:03 - mmengine - INFO - Iter(test) [ 250/5000]    eta: 0:08:26  time: 0.1071  data_time: 0.0011  memory: 897  
08/03 06:59:09 - mmengine - INFO - Iter(test) [ 300/5000]    eta: 0:08:20  time: 0.1071  data_time: 0.0011  memory: 916  
08/03 06:59:14 - mmengine - INFO - Iter(test) [ 350/5000]    eta: 0:08:17  time: 0.1058  data_time: 0.0011  memory: 886  
08/03 06:59:20 - mmengine - INFO - Iter(test) [ 400/5000]    eta: 0:08:14  time: 0.1279  data_time: 0.0011  memory: 916  
08/03 06:59:25 - mmengine - INFO - Iter(test) [ 450/5000]    eta: 0:08:09  time: 0.0987  data_time: 0.0011  memory: 916  
08/03 06:59:31 - mmengine - INFO - Iter(test) [ 500/5000]    eta: 0:08:05  time: 0.1047  data_time: 0.0011  memory: 886  
08/03 06:59:36 - mmengine - INFO - Iter(test) [ 550/5000]    eta: 0:07:59  time: 0.1073  data_time: 0.0011  memory: 915  
08/03 06:59:41 - mmengine - INFO - Iter(test) [ 600/5000]    eta: 0:07:54  time: 0.1140  data_time: 0.0011  memory: 886  
08/03 06:59:47 - mmengine - INFO - Iter(test) [ 650/5000]    eta: 0:07:48  time: 0.0977  data_time: 0.0011  memory: 886  
08/03 06:59:52 - mmengine - INFO - Iter(test) [ 700/5000]    eta: 0:07:42  time: 0.1079  data_time: 0.0011  memory: 916  
08/03 06:59:57 - mmengine - INFO - Iter(test) [ 750/5000]    eta: 0:07:37  time: 0.1002  data_time: 0.0011  memory: 893  
08/03 07:00:03 - mmengine - INFO - Iter(test) [ 800/5000]    eta: 0:07:33  time: 0.1034  data_time: 0.0011  memory: 917  
08/03 07:00:09 - mmengine - INFO - Iter(test) [ 850/5000]    eta: 0:07:28  time: 0.1142  data_time: 0.0011  memory: 885  
08/03 07:00:14 - mmengine - INFO - Iter(test) [ 900/5000]    eta: 0:07:22  time: 0.1058  data_time: 0.0011  memory: 885  
08/03 07:00:19 - mmengine - INFO - Iter(test) [ 950/5000]    eta: 0:07:16  time: 0.1090  data_time: 0.0011  memory: 916  
08/03 07:00:24 - mmengine - INFO - Iter(test) [1000/5000]    eta: 0:07:10  time: 0.1071  data_time: 0.0011  memory: 915  
08/03 07:00:30 - mmengine - INFO - Iter(test) [1050/5000]    eta: 0:07:04  time: 0.1159  data_time: 0.0012  memory: 885  
08/03 07:00:35 - mmengine - INFO - Iter(test) [1100/5000]    eta: 0:06:59  time: 0.0987  data_time: 0.0011  memory: 885  
08/03 07:00:40 - mmengine - INFO - Iter(test) [1150/5000]    eta: 0:06:54  time: 0.0964  data_time: 0.0012  memory: 916  
08/03 07:00:46 - mmengine - INFO - Iter(test) [1200/5000]    eta: 0:06:49  time: 0.1170  data_time: 0.0011  memory: 884  
08/03 07:00:52 - mmengine - INFO - Iter(test) [1250/5000]    eta: 0:06:45  time: 0.1173  data_time: 0.0012  memory: 885  
08/03 07:00:57 - mmengine - INFO - Iter(test) [1300/5000]    eta: 0:06:39  time: 0.1069  data_time: 0.0011  memory: 916  
08/03 07:01:02 - mmengine - INFO - Iter(test) [1350/5000]    eta: 0:06:33  time: 0.1027  data_time: 0.0012  memory: 916  
08/03 07:01:08 - mmengine - INFO - Iter(test) [1400/5000]    eta: 0:06:28  time: 0.1037  data_time: 0.0012  memory: 917  
08/03 07:01:13 - mmengine - INFO - Iter(test) [1450/5000]    eta: 0:06:22  time: 0.0982  data_time: 0.0012  memory: 897  
08/03 07:01:18 - mmengine - INFO - Iter(test) [1500/5000]    eta: 0:06:16  time: 0.1000  data_time: 0.0012  memory: 885  
08/03 07:01:23 - mmengine - INFO - Iter(test) [1550/5000]    eta: 0:06:10  time: 0.1082  data_time: 0.0012  memory: 892  
08/03 07:01:29 - mmengine - INFO - Iter(test) [1600/5000]    eta: 0:06:05  time: 0.1154  data_time: 0.0011  memory: 911  
08/03 07:01:34 - mmengine - INFO - Iter(test) [1650/5000]    eta: 0:06:00  time: 0.1072  data_time: 0.0011  memory: 898  
08/03 07:01:40 - mmengine - INFO - Iter(test) [1700/5000]    eta: 0:05:55  time: 0.1115  data_time: 0.0012  memory: 885  
08/03 07:01:45 - mmengine - INFO - Iter(test) [1750/5000]    eta: 0:05:49  time: 0.1106  data_time: 0.0012  memory: 917  
08/03 07:01:51 - mmengine - INFO - Iter(test) [1800/5000]    eta: 0:05:44  time: 0.1105  data_time: 0.0011  memory: 885  
08/03 07:01:56 - mmengine - INFO - Iter(test) [1850/5000]    eta: 0:05:39  time: 0.0925  data_time: 0.0011  memory: 885  
08/03 07:02:01 - mmengine - INFO - Iter(test) [1900/5000]    eta: 0:05:33  time: 0.1051  data_time: 0.0011  memory: 862  
08/03 07:02:07 - mmengine - INFO - Iter(test) [1950/5000]    eta: 0:05:28  time: 0.1160  data_time: 0.0012  memory: 916  
08/03 07:02:12 - mmengine - INFO - Iter(test) [2000/5000]    eta: 0:05:22  time: 0.0971  data_time: 0.0011  memory: 859  
08/03 07:02:17 - mmengine - INFO - Iter(test) [2050/5000]    eta: 0:05:17  time: 0.0859  data_time: 0.0012  memory: 917  
08/03 07:02:23 - mmengine - INFO - Iter(test) [2100/5000]    eta: 0:05:11  time: 0.1011  data_time: 0.0011  memory: 885  
08/03 07:02:28 - mmengine - INFO - Iter(test) [2150/5000]    eta: 0:05:06  time: 0.0989  data_time: 0.0011  memory: 917  
08/03 07:02:33 - mmengine - INFO - Iter(test) [2200/5000]    eta: 0:05:00  time: 0.1126  data_time: 0.0012  memory: 916  
08/03 07:02:38 - mmengine - INFO - Iter(test) [2250/5000]    eta: 0:04:55  time: 0.1240  data_time: 0.0011  memory: 822  
08/03 07:02:44 - mmengine - INFO - Iter(test) [2300/5000]    eta: 0:04:50  time: 0.0879  data_time: 0.0012  memory: 900  
08/03 07:02:49 - mmengine - INFO - Iter(test) [2350/5000]    eta: 0:04:44  time: 0.1207  data_time: 0.0012  memory: 915  
08/03 07:02:55 - mmengine - INFO - Iter(test) [2400/5000]    eta: 0:04:39  time: 0.1155  data_time: 0.0012  memory: 915  
08/03 07:03:00 - mmengine - INFO - Iter(test) [2450/5000]    eta: 0:04:34  time: 0.1117  data_time: 0.0012  memory: 891  
08/03 07:03:06 - mmengine - INFO - Iter(test) [2500/5000]    eta: 0:04:28  time: 0.1114  data_time: 0.0011  memory: 917  
08/03 07:03:11 - mmengine - INFO - Iter(test) [2550/5000]    eta: 0:04:23  time: 0.1164  data_time: 0.0011  memory: 917  
08/03 07:03:16 - mmengine - INFO - Iter(test) [2600/5000]    eta: 0:04:18  time: 0.0981  data_time: 0.0011  memory: 916  
08/03 07:03:22 - mmengine - INFO - Iter(test) [2650/5000]    eta: 0:04:13  time: 0.1023  data_time: 0.0012  memory: 885  
08/03 07:03:28 - mmengine - INFO - Iter(test) [2700/5000]    eta: 0:04:07  time: 0.1078  data_time: 0.0012  memory: 887  
08/03 07:03:33 - mmengine - INFO - Iter(test) [2750/5000]    eta: 0:04:02  time: 0.0964  data_time: 0.0011  memory: 916  
08/03 07:03:38 - mmengine - INFO - Iter(test) [2800/5000]    eta: 0:03:56  time: 0.1036  data_time: 0.0012  memory: 916  
08/03 07:03:43 - mmengine - INFO - Iter(test) [2850/5000]    eta: 0:03:51  time: 0.1059  data_time: 0.0011  memory: 898  
08/03 07:03:49 - mmengine - INFO - Iter(test) [2900/5000]    eta: 0:03:46  time: 0.1124  data_time: 0.0011  memory: 898  
08/03 07:03:54 - mmengine - INFO - Iter(test) [2950/5000]    eta: 0:03:40  time: 0.0954  data_time: 0.0012  memory: 915  
08/03 07:04:00 - mmengine - INFO - Iter(test) [3000/5000]    eta: 0:03:35  time: 0.1212  data_time: 0.0011  memory: 916  
08/03 07:04:05 - mmengine - INFO - Iter(test) [3050/5000]    eta: 0:03:30  time: 0.1013  data_time: 0.0011  memory: 885  
08/03 07:04:11 - mmengine - INFO - Iter(test) [3100/5000]    eta: 0:03:24  time: 0.0891  data_time: 0.0012  memory: 825  
08/03 07:04:16 - mmengine - INFO - Iter(test) [3150/5000]    eta: 0:03:19  time: 0.1052  data_time: 0.0012  memory: 916  
08/03 07:04:21 - mmengine - INFO - Iter(test) [3200/5000]    eta: 0:03:13  time: 0.0970  data_time: 0.0011  memory: 897  
08/03 07:04:27 - mmengine - INFO - Iter(test) [3250/5000]    eta: 0:03:08  time: 0.1268  data_time: 0.0011  memory: 916  
08/03 07:04:32 - mmengine - INFO - Iter(test) [3300/5000]    eta: 0:03:03  time: 0.1134  data_time: 0.0012  memory: 850  
08/03 07:04:38 - mmengine - INFO - Iter(test) [3350/5000]    eta: 0:02:57  time: 0.1050  data_time: 0.0011  memory: 886  
08/03 07:04:43 - mmengine - INFO - Iter(test) [3400/5000]    eta: 0:02:52  time: 0.0946  data_time: 0.0012  memory: 917  
08/03 07:04:48 - mmengine - INFO - Iter(test) [3450/5000]    eta: 0:02:46  time: 0.1078  data_time: 0.0012  memory: 916  
08/03 07:04:54 - mmengine - INFO - Iter(test) [3500/5000]    eta: 0:02:41  time: 0.1043  data_time: 0.0012  memory: 916  
08/03 07:04:59 - mmengine - INFO - Iter(test) [3550/5000]    eta: 0:02:36  time: 0.1131  data_time: 0.0012  memory: 909  
08/03 07:05:04 - mmengine - INFO - Iter(test) [3600/5000]    eta: 0:02:30  time: 0.1048  data_time: 0.0012  memory: 885  
08/03 07:05:10 - mmengine - INFO - Iter(test) [3650/5000]    eta: 0:02:25  time: 0.1069  data_time: 0.0012  memory: 916  
08/03 07:05:15 - mmengine - INFO - Iter(test) [3700/5000]    eta: 0:02:19  time: 0.1177  data_time: 0.0011  memory: 916  
08/03 07:05:20 - mmengine - INFO - Iter(test) [3750/5000]    eta: 0:02:14  time: 0.1070  data_time: 0.0011  memory: 917  
08/03 07:05:26 - mmengine - INFO - Iter(test) [3800/5000]    eta: 0:02:09  time: 0.1116  data_time: 0.0011  memory: 868  
08/03 07:05:32 - mmengine - INFO - Iter(test) [3850/5000]    eta: 0:02:03  time: 0.1065  data_time: 0.0013  memory: 916  
08/03 07:05:37 - mmengine - INFO - Iter(test) [3900/5000]    eta: 0:01:58  time: 0.1035  data_time: 0.0011  memory: 916  
08/03 07:05:43 - mmengine - INFO - Iter(test) [3950/5000]    eta: 0:01:53  time: 0.1137  data_time: 0.0012  memory: 916  
08/03 07:05:48 - mmengine - INFO - Iter(test) [4000/5000]    eta: 0:01:47  time: 0.1075  data_time: 0.0011  memory: 897  
08/03 07:05:54 - mmengine - INFO - Iter(test) [4050/5000]    eta: 0:01:42  time: 0.1141  data_time: 0.0011  memory: 885  
08/03 07:05:59 - mmengine - INFO - Iter(test) [4100/5000]    eta: 0:01:37  time: 0.1148  data_time: 0.0012  memory: 886  
08/03 07:06:04 - mmengine - INFO - Iter(test) [4150/5000]    eta: 0:01:31  time: 0.0886  data_time: 0.0012  memory: 915  
08/03 07:06:10 - mmengine - INFO - Iter(test) [4200/5000]    eta: 0:01:26  time: 0.1155  data_time: 0.0011  memory: 917  
08/03 07:06:16 - mmengine - INFO - Iter(test) [4250/5000]    eta: 0:01:20  time: 0.1089  data_time: 0.0011  memory: 909  
08/03 07:06:21 - mmengine - INFO - Iter(test) [4300/5000]    eta: 0:01:15  time: 0.1101  data_time: 0.0011  memory: 916  
08/03 07:06:26 - mmengine - INFO - Iter(test) [4350/5000]    eta: 0:01:10  time: 0.1170  data_time: 0.0012  memory: 891  
08/03 07:06:32 - mmengine - INFO - Iter(test) [4400/5000]    eta: 0:01:04  time: 0.1216  data_time: 0.0011  memory: 917  
08/03 07:06:37 - mmengine - INFO - Iter(test) [4450/5000]    eta: 0:00:59  time: 0.1242  data_time: 0.0012  memory: 916  
08/03 07:06:42 - mmengine - INFO - Iter(test) [4500/5000]    eta: 0:00:53  time: 0.1105  data_time: 0.0012  memory: 916  
08/03 07:06:48 - mmengine - INFO - Iter(test) [4550/5000]    eta: 0:00:48  time: 0.1184  data_time: 0.0012  memory: 916  
08/03 07:06:53 - mmengine - INFO - Iter(test) [4600/5000]    eta: 0:00:43  time: 0.1151  data_time: 0.0011  memory: 916  
08/03 07:06:59 - mmengine - INFO - Iter(test) [4650/5000]    eta: 0:00:37  time: 0.1132  data_time: 0.0011  memory: 917  
08/03 07:07:04 - mmengine - INFO - Iter(test) [4700/5000]    eta: 0:00:32  time: 0.1246  data_time: 0.0012  memory: 917  
08/03 07:07:09 - mmengine - INFO - Iter(test) [4750/5000]    eta: 0:00:26  time: 0.1063  data_time: 0.0011  memory: 916  
08/03 07:07:15 - mmengine - INFO - Iter(test) [4800/5000]    eta: 0:00:21  time: 0.1157  data_time: 0.0012  memory: 844  
08/03 07:07:20 - mmengine - INFO - Iter(test) [4850/5000]    eta: 0:00:16  time: 0.1218  data_time: 0.0012  memory: 917  
08/03 07:07:26 - mmengine - INFO - Iter(test) [4900/5000]    eta: 0:00:10  time: 0.1020  data_time: 0.0011  memory: 880  
08/03 07:07:31 - mmengine - INFO - Iter(test) [4950/5000]    eta: 0:00:05  time: 0.1084  data_time: 0.0012  memory: 885  
08/03 07:07:37 - mmengine - INFO - Iter(test) [5000/5000]    eta: 0:00:00  time: 0.1112  data_time: 0.0011  memory: 892  
08/03 07:07:37 - mmengine - INFO - per class results:
08/03 07:07:37 - mmengine - INFO - 
+----------------+-------+-------+
|     Class      |  IoU  |  Acc  |
+----------------+-------+-------+
|   background   |  74.3 | 93.59 |
|     person     |  0.0  |  0.0  |
|    bicycle     | 57.75 | 70.56 |
|      car       | 48.15 | 82.13 |
|   motorcycle   | 73.57 | 85.46 |
|    airplane    | 60.49 | 82.55 |
|      bus       | 70.03 | 77.24 |
|     train      | 25.14 | 26.09 |
|     truck      |  0.75 |  0.77 |
|      boat      |  7.12 |  7.41 |
| traffic light  | 41.05 | 65.76 |
|  fire hydrant  | 59.33 | 60.39 |
|   stop sign    | 53.74 | 97.01 |
| parking meter  |  3.26 |  3.28 |
|     bench      |  0.27 |  0.29 |
|      bird      | 70.88 | 80.01 |
|      cat       | 69.93 | 76.88 |
|      dog       |  0.0  |  0.0  |
|     horse      | 67.14 | 82.27 |
|     sheep      | 71.81 | 89.97 |
|      cow       | 69.28 | 72.68 |
|    elephant    |  84.4 | 92.31 |
|      bear      | 86.73 | 90.12 |
|     zebra      | 85.46 | 93.71 |
|    giraffe     |  80.6 | 86.54 |
|    backpack    | 24.98 | 35.95 |
|    umbrella    | 63.73 | 84.13 |
|    handbag     | 11.42 | 25.61 |
|      tie       |  0.29 |  2.62 |
|    suitcase    | 43.17 | 46.95 |
|    frisbee     | 43.85 | 45.64 |
|      skis      |  2.04 | 71.66 |
|   snowboard    | 18.58 | 21.81 |
|  sports ball   | 35.48 | 55.95 |
|      kite      | 24.19 | 42.75 |
|  baseball bat  |  0.01 |  0.35 |
| baseball glove | 45.27 | 45.78 |
|   skateboard   | 34.15 | 35.58 |
|   surfboard    | 55.94 | 62.04 |
| tennis racket  | 32.72 | 80.91 |
|     bottle     | 34.83 | 66.49 |
|   wine glass   | 45.86 | 76.55 |
|      cup       | 11.01 | 15.86 |
|      fork      | 16.67 | 23.19 |
|     knife      |  0.0  |  0.0  |
|     spoon      | 24.29 | 48.81 |
|      bowl      | 15.77 | 22.06 |
|     banana     | 16.93 | 61.97 |
|     apple      |  2.22 | 17.75 |
|    sandwich    | 30.71 | 43.75 |
|     orange     | 37.95 | 86.98 |
|    broccoli    |  0.01 |  0.01 |
|     carrot     | 32.11 | 36.96 |
|    hot dog     |  0.0  |  0.0  |
|     pizza      | 60.78 | 75.88 |
|     donut      |  0.0  |  0.0  |
|      cake      |  1.54 |  1.99 |
|     chair      | 10.57 | 11.35 |
|     couch      | 38.14 | 48.19 |
|  potted plant  | 18.83 | 44.24 |
|      bed       |  0.0  |  0.0  |
|  dining table  |  0.41 |  0.41 |
|     toilet     | 53.14 | 59.17 |
|       tv       |  7.33 |  7.58 |
|     laptop     | 57.89 | 82.07 |
|     mouse      | 46.04 | 49.73 |
|     remote     | 20.51 | 21.56 |
|    keyboard    | 45.02 | 56.04 |
|   cell phone   | 37.71 | 42.25 |
|   microwave    | 50.83 | 53.44 |
|      oven      | 39.56 | 49.33 |
|    toaster     |  0.0  |  0.0  |
|      sink      |  0.0  |  0.0  |
|  refrigerator  |  2.35 |  2.37 |
|      book      |  4.63 |  4.64 |
|     clock      | 44.71 | 72.28 |
|      vase      | 35.91 | 49.17 |
|    scissors    | 26.92 | 40.74 |
|   teddy bear   | 65.49 | 72.27 |
|   hair drier   |  0.0  |  0.0  |
|   toothbrush   |  0.0  |  0.0  |
+----------------+-------+-------+
08/03 07:07:37 - mmengine - INFO - Iter(test) [5000/5000]    aAcc: 74.6400  mIoU: 32.5100  mAcc: 43.4500  data_time: 0.0012  time: 0.1080
