[transformers] Disabling PyTorch because PyTorch >= 2.4 is required but found 2.1.0+cu121
[transformers] PyTorch was not found. Models won't be available and only tokenizers, configuration and file/data utilities can be used.
/media/dell/DATA/ovss/miniconda3/envs/trident/lib/python3.10/site-packages/timm/models/layers/__init__.py:49: FutureWarning: Importing from timm.models.layers is deprecated, please import via timm.layers
  warnings.warn(f"Importing from {__name__} is deprecated, please import via timm.layers", FutureWarning)
EoMT is not installed
EntitySeg is not installed
SAM2 is not installed
/media/dell/DATA/ovss/CorrCLIP
08/03 06:37:38 - mmengine - INFO - 
------------------------------------------------------------
System environment:
    sys.platform: linux
    Python: 3.10.20 (main, Jun 11 2026, 15:17:37) [GCC 14.3.0]
    CUDA available: True
    numpy_random_seed: 1459739078
    GPU 0: NVIDIA GeForce RTX 3090
    CUDA_HOME: /usr/local/cuda
    NVCC: Cuda compilation tools, release 12.2, V12.2.140
    GCC: gcc (Ubuntu 9.4.0-1ubuntu1~20.04.2) 9.4.0
    PyTorch: 2.1.0+cu121
    PyTorch compiling details: PyTorch built with:
  - GCC 9.3
  - C++ Version: 201703
  - Intel(R) oneAPI Math Kernel Library Version 2022.2-Product Build 20220804 for Intel(R) 64 architecture applications
  - Intel(R) MKL-DNN v3.1.1 (Git Hash 64f6bcbcbab628e96f33a62c3e975f8535a7bde4)
  - OpenMP 201511 (a.k.a. OpenMP 4.5)
  - LAPACK is enabled (usually provided by MKL)
  - NNPACK is enabled
  - CPU capability usage: AVX512
  - CUDA Runtime 12.1
  - NVCC architecture flags: -gencode;arch=compute_50,code=sm_50;-gencode;arch=compute_60,code=sm_60;-gencode;arch=compute_70,code=sm_70;-gencode;arch=compute_75,code=sm_75;-gencode;arch=compute_80,code=sm_80;-gencode;arch=compute_86,code=sm_86;-gencode;arch=compute_90,code=sm_90
  - CuDNN 8.9.2
  - Magma 2.6.1
  - Build settings: BLAS_INFO=mkl, BUILD_TYPE=Release, CUDA_VERSION=12.1, CUDNN_VERSION=8.9.2, CXX_COMPILER=/opt/rh/devtoolset-9/root/usr/bin/c++, CXX_FLAGS= -D_GLIBCXX_USE_CXX11_ABI=0 -fabi-version=11 -fvisibility-inlines-hidden -DUSE_PTHREADPOOL -DNDEBUG -DUSE_KINETO -DLIBKINETO_NOROCTRACER -DUSE_FBGEMM -DUSE_QNNPACK -DUSE_PYTORCH_QNNPACK -DUSE_XNNPACK -DSYMBOLICATE_MOBILE_DEBUG_HANDLE -O2 -fPIC -Wall -Wextra -Werror=return-type -Werror=non-virtual-dtor -Werror=bool-operation -Wnarrowing -Wno-missing-field-initializers -Wno-type-limits -Wno-array-bounds -Wno-unknown-pragmas -Wno-unused-parameter -Wno-unused-function -Wno-unused-result -Wno-strict-overflow -Wno-strict-aliasing -Wno-stringop-overflow -Wno-psabi -Wno-error=pedantic -Wno-error=old-style-cast -Wno-invalid-partial-specialization -Wno-unused-private-field -Wno-aligned-allocation-unavailable -Wno-missing-braces -fdiagnostics-color=always -faligned-new -Wno-unused-but-set-variable -Wno-maybe-uninitialized -fno-math-errno -fno-trapping-math -Werror=format -Werror=cast-function-type -Wno-stringop-overflow, LAPACK_INFO=mkl, PERF_WITH_AVX=1, PERF_WITH_AVX2=1, PERF_WITH_AVX512=1, TORCH_DISABLE_GPU_ASSERTS=ON, TORCH_VERSION=2.1.0, USE_CUDA=ON, USE_CUDNN=ON, USE_EXCEPTION_PTR=1, USE_GFLAGS=OFF, USE_GLOG=OFF, USE_MKL=ON, USE_MKLDNN=ON, USE_MPI=OFF, USE_NCCL=1, USE_NNPACK=ON, USE_OPENMP=ON, USE_ROCM=OFF, 

    TorchVision: 0.16.0+cu121
    OpenCV: 5.0.0
    MMEngine: 0.10.1

Runtime environment:
    cudnn_benchmark: True
    mp_cfg: {'mp_start_method': 'fork', 'opencv_num_threads': 0}
    dist_cfg: {'backend': 'nccl'}
    seed: 1459739078
    Distributed launcher: none
    Distributed training: False
    GPU number: 1
------------------------------------------------------------

08/03 06:37:38 - mmengine - INFO - Config:
data_root = 'data/VOC2012'
dataset_type = 'PascalVOCDataset'
default_hooks = dict(
    checkpoint=dict(by_epoch=False, interval=2000, type='CheckpointHook'),
    logger=dict(interval=50, log_metric_by_epoch=False, type='LoggerHook'),
    param_scheduler=dict(type='ParamSchedulerHook'),
    sampler_seed=dict(type='DistSamplerSeedHook'),
    timer=dict(type='IterTimerHook'),
    visualization=dict(interval=5, type='SegVisualizationHook'))
default_scope = 'mmseg'
env_cfg = dict(
    cudnn_benchmark=True,
    dist_cfg=dict(backend='nccl'),
    mp_cfg=dict(mp_start_method='fork', opencv_num_threads=0))
launcher = 'none'
load_from = None
log_level = 'INFO'
log_processor = dict(by_epoch=False)
model = dict(
    clip_type='metaclip_fullcc',
    dino_type='dino_vitb8',
    instance_mask_path='data/region_masks/voc',
    mask_generator=None,
    model_type='ViT-B-16-quickgelu',
    name_path='./configs/cls_voc21.txt',
    prob_thd=0.2,
    type='CorrCLIPSegmentation')
resume = False
test_cfg = dict(type='TestLoop')
test_dataloader = dict(
    batch_size=1,
    dataset=dict(
        ann_file='ImageSets/Segmentation/val.txt',
        data_prefix=dict(
            img_path='JPEGImages', seg_map_path='SegmentationClass'),
        data_root='data/VOC2012',
        pipeline=[
            dict(type='LoadImageFromFile'),
            dict(keep_ratio=True, scale=(
                2048,
                336,
            ), type='Resize'),
            dict(type='LoadAnnotations'),
            dict(type='PackSegInputs'),
        ],
        type='PascalVOCDataset'),
    num_workers=4,
    persistent_workers=True,
    sampler=dict(shuffle=False, type='DefaultSampler'))
test_evaluator = dict(
    iou_metrics=[
        'mIoU',
    ], type='IoUMetric')
test_pipeline = [
    dict(type='LoadImageFromFile'),
    dict(keep_ratio=True, scale=(
        2048,
        336,
    ), type='Resize'),
    dict(type='LoadAnnotations'),
    dict(type='PackSegInputs'),
]
vis_backends = [
    dict(type='LocalVisBackend'),
]
visualizer = dict(
    alpha=1.0,
    name='visualizer',
    type='SegLocalVisualizer',
    vis_backends=[
        dict(type='LocalVisBackend'),
    ])
work_dir = './work_dirs/cfg_voc21'

Using cache found in /root/.cache/torch/hub/facebookresearch_dino_main
08/03 06:37:41 - mmengine - INFO - Distributed training is not used, all SyncBatchNorm (SyncBN) layers in the model will be automatically reverted to BatchNormXd layers if they are used.
/media/dell/DATA/ovss/miniconda3/envs/trident/lib/python3.10/site-packages/mmseg/engine/hooks/visualization_hook.py:60: UserWarning: The draw is False, it means that the hook for visualization will not take effect. The results will NOT be visualized or stored.
  warnings.warn('The draw is False, it means that the '
08/03 06:37:41 - mmengine - INFO - Hooks will be executed in the following order:
before_run:
(VERY_HIGH   ) RuntimeInfoHook                    
(BELOW_NORMAL) LoggerHook                         
 -------------------- 
before_train:
(VERY_HIGH   ) RuntimeInfoHook                    
(NORMAL      ) IterTimerHook                      
(VERY_LOW    ) CheckpointHook                     
 -------------------- 
before_train_epoch:
(VERY_HIGH   ) RuntimeInfoHook                    
(NORMAL      ) IterTimerHook                      
(NORMAL      ) DistSamplerSeedHook                
 -------------------- 
before_train_iter:
(VERY_HIGH   ) RuntimeInfoHook                    
(NORMAL      ) IterTimerHook                      
 -------------------- 
after_train_iter:
(VERY_HIGH   ) RuntimeInfoHook                    
(NORMAL      ) IterTimerHook                      
(NORMAL      ) SegVisualizationHook               
(BELOW_NORMAL) LoggerHook                         
(LOW         ) ParamSchedulerHook                 
(VERY_LOW    ) CheckpointHook                     
 -------------------- 
after_train_epoch:
(NORMAL      ) IterTimerHook                      
(LOW         ) ParamSchedulerHook                 
(VERY_LOW    ) CheckpointHook                     
 -------------------- 
before_val:
(VERY_HIGH   ) RuntimeInfoHook                    
 -------------------- 
before_val_epoch:
(NORMAL      ) IterTimerHook                      
 -------------------- 
before_val_iter:
(NORMAL      ) IterTimerHook                      
 -------------------- 
after_val_iter:
(NORMAL      ) IterTimerHook                      
(NORMAL      ) SegVisualizationHook               
(BELOW_NORMAL) LoggerHook                         
 -------------------- 
after_val_epoch:
(VERY_HIGH   ) RuntimeInfoHook                    
(NORMAL      ) IterTimerHook                      
(BELOW_NORMAL) LoggerHook                         
(LOW         ) ParamSchedulerHook                 
(VERY_LOW    ) CheckpointHook                     
 -------------------- 
after_val:
(VERY_HIGH   ) RuntimeInfoHook                    
 -------------------- 
after_train:
(VERY_HIGH   ) RuntimeInfoHook                    
(VERY_LOW    ) CheckpointHook                     
 -------------------- 
before_test:
(VERY_HIGH   ) RuntimeInfoHook                    
 -------------------- 
before_test_epoch:
(NORMAL      ) IterTimerHook                      
 -------------------- 
before_test_iter:
(NORMAL      ) IterTimerHook                      
 -------------------- 
after_test_iter:
(NORMAL      ) IterTimerHook                      
(NORMAL      ) SegVisualizationHook               
(BELOW_NORMAL) LoggerHook                         
 -------------------- 
after_test_epoch:
(VERY_HIGH   ) RuntimeInfoHook                    
(NORMAL      ) IterTimerHook                      
(BELOW_NORMAL) LoggerHook                         
 -------------------- 
after_test:
(VERY_HIGH   ) RuntimeInfoHook                    
 -------------------- 
after_run:
(BELOW_NORMAL) LoggerHook                         
 -------------------- 
08/03 06:37:41 - mmengine - WARNING - The prefix is not set in metric class IoUMetric.
08/03 06:37:47 - mmengine - INFO - Iter(test) [  50/1449]    eta: 0:02:27  time: 0.1030  data_time: 0.0010  memory: 713  
08/03 06:37:51 - mmengine - INFO - Iter(test) [ 100/1449]    eta: 0:02:13  time: 0.0920  data_time: 0.0010  memory: 706  
08/03 06:37:57 - mmengine - INFO - Iter(test) [ 150/1449]    eta: 0:02:11  time: 0.1070  data_time: 0.0010  memory: 720  
08/03 06:38:02 - mmengine - INFO - Iter(test) [ 200/1449]    eta: 0:02:05  time: 0.1064  data_time: 0.0010  memory: 709  
08/03 06:38:06 - mmengine - INFO - Iter(test) [ 250/1449]    eta: 0:01:59  time: 0.0949  data_time: 0.0010  memory: 710  
08/03 06:38:11 - mmengine - INFO - Iter(test) [ 300/1449]    eta: 0:01:54  time: 0.0964  data_time: 0.0011  memory: 709  
08/03 06:38:16 - mmengine - INFO - Iter(test) [ 350/1449]    eta: 0:01:48  time: 0.0930  data_time: 0.0010  memory: 706  
08/03 06:38:21 - mmengine - INFO - Iter(test) [ 400/1449]    eta: 0:01:43  time: 0.1012  data_time: 0.0010  memory: 709  
08/03 06:38:26 - mmengine - INFO - Iter(test) [ 450/1449]    eta: 0:01:38  time: 0.0913  data_time: 0.0010  memory: 709  
08/03 06:38:31 - mmengine - INFO - Iter(test) [ 500/1449]    eta: 0:01:33  time: 0.1145  data_time: 0.0010  memory: 725  
08/03 06:38:35 - mmengine - INFO - Iter(test) [ 550/1449]    eta: 0:01:28  time: 0.0898  data_time: 0.0010  memory: 711  
08/03 06:38:40 - mmengine - INFO - Iter(test) [ 600/1449]    eta: 0:01:22  time: 0.0912  data_time: 0.0011  memory: 709  
08/03 06:38:45 - mmengine - INFO - Iter(test) [ 650/1449]    eta: 0:01:17  time: 0.0975  data_time: 0.0011  memory: 706  
08/03 06:38:50 - mmengine - INFO - Iter(test) [ 700/1449]    eta: 0:01:13  time: 0.1043  data_time: 0.0011  memory: 711  
08/03 06:38:54 - mmengine - INFO - Iter(test) [ 750/1449]    eta: 0:01:08  time: 0.0923  data_time: 0.0010  memory: 709  
08/03 06:39:00 - mmengine - INFO - Iter(test) [ 800/1449]    eta: 0:01:03  time: 0.1154  data_time: 0.0011  memory: 713  
08/03 06:39:04 - mmengine - INFO - Iter(test) [ 850/1449]    eta: 0:00:58  time: 0.0935  data_time: 0.0011  memory: 709  
08/03 06:39:09 - mmengine - INFO - Iter(test) [ 900/1449]    eta: 0:00:53  time: 0.1013  data_time: 0.0010  memory: 706  
08/03 06:39:14 - mmengine - INFO - Iter(test) [ 950/1449]    eta: 0:00:48  time: 0.1005  data_time: 0.0010  memory: 706  
08/03 06:39:19 - mmengine - INFO - Iter(test) [1000/1449]    eta: 0:00:43  time: 0.0966  data_time: 0.0010  memory: 711  
08/03 06:39:23 - mmengine - INFO - Iter(test) [1050/1449]    eta: 0:00:38  time: 0.0917  data_time: 0.0011  memory: 708  
08/03 06:39:28 - mmengine - INFO - Iter(test) [1100/1449]    eta: 0:00:33  time: 0.1060  data_time: 0.0011  memory: 717  
08/03 06:39:33 - mmengine - INFO - Iter(test) [1150/1449]    eta: 0:00:28  time: 0.0922  data_time: 0.0011  memory: 708  
08/03 06:39:37 - mmengine - INFO - Iter(test) [1200/1449]    eta: 0:00:24  time: 0.0973  data_time: 0.0010  memory: 709  
08/03 06:39:42 - mmengine - INFO - Iter(test) [1250/1449]    eta: 0:00:19  time: 0.0894  data_time: 0.0010  memory: 714  
08/03 06:39:47 - mmengine - INFO - Iter(test) [1300/1449]    eta: 0:00:14  time: 0.0932  data_time: 0.0010  memory: 709  
08/03 06:39:52 - mmengine - INFO - Iter(test) [1350/1449]    eta: 0:00:09  time: 0.1011  data_time: 0.0011  memory: 709  
08/03 06:39:56 - mmengine - INFO - Iter(test) [1400/1449]    eta: 0:00:04  time: 0.0898  data_time: 0.0011  memory: 706  
08/03 06:40:01 - mmengine - INFO - per class results:
08/03 06:40:01 - mmengine - INFO - 
+-------------+-------+-------+
|    Class    |  IoU  |  Acc  |
+-------------+-------+-------+
|  background | 67.24 | 68.54 |
|  aeroplane  | 19.75 | 98.21 |
|   bicycle   | 40.95 | 98.46 |
|     bird    |  47.7 | 97.58 |
|     boat    | 12.75 |  93.9 |
|    bottle   | 48.44 | 98.32 |
|     bus     | 90.44 |  99.0 |
|     car     | 34.95 | 99.05 |
|     cat     | 94.18 |  98.8 |
|    chair    | 28.23 | 49.78 |
|     cow     |  94.0 | 97.03 |
| diningtable | 22.48 | 77.75 |
|     dog     | 89.59 | 98.31 |
|    horse    | 80.35 | 96.91 |
|  motorbike  | 69.97 | 94.05 |
|    person   | 76.57 | 78.31 |
| pottedplant | 13.46 | 95.45 |
|    sheep    | 39.77 | 98.75 |
|     sofa    | 34.56 | 93.08 |
|    train    | 61.25 | 98.11 |
|  tvmonitor  | 73.63 | 90.14 |
+-------------+-------+-------+
08/03 06:40:01 - mmengine - INFO - Iter(test) [1449/1449]    aAcc: 74.5400  mIoU: 54.3000  mAcc: 91.4100  data_time: 0.0011  time: 0.0963
