[transformers] Disabling PyTorch because PyTorch >= 2.4 is required but found 2.1.0+cu121
[transformers] PyTorch was not found. Models won't be available and only tokenizers, configuration and file/data utilities can be used.
/media/dell/DATA/ovss/miniconda3/envs/trident/lib/python3.10/site-packages/timm/models/layers/__init__.py:49: FutureWarning: Importing from timm.models.layers is deprecated, please import via timm.layers
  warnings.warn(f"Importing from {__name__} is deprecated, please import via timm.layers", FutureWarning)
EoMT is not installed
EntitySeg is not installed
SAM2 is not installed
/media/dell/DATA/ovss/CorrCLIP
08/03 07:28:50 - mmengine - INFO - 
------------------------------------------------------------
System environment:
    sys.platform: linux
    Python: 3.10.20 (main, Jun 11 2026, 15:17:37) [GCC 14.3.0]
    CUDA available: True
    numpy_random_seed: 1661054197
    GPU 0: NVIDIA GeForce RTX 3090
    CUDA_HOME: /usr/local/cuda
    NVCC: Cuda compilation tools, release 12.2, V12.2.140
    GCC: gcc (Ubuntu 9.4.0-1ubuntu1~20.04.2) 9.4.0
    PyTorch: 2.1.0+cu121
    PyTorch compiling details: PyTorch built with:
  - GCC 9.3
  - C++ Version: 201703
  - Intel(R) oneAPI Math Kernel Library Version 2022.2-Product Build 20220804 for Intel(R) 64 architecture applications
  - Intel(R) MKL-DNN v3.1.1 (Git Hash 64f6bcbcbab628e96f33a62c3e975f8535a7bde4)
  - OpenMP 201511 (a.k.a. OpenMP 4.5)
  - LAPACK is enabled (usually provided by MKL)
  - NNPACK is enabled
  - CPU capability usage: AVX512
  - CUDA Runtime 12.1
  - NVCC architecture flags: -gencode;arch=compute_50,code=sm_50;-gencode;arch=compute_60,code=sm_60;-gencode;arch=compute_70,code=sm_70;-gencode;arch=compute_75,code=sm_75;-gencode;arch=compute_80,code=sm_80;-gencode;arch=compute_86,code=sm_86;-gencode;arch=compute_90,code=sm_90
  - CuDNN 8.9.2
  - Magma 2.6.1
  - Build settings: BLAS_INFO=mkl, BUILD_TYPE=Release, CUDA_VERSION=12.1, CUDNN_VERSION=8.9.2, CXX_COMPILER=/opt/rh/devtoolset-9/root/usr/bin/c++, CXX_FLAGS= -D_GLIBCXX_USE_CXX11_ABI=0 -fabi-version=11 -fvisibility-inlines-hidden -DUSE_PTHREADPOOL -DNDEBUG -DUSE_KINETO -DLIBKINETO_NOROCTRACER -DUSE_FBGEMM -DUSE_QNNPACK -DUSE_PYTORCH_QNNPACK -DUSE_XNNPACK -DSYMBOLICATE_MOBILE_DEBUG_HANDLE -O2 -fPIC -Wall -Wextra -Werror=return-type -Werror=non-virtual-dtor -Werror=bool-operation -Wnarrowing -Wno-missing-field-initializers -Wno-type-limits -Wno-array-bounds -Wno-unknown-pragmas -Wno-unused-parameter -Wno-unused-function -Wno-unused-result -Wno-strict-overflow -Wno-strict-aliasing -Wno-stringop-overflow -Wno-psabi -Wno-error=pedantic -Wno-error=old-style-cast -Wno-invalid-partial-specialization -Wno-unused-private-field -Wno-aligned-allocation-unavailable -Wno-missing-braces -fdiagnostics-color=always -faligned-new -Wno-unused-but-set-variable -Wno-maybe-uninitialized -fno-math-errno -fno-trapping-math -Werror=format -Werror=cast-function-type -Wno-stringop-overflow, LAPACK_INFO=mkl, PERF_WITH_AVX=1, PERF_WITH_AVX2=1, PERF_WITH_AVX512=1, TORCH_DISABLE_GPU_ASSERTS=ON, TORCH_VERSION=2.1.0, USE_CUDA=ON, USE_CUDNN=ON, USE_EXCEPTION_PTR=1, USE_GFLAGS=OFF, USE_GLOG=OFF, USE_MKL=ON, USE_MKLDNN=ON, USE_MPI=OFF, USE_NCCL=1, USE_NNPACK=ON, USE_OPENMP=ON, USE_ROCM=OFF, 

    TorchVision: 0.16.0+cu121
    OpenCV: 5.0.0
    MMEngine: 0.10.1

Runtime environment:
    cudnn_benchmark: True
    mp_cfg: {'mp_start_method': 'fork', 'opencv_num_threads': 0}
    dist_cfg: {'backend': 'nccl'}
    seed: 1661054197
    Distributed launcher: none
    Distributed training: False
    GPU number: 1
------------------------------------------------------------

08/03 07:28:50 - mmengine - INFO - Config:
data_root = '/media/dell/DATA/ovss/datasets/VOCdevkit/VOC2010'
dataset_type = 'PascalContext60Dataset'
default_hooks = dict(
    checkpoint=dict(by_epoch=False, interval=2000, type='CheckpointHook'),
    logger=dict(interval=50, log_metric_by_epoch=False, type='LoggerHook'),
    param_scheduler=dict(type='ParamSchedulerHook'),
    sampler_seed=dict(type='DistSamplerSeedHook'),
    timer=dict(type='IterTimerHook'),
    visualization=dict(interval=5, type='SegVisualizationHook'))
default_scope = 'mmseg'
env_cfg = dict(
    cudnn_benchmark=True,
    dist_cfg=dict(backend='nccl'),
    mp_cfg=dict(mp_start_method='fork', opencv_num_threads=0))
launcher = 'none'
load_from = None
log_level = 'INFO'
log_processor = dict(by_epoch=False)
model = dict(
    clip_type='metaclip_fullcc',
    dino_type='dino_vitb8',
    instance_mask_path='data/region_masks/context',
    mask_generator=None,
    model_type='ViT-B-16-quickgelu',
    name_path='./configs/cls_context60.txt',
    prob_thd=0.15,
    type='CorrCLIPSegmentation')
resume = False
test_cfg = dict(type='TestLoop')
test_dataloader = dict(
    batch_size=1,
    dataset=dict(
        ann_file='ImageSets/SegmentationContext/val_corrclip.txt',
        data_prefix=dict(
            img_path='JPEGImages', seg_map_path='SegmentationClassContext'),
        data_root='/media/dell/DATA/ovss/datasets/VOCdevkit/VOC2010',
        pipeline=[
            dict(type='LoadImageFromFile'),
            dict(keep_ratio=True, scale=(
                2048,
                336,
            ), type='Resize'),
            dict(type='LoadAnnotations'),
            dict(type='PackSegInputs'),
        ],
        type='PascalContext60Dataset'),
    num_workers=4,
    persistent_workers=True,
    sampler=dict(shuffle=False, type='DefaultSampler'))
test_evaluator = dict(
    iou_metrics=[
        'mIoU',
    ], type='IoUMetric')
test_pipeline = [
    dict(type='LoadImageFromFile'),
    dict(keep_ratio=True, scale=(
        2048,
        336,
    ), type='Resize'),
    dict(type='LoadAnnotations'),
    dict(type='PackSegInputs'),
]
vis_backends = [
    dict(type='LocalVisBackend'),
]
visualizer = dict(
    alpha=1.0,
    name='visualizer',
    type='SegLocalVisualizer',
    vis_backends=[
        dict(type='LocalVisBackend'),
    ])
work_dir = './work_dirs/cfg_context60'

Using cache found in /root/.cache/torch/hub/facebookresearch_dino_main
08/03 07:28:54 - mmengine - INFO - Distributed training is not used, all SyncBatchNorm (SyncBN) layers in the model will be automatically reverted to BatchNormXd layers if they are used.
/media/dell/DATA/ovss/miniconda3/envs/trident/lib/python3.10/site-packages/mmseg/engine/hooks/visualization_hook.py:60: UserWarning: The draw is False, it means that the hook for visualization will not take effect. The results will NOT be visualized or stored.
  warnings.warn('The draw is False, it means that the '
08/03 07:28:54 - mmengine - INFO - Hooks will be executed in the following order:
before_run:
(VERY_HIGH   ) RuntimeInfoHook                    
(BELOW_NORMAL) LoggerHook                         
 -------------------- 
before_train:
(VERY_HIGH   ) RuntimeInfoHook                    
(NORMAL      ) IterTimerHook                      
(VERY_LOW    ) CheckpointHook                     
 -------------------- 
before_train_epoch:
(VERY_HIGH   ) RuntimeInfoHook                    
(NORMAL      ) IterTimerHook                      
(NORMAL      ) DistSamplerSeedHook                
 -------------------- 
before_train_iter:
(VERY_HIGH   ) RuntimeInfoHook                    
(NORMAL      ) IterTimerHook                      
 -------------------- 
after_train_iter:
(VERY_HIGH   ) RuntimeInfoHook                    
(NORMAL      ) IterTimerHook                      
(NORMAL      ) SegVisualizationHook               
(BELOW_NORMAL) LoggerHook                         
(LOW         ) ParamSchedulerHook                 
(VERY_LOW    ) CheckpointHook                     
 -------------------- 
after_train_epoch:
(NORMAL      ) IterTimerHook                      
(LOW         ) ParamSchedulerHook                 
(VERY_LOW    ) CheckpointHook                     
 -------------------- 
before_val:
(VERY_HIGH   ) RuntimeInfoHook                    
 -------------------- 
before_val_epoch:
(NORMAL      ) IterTimerHook                      
 -------------------- 
before_val_iter:
(NORMAL      ) IterTimerHook                      
 -------------------- 
after_val_iter:
(NORMAL      ) IterTimerHook                      
(NORMAL      ) SegVisualizationHook               
(BELOW_NORMAL) LoggerHook                         
 -------------------- 
after_val_epoch:
(VERY_HIGH   ) RuntimeInfoHook                    
(NORMAL      ) IterTimerHook                      
(BELOW_NORMAL) LoggerHook                         
(LOW         ) ParamSchedulerHook                 
(VERY_LOW    ) CheckpointHook                     
 -------------------- 
after_val:
(VERY_HIGH   ) RuntimeInfoHook                    
 -------------------- 
after_train:
(VERY_HIGH   ) RuntimeInfoHook                    
(VERY_LOW    ) CheckpointHook                     
 -------------------- 
before_test:
(VERY_HIGH   ) RuntimeInfoHook                    
 -------------------- 
before_test_epoch:
(NORMAL      ) IterTimerHook                      
 -------------------- 
before_test_iter:
(NORMAL      ) IterTimerHook                      
 -------------------- 
after_test_iter:
(NORMAL      ) IterTimerHook                      
(NORMAL      ) SegVisualizationHook               
(BELOW_NORMAL) LoggerHook                         
 -------------------- 
after_test_epoch:
(VERY_HIGH   ) RuntimeInfoHook                    
(NORMAL      ) IterTimerHook                      
(BELOW_NORMAL) LoggerHook                         
 -------------------- 
after_test:
(VERY_HIGH   ) RuntimeInfoHook                    
 -------------------- 
after_run:
(BELOW_NORMAL) LoggerHook                         
 -------------------- 
08/03 07:28:54 - mmengine - WARNING - The prefix is not set in metric class IoUMetric.
08/03 07:28:59 - mmengine - INFO - Iter(test) [  50/5104]    eta: 0:08:33  time: 0.0994  data_time: 0.0010  memory: 750  
08/03 07:29:04 - mmengine - INFO - Iter(test) [ 100/5104]    eta: 0:08:34  time: 0.1078  data_time: 0.0010  memory: 741  
08/03 07:29:09 - mmengine - INFO - Iter(test) [ 150/5104]    eta: 0:08:14  time: 0.1021  data_time: 0.0010  memory: 739  
08/03 07:29:14 - mmengine - INFO - Iter(test) [ 200/5104]    eta: 0:08:11  time: 0.1152  data_time: 0.0011  memory: 757  
08/03 07:29:19 - mmengine - INFO - Iter(test) [ 250/5104]    eta: 0:08:02  time: 0.0942  data_time: 0.0010  memory: 749  
08/03 07:29:24 - mmengine - INFO - Iter(test) [ 300/5104]    eta: 0:07:55  time: 0.0938  data_time: 0.0011  memory: 739  
08/03 07:29:28 - mmengine - INFO - Iter(test) [ 350/5104]    eta: 0:07:44  time: 0.1004  data_time: 0.0010  memory: 740  
08/03 07:29:34 - mmengine - INFO - Iter(test) [ 400/5104]    eta: 0:07:43  time: 0.1076  data_time: 0.0011  memory: 775  
08/03 07:29:39 - mmengine - INFO - Iter(test) [ 450/5104]    eta: 0:07:40  time: 0.1076  data_time: 0.0011  memory: 743  
08/03 07:29:44 - mmengine - INFO - Iter(test) [ 500/5104]    eta: 0:07:36  time: 0.0872  data_time: 0.0010  memory: 845  
08/03 07:29:49 - mmengine - INFO - Iter(test) [ 550/5104]    eta: 0:07:33  time: 0.1029  data_time: 0.0011  memory: 747  
08/03 07:29:54 - mmengine - INFO - Iter(test) [ 600/5104]    eta: 0:07:25  time: 0.0892  data_time: 0.0010  memory: 749  
08/03 07:29:58 - mmengine - INFO - Iter(test) [ 650/5104]    eta: 0:07:19  time: 0.0925  data_time: 0.0010  memory: 744  
08/03 07:30:03 - mmengine - INFO - Iter(test) [ 700/5104]    eta: 0:07:13  time: 0.0885  data_time: 0.0011  memory: 756  
08/03 07:30:08 - mmengine - INFO - Iter(test) [ 750/5104]    eta: 0:07:08  time: 0.0921  data_time: 0.0010  memory: 763  
08/03 07:30:13 - mmengine - INFO - Iter(test) [ 800/5104]    eta: 0:07:03  time: 0.0961  data_time: 0.0011  memory: 746  
08/03 07:30:18 - mmengine - INFO - Iter(test) [ 850/5104]    eta: 0:06:58  time: 0.0902  data_time: 0.0010  memory: 769  
08/03 07:30:23 - mmengine - INFO - Iter(test) [ 900/5104]    eta: 0:06:54  time: 0.0903  data_time: 0.0010  memory: 822  
08/03 07:30:28 - mmengine - INFO - Iter(test) [ 950/5104]    eta: 0:06:48  time: 0.1039  data_time: 0.0010  memory: 746  
08/03 07:30:32 - mmengine - INFO - Iter(test) [1000/5104]    eta: 0:06:42  time: 0.0981  data_time: 0.0010  memory: 740  
08/03 07:30:37 - mmengine - INFO - Iter(test) [1050/5104]    eta: 0:06:37  time: 0.0980  data_time: 0.0010  memory: 740  
08/03 07:30:42 - mmengine - INFO - Iter(test) [1100/5104]    eta: 0:06:33  time: 0.1041  data_time: 0.0011  memory: 788  
08/03 07:30:47 - mmengine - INFO - Iter(test) [1150/5104]    eta: 0:06:27  time: 0.0930  data_time: 0.0011  memory: 744  
08/03 07:30:52 - mmengine - INFO - Iter(test) [1200/5104]    eta: 0:06:22  time: 0.1088  data_time: 0.0010  memory: 759  
08/03 07:30:57 - mmengine - INFO - Iter(test) [1250/5104]    eta: 0:06:18  time: 0.0986  data_time: 0.0011  memory: 741  
08/03 07:31:02 - mmengine - INFO - Iter(test) [1300/5104]    eta: 0:06:12  time: 0.0942  data_time: 0.0010  memory: 752  
08/03 07:31:07 - mmengine - INFO - Iter(test) [1350/5104]    eta: 0:06:08  time: 0.0961  data_time: 0.0010  memory: 746  
08/03 07:31:12 - mmengine - INFO - Iter(test) [1400/5104]    eta: 0:06:03  time: 0.0930  data_time: 0.0010  memory: 778  
08/03 07:31:16 - mmengine - INFO - Iter(test) [1450/5104]    eta: 0:05:58  time: 0.0991  data_time: 0.0011  memory: 740  
08/03 07:31:21 - mmengine - INFO - Iter(test) [1500/5104]    eta: 0:05:53  time: 0.0978  data_time: 0.0011  memory: 746  
08/03 07:31:26 - mmengine - INFO - Iter(test) [1550/5104]    eta: 0:05:48  time: 0.1024  data_time: 0.0011  memory: 746  
08/03 07:31:31 - mmengine - INFO - Iter(test) [1600/5104]    eta: 0:05:43  time: 0.0898  data_time: 0.0010  memory: 756  
08/03 07:31:36 - mmengine - INFO - Iter(test) [1650/5104]    eta: 0:05:37  time: 0.0896  data_time: 0.0011  memory: 741  
08/03 07:31:41 - mmengine - INFO - Iter(test) [1700/5104]    eta: 0:05:33  time: 0.0924  data_time: 0.0011  memory: 770  
08/03 07:31:46 - mmengine - INFO - Iter(test) [1750/5104]    eta: 0:05:28  time: 0.1087  data_time: 0.0010  memory: 751  
08/03 07:31:51 - mmengine - INFO - Iter(test) [1800/5104]    eta: 0:05:23  time: 0.0988  data_time: 0.0010  memory: 771  
08/03 07:31:56 - mmengine - INFO - Iter(test) [1850/5104]    eta: 0:05:19  time: 0.0909  data_time: 0.0011  memory: 744  
08/03 07:32:01 - mmengine - INFO - Iter(test) [1900/5104]    eta: 0:05:14  time: 0.0962  data_time: 0.0011  memory: 778  
08/03 07:32:05 - mmengine - INFO - Iter(test) [1950/5104]    eta: 0:05:09  time: 0.1020  data_time: 0.0011  memory: 747  
08/03 07:32:10 - mmengine - INFO - Iter(test) [2000/5104]    eta: 0:05:04  time: 0.0826  data_time: 0.0010  memory: 740  
08/03 07:32:15 - mmengine - INFO - Iter(test) [2050/5104]    eta: 0:04:59  time: 0.1118  data_time: 0.0010  memory: 755  
08/03 07:32:20 - mmengine - INFO - Iter(test) [2100/5104]    eta: 0:04:54  time: 0.0910  data_time: 0.0011  memory: 742  
08/03 07:32:25 - mmengine - INFO - Iter(test) [2150/5104]    eta: 0:04:49  time: 0.1083  data_time: 0.0010  memory: 748  
08/03 07:32:30 - mmengine - INFO - Iter(test) [2200/5104]    eta: 0:04:44  time: 0.0898  data_time: 0.0010  memory: 756  
08/03 07:32:35 - mmengine - INFO - Iter(test) [2250/5104]    eta: 0:04:39  time: 0.0987  data_time: 0.0010  memory: 740  
08/03 07:32:40 - mmengine - INFO - Iter(test) [2300/5104]    eta: 0:04:35  time: 0.1052  data_time: 0.0010  memory: 746  
08/03 07:32:45 - mmengine - INFO - Iter(test) [2350/5104]    eta: 0:04:30  time: 0.0999  data_time: 0.0011  memory: 774  
08/03 07:32:50 - mmengine - INFO - Iter(test) [2400/5104]    eta: 0:04:25  time: 0.1050  data_time: 0.0011  memory: 750  
08/03 07:32:55 - mmengine - INFO - Iter(test) [2450/5104]    eta: 0:04:21  time: 0.1026  data_time: 0.0011  memory: 744  
08/03 07:33:01 - mmengine - INFO - Iter(test) [2500/5104]    eta: 0:04:16  time: 0.0834  data_time: 0.0011  memory: 811  
08/03 07:33:06 - mmengine - INFO - Iter(test) [2550/5104]    eta: 0:04:11  time: 0.1083  data_time: 0.0010  memory: 746  
08/03 07:33:11 - mmengine - INFO - Iter(test) [2600/5104]    eta: 0:04:07  time: 0.1064  data_time: 0.0011  memory: 752  
08/03 07:33:16 - mmengine - INFO - Iter(test) [2650/5104]    eta: 0:04:02  time: 0.1157  data_time: 0.0011  memory: 748  
08/03 07:33:21 - mmengine - INFO - Iter(test) [2700/5104]    eta: 0:03:57  time: 0.1054  data_time: 0.0010  memory: 778  
08/03 07:33:26 - mmengine - INFO - Iter(test) [2750/5104]    eta: 0:03:52  time: 0.1047  data_time: 0.0011  memory: 747  
08/03 07:33:31 - mmengine - INFO - Iter(test) [2800/5104]    eta: 0:03:47  time: 0.0896  data_time: 0.0011  memory: 743  
08/03 07:33:36 - mmengine - INFO - Iter(test) [2850/5104]    eta: 0:03:42  time: 0.1066  data_time: 0.0011  memory: 754  
08/03 07:33:41 - mmengine - INFO - Iter(test) [2900/5104]    eta: 0:03:38  time: 0.0990  data_time: 0.0011  memory: 772  
08/03 07:33:47 - mmengine - INFO - Iter(test) [2950/5104]    eta: 0:03:33  time: 0.1086  data_time: 0.0010  memory: 758  
08/03 07:33:52 - mmengine - INFO - Iter(test) [3000/5104]    eta: 0:03:28  time: 0.1023  data_time: 0.0011  memory: 754  
08/03 07:33:57 - mmengine - INFO - Iter(test) [3050/5104]    eta: 0:03:23  time: 0.0966  data_time: 0.0011  memory: 747  
08/03 07:34:02 - mmengine - INFO - Iter(test) [3100/5104]    eta: 0:03:19  time: 0.1151  data_time: 0.0010  memory: 754  
08/03 07:34:07 - mmengine - INFO - Iter(test) [3150/5104]    eta: 0:03:14  time: 0.0959  data_time: 0.0010  memory: 746  
08/03 07:34:12 - mmengine - INFO - Iter(test) [3200/5104]    eta: 0:03:09  time: 0.1115  data_time: 0.0010  memory: 741  
08/03 07:34:17 - mmengine - INFO - Iter(test) [3250/5104]    eta: 0:03:04  time: 0.1005  data_time: 0.0011  memory: 739  
08/03 07:34:22 - mmengine - INFO - Iter(test) [3300/5104]    eta: 0:02:59  time: 0.1080  data_time: 0.0010  memory: 746  
08/03 07:34:27 - mmengine - INFO - Iter(test) [3350/5104]    eta: 0:02:54  time: 0.0961  data_time: 0.0011  memory: 743  
08/03 07:34:32 - mmengine - INFO - Iter(test) [3400/5104]    eta: 0:02:49  time: 0.1048  data_time: 0.0011  memory: 746  
08/03 07:34:37 - mmengine - INFO - Iter(test) [3450/5104]    eta: 0:02:44  time: 0.0944  data_time: 0.0010  memory: 741  
08/03 07:34:42 - mmengine - INFO - Iter(test) [3500/5104]    eta: 0:02:39  time: 0.1088  data_time: 0.0010  memory: 748  
08/03 07:34:47 - mmengine - INFO - Iter(test) [3550/5104]    eta: 0:02:34  time: 0.0991  data_time: 0.0011  memory: 758  
08/03 07:34:52 - mmengine - INFO - Iter(test) [3600/5104]    eta: 0:02:29  time: 0.0961  data_time: 0.0011  memory: 746  
08/03 07:34:57 - mmengine - INFO - Iter(test) [3650/5104]    eta: 0:02:24  time: 0.0932  data_time: 0.0011  memory: 746  
08/03 07:35:02 - mmengine - INFO - Iter(test) [3700/5104]    eta: 0:02:19  time: 0.0974  data_time: 0.0011  memory: 739  
08/03 07:35:06 - mmengine - INFO - Iter(test) [3750/5104]    eta: 0:02:14  time: 0.0949  data_time: 0.0011  memory: 746  
08/03 07:35:11 - mmengine - INFO - Iter(test) [3800/5104]    eta: 0:02:09  time: 0.0945  data_time: 0.0011  memory: 752  
08/03 07:35:16 - mmengine - INFO - Iter(test) [3850/5104]    eta: 0:02:04  time: 0.0944  data_time: 0.0011  memory: 743  
08/03 07:35:21 - mmengine - INFO - Iter(test) [3900/5104]    eta: 0:01:59  time: 0.0956  data_time: 0.0011  memory: 740  
08/03 07:35:26 - mmengine - INFO - Iter(test) [3950/5104]    eta: 0:01:54  time: 0.0942  data_time: 0.0010  memory: 749  
08/03 07:35:30 - mmengine - INFO - Iter(test) [4000/5104]    eta: 0:01:49  time: 0.0948  data_time: 0.0011  memory: 744  
08/03 07:35:35 - mmengine - INFO - Iter(test) [4050/5104]    eta: 0:01:44  time: 0.1009  data_time: 0.0011  memory: 748  
08/03 07:35:40 - mmengine - INFO - Iter(test) [4100/5104]    eta: 0:01:39  time: 0.1134  data_time: 0.0011  memory: 757  
08/03 07:35:45 - mmengine - INFO - Iter(test) [4150/5104]    eta: 0:01:34  time: 0.0873  data_time: 0.0010  memory: 742  
08/03 07:35:50 - mmengine - INFO - Iter(test) [4200/5104]    eta: 0:01:29  time: 0.0934  data_time: 0.0010  memory: 741  
08/03 07:35:55 - mmengine - INFO - Iter(test) [4250/5104]    eta: 0:01:24  time: 0.1090  data_time: 0.0011  memory: 739  
08/03 07:36:00 - mmengine - INFO - Iter(test) [4300/5104]    eta: 0:01:19  time: 0.1181  data_time: 0.0010  memory: 794  
08/03 07:36:05 - mmengine - INFO - Iter(test) [4350/5104]    eta: 0:01:14  time: 0.0861  data_time: 0.0010  memory: 766  
08/03 07:36:10 - mmengine - INFO - Iter(test) [4400/5104]    eta: 0:01:09  time: 0.0900  data_time: 0.0011  memory: 742  
08/03 07:36:15 - mmengine - INFO - Iter(test) [4450/5104]    eta: 0:01:04  time: 0.0939  data_time: 0.0010  memory: 752  
08/03 07:36:20 - mmengine - INFO - Iter(test) [4500/5104]    eta: 0:00:59  time: 0.1023  data_time: 0.0011  memory: 749  
08/03 07:36:25 - mmengine - INFO - Iter(test) [4550/5104]    eta: 0:00:54  time: 0.0948  data_time: 0.0010  memory: 746  
08/03 07:36:30 - mmengine - INFO - Iter(test) [4600/5104]    eta: 0:00:49  time: 0.0938  data_time: 0.0011  memory: 740  
08/03 07:36:35 - mmengine - INFO - Iter(test) [4650/5104]    eta: 0:00:44  time: 0.1116  data_time: 0.0011  memory: 746  
08/03 07:36:39 - mmengine - INFO - Iter(test) [4700/5104]    eta: 0:00:39  time: 0.0965  data_time: 0.0011  memory: 748  
08/03 07:36:44 - mmengine - INFO - Iter(test) [4750/5104]    eta: 0:00:35  time: 0.0934  data_time: 0.0011  memory: 767  
08/03 07:36:49 - mmengine - INFO - Iter(test) [4800/5104]    eta: 0:00:30  time: 0.1020  data_time: 0.0010  memory: 739  
08/03 07:36:54 - mmengine - INFO - Iter(test) [4850/5104]    eta: 0:00:25  time: 0.0894  data_time: 0.0011  memory: 748  
08/03 07:36:59 - mmengine - INFO - Iter(test) [4900/5104]    eta: 0:00:20  time: 0.1035  data_time: 0.0011  memory: 760  
08/03 07:37:04 - mmengine - INFO - Iter(test) [4950/5104]    eta: 0:00:15  time: 0.0991  data_time: 0.0010  memory: 750  
08/03 07:37:09 - mmengine - INFO - Iter(test) [5000/5104]    eta: 0:00:10  time: 0.0980  data_time: 0.0011  memory: 749  
08/03 07:37:13 - mmengine - INFO - Iter(test) [5050/5104]    eta: 0:00:05  time: 0.1082  data_time: 0.0011  memory: 744  
08/03 07:37:18 - mmengine - INFO - Iter(test) [5100/5104]    eta: 0:00:00  time: 0.0942  data_time: 0.0011  memory: 740  
08/03 07:37:19 - mmengine - INFO - per class results:
08/03 07:37:19 - mmengine - INFO - 
+-------------+-------+-------+
|    Class    |  IoU  |  Acc  |
+-------------+-------+-------+
|  background | 17.91 | 59.46 |
|  aeroplane  | 76.63 | 87.87 |
|     bag     | 21.35 | 57.72 |
|     bed     | 14.01 |  22.9 |
|  bedclothes | 32.71 | 57.02 |
|    bench    | 26.22 | 52.99 |
|   bicycle   | 72.63 |  86.7 |
|     bird    | 85.51 | 95.89 |
|     boat    | 63.21 | 74.86 |
|     book    | 18.85 | 21.41 |
|    bottle   | 72.86 | 85.54 |
|   building  | 28.38 |  29.2 |
|     bus     |  88.1 | 91.73 |
|   cabinet   |  31.6 |  37.9 |
|     car     | 82.94 |  89.7 |
|     cat     | 90.69 | 96.47 |
|   ceiling   | 45.33 | 84.13 |
|    chair    | 33.95 | 39.64 |
|    cloth    | 13.58 | 17.83 |
|   computer  |  7.63 | 51.46 |
|     cow     | 87.04 | 90.28 |
|     cup     | 19.47 | 49.13 |
|   curtain   | 43.46 | 72.19 |
|     dog     | 88.31 | 95.29 |
|     door    | 20.35 | 55.74 |
|    fence    | 36.24 | 62.62 |
|    floor    |  49.4 | 88.46 |
|    flower   | 24.59 | 33.16 |
|     food    | 46.13 | 61.07 |
|    grass    | 71.84 | 85.63 |
|    ground   | 24.82 | 27.18 |
|    horse    | 86.98 | 96.01 |
|   keyboard  | 68.35 | 88.33 |
|    light    | 23.55 | 39.45 |
|  motorbike  | 77.41 | 88.27 |
|   mountain  |  50.3 | 64.71 |
|    mouse    |  7.64 | 24.89 |
|    person   | 15.37 | 15.44 |
|    plate    | 31.81 | 42.94 |
|   platform  |  1.72 |  2.04 |
| pottedplant | 50.13 | 72.37 |
|     road    | 43.96 |  63.5 |
|     rock    | 47.47 | 70.42 |
|    sheep    | 85.38 | 94.65 |
|   shelves   | 23.11 | 36.69 |
|   sidewalk  | 10.44 | 76.39 |
|     sign    | 35.06 | 50.31 |
|     sky     | 88.65 | 91.46 |
|     snow    | 59.66 | 90.36 |
|     sofa    | 57.56 | 69.71 |
|    table    | 37.81 | 53.58 |
|    track    | 41.78 | 75.89 |
|    train    | 78.08 | 84.56 |
|     tree    | 59.78 | 64.93 |
|    truck    | 16.05 | 36.47 |
|  tvmonitor  | 26.97 | 28.06 |
|     wall    | 17.53 |  19.1 |
|    water    | 86.41 |  93.4 |
|    window   | 36.58 | 59.69 |
|     wood    | 20.56 |  47.2 |
+-------------+-------+-------+
08/03 07:37:19 - mmengine - INFO - Iter(test) [5104/5104]    aAcc: 61.1500  mIoU: 45.3600  mAcc: 61.7000  data_time: 0.0011  time: 0.0988
