[transformers] Disabling PyTorch because PyTorch >= 2.4 is required but found 2.1.0+cu121
[transformers] PyTorch was not found. Models won't be available and only tokenizers, configuration and file/data utilities can be used.
/media/dell/DATA/ovss/miniconda3/envs/trident/lib/python3.10/site-packages/timm/models/layers/__init__.py:49: FutureWarning: Importing from timm.models.layers is deprecated, please import via timm.layers
  warnings.warn(f"Importing from {__name__} is deprecated, please import via timm.layers", FutureWarning)
EoMT is not installed
EntitySeg is not installed
SAM2 is not installed
/media/dell/DATA/ovss/CorrCLIP
08/03 09:36:30 - mmengine - INFO - 
------------------------------------------------------------
System environment:
    sys.platform: linux
    Python: 3.10.20 (main, Jun 11 2026, 15:17:37) [GCC 14.3.0]
    CUDA available: True
    numpy_random_seed: 1483651243
    GPU 0: NVIDIA GeForce RTX 3090
    CUDA_HOME: /usr/local/cuda
    NVCC: Cuda compilation tools, release 12.2, V12.2.140
    GCC: gcc (Ubuntu 9.4.0-1ubuntu1~20.04.2) 9.4.0
    PyTorch: 2.1.0+cu121
    PyTorch compiling details: PyTorch built with:
  - GCC 9.3
  - C++ Version: 201703
  - Intel(R) oneAPI Math Kernel Library Version 2022.2-Product Build 20220804 for Intel(R) 64 architecture applications
  - Intel(R) MKL-DNN v3.1.1 (Git Hash 64f6bcbcbab628e96f33a62c3e975f8535a7bde4)
  - OpenMP 201511 (a.k.a. OpenMP 4.5)
  - LAPACK is enabled (usually provided by MKL)
  - NNPACK is enabled
  - CPU capability usage: AVX512
  - CUDA Runtime 12.1
  - NVCC architecture flags: -gencode;arch=compute_50,code=sm_50;-gencode;arch=compute_60,code=sm_60;-gencode;arch=compute_70,code=sm_70;-gencode;arch=compute_75,code=sm_75;-gencode;arch=compute_80,code=sm_80;-gencode;arch=compute_86,code=sm_86;-gencode;arch=compute_90,code=sm_90
  - CuDNN 8.9.2
  - Magma 2.6.1
  - Build settings: BLAS_INFO=mkl, BUILD_TYPE=Release, CUDA_VERSION=12.1, CUDNN_VERSION=8.9.2, CXX_COMPILER=/opt/rh/devtoolset-9/root/usr/bin/c++, CXX_FLAGS= -D_GLIBCXX_USE_CXX11_ABI=0 -fabi-version=11 -fvisibility-inlines-hidden -DUSE_PTHREADPOOL -DNDEBUG -DUSE_KINETO -DLIBKINETO_NOROCTRACER -DUSE_FBGEMM -DUSE_QNNPACK -DUSE_PYTORCH_QNNPACK -DUSE_XNNPACK -DSYMBOLICATE_MOBILE_DEBUG_HANDLE -O2 -fPIC -Wall -Wextra -Werror=return-type -Werror=non-virtual-dtor -Werror=bool-operation -Wnarrowing -Wno-missing-field-initializers -Wno-type-limits -Wno-array-bounds -Wno-unknown-pragmas -Wno-unused-parameter -Wno-unused-function -Wno-unused-result -Wno-strict-overflow -Wno-strict-aliasing -Wno-stringop-overflow -Wno-psabi -Wno-error=pedantic -Wno-error=old-style-cast -Wno-invalid-partial-specialization -Wno-unused-private-field -Wno-aligned-allocation-unavailable -Wno-missing-braces -fdiagnostics-color=always -faligned-new -Wno-unused-but-set-variable -Wno-maybe-uninitialized -fno-math-errno -fno-trapping-math -Werror=format -Werror=cast-function-type -Wno-stringop-overflow, LAPACK_INFO=mkl, PERF_WITH_AVX=1, PERF_WITH_AVX2=1, PERF_WITH_AVX512=1, TORCH_DISABLE_GPU_ASSERTS=ON, TORCH_VERSION=2.1.0, USE_CUDA=ON, USE_CUDNN=ON, USE_EXCEPTION_PTR=1, USE_GFLAGS=OFF, USE_GLOG=OFF, USE_MKL=ON, USE_MKLDNN=ON, USE_MPI=OFF, USE_NCCL=1, USE_NNPACK=ON, USE_OPENMP=ON, USE_ROCM=OFF, 

    TorchVision: 0.16.0+cu121
    OpenCV: 5.0.0
    MMEngine: 0.10.1

Runtime environment:
    cudnn_benchmark: True
    mp_cfg: {'mp_start_method': 'fork', 'opencv_num_threads': 0}
    dist_cfg: {'backend': 'nccl'}
    seed: 1483651243
    Distributed launcher: none
    Distributed training: False
    GPU number: 1
------------------------------------------------------------

08/03 09:36:30 - mmengine - INFO - Config:
data_root = 'data/coco'
dataset_type = 'COCOObjectDataset'
default_hooks = dict(
    checkpoint=dict(by_epoch=False, interval=2000, type='CheckpointHook'),
    logger=dict(interval=50, log_metric_by_epoch=False, type='LoggerHook'),
    param_scheduler=dict(type='ParamSchedulerHook'),
    sampler_seed=dict(type='DistSamplerSeedHook'),
    timer=dict(type='IterTimerHook'),
    visualization=dict(interval=5, type='SegVisualizationHook'))
default_scope = 'mmseg'
env_cfg = dict(
    cudnn_benchmark=True,
    dist_cfg=dict(backend='nccl'),
    mp_cfg=dict(mp_start_method='fork', opencv_num_threads=0))
launcher = 'none'
load_from = None
log_level = 'INFO'
log_processor = dict(by_epoch=False)
model = dict(
    clip_type='metaclip_fullcc',
    dino_type='dino_vitb8',
    instance_mask_path='data/region_masks/coco',
    mask_generator=None,
    model_type='ViT-B-16-quickgelu',
    name_path='./configs/cls_coco_object.txt',
    prob_thd=0.25,
    type='CorrCLIPSegmentation')
resume = False
test_cfg = dict(type='TestLoop')
test_dataloader = dict(
    batch_size=1,
    dataset=dict(
        data_prefix=dict(
            img_path='images/val2017', seg_map_path='annotations/val2017'),
        data_root='data/coco',
        pipeline=[
            dict(type='LoadImageFromFile'),
            dict(keep_ratio=True, scale=(
                2048,
                336,
            ), type='Resize'),
            dict(type='LoadAnnotations'),
            dict(type='PackSegInputs'),
        ],
        reduce_zero_label=False,
        type='COCOObjectDataset'),
    num_workers=4,
    persistent_workers=True,
    sampler=dict(shuffle=False, type='DefaultSampler'))
test_evaluator = dict(
    iou_metrics=[
        'mIoU',
    ], type='IoUMetric')
test_pipeline = [
    dict(type='LoadImageFromFile'),
    dict(keep_ratio=True, scale=(
        2048,
        336,
    ), type='Resize'),
    dict(type='LoadAnnotations'),
    dict(type='PackSegInputs'),
]
vis_backends = [
    dict(type='LocalVisBackend'),
]
visualizer = dict(
    alpha=1.0,
    name='visualizer',
    type='SegLocalVisualizer',
    vis_backends=[
        dict(type='LocalVisBackend'),
    ])
work_dir = './work_dirs/cfg_coco_object'

Using cache found in /root/.cache/torch/hub/facebookresearch_dino_main
08/03 09:36:35 - mmengine - INFO - Distributed training is not used, all SyncBatchNorm (SyncBN) layers in the model will be automatically reverted to BatchNormXd layers if they are used.
/media/dell/DATA/ovss/miniconda3/envs/trident/lib/python3.10/site-packages/mmseg/engine/hooks/visualization_hook.py:60: UserWarning: The draw is False, it means that the hook for visualization will not take effect. The results will NOT be visualized or stored.
  warnings.warn('The draw is False, it means that the '
08/03 09:36:35 - mmengine - INFO - Hooks will be executed in the following order:
before_run:
(VERY_HIGH   ) RuntimeInfoHook                    
(BELOW_NORMAL) LoggerHook                         
 -------------------- 
before_train:
(VERY_HIGH   ) RuntimeInfoHook                    
(NORMAL      ) IterTimerHook                      
(VERY_LOW    ) CheckpointHook                     
 -------------------- 
before_train_epoch:
(VERY_HIGH   ) RuntimeInfoHook                    
(NORMAL      ) IterTimerHook                      
(NORMAL      ) DistSamplerSeedHook                
 -------------------- 
before_train_iter:
(VERY_HIGH   ) RuntimeInfoHook                    
(NORMAL      ) IterTimerHook                      
 -------------------- 
after_train_iter:
(VERY_HIGH   ) RuntimeInfoHook                    
(NORMAL      ) IterTimerHook                      
(NORMAL      ) SegVisualizationHook               
(BELOW_NORMAL) LoggerHook                         
(LOW         ) ParamSchedulerHook                 
(VERY_LOW    ) CheckpointHook                     
 -------------------- 
after_train_epoch:
(NORMAL      ) IterTimerHook                      
(LOW         ) ParamSchedulerHook                 
(VERY_LOW    ) CheckpointHook                     
 -------------------- 
before_val:
(VERY_HIGH   ) RuntimeInfoHook                    
 -------------------- 
before_val_epoch:
(NORMAL      ) IterTimerHook                      
 -------------------- 
before_val_iter:
(NORMAL      ) IterTimerHook                      
 -------------------- 
after_val_iter:
(NORMAL      ) IterTimerHook                      
(NORMAL      ) SegVisualizationHook               
(BELOW_NORMAL) LoggerHook                         
 -------------------- 
after_val_epoch:
(VERY_HIGH   ) RuntimeInfoHook                    
(NORMAL      ) IterTimerHook                      
(BELOW_NORMAL) LoggerHook                         
(LOW         ) ParamSchedulerHook                 
(VERY_LOW    ) CheckpointHook                     
 -------------------- 
after_val:
(VERY_HIGH   ) RuntimeInfoHook                    
 -------------------- 
after_train:
(VERY_HIGH   ) RuntimeInfoHook                    
(VERY_LOW    ) CheckpointHook                     
 -------------------- 
before_test:
(VERY_HIGH   ) RuntimeInfoHook                    
 -------------------- 
before_test_epoch:
(NORMAL      ) IterTimerHook                      
 -------------------- 
before_test_iter:
(NORMAL      ) IterTimerHook                      
 -------------------- 
after_test_iter:
(NORMAL      ) IterTimerHook                      
(NORMAL      ) SegVisualizationHook               
(BELOW_NORMAL) LoggerHook                         
 -------------------- 
after_test_epoch:
(VERY_HIGH   ) RuntimeInfoHook                    
(NORMAL      ) IterTimerHook                      
(BELOW_NORMAL) LoggerHook                         
 -------------------- 
after_test:
(VERY_HIGH   ) RuntimeInfoHook                    
 -------------------- 
after_run:
(BELOW_NORMAL) LoggerHook                         
 -------------------- 
08/03 09:36:36 - mmengine - WARNING - The prefix is not set in metric class IoUMetric.
08/03 09:36:41 - mmengine - INFO - Iter(test) [  50/5000]    eta: 0:09:27  time: 0.0969  data_time: 0.0011  memory: 1197  
08/03 09:36:47 - mmengine - INFO - Iter(test) [ 100/5000]    eta: 0:09:16  time: 0.1031  data_time: 0.0011  memory: 1216  
08/03 09:36:53 - mmengine - INFO - Iter(test) [ 150/5000]    eta: 0:09:06  time: 0.1110  data_time: 0.0011  memory: 1162  
08/03 09:36:58 - mmengine - INFO - Iter(test) [ 200/5000]    eta: 0:08:58  time: 0.1086  data_time: 0.0011  memory: 1216  
08/03 09:37:03 - mmengine - INFO - Iter(test) [ 250/5000]    eta: 0:08:48  time: 0.1106  data_time: 0.0011  memory: 1180  
08/03 09:37:09 - mmengine - INFO - Iter(test) [ 300/5000]    eta: 0:08:43  time: 0.1130  data_time: 0.0012  memory: 1217  
08/03 09:37:15 - mmengine - INFO - Iter(test) [ 350/5000]    eta: 0:08:38  time: 0.1098  data_time: 0.0011  memory: 1162  
08/03 09:37:20 - mmengine - INFO - Iter(test) [ 400/5000]    eta: 0:08:35  time: 0.1311  data_time: 0.0011  memory: 1216  
08/03 09:37:26 - mmengine - INFO - Iter(test) [ 450/5000]    eta: 0:08:29  time: 0.1035  data_time: 0.0011  memory: 1216  
08/03 09:37:32 - mmengine - INFO - Iter(test) [ 500/5000]    eta: 0:08:26  time: 0.1085  data_time: 0.0011  memory: 1162  
08/03 09:37:37 - mmengine - INFO - Iter(test) [ 550/5000]    eta: 0:08:20  time: 0.1130  data_time: 0.0011  memory: 1210  
08/03 09:37:43 - mmengine - INFO - Iter(test) [ 600/5000]    eta: 0:08:14  time: 0.1206  data_time: 0.0012  memory: 1162  
08/03 09:37:49 - mmengine - INFO - Iter(test) [ 650/5000]    eta: 0:08:08  time: 0.1004  data_time: 0.0012  memory: 1162  
08/03 09:37:54 - mmengine - INFO - Iter(test) [ 700/5000]    eta: 0:08:01  time: 0.1145  data_time: 0.0011  memory: 1217  
08/03 09:38:00 - mmengine - INFO - Iter(test) [ 750/5000]    eta: 0:07:56  time: 0.1032  data_time: 0.0011  memory: 1175  
08/03 09:38:05 - mmengine - INFO - Iter(test) [ 800/5000]    eta: 0:07:51  time: 0.1099  data_time: 0.0012  memory: 1216  
08/03 09:38:11 - mmengine - INFO - Iter(test) [ 850/5000]    eta: 0:07:46  time: 0.1201  data_time: 0.0012  memory: 1161  
08/03 09:38:17 - mmengine - INFO - Iter(test) [ 900/5000]    eta: 0:07:39  time: 0.1065  data_time: 0.0011  memory: 1162  
08/03 09:38:22 - mmengine - INFO - Iter(test) [ 950/5000]    eta: 0:07:33  time: 0.1154  data_time: 0.0011  memory: 1216  
08/03 09:38:28 - mmengine - INFO - Iter(test) [1000/5000]    eta: 0:07:28  time: 0.1101  data_time: 0.0011  memory: 1209  
08/03 09:38:33 - mmengine - INFO - Iter(test) [1050/5000]    eta: 0:07:21  time: 0.1196  data_time: 0.0011  memory: 1161  
08/03 09:38:39 - mmengine - INFO - Iter(test) [1100/5000]    eta: 0:07:16  time: 0.1006  data_time: 0.0011  memory: 1161  
08/03 09:38:44 - mmengine - INFO - Iter(test) [1150/5000]    eta: 0:07:10  time: 0.0997  data_time: 0.0012  memory: 1216  
08/03 09:38:50 - mmengine - INFO - Iter(test) [1200/5000]    eta: 0:07:05  time: 0.1188  data_time: 0.0011  memory: 1161  
08/03 09:38:56 - mmengine - INFO - Iter(test) [1250/5000]    eta: 0:07:01  time: 0.1212  data_time: 0.0012  memory: 1161  
08/03 09:39:01 - mmengine - INFO - Iter(test) [1300/5000]    eta: 0:06:54  time: 0.1105  data_time: 0.0011  memory: 1216  
08/03 09:39:07 - mmengine - INFO - Iter(test) [1350/5000]    eta: 0:06:48  time: 0.1093  data_time: 0.0012  memory: 1216  
08/03 09:39:12 - mmengine - INFO - Iter(test) [1400/5000]    eta: 0:06:43  time: 0.1078  data_time: 0.0011  memory: 1216  
08/03 09:39:18 - mmengine - INFO - Iter(test) [1450/5000]    eta: 0:06:36  time: 0.1027  data_time: 0.0012  memory: 1179  
08/03 09:39:23 - mmengine - INFO - Iter(test) [1500/5000]    eta: 0:06:30  time: 0.1057  data_time: 0.0012  memory: 1161  
08/03 09:39:28 - mmengine - INFO - Iter(test) [1550/5000]    eta: 0:06:24  time: 0.1117  data_time: 0.0012  memory: 1167  
08/03 09:39:34 - mmengine - INFO - Iter(test) [1600/5000]    eta: 0:06:19  time: 0.1235  data_time: 0.0012  memory: 1209  
08/03 09:39:40 - mmengine - INFO - Iter(test) [1650/5000]    eta: 0:06:14  time: 0.1110  data_time: 0.0012  memory: 1185  
08/03 09:39:46 - mmengine - INFO - Iter(test) [1700/5000]    eta: 0:06:08  time: 0.1159  data_time: 0.0011  memory: 1161  
08/03 09:39:51 - mmengine - INFO - Iter(test) [1750/5000]    eta: 0:06:03  time: 0.1118  data_time: 0.0012  memory: 1217  
08/03 09:39:57 - mmengine - INFO - Iter(test) [1800/5000]    eta: 0:05:57  time: 0.1135  data_time: 0.0011  memory: 1161  
08/03 09:40:02 - mmengine - INFO - Iter(test) [1850/5000]    eta: 0:05:51  time: 0.0982  data_time: 0.0011  memory: 1161  
08/03 09:40:08 - mmengine - INFO - Iter(test) [1900/5000]    eta: 0:05:46  time: 0.1091  data_time: 0.0012  memory: 1119  
08/03 09:40:14 - mmengine - INFO - Iter(test) [1950/5000]    eta: 0:05:40  time: 0.1210  data_time: 0.0012  memory: 1217  
08/03 09:40:19 - mmengine - INFO - Iter(test) [2000/5000]    eta: 0:05:35  time: 0.1019  data_time: 0.0011  memory: 1113  
08/03 09:40:25 - mmengine - INFO - Iter(test) [2050/5000]    eta: 0:05:29  time: 0.0926  data_time: 0.0012  memory: 1217  
08/03 09:40:30 - mmengine - INFO - Iter(test) [2100/5000]    eta: 0:05:23  time: 0.1043  data_time: 0.0010  memory: 1161  
08/03 09:40:36 - mmengine - INFO - Iter(test) [2150/5000]    eta: 0:05:18  time: 0.1042  data_time: 0.0012  memory: 1217  
08/03 09:40:41 - mmengine - INFO - Iter(test) [2200/5000]    eta: 0:05:12  time: 0.1133  data_time: 0.0011  memory: 1216  
08/03 09:40:47 - mmengine - INFO - Iter(test) [2250/5000]    eta: 0:05:06  time: 0.1284  data_time: 0.0012  memory: 1047  
08/03 09:40:52 - mmengine - INFO - Iter(test) [2300/5000]    eta: 0:05:01  time: 0.0923  data_time: 0.0012  memory: 1186  
08/03 09:40:58 - mmengine - INFO - Iter(test) [2350/5000]    eta: 0:04:55  time: 0.1241  data_time: 0.0012  memory: 1210  
08/03 09:41:04 - mmengine - INFO - Iter(test) [2400/5000]    eta: 0:04:50  time: 0.1251  data_time: 0.0012  memory: 1209  
08/03 09:41:09 - mmengine - INFO - Iter(test) [2450/5000]    eta: 0:04:44  time: 0.1112  data_time: 0.0011  memory: 1167  
08/03 09:41:15 - mmengine - INFO - Iter(test) [2500/5000]    eta: 0:04:39  time: 0.1183  data_time: 0.0011  memory: 1217  
08/03 09:41:20 - mmengine - INFO - Iter(test) [2550/5000]    eta: 0:04:33  time: 0.1172  data_time: 0.0011  memory: 1216  
08/03 09:41:26 - mmengine - INFO - Iter(test) [2600/5000]    eta: 0:04:28  time: 0.1042  data_time: 0.0011  memory: 1216  
08/03 09:41:32 - mmengine - INFO - Iter(test) [2650/5000]    eta: 0:04:22  time: 0.1054  data_time: 0.0011  memory: 1161  
08/03 09:41:38 - mmengine - INFO - Iter(test) [2700/5000]    eta: 0:04:17  time: 0.1132  data_time: 0.0012  memory: 1163  
08/03 09:41:43 - mmengine - INFO - Iter(test) [2750/5000]    eta: 0:04:11  time: 0.1014  data_time: 0.0012  memory: 1216  
08/03 09:41:48 - mmengine - INFO - Iter(test) [2800/5000]    eta: 0:04:05  time: 0.1077  data_time: 0.0011  memory: 1217  
08/03 09:41:54 - mmengine - INFO - Iter(test) [2850/5000]    eta: 0:04:00  time: 0.1101  data_time: 0.0013  memory: 1185  
08/03 09:42:00 - mmengine - INFO - Iter(test) [2900/5000]    eta: 0:03:54  time: 0.1167  data_time: 0.0011  memory: 1181  
08/03 09:42:05 - mmengine - INFO - Iter(test) [2950/5000]    eta: 0:03:49  time: 0.0998  data_time: 0.0012  memory: 1211  
08/03 09:42:11 - mmengine - INFO - Iter(test) [3000/5000]    eta: 0:03:43  time: 0.1223  data_time: 0.0012  memory: 1217  
08/03 09:42:17 - mmengine - INFO - Iter(test) [3050/5000]    eta: 0:03:37  time: 0.1062  data_time: 0.0011  memory: 1161  
08/03 09:42:22 - mmengine - INFO - Iter(test) [3100/5000]    eta: 0:03:32  time: 0.0949  data_time: 0.0012  memory: 1050  
08/03 09:42:28 - mmengine - INFO - Iter(test) [3150/5000]    eta: 0:03:26  time: 0.1104  data_time: 0.0012  memory: 1217  
08/03 09:42:33 - mmengine - INFO - Iter(test) [3200/5000]    eta: 0:03:21  time: 0.1006  data_time: 0.0012  memory: 1179  
08/03 09:42:39 - mmengine - INFO - Iter(test) [3250/5000]    eta: 0:03:15  time: 0.1307  data_time: 0.0011  memory: 1216  
08/03 09:42:45 - mmengine - INFO - Iter(test) [3300/5000]    eta: 0:03:10  time: 0.1168  data_time: 0.0012  memory: 1097  
08/03 09:42:50 - mmengine - INFO - Iter(test) [3350/5000]    eta: 0:03:04  time: 0.1071  data_time: 0.0012  memory: 1162  
08/03 09:42:56 - mmengine - INFO - Iter(test) [3400/5000]    eta: 0:02:58  time: 0.0998  data_time: 0.0012  memory: 1217  
08/03 09:43:01 - mmengine - INFO - Iter(test) [3450/5000]    eta: 0:02:53  time: 0.1100  data_time: 0.0011  memory: 1217  
08/03 09:43:07 - mmengine - INFO - Iter(test) [3500/5000]    eta: 0:02:47  time: 0.1090  data_time: 0.0012  memory: 1216  
08/03 09:43:12 - mmengine - INFO - Iter(test) [3550/5000]    eta: 0:02:41  time: 0.1179  data_time: 0.0012  memory: 1197  
08/03 09:43:18 - mmengine - INFO - Iter(test) [3600/5000]    eta: 0:02:36  time: 0.1069  data_time: 0.0012  memory: 1161  
08/03 09:43:23 - mmengine - INFO - Iter(test) [3650/5000]    eta: 0:02:30  time: 0.1101  data_time: 0.0011  memory: 1216  
08/03 09:43:29 - mmengine - INFO - Iter(test) [3700/5000]    eta: 0:02:25  time: 0.1174  data_time: 0.0012  memory: 1217  
08/03 09:43:35 - mmengine - INFO - Iter(test) [3750/5000]    eta: 0:02:19  time: 0.1126  data_time: 0.0011  memory: 1216  
08/03 09:43:41 - mmengine - INFO - Iter(test) [3800/5000]    eta: 0:02:14  time: 0.1148  data_time: 0.0011  memory: 1127  
08/03 09:43:46 - mmengine - INFO - Iter(test) [3850/5000]    eta: 0:02:08  time: 0.1137  data_time: 0.0012  memory: 1216  
08/03 09:43:52 - mmengine - INFO - Iter(test) [3900/5000]    eta: 0:02:03  time: 0.1079  data_time: 0.0012  memory: 1215  
08/03 09:43:58 - mmengine - INFO - Iter(test) [3950/5000]    eta: 0:01:57  time: 0.1186  data_time: 0.0012  memory: 1216  
08/03 09:44:04 - mmengine - INFO - Iter(test) [4000/5000]    eta: 0:01:51  time: 0.1105  data_time: 0.0012  memory: 1180  
08/03 09:44:09 - mmengine - INFO - Iter(test) [4050/5000]    eta: 0:01:46  time: 0.1215  data_time: 0.0012  memory: 1161  
08/03 09:44:15 - mmengine - INFO - Iter(test) [4100/5000]    eta: 0:01:40  time: 0.1158  data_time: 0.0011  memory: 1162  
08/03 09:44:20 - mmengine - INFO - Iter(test) [4150/5000]    eta: 0:01:35  time: 0.0942  data_time: 0.0012  memory: 1209  
08/03 09:44:26 - mmengine - INFO - Iter(test) [4200/5000]    eta: 0:01:29  time: 0.1169  data_time: 0.0012  memory: 1217  
08/03 09:44:32 - mmengine - INFO - Iter(test) [4250/5000]    eta: 0:01:24  time: 0.1135  data_time: 0.0012  memory: 1197  
08/03 09:44:37 - mmengine - INFO - Iter(test) [4300/5000]    eta: 0:01:18  time: 0.1135  data_time: 0.0012  memory: 1216  
08/03 09:44:43 - mmengine - INFO - Iter(test) [4350/5000]    eta: 0:01:12  time: 0.1215  data_time: 0.0012  memory: 1173  
08/03 09:44:49 - mmengine - INFO - Iter(test) [4400/5000]    eta: 0:01:07  time: 0.1276  data_time: 0.0011  memory: 1216  
08/03 09:44:55 - mmengine - INFO - Iter(test) [4450/5000]    eta: 0:01:01  time: 0.1334  data_time: 0.0014  memory: 1216  
08/03 09:45:00 - mmengine - INFO - Iter(test) [4500/5000]    eta: 0:00:56  time: 0.1160  data_time: 0.0012  memory: 1216  
08/03 09:45:06 - mmengine - INFO - Iter(test) [4550/5000]    eta: 0:00:50  time: 0.1216  data_time: 0.0012  memory: 1217  
08/03 09:45:11 - mmengine - INFO - Iter(test) [4600/5000]    eta: 0:00:44  time: 0.1230  data_time: 0.0012  memory: 1216  
08/03 09:45:17 - mmengine - INFO - Iter(test) [4650/5000]    eta: 0:00:39  time: 0.1197  data_time: 0.0012  memory: 1217  
08/03 09:45:23 - mmengine - INFO - Iter(test) [4700/5000]    eta: 0:00:33  time: 0.1291  data_time: 0.0012  memory: 1217  
08/03 09:45:28 - mmengine - INFO - Iter(test) [4750/5000]    eta: 0:00:28  time: 0.1137  data_time: 0.0012  memory: 1216  
08/03 09:45:34 - mmengine - INFO - Iter(test) [4800/5000]    eta: 0:00:22  time: 0.1188  data_time: 0.0012  memory: 1089  
08/03 09:45:39 - mmengine - INFO - Iter(test) [4850/5000]    eta: 0:00:16  time: 0.1249  data_time: 0.0012  memory: 1217  
08/03 09:45:45 - mmengine - INFO - Iter(test) [4900/5000]    eta: 0:00:11  time: 0.1085  data_time: 0.0012  memory: 1150  
08/03 09:45:51 - mmengine - INFO - Iter(test) [4950/5000]    eta: 0:00:05  time: 0.1114  data_time: 0.0012  memory: 1161  
08/03 09:45:57 - mmengine - INFO - Iter(test) [5000/5000]    eta: 0:00:00  time: 0.1170  data_time: 0.0012  memory: 1174  
08/03 09:45:57 - mmengine - INFO - per class results:
08/03 09:45:57 - mmengine - INFO - 
+----------------+-------+-------+
|     Class      |  IoU  |  Acc  |
+----------------+-------+-------+
|   background   | 78.13 | 97.47 |
|     person     |  0.0  |  0.0  |
|    bicycle     | 62.08 | 73.69 |
|      car       | 51.54 | 74.19 |
|   motorcycle   | 71.61 | 81.84 |
|    airplane    | 65.17 | 73.19 |
|      bus       | 66.45 | 69.17 |
|     train      | 51.52 | 59.99 |
|     truck      | 23.02 |  23.6 |
|      boat      | 35.38 | 40.85 |
| traffic light  | 45.71 | 55.39 |
|  fire hydrant  |  40.7 | 41.22 |
|   stop sign    |  69.6 | 95.04 |
| parking meter  |  2.21 |  2.22 |
|     bench      | 34.85 |  39.7 |
|      bird      | 68.87 | 73.28 |
|      cat       | 78.28 | 87.72 |
|      dog       | 72.68 | 81.04 |
|     horse      | 75.27 | 86.56 |
|     sheep      | 69.04 | 77.93 |
|      cow       | 61.73 | 63.81 |
|    elephant    | 83.82 |  89.6 |
|      bear      | 81.27 | 83.83 |
|     zebra      | 86.27 | 93.12 |
|    giraffe     | 81.16 | 87.71 |
|    backpack    | 22.24 | 32.72 |
|    umbrella    |  64.2 | 73.01 |
|    handbag     | 11.11 | 11.71 |
|      tie       |  1.49 | 22.24 |
|    suitcase    | 31.17 |  32.8 |
|    frisbee     |  29.2 | 29.88 |
|      skis      | 32.28 | 57.02 |
|   snowboard    | 15.74 | 18.26 |
|  sports ball   | 35.78 | 52.35 |
|      kite      | 20.96 | 23.85 |
|  baseball bat  | 13.22 | 14.29 |
| baseball glove | 12.03 | 12.13 |
|   skateboard   | 28.76 | 29.61 |
|   surfboard    | 52.72 | 56.79 |
| tennis racket  |  54.1 | 75.39 |
|     bottle     | 31.61 | 39.51 |
|   wine glass   | 47.89 | 70.69 |
|      cup       | 19.83 | 23.34 |
|      fork      |  17.6 |  21.6 |
|     knife      | 13.25 | 14.05 |
|     spoon      | 24.92 | 37.96 |
|      bowl      | 16.39 | 19.71 |
|     banana     | 58.29 | 79.44 |
|     apple      | 49.27 | 62.87 |
|    sandwich    | 33.46 | 40.65 |
|     orange     | 28.12 |  84.6 |
|    broccoli    | 35.45 | 51.54 |
|     carrot     | 39.14 | 43.93 |
|    hot dog     | 14.48 | 15.48 |
|     pizza      | 57.59 | 68.65 |
|     donut      | 60.96 | 66.65 |
|      cake      |  35.5 | 38.01 |
|     chair      | 18.19 | 19.38 |
|     couch      | 48.03 | 57.79 |
|  potted plant  | 25.72 | 34.91 |
|      bed       | 43.04 | 46.87 |
|  dining table  | 12.02 | 13.08 |
|     toilet     | 52.97 | 57.63 |
|       tv       | 18.42 | 19.23 |
|     laptop     | 54.86 | 63.45 |
|     mouse      |  0.02 |  0.02 |
|     remote     | 16.84 | 17.45 |
|    keyboard    | 45.15 | 54.55 |
|   cell phone   | 24.08 | 25.94 |
|   microwave    | 41.09 | 41.96 |
|      oven      | 20.83 |  21.5 |
|    toaster     |  0.0  |  0.0  |
|      sink      | 35.23 | 54.64 |
|  refrigerator  | 34.24 | 35.12 |
|      book      |  7.79 |  7.85 |
|     clock      | 52.11 | 65.31 |
|      vase      | 24.38 | 26.62 |
|    scissors    | 33.07 | 34.59 |
|   teddy bear   | 61.27 | 66.42 |
|   hair drier   |  0.0  |  0.0  |
|   toothbrush   | 20.43 | 22.89 |
+----------------+-------+-------+
08/03 09:45:57 - mmengine - INFO - Iter(test) [5000/5000]    aAcc: 79.2400  mIoU: 38.9500  mAcc: 46.4200  data_time: 0.0012  time: 0.1122
