cocoobj syn: 50 / 81
ctx60 syn: 51 / 60
  [100] running mIoU=21.35
  [200] running mIoU=19.66
  [300] running mIoU=20.67
{"variant": "maskclip", "model": "ViT-B-16-quickgelu", "dataset": "ctx60", "whiten": "none", "shrink": 0.5, "short": 336, "limit": 300, "offset": 0, "vocab_file": "perturbed_vocabs/ctx60_plain.json", "stats_vocab": null, "miou": 0.20674740816636014, "miou_all": 0.20674740816636014, "secs": 13.978180408477783}
  [100] running mIoU=17.66
  [200] running mIoU=15.83
  [300] running mIoU=16.30
{"variant": "maskclip", "model": "ViT-B-16-quickgelu", "dataset": "ctx60", "whiten": "none", "shrink": 0.5, "short": 336, "limit": 300, "offset": 0, "vocab_file": "perturbed_vocabs/ctx60_syn50_s0.json", "stats_vocab": null, "miou": 0.1629607171875256, "miou_all": 0.1629607171875256, "secs": 13.993343114852905}
  [100] running mIoU=18.02
  [200] running mIoU=16.41
  [300] running mIoU=17.23
{"variant": "maskclip", "model": "ViT-B-16-quickgelu", "dataset": "ctx60", "whiten": "none", "shrink": 0.5, "short": 336, "limit": 300, "offset": 0, "vocab_file": "perturbed_vocabs/ctx60_syn50_s1.json", "stats_vocab": null, "miou": 0.17225759998298126, "miou_all": 0.17225759998298126, "secs": 14.087363958358765}
Traceback (most recent call last):
  File "/media/dell/DATA/ovss/research_run/ovss/stage4_experiments/vocabaudit/run_eval.py", line 26, in <module>
    names = json.load(open(a.vocab_file))
FileNotFoundError: [Errno 2] No such file or directory: 'perturbed_vocabs/ctx60_syn50_s2.json'
Traceback (most recent call last):
  File "/media/dell/DATA/ovss/research_run/ovss/stage4_experiments/vocabaudit/run_eval.py", line 26, in <module>
    names = json.load(open(a.vocab_file))
FileNotFoundError: [Errno 2] No such file or directory: 'perturbed_vocabs/ctx60_syn100_s0.json'
  [100] running mIoU=27.86
  [200] running mIoU=25.67
  [300] running mIoU=26.63
{"variant": "sclip", "model": "ViT-B-16-quickgelu", "dataset": "ctx60", "whiten": "none", "shrink": 0.5, "short": 336, "limit": 300, "offset": 0, "vocab_file": "perturbed_vocabs/ctx60_plain.json", "stats_vocab": null, "miou": 0.26625522045983807, "miou_all": 0.26625522045983807, "secs": 14.285935878753662}
Traceback (most recent call last):
  File "/media/dell/DATA/ovss/research_run/ovss/stage4_experiments/vocabaudit/run_eval.py", line 26, in <module>
    names = json.load(open(a.vocab_file))
FileNotFoundError: [Errno 2] No such file or directory: 'perturbed_vocabs/ctx60_syn50_s0.json'
Traceback (most recent call last):
  File "/media/dell/DATA/ovss/research_run/ovss/stage4_experiments/vocabaudit/run_eval.py", line 26, in <module>
    names = json.load(open(a.vocab_file))
FileNotFoundError: [Errno 2] No such file or directory: 'perturbed_vocabs/ctx60_syn50_s1.json'
Traceback (most recent call last):
  File "/media/dell/DATA/ovss/research_run/ovss/stage4_experiments/vocabaudit/run_eval.py", line 26, in <module>
    names = json.load(open(a.vocab_file))
FileNotFoundError: [Errno 2] No such file or directory: 'perturbed_vocabs/ctx60_syn50_s2.json'
Traceback (most recent call last):
  File "/media/dell/DATA/ovss/research_run/ovss/stage4_experiments/vocabaudit/run_eval.py", line 26, in <module>
    names = json.load(open(a.vocab_file))
FileNotFoundError: [Errno 2] No such file or directory: 'perturbed_vocabs/ctx60_syn100_s0.json'
  [100] running mIoU=29.25
  [200] running mIoU=26.75
  [300] running mIoU=27.95
{"variant": "clearclip", "model": "ViT-B-16-quickgelu", "dataset": "ctx60", "whiten": "none", "shrink": 0.5, "short": 336, "limit": 300, "offset": 0, "vocab_file": "perturbed_vocabs/ctx60_plain.json", "stats_vocab": null, "miou": 0.27954508606650924, "miou_all": 0.27954508606650924, "secs": 13.780236005783081}
Traceback (most recent call last):
  File "/media/dell/DATA/ovss/research_run/ovss/stage4_experiments/vocabaudit/run_eval.py", line 26, in <module>
    names = json.load(open(a.vocab_file))
FileNotFoundError: [Errno 2] No such file or directory: 'perturbed_vocabs/ctx60_syn50_s0.json'
Traceback (most recent call last):
  File "/media/dell/DATA/ovss/research_run/ovss/stage4_experiments/vocabaudit/run_eval.py", line 26, in <module>
    names = json.load(open(a.vocab_file))
FileNotFoundError: [Errno 2] No such file or directory: 'perturbed_vocabs/ctx60_syn50_s1.json'
Traceback (most recent call last):
  File "/media/dell/DATA/ovss/research_run/ovss/stage4_experiments/vocabaudit/run_eval.py", line 26, in <module>
    names = json.load(open(a.vocab_file))
FileNotFoundError: [Errno 2] No such file or directory: 'perturbed_vocabs/ctx60_syn50_s2.json'
Traceback (most recent call last):
  File "/media/dell/DATA/ovss/research_run/ovss/stage4_experiments/vocabaudit/run_eval.py", line 26, in <module>
    names = json.load(open(a.vocab_file))
FileNotFoundError: [Errno 2] No such file or directory: 'perturbed_vocabs/ctx60_syn100_s0.json'
  [100] running mIoU=28.73
  [200] running mIoU=26.32
  [300] running mIoU=27.46
{"variant": "naclip", "model": "ViT-B-16-quickgelu", "dataset": "ctx60", "whiten": "none", "shrink": 0.5, "short": 336, "limit": 300, "offset": 0, "vocab_file": "perturbed_vocabs/ctx60_plain.json", "stats_vocab": null, "miou": 0.27460012283069646, "miou_all": 0.27460012283069646, "secs": 13.734081745147705}
Traceback (most recent call last):
  File "/media/dell/DATA/ovss/research_run/ovss/stage4_experiments/vocabaudit/run_eval.py", line 26, in <module>
    names = json.load(open(a.vocab_file))
FileNotFoundError: [Errno 2] No such file or directory: 'perturbed_vocabs/ctx60_syn50_s0.json'
Traceback (most recent call last):
  File "/media/dell/DATA/ovss/research_run/ovss/stage4_experiments/vocabaudit/run_eval.py", line 26, in <module>
    names = json.load(open(a.vocab_file))
FileNotFoundError: [Errno 2] No such file or directory: 'perturbed_vocabs/ctx60_syn50_s1.json'
Traceback (most recent call last):
  File "/media/dell/DATA/ovss/research_run/ovss/stage4_experiments/vocabaudit/run_eval.py", line 26, in <module>
    names = json.load(open(a.vocab_file))
FileNotFoundError: [Errno 2] No such file or directory: 'perturbed_vocabs/ctx60_syn50_s2.json'
Traceback (most recent call last):
  File "/media/dell/DATA/ovss/research_run/ovss/stage4_experiments/vocabaudit/run_eval.py", line 26, in <module>
    names = json.load(open(a.vocab_file))
FileNotFoundError: [Errno 2] No such file or directory: 'perturbed_vocabs/ctx60_syn100_s0.json'
Using cache found in /root/.cache/torch/hub/facebookresearch_dino_main
  [100] running mIoU=30.99
  [200] running mIoU=28.48
  [300] running mIoU=29.71
{"variant": "proxyclip", "model": "ViT-B-16-quickgelu", "dataset": "ctx60", "whiten": "none", "shrink": 0.5, "short": 336, "limit": 300, "offset": 0, "vocab_file": "perturbed_vocabs/ctx60_plain.json", "stats_vocab": null, "miou": 0.29706068756332527, "miou_all": 0.29706068756332527, "secs": 21.64110803604126}
Traceback (most recent call last):
  File "/media/dell/DATA/ovss/research_run/ovss/stage4_experiments/vocabaudit/run_eval.py", line 26, in <module>
    names = json.load(open(a.vocab_file))
FileNotFoundError: [Errno 2] No such file or directory: 'perturbed_vocabs/ctx60_syn50_s0.json'
Traceback (most recent call last):
  File "/media/dell/DATA/ovss/research_run/ovss/stage4_experiments/vocabaudit/run_eval.py", line 26, in <module>
    names = json.load(open(a.vocab_file))
FileNotFoundError: [Errno 2] No such file or directory: 'perturbed_vocabs/ctx60_syn50_s1.json'
Traceback (most recent call last):
  File "/media/dell/DATA/ovss/research_run/ovss/stage4_experiments/vocabaudit/run_eval.py", line 26, in <module>
    names = json.load(open(a.vocab_file))
FileNotFoundError: [Errno 2] No such file or directory: 'perturbed_vocabs/ctx60_syn50_s2.json'
Traceback (most recent call last):
  File "/media/dell/DATA/ovss/research_run/ovss/stage4_experiments/vocabaudit/run_eval.py", line 26, in <module>
    names = json.load(open(a.vocab_file))
FileNotFoundError: [Errno 2] No such file or directory: 'perturbed_vocabs/ctx60_syn100_s0.json'
Using cache found in /root/.cache/torch/hub/facebookresearch_dino_main
  [100] running mIoU=30.47
  [200] running mIoU=27.72
  [300] running mIoU=28.82
{"variant": "lposs", "model": "ViT-B-16-quickgelu", "dataset": "ctx60", "whiten": "none", "shrink": 0.5, "short": 336, "limit": 300, "offset": 0, "vocab_file": "perturbed_vocabs/ctx60_plain.json", "stats_vocab": null, "miou": 0.28822755765103014, "miou_all": 0.28822755765103014, "secs": 22.350725412368774}
Traceback (most recent call last):
  File "/media/dell/DATA/ovss/research_run/ovss/stage4_experiments/vocabaudit/run_eval.py", line 26, in <module>
    names = json.load(open(a.vocab_file))
FileNotFoundError: [Errno 2] No such file or directory: 'perturbed_vocabs/ctx60_syn50_s0.json'
Traceback (most recent call last):
  File "/media/dell/DATA/ovss/research_run/ovss/stage4_experiments/vocabaudit/run_eval.py", line 26, in <module>
    names = json.load(open(a.vocab_file))
FileNotFoundError: [Errno 2] No such file or directory: 'perturbed_vocabs/ctx60_syn50_s1.json'
Traceback (most recent call last):
  File "/media/dell/DATA/ovss/research_run/ovss/stage4_experiments/vocabaudit/run_eval.py", line 26, in <module>
    names = json.load(open(a.vocab_file))
FileNotFoundError: [Errno 2] No such file or directory: 'perturbed_vocabs/ctx60_syn50_s2.json'
Traceback (most recent call last):
  File "/media/dell/DATA/ovss/research_run/ovss/stage4_experiments/vocabaudit/run_eval.py", line 26, in <module>
    names = json.load(open(a.vocab_file))
FileNotFoundError: [Errno 2] No such file or directory: 'perturbed_vocabs/ctx60_syn100_s0.json'
  [100] running mIoU=29.61
  [200] running mIoU=26.99
  [300] running mIoU=28.13
{"variant": "scclip", "model": "ViT-B-16-quickgelu", "dataset": "ctx60", "whiten": "none", "shrink": 0.5, "short": 336, "limit": 300, "offset": 0, "vocab_file": "perturbed_vocabs/ctx60_plain.json", "stats_vocab": null, "miou": 0.2813470797342859, "miou_all": 0.2813470797342859, "secs": 14.330648183822632}
Traceback (most recent call last):
  File "/media/dell/DATA/ovss/research_run/ovss/stage4_experiments/vocabaudit/run_eval.py", line 26, in <module>
    names = json.load(open(a.vocab_file))
FileNotFoundError: [Errno 2] No such file or directory: 'perturbed_vocabs/ctx60_syn50_s0.json'
Traceback (most recent call last):
  File "/media/dell/DATA/ovss/research_run/ovss/stage4_experiments/vocabaudit/run_eval.py", line 26, in <module>
    names = json.load(open(a.vocab_file))
FileNotFoundError: [Errno 2] No such file or directory: 'perturbed_vocabs/ctx60_syn50_s1.json'
Traceback (most recent call last):
  File "/media/dell/DATA/ovss/research_run/ovss/stage4_experiments/vocabaudit/run_eval.py", line 26, in <module>
    names = json.load(open(a.vocab_file))
FileNotFoundError: [Errno 2] No such file or directory: 'perturbed_vocabs/ctx60_syn50_s2.json'
Traceback (most recent call last):
  File "/media/dell/DATA/ovss/research_run/ovss/stage4_experiments/vocabaudit/run_eval.py", line 26, in <module>
    names = json.load(open(a.vocab_file))
FileNotFoundError: [Errno 2] No such file or directory: 'perturbed_vocabs/ctx60_syn100_s0.json'
  [100] running mIoU=19.08
  [200] running mIoU=18.65
  [300] running mIoU=19.78
{"variant": "maskclip", "model": "ViT-B-16-quickgelu", "dataset": "cocoobj", "whiten": "none", "shrink": 0.5, "short": 336, "limit": 300, "offset": 0, "vocab_file": "perturbed_vocabs/cocoobj_plain.json", "stats_vocab": null, "miou": 0.19782433281535827, "miou_all": 0.19049750567404874, "secs": 16.386874437332153}
Traceback (most recent call last):
  File "/media/dell/DATA/ovss/research_run/ovss/stage4_experiments/vocabaudit/run_eval.py", line 26, in <module>
    names = json.load(open(a.vocab_file))
FileNotFoundError: [Errno 2] No such file or directory: 'perturbed_vocabs/cocoobj_syn50_s0.json'
Traceback (most recent call last):
  File "/media/dell/DATA/ovss/research_run/ovss/stage4_experiments/vocabaudit/run_eval.py", line 26, in <module>
    names = json.load(open(a.vocab_file))
FileNotFoundError: [Errno 2] No such file or directory: 'perturbed_vocabs/cocoobj_syn50_s1.json'
Traceback (most recent call last):
  File "/media/dell/DATA/ovss/research_run/ovss/stage4_experiments/vocabaudit/run_eval.py", line 26, in <module>
    names = json.load(open(a.vocab_file))
FileNotFoundError: [Errno 2] No such file or directory: 'perturbed_vocabs/cocoobj_syn50_s2.json'
Traceback (most recent call last):
  File "/media/dell/DATA/ovss/research_run/ovss/stage4_experiments/vocabaudit/run_eval.py", line 26, in <module>
    names = json.load(open(a.vocab_file))
FileNotFoundError: [Errno 2] No such file or directory: 'perturbed_vocabs/cocoobj_syn100_s0.json'
  [100] running mIoU=22.02
  [200] running mIoU=21.84
  [300] running mIoU=22.57
{"variant": "sclip", "model": "ViT-B-16-quickgelu", "dataset": "cocoobj", "whiten": "none", "shrink": 0.5, "short": 336, "limit": 300, "offset": 0, "vocab_file": "perturbed_vocabs/cocoobj_plain.json", "stats_vocab": null, "miou": 0.22566345340380636, "miou_all": 0.21730554772218394, "secs": 16.028578758239746}
Traceback (most recent call last):
  File "/media/dell/DATA/ovss/research_run/ovss/stage4_experiments/vocabaudit/run_eval.py", line 26, in <module>
    names = json.load(open(a.vocab_file))
FileNotFoundError: [Errno 2] No such file or directory: 'perturbed_vocabs/cocoobj_syn50_s0.json'
Traceback (most recent call last):
  File "/media/dell/DATA/ovss/research_run/ovss/stage4_experiments/vocabaudit/run_eval.py", line 26, in <module>
    names = json.load(open(a.vocab_file))
FileNotFoundError: [Errno 2] No such file or directory: 'perturbed_vocabs/cocoobj_syn50_s1.json'
Traceback (most recent call last):
  File "/media/dell/DATA/ovss/research_run/ovss/stage4_experiments/vocabaudit/run_eval.py", line 26, in <module>
    names = json.load(open(a.vocab_file))
FileNotFoundError: [Errno 2] No such file or directory: 'perturbed_vocabs/cocoobj_syn50_s2.json'
Traceback (most recent call last):
  File "/media/dell/DATA/ovss/research_run/ovss/stage4_experiments/vocabaudit/run_eval.py", line 26, in <module>
    names = json.load(open(a.vocab_file))
FileNotFoundError: [Errno 2] No such file or directory: 'perturbed_vocabs/cocoobj_syn100_s0.json'
  [100] running mIoU=21.48
  [200] running mIoU=21.61
  [300] running mIoU=22.38
{"variant": "clearclip", "model": "ViT-B-16-quickgelu", "dataset": "cocoobj", "whiten": "none", "shrink": 0.5, "short": 336, "limit": 300, "offset": 0, "vocab_file": "perturbed_vocabs/cocoobj_plain.json", "stats_vocab": null, "miou": 0.22378126991115174, "miou_all": 0.21549307472925724, "secs": 15.533964157104492}
Traceback (most recent call last):
  File "/media/dell/DATA/ovss/research_run/ovss/stage4_experiments/vocabaudit/run_eval.py", line 26, in <module>
    names = json.load(open(a.vocab_file))
FileNotFoundError: [Errno 2] No such file or directory: 'perturbed_vocabs/cocoobj_syn50_s0.json'
Traceback (most recent call last):
  File "/media/dell/DATA/ovss/research_run/ovss/stage4_experiments/vocabaudit/run_eval.py", line 26, in <module>
    names = json.load(open(a.vocab_file))
FileNotFoundError: [Errno 2] No such file or directory: 'perturbed_vocabs/cocoobj_syn50_s1.json'
Traceback (most recent call last):
  File "/media/dell/DATA/ovss/research_run/ovss/stage4_experiments/vocabaudit/run_eval.py", line 26, in <module>
    names = json.load(open(a.vocab_file))
FileNotFoundError: [Errno 2] No such file or directory: 'perturbed_vocabs/cocoobj_syn50_s2.json'
Traceback (most recent call last):
  File "/media/dell/DATA/ovss/research_run/ovss/stage4_experiments/vocabaudit/run_eval.py", line 26, in <module>
    names = json.load(open(a.vocab_file))
FileNotFoundError: [Errno 2] No such file or directory: 'perturbed_vocabs/cocoobj_syn100_s0.json'
  [100] running mIoU=21.82
  [200] running mIoU=20.92
  [300] running mIoU=22.08
{"variant": "naclip", "model": "ViT-B-16-quickgelu", "dataset": "cocoobj", "whiten": "none", "shrink": 0.5, "short": 336, "limit": 300, "offset": 0, "vocab_file": "perturbed_vocabs/cocoobj_plain.json", "stats_vocab": null, "miou": 0.22080205961702823, "miou_all": 0.2126242055571383, "secs": 15.479691982269287}
Traceback (most recent call last):
  File "/media/dell/DATA/ovss/research_run/ovss/stage4_experiments/vocabaudit/run_eval.py", line 26, in <module>
    names = json.load(open(a.vocab_file))
FileNotFoundError: [Errno 2] No such file or directory: 'perturbed_vocabs/cocoobj_syn50_s0.json'
Traceback (most recent call last):
  File "/media/dell/DATA/ovss/research_run/ovss/stage4_experiments/vocabaudit/run_eval.py", line 26, in <module>
    names = json.load(open(a.vocab_file))
FileNotFoundError: [Errno 2] No such file or directory: 'perturbed_vocabs/cocoobj_syn50_s1.json'
Traceback (most recent call last):
  File "/media/dell/DATA/ovss/research_run/ovss/stage4_experiments/vocabaudit/run_eval.py", line 26, in <module>
    names = json.load(open(a.vocab_file))
FileNotFoundError: [Errno 2] No such file or directory: 'perturbed_vocabs/cocoobj_syn50_s2.json'
Traceback (most recent call last):
  File "/media/dell/DATA/ovss/research_run/ovss/stage4_experiments/vocabaudit/run_eval.py", line 26, in <module>
    names = json.load(open(a.vocab_file))
FileNotFoundError: [Errno 2] No such file or directory: 'perturbed_vocabs/cocoobj_syn100_s0.json'
Using cache found in /root/.cache/torch/hub/facebookresearch_dino_main
  [100] running mIoU=22.79
  [200] running mIoU=21.70
  [300] running mIoU=22.67
{"variant": "proxyclip", "model": "ViT-B-16-quickgelu", "dataset": "cocoobj", "whiten": "none", "shrink": 0.5, "short": 336, "limit": 300, "offset": 0, "vocab_file": "perturbed_vocabs/cocoobj_plain.json", "stats_vocab": null, "miou": 0.22674367323561795, "miou_all": 0.21834575941207654, "secs": 23.706491947174072}
Traceback (most recent call last):
  File "/media/dell/DATA/ovss/research_run/ovss/stage4_experiments/vocabaudit/run_eval.py", line 26, in <module>
    names = json.load(open(a.vocab_file))
FileNotFoundError: [Errno 2] No such file or directory: 'perturbed_vocabs/cocoobj_syn50_s0.json'
Traceback (most recent call last):
  File "/media/dell/DATA/ovss/research_run/ovss/stage4_experiments/vocabaudit/run_eval.py", line 26, in <module>
    names = json.load(open(a.vocab_file))
FileNotFoundError: [Errno 2] No such file or directory: 'perturbed_vocabs/cocoobj_syn50_s1.json'
Traceback (most recent call last):
  File "/media/dell/DATA/ovss/research_run/ovss/stage4_experiments/vocabaudit/run_eval.py", line 26, in <module>
    names = json.load(open(a.vocab_file))
FileNotFoundError: [Errno 2] No such file or directory: 'perturbed_vocabs/cocoobj_syn50_s2.json'
Traceback (most recent call last):
  File "/media/dell/DATA/ovss/research_run/ovss/stage4_experiments/vocabaudit/run_eval.py", line 26, in <module>
    names = json.load(open(a.vocab_file))
FileNotFoundError: [Errno 2] No such file or directory: 'perturbed_vocabs/cocoobj_syn100_s0.json'
Using cache found in /root/.cache/torch/hub/facebookresearch_dino_main
  [100] running mIoU=23.82
  [200] running mIoU=24.36
  [300] running mIoU=24.67
{"variant": "lposs", "model": "ViT-B-16-quickgelu", "dataset": "cocoobj", "whiten": "none", "shrink": 0.5, "short": 336, "limit": 300, "offset": 0, "vocab_file": "perturbed_vocabs/cocoobj_plain.json", "stats_vocab": null, "miou": 0.24674294752519416, "miou_all": 0.23760431983907584, "secs": 24.35572862625122}
Traceback (most recent call last):
  File "/media/dell/DATA/ovss/research_run/ovss/stage4_experiments/vocabaudit/run_eval.py", line 26, in <module>
    names = json.load(open(a.vocab_file))
FileNotFoundError: [Errno 2] No such file or directory: 'perturbed_vocabs/cocoobj_syn50_s0.json'
Traceback (most recent call last):
  File "/media/dell/DATA/ovss/research_run/ovss/stage4_experiments/vocabaudit/run_eval.py", line 26, in <module>
    names = json.load(open(a.vocab_file))
FileNotFoundError: [Errno 2] No such file or directory: 'perturbed_vocabs/cocoobj_syn50_s1.json'
Traceback (most recent call last):
  File "/media/dell/DATA/ovss/research_run/ovss/stage4_experiments/vocabaudit/run_eval.py", line 26, in <module>
    names = json.load(open(a.vocab_file))
FileNotFoundError: [Errno 2] No such file or directory: 'perturbed_vocabs/cocoobj_syn50_s2.json'
Traceback (most recent call last):
  File "/media/dell/DATA/ovss/research_run/ovss/stage4_experiments/vocabaudit/run_eval.py", line 26, in <module>
    names = json.load(open(a.vocab_file))
FileNotFoundError: [Errno 2] No such file or directory: 'perturbed_vocabs/cocoobj_syn100_s0.json'
  [100] running mIoU=22.23
  [200] running mIoU=21.75
  [300] running mIoU=22.86
{"variant": "scclip", "model": "ViT-B-16-quickgelu", "dataset": "cocoobj", "whiten": "none", "shrink": 0.5, "short": 336, "limit": 300, "offset": 0, "vocab_file": "perturbed_vocabs/cocoobj_plain.json", "stats_vocab": null, "miou": 0.22863817959990762, "miou_all": 0.22017009887398512, "secs": 16.014816761016846}
