  [100] running mIoU=42.40
  [200] running mIoU=43.21
  [300] running mIoU=43.55
  [400] running mIoU=44.89
  [500] running mIoU=44.39
  [600] running mIoU=44.95
  [700] running mIoU=44.76
  [800] running mIoU=44.84
  [900] running mIoU=44.83
  [1000] running mIoU=44.60
  [1100] running mIoU=45.00
  [1200] running mIoU=44.92
  [1300] running mIoU=44.72
{"variant": "maskclip", "model": "ViT-B-16-quickgelu", "dataset": "voc21", "whiten": "none", "shrink": 0.5, "short": 336, "limit": null, "offset": 0, "vocab_file": "perturbed_vocabs/voc21_official.json", "stats_vocab": null, "skip_dev": true, "miou": 0.44606899087676927, "miou_all": 0.44606899087676927, "secs": 51.66450810432434}
  [100] running mIoU=30.88
  [200] running mIoU=31.20
  [300] running mIoU=31.76
  [400] running mIoU=32.17
  [500] running mIoU=32.26
  [600] running mIoU=32.57
  [700] running mIoU=32.43
  [800] running mIoU=32.53
  [900] running mIoU=32.58
  [1000] running mIoU=32.73
  [1100] running mIoU=33.05
  [1200] running mIoU=33.02
  [1300] running mIoU=32.81
{"variant": "maskclip", "model": "ViT-B-16-quickgelu", "dataset": "voc21", "whiten": "none", "shrink": 0.5, "short": 336, "limit": null, "offset": 0, "vocab_file": "perturbed_vocabs/voc21_plain.json", "stats_vocab": null, "skip_dev": true, "miou": 0.3277779565652588, "miou_all": 0.3277779565652588, "secs": 48.650142192840576}
  [100] running mIoU=28.32
  [200] running mIoU=28.86
  [300] running mIoU=29.44
  [400] running mIoU=29.64
  [500] running mIoU=29.73
  [600] running mIoU=29.79
  [700] running mIoU=29.49
  [800] running mIoU=29.54
  [900] running mIoU=29.54
  [1000] running mIoU=29.66
  [1100] running mIoU=29.89
  [1200] running mIoU=29.85
  [1300] running mIoU=29.63
{"variant": "maskclip", "model": "ViT-B-16-quickgelu", "dataset": "voc21", "whiten": "none", "shrink": 0.5, "short": 336, "limit": null, "offset": 0, "vocab_file": "perturbed_vocabs/voc21_syn50_s0.json", "stats_vocab": null, "skip_dev": true, "miou": 0.2955855918630773, "miou_all": 0.2955855918630773, "secs": 48.777260541915894}
  [100] running mIoU=28.69
  [200] running mIoU=29.08
  [300] running mIoU=29.32
  [400] running mIoU=29.63
  [500] running mIoU=29.94
  [600] running mIoU=30.25
  [700] running mIoU=30.14
  [800] running mIoU=30.27
  [900] running mIoU=30.40
  [1000] running mIoU=30.49
  [1100] running mIoU=30.80
  [1200] running mIoU=30.75
  [1300] running mIoU=30.49
{"variant": "maskclip", "model": "ViT-B-16-quickgelu", "dataset": "voc21", "whiten": "none", "shrink": 0.5, "short": 336, "limit": null, "offset": 0, "vocab_file": "perturbed_vocabs/voc21_syn50_s1.json", "stats_vocab": null, "skip_dev": true, "miou": 0.3039980748739107, "miou_all": 0.3039980748739107, "secs": 48.89043164253235}
  [100] running mIoU=26.97
  [200] running mIoU=27.26
  [300] running mIoU=27.72
  [400] running mIoU=27.76
  [500] running mIoU=28.09
  [600] running mIoU=28.30
  [700] running mIoU=28.21
  [800] running mIoU=28.36
  [900] running mIoU=28.48
  [1000] running mIoU=28.70
  [1100] running mIoU=29.06
  [1200] running mIoU=29.05
  [1300] running mIoU=28.80
{"variant": "maskclip", "model": "ViT-B-16-quickgelu", "dataset": "voc21", "whiten": "none", "shrink": 0.5, "short": 336, "limit": null, "offset": 0, "vocab_file": "perturbed_vocabs/voc21_syn50_s2.json", "stats_vocab": null, "skip_dev": true, "miou": 0.28735290075533365, "miou_all": 0.28735290075533365, "secs": 48.81048130989075}
  [100] running mIoU=25.61
  [200] running mIoU=26.26
  [300] running mIoU=26.29
  [400] running mIoU=26.06
  [500] running mIoU=26.32
  [600] running mIoU=26.53
  [700] running mIoU=26.53
  [800] running mIoU=26.66
  [900] running mIoU=26.77
  [1000] running mIoU=26.85
  [1100] running mIoU=27.09
  [1200] running mIoU=27.06
  [1300] running mIoU=26.85
{"variant": "maskclip", "model": "ViT-B-16-quickgelu", "dataset": "voc21", "whiten": "none", "shrink": 0.5, "short": 336, "limit": null, "offset": 0, "vocab_file": "perturbed_vocabs/voc21_syn100_s0.json", "stats_vocab": null, "skip_dev": true, "miou": 0.2679249127598359, "miou_all": 0.2679249127598359, "secs": 48.87058734893799}
  [100] running mIoU=37.92
  [200] running mIoU=37.91
  [300] running mIoU=37.11
  [400] running mIoU=38.03
  [500] running mIoU=38.00
  [600] running mIoU=37.99
  [700] running mIoU=37.70
  [800] running mIoU=37.66
  [900] running mIoU=37.60
  [1000] running mIoU=37.22
  [1100] running mIoU=37.59
  [1200] running mIoU=37.44
  [1300] running mIoU=37.34
{"variant": "maskclip", "model": "ViT-B-16-quickgelu", "dataset": "voc21", "whiten": "none", "shrink": 0.5, "short": 336, "limit": null, "offset": 0, "vocab_file": "perturbed_vocabs/voc21_dis_near200.json", "stats_vocab": null, "skip_dev": true, "miou": 0.37128770175604686, "miou_all": 0.035280731841072326, "secs": 67.85758423805237}
  [100] running mIoU=55.00
  [200] running mIoU=55.69
  [300] running mIoU=55.42
  [400] running mIoU=56.56
  [500] running mIoU=56.16
  [600] running mIoU=56.93
  [700] running mIoU=56.97
  [800] running mIoU=56.95
  [900] running mIoU=57.09
  [1000] running mIoU=57.12
  [1100] running mIoU=57.67
  [1200] running mIoU=57.66
  [1300] running mIoU=57.25
{"variant": "sclip", "model": "ViT-B-16-quickgelu", "dataset": "voc21", "whiten": "none", "shrink": 0.5, "short": 336, "limit": null, "offset": 0, "vocab_file": "perturbed_vocabs/voc21_official.json", "stats_vocab": null, "skip_dev": true, "miou": 0.5721053962045184, "miou_all": 0.5721053962045184, "secs": 52.74690103530884}
  [100] running mIoU=34.40
  [200] running mIoU=34.30
  [300] running mIoU=34.75
  [400] running mIoU=35.11
  [500] running mIoU=35.21
  [600] running mIoU=35.23
  [700] running mIoU=34.95
  [800] running mIoU=35.12
  [900] running mIoU=35.19
  [1000] running mIoU=35.56
  [1100] running mIoU=35.90
  [1200] running mIoU=35.84
  [1300] running mIoU=35.58
{"variant": "sclip", "model": "ViT-B-16-quickgelu", "dataset": "voc21", "whiten": "none", "shrink": 0.5, "short": 336, "limit": null, "offset": 0, "vocab_file": "perturbed_vocabs/voc21_plain.json", "stats_vocab": null, "skip_dev": true, "miou": 0.3559869790174385, "miou_all": 0.3559869790174385, "secs": 49.67751669883728}
  [100] running mIoU=33.38
  [200] running mIoU=33.82
  [300] running mIoU=34.38
  [400] running mIoU=34.96
  [500] running mIoU=35.02
  [600] running mIoU=34.90
  [700] running mIoU=34.43
  [800] running mIoU=34.53
  [900] running mIoU=34.71
  [1000] running mIoU=34.85
  [1100] running mIoU=34.99
  [1200] running mIoU=34.98
  [1300] running mIoU=34.72
{"variant": "sclip", "model": "ViT-B-16-quickgelu", "dataset": "voc21", "whiten": "none", "shrink": 0.5, "short": 336, "limit": null, "offset": 0, "vocab_file": "perturbed_vocabs/voc21_syn50_s0.json", "stats_vocab": null, "skip_dev": true, "miou": 0.34652912380634593, "miou_all": 0.34652912380634593, "secs": 49.52716827392578}
  [100] running mIoU=31.09
  [200] running mIoU=31.43
  [300] running mIoU=31.34
  [400] running mIoU=31.87
  [500] running mIoU=32.52
  [600] running mIoU=32.72
  [700] running mIoU=32.64
  [800] running mIoU=32.85
  [900] running mIoU=33.08
  [1000] running mIoU=33.34
  [1100] running mIoU=33.70
  [1200] running mIoU=33.68
  [1300] running mIoU=33.43
{"variant": "sclip", "model": "ViT-B-16-quickgelu", "dataset": "voc21", "whiten": "none", "shrink": 0.5, "short": 336, "limit": null, "offset": 0, "vocab_file": "perturbed_vocabs/voc21_syn50_s1.json", "stats_vocab": null, "skip_dev": true, "miou": 0.333726776303864, "miou_all": 0.333726776303864, "secs": 49.625972509384155}
  [100] running mIoU=29.95
  [200] running mIoU=30.41
  [300] running mIoU=30.69
  [400] running mIoU=30.80
  [500] running mIoU=31.17
  [600] running mIoU=31.26
  [700] running mIoU=31.00
  [800] running mIoU=31.29
  [900] running mIoU=31.56
  [1000] running mIoU=32.00
  [1100] running mIoU=32.31
  [1200] running mIoU=32.36
  [1300] running mIoU=32.04
{"variant": "sclip", "model": "ViT-B-16-quickgelu", "dataset": "voc21", "whiten": "none", "shrink": 0.5, "short": 336, "limit": null, "offset": 0, "vocab_file": "perturbed_vocabs/voc21_syn50_s2.json", "stats_vocab": null, "skip_dev": true, "miou": 0.3201298626109982, "miou_all": 0.3201298626109982, "secs": 49.659645557403564}
  [100] running mIoU=30.87
  [200] running mIoU=30.70
  [300] running mIoU=30.55
  [400] running mIoU=30.48
  [500] running mIoU=30.90
  [600] running mIoU=31.03
  [700] running mIoU=30.87
  [800] running mIoU=31.18
  [900] running mIoU=31.55
  [1000] running mIoU=31.77
  [1100] running mIoU=32.03
  [1200] running mIoU=32.02
  [1300] running mIoU=31.82
{"variant": "sclip", "model": "ViT-B-16-quickgelu", "dataset": "voc21", "whiten": "none", "shrink": 0.5, "short": 336, "limit": null, "offset": 0, "vocab_file": "perturbed_vocabs/voc21_syn100_s0.json", "stats_vocab": null, "skip_dev": true, "miou": 0.3179228136680228, "miou_all": 0.3179228136680228, "secs": 49.55912184715271}
  [100] running mIoU=46.57
  [200] running mIoU=46.07
  [300] running mIoU=44.53
  [400] running mIoU=46.06
  [500] running mIoU=46.06
  [600] running mIoU=45.80
  [700] running mIoU=45.60
  [800] running mIoU=45.42
  [900] running mIoU=45.27
  [1000] running mIoU=45.31
  [1100] running mIoU=45.67
  [1200] running mIoU=45.32
  [1300] running mIoU=45.16
{"variant": "sclip", "model": "ViT-B-16-quickgelu", "dataset": "voc21", "whiten": "none", "shrink": 0.5, "short": 336, "limit": null, "offset": 0, "vocab_file": "perturbed_vocabs/voc21_dis_near200.json", "stats_vocab": null, "skip_dev": true, "miou": 0.4486733720132505, "miou_all": 0.04263412132252607, "secs": 68.57835245132446}
  [100] running mIoU=52.85
  [200] running mIoU=54.09
  [300] running mIoU=53.58
  [400] running mIoU=54.69
  [500] running mIoU=54.59
  [600] running mIoU=55.43
  [700] running mIoU=55.38
  [800] running mIoU=55.24
  [900] running mIoU=55.19
  [1000] running mIoU=55.43
  [1100] running mIoU=55.93
  [1200] running mIoU=56.02
  [1300] running mIoU=55.76
{"variant": "clearclip", "model": "ViT-B-16-quickgelu", "dataset": "voc21", "whiten": "none", "shrink": 0.5, "short": 336, "limit": null, "offset": 0, "vocab_file": "perturbed_vocabs/voc21_official.json", "stats_vocab": null, "skip_dev": true, "miou": 0.5568460623777058, "miou_all": 0.5568460623777058, "secs": 50.64539933204651}
  [100] running mIoU=35.02
  [200] running mIoU=34.89
  [300] running mIoU=34.89
  [400] running mIoU=34.86
  [500] running mIoU=34.95
  [600] running mIoU=34.73
  [700] running mIoU=34.40
  [800] running mIoU=34.46
  [900] running mIoU=34.33
  [1000] running mIoU=34.62
  [1100] running mIoU=34.85
  [1200] running mIoU=34.80
  [1300] running mIoU=34.66
{"variant": "clearclip", "model": "ViT-B-16-quickgelu", "dataset": "voc21", "whiten": "none", "shrink": 0.5, "short": 336, "limit": null, "offset": 0, "vocab_file": "perturbed_vocabs/voc21_plain.json", "stats_vocab": null, "skip_dev": true, "miou": 0.34749964434530545, "miou_all": 0.34749964434530545, "secs": 47.431804180145264}
  [100] running mIoU=32.88
  [200] running mIoU=33.30
  [300] running mIoU=33.32
  [400] running mIoU=33.48
  [500] running mIoU=33.45
  [600] running mIoU=33.34
  [700] running mIoU=32.88
  [800] running mIoU=32.92
  [900] running mIoU=32.96
  [1000] running mIoU=33.17
  [1100] running mIoU=33.31
  [1200] running mIoU=33.31
  [1300] running mIoU=33.13
{"variant": "clearclip", "model": "ViT-B-16-quickgelu", "dataset": "voc21", "whiten": "none", "shrink": 0.5, "short": 336, "limit": null, "offset": 0, "vocab_file": "perturbed_vocabs/voc21_syn50_s0.json", "stats_vocab": null, "skip_dev": true, "miou": 0.3316363056879911, "miou_all": 0.3316363056879911, "secs": 47.524850606918335}
  [100] running mIoU=32.80
  [200] running mIoU=33.15
  [300] running mIoU=32.77
  [400] running mIoU=32.97
  [500] running mIoU=33.33
  [600] running mIoU=33.33
  [700] running mIoU=33.08
  [800] running mIoU=33.23
  [900] running mIoU=33.22
  [1000] running mIoU=33.45
  [1100] running mIoU=33.65
  [1200] running mIoU=33.61
  [1300] running mIoU=33.48
{"variant": "clearclip", "model": "ViT-B-16-quickgelu", "dataset": "voc21", "whiten": "none", "shrink": 0.5, "short": 336, "limit": null, "offset": 0, "vocab_file": "perturbed_vocabs/voc21_syn50_s1.json", "stats_vocab": null, "skip_dev": true, "miou": 0.33519098507631007, "miou_all": 0.33519098507631007, "secs": 47.52320885658264}
  [100] running mIoU=31.23
  [200] running mIoU=31.42
  [300] running mIoU=31.19
  [400] running mIoU=31.08
  [500] running mIoU=31.37
  [600] running mIoU=31.25
  [700] running mIoU=30.80
  [800] running mIoU=31.05
  [900] running mIoU=31.06
  [1000] running mIoU=31.38
  [1100] running mIoU=31.56
  [1200] running mIoU=31.56
  [1300] running mIoU=31.38
{"variant": "clearclip", "model": "ViT-B-16-quickgelu", "dataset": "voc21", "whiten": "none", "shrink": 0.5, "short": 336, "limit": null, "offset": 0, "vocab_file": "perturbed_vocabs/voc21_syn50_s2.json", "stats_vocab": null, "skip_dev": true, "miou": 0.31418508238585713, "miou_all": 0.31418508238585713, "secs": 47.41761565208435}
  [100] running mIoU=30.07
  [200] running mIoU=30.09
  [300] running mIoU=29.03
  [400] running mIoU=28.79
  [500] running mIoU=29.21
  [600] running mIoU=29.35
  [700] running mIoU=29.20
  [800] running mIoU=29.46
  [900] running mIoU=29.63
  [1000] running mIoU=29.80
  [1100] running mIoU=29.94
  [1200] running mIoU=29.97
  [1300] running mIoU=29.84
{"variant": "clearclip", "model": "ViT-B-16-quickgelu", "dataset": "voc21", "whiten": "none", "shrink": 0.5, "short": 336, "limit": null, "offset": 0, "vocab_file": "perturbed_vocabs/voc21_syn100_s0.json", "stats_vocab": null, "skip_dev": true, "miou": 0.29811168191139537, "miou_all": 0.29811168191139537, "secs": 47.59253811836243}
  [100] running mIoU=43.17
  [200] running mIoU=42.54
  [300] running mIoU=40.86
  [400] running mIoU=41.67
  [500] running mIoU=41.84
  [600] running mIoU=41.75
  [700] running mIoU=41.50
  [800] running mIoU=41.33
  [900] running mIoU=41.18
  [1000] running mIoU=41.41
  [1100] running mIoU=41.82
  [1200] running mIoU=41.47
  [1300] running mIoU=41.46
{"variant": "clearclip", "model": "ViT-B-16-quickgelu", "dataset": "voc21", "whiten": "none", "shrink": 0.5, "short": 336, "limit": null, "offset": 0, "vocab_file": "perturbed_vocabs/voc21_dis_near200.json", "stats_vocab": null, "skip_dev": true, "miou": 0.4123383244649739, "miou_all": 0.039181469745540515, "secs": 66.61730408668518}
  [100] running mIoU=54.21
  [200] running mIoU=55.29
  [300] running mIoU=55.02
  [400] running mIoU=56.25
  [500] running mIoU=55.96
  [600] running mIoU=56.93
  [700] running mIoU=56.92
  [800] running mIoU=57.00
  [900] running mIoU=56.93
  [1000] running mIoU=56.86
  [1100] running mIoU=57.31
  [1200] running mIoU=57.31
  [1300] running mIoU=57.02
{"variant": "naclip", "model": "ViT-B-16-quickgelu", "dataset": "voc21", "whiten": "none", "shrink": 0.5, "short": 336, "limit": null, "offset": 0, "vocab_file": "perturbed_vocabs/voc21_official.json", "stats_vocab": null, "skip_dev": true, "miou": 0.5692952342283905, "miou_all": 0.5692952342283905, "secs": 50.637564182281494}
  [100] running mIoU=35.82
  [200] running mIoU=36.45
  [300] running mIoU=36.54
  [400] running mIoU=36.88
  [500] running mIoU=36.75
  [600] running mIoU=36.67
  [700] running mIoU=36.45
  [800] running mIoU=36.65
  [900] running mIoU=36.60
  [1000] running mIoU=36.83
  [1100] running mIoU=37.09
  [1200] running mIoU=37.06
  [1300] running mIoU=36.89
{"variant": "naclip", "model": "ViT-B-16-quickgelu", "dataset": "voc21", "whiten": "none", "shrink": 0.5, "short": 336, "limit": null, "offset": 0, "vocab_file": "perturbed_vocabs/voc21_plain.json", "stats_vocab": null, "skip_dev": true, "miou": 0.3693221408017477, "miou_all": 0.3693221408017477, "secs": 47.53399419784546}
  [100] running mIoU=32.98
  [200] running mIoU=34.01
  [300] running mIoU=33.93
  [400] running mIoU=34.36
  [500] running mIoU=34.21
  [600] running mIoU=34.10
  [700] running mIoU=33.74
  [800] running mIoU=33.90
  [900] running mIoU=34.00
  [1000] running mIoU=34.20
  [1100] running mIoU=34.47
  [1200] running mIoU=34.50
  [1300] running mIoU=34.26
{"variant": "naclip", "model": "ViT-B-16-quickgelu", "dataset": "voc21", "whiten": "none", "shrink": 0.5, "short": 336, "limit": null, "offset": 0, "vocab_file": "perturbed_vocabs/voc21_syn50_s0.json", "stats_vocab": null, "skip_dev": true, "miou": 0.3426969661496294, "miou_all": 0.3426969661496294, "secs": 47.52378726005554}
  [100] running mIoU=33.91
  [200] running mIoU=34.79
  [300] running mIoU=34.52
  [400] running mIoU=34.95
  [500] running mIoU=35.04
  [600] running mIoU=35.06
  [700] running mIoU=34.93
  [800] running mIoU=35.12
  [900] running mIoU=35.11
  [1000] running mIoU=35.32
  [1100] running mIoU=35.61
  [1200] running mIoU=35.60
  [1300] running mIoU=35.42
{"variant": "naclip", "model": "ViT-B-16-quickgelu", "dataset": "voc21", "whiten": "none", "shrink": 0.5, "short": 336, "limit": null, "offset": 0, "vocab_file": "perturbed_vocabs/voc21_syn50_s1.json", "stats_vocab": null, "skip_dev": true, "miou": 0.35432915246212787, "miou_all": 0.35432915246212787, "secs": 47.47560429573059}
  [100] running mIoU=31.66
  [200] running mIoU=32.42
  [300] running mIoU=32.18
  [400] running mIoU=32.27
  [500] running mIoU=32.36
  [600] running mIoU=32.29
  [700] running mIoU=32.00
  [800] running mIoU=32.34
  [900] running mIoU=32.40
  [1000] running mIoU=32.73
  [1100] running mIoU=33.01
  [1200] running mIoU=33.02
  [1300] running mIoU=32.85
{"variant": "naclip", "model": "ViT-B-16-quickgelu", "dataset": "voc21", "whiten": "none", "shrink": 0.5, "short": 336, "limit": null, "offset": 0, "vocab_file": "perturbed_vocabs/voc21_syn50_s2.json", "stats_vocab": null, "skip_dev": true, "miou": 0.3286522264201135, "miou_all": 0.3286522264201135, "secs": 47.46280527114868}
  [100] running mIoU=29.57
  [200] running mIoU=30.51
  [300] running mIoU=29.67
  [400] running mIoU=29.64
  [500] running mIoU=29.87
  [600] running mIoU=29.90
  [700] running mIoU=29.80
  [800] running mIoU=30.09
  [900] running mIoU=30.29
  [1000] running mIoU=30.52
  [1100] running mIoU=30.75
  [1200] running mIoU=30.83
  [1300] running mIoU=30.70
{"variant": "naclip", "model": "ViT-B-16-quickgelu", "dataset": "voc21", "whiten": "none", "shrink": 0.5, "short": 336, "limit": null, "offset": 0, "vocab_file": "perturbed_vocabs/voc21_syn100_s0.json", "stats_vocab": null, "skip_dev": true, "miou": 0.3066177154421232, "miou_all": 0.3066177154421232, "secs": 47.6578471660614}
  [100] running mIoU=43.88
  [200] running mIoU=44.18
  [300] running mIoU=42.52
  [400] running mIoU=43.49
  [500] running mIoU=43.27
  [600] running mIoU=43.20
  [700] running mIoU=43.05
  [800] running mIoU=43.03
  [900] running mIoU=42.79
  [1000] running mIoU=42.83
  [1100] running mIoU=43.35
  [1200] running mIoU=42.98
  [1300] running mIoU=42.97
{"variant": "naclip", "model": "ViT-B-16-quickgelu", "dataset": "voc21", "whiten": "none", "shrink": 0.5, "short": 336, "limit": null, "offset": 0, "vocab_file": "perturbed_vocabs/voc21_dis_near200.json", "stats_vocab": null, "skip_dev": true, "miou": 0.4269071642117819, "miou_all": 0.04056583913324625, "secs": 66.49911165237427}
Using cache found in /root/.cache/torch/hub/facebookresearch_dino_main
  [100] running mIoU=57.79
  [200] running mIoU=59.01
  [300] running mIoU=58.78
  [400] running mIoU=59.91
  [500] running mIoU=59.42
  [600] running mIoU=60.39
  [700] running mIoU=60.27
  [800] running mIoU=60.14
  [900] running mIoU=60.08
  [1000] running mIoU=59.97
  [1100] running mIoU=60.34
  [1200] running mIoU=60.39
  [1300] running mIoU=60.08
{"variant": "proxyclip", "model": "ViT-B-16-quickgelu", "dataset": "voc21", "whiten": "none", "shrink": 0.5, "short": 336, "limit": null, "offset": 0, "vocab_file": "perturbed_vocabs/voc21_official.json", "stats_vocab": null, "skip_dev": true, "miou": 0.6003110928022313, "miou_all": 0.6003110928022313, "secs": 85.79248332977295}
Using cache found in /root/.cache/torch/hub/facebookresearch_dino_main
  [100] running mIoU=37.64
  [200] running mIoU=37.78
  [300] running mIoU=37.80
  [400] running mIoU=38.14
  [500] running mIoU=38.10
  [600] running mIoU=37.99
  [700] running mIoU=37.66
  [800] running mIoU=37.83
  [900] running mIoU=37.72
  [1000] running mIoU=37.91
  [1100] running mIoU=38.13
  [1200] running mIoU=38.06
  [1300] running mIoU=37.89
{"variant": "proxyclip", "model": "ViT-B-16-quickgelu", "dataset": "voc21", "whiten": "none", "shrink": 0.5, "short": 336, "limit": null, "offset": 0, "vocab_file": "perturbed_vocabs/voc21_plain.json", "stats_vocab": null, "skip_dev": true, "miou": 0.3796293440942859, "miou_all": 0.3796293440942859, "secs": 82.33683347702026}
Using cache found in /root/.cache/torch/hub/facebookresearch_dino_main
  [100] running mIoU=34.69
  [200] running mIoU=35.48
  [300] running mIoU=35.42
  [400] running mIoU=35.91
  [500] running mIoU=35.71
  [600] running mIoU=35.59
  [700] running mIoU=35.11
  [800] running mIoU=35.22
  [900] running mIoU=35.25
  [1000] running mIoU=35.45
  [1100] running mIoU=35.62
  [1200] running mIoU=35.62
  [1300] running mIoU=35.37
{"variant": "proxyclip", "model": "ViT-B-16-quickgelu", "dataset": "voc21", "whiten": "none", "shrink": 0.5, "short": 336, "limit": null, "offset": 0, "vocab_file": "perturbed_vocabs/voc21_syn50_s0.json", "stats_vocab": null, "skip_dev": true, "miou": 0.35431660512337065, "miou_all": 0.35431660512337065, "secs": 82.53574633598328}
Using cache found in /root/.cache/torch/hub/facebookresearch_dino_main
  [100] running mIoU=34.91
  [200] running mIoU=35.52
  [300] running mIoU=35.11
  [400] running mIoU=35.59
  [500] running mIoU=35.74
  [600] running mIoU=35.84
  [700] running mIoU=35.68
  [800] running mIoU=35.91
  [900] running mIoU=35.88
  [1000] running mIoU=36.08
  [1100] running mIoU=36.31
  [1200] running mIoU=36.29
  [1300] running mIoU=36.09
{"variant": "proxyclip", "model": "ViT-B-16-quickgelu", "dataset": "voc21", "whiten": "none", "shrink": 0.5, "short": 336, "limit": null, "offset": 0, "vocab_file": "perturbed_vocabs/voc21_syn50_s1.json", "stats_vocab": null, "skip_dev": true, "miou": 0.3614299626913863, "miou_all": 0.3614299626913863, "secs": 82.77998328208923}
Using cache found in /root/.cache/torch/hub/facebookresearch_dino_main
  [100] running mIoU=33.74
  [200] running mIoU=33.74
  [300] running mIoU=33.46
  [400] running mIoU=33.57
  [500] running mIoU=33.64
  [600] running mIoU=33.58
  [700] running mIoU=33.15
  [800] running mIoU=33.51
  [900] running mIoU=33.59
  [1000] running mIoU=33.90
  [1100] running mIoU=34.09
  [1200] running mIoU=34.05
  [1300] running mIoU=33.88
{"variant": "proxyclip", "model": "ViT-B-16-quickgelu", "dataset": "voc21", "whiten": "none", "shrink": 0.5, "short": 336, "limit": null, "offset": 0, "vocab_file": "perturbed_vocabs/voc21_syn50_s2.json", "stats_vocab": null, "skip_dev": true, "miou": 0.33908682843984445, "miou_all": 0.33908682843984445, "secs": 82.51698899269104}
Using cache found in /root/.cache/torch/hub/facebookresearch_dino_main
  [100] running mIoU=31.66
  [200] running mIoU=31.93
  [300] running mIoU=30.78
  [400] running mIoU=30.84
  [500] running mIoU=31.06
  [600] running mIoU=31.15
  [700] running mIoU=30.97
  [800] running mIoU=31.25
  [900] running mIoU=31.49
  [1000] running mIoU=31.70
  [1100] running mIoU=31.86
  [1200] running mIoU=31.92
  [1300] running mIoU=31.78
{"variant": "proxyclip", "model": "ViT-B-16-quickgelu", "dataset": "voc21", "whiten": "none", "shrink": 0.5, "short": 336, "limit": null, "offset": 0, "vocab_file": "perturbed_vocabs/voc21_syn100_s0.json", "stats_vocab": null, "skip_dev": true, "miou": 0.3174375567534013, "miou_all": 0.3174375567534013, "secs": 82.70557641983032}
Using cache found in /root/.cache/torch/hub/facebookresearch_dino_main
  [100] running mIoU=47.04
  [200] running mIoU=46.96
  [300] running mIoU=45.06
  [400] running mIoU=45.91
  [500] running mIoU=45.64
  [600] running mIoU=45.54
  [700] running mIoU=45.41
  [800] running mIoU=45.34
  [900] running mIoU=45.09
  [1000] running mIoU=45.10
  [1100] running mIoU=45.49
  [1200] running mIoU=45.09
  [1300] running mIoU=45.07
{"variant": "proxyclip", "model": "ViT-B-16-quickgelu", "dataset": "voc21", "whiten": "none", "shrink": 0.5, "short": 336, "limit": null, "offset": 0, "vocab_file": "perturbed_vocabs/voc21_dis_near200.json", "stats_vocab": null, "skip_dev": true, "miou": 0.4480300560379781, "miou_all": 0.042572991750215124, "secs": 102.15285468101501}
Using cache found in /root/.cache/torch/hub/facebookresearch_dino_main
  [100] running mIoU=59.42
  [200] running mIoU=59.65
  [300] running mIoU=58.37
  [400] running mIoU=59.59
  [500] running mIoU=59.53
  [600] running mIoU=60.23
  [700] running mIoU=60.47
  [800] running mIoU=60.25
  [900] running mIoU=60.14
  [1000] running mIoU=60.22
  [1100] running mIoU=60.67
  [1200] running mIoU=60.73
  [1300] running mIoU=60.39
{"variant": "lposs", "model": "ViT-B-16-quickgelu", "dataset": "voc21", "whiten": "none", "shrink": 0.5, "short": 336, "limit": null, "offset": 0, "vocab_file": "perturbed_vocabs/voc21_official.json", "stats_vocab": null, "skip_dev": true, "miou": 0.6045227892486957, "miou_all": 0.6045227892486957, "secs": 89.19935393333435}
Using cache found in /root/.cache/torch/hub/facebookresearch_dino_main
  [100] running mIoU=41.99
  [200] running mIoU=41.39
  [300] running mIoU=41.19
  [400] running mIoU=41.31
  [500] running mIoU=41.50
  [600] running mIoU=41.08
  [700] running mIoU=40.56
  [800] running mIoU=40.65
  [900] running mIoU=40.51
  [1000] running mIoU=40.70
  [1100] running mIoU=40.99
  [1200] running mIoU=40.95
  [1300] running mIoU=40.74
{"variant": "lposs", "model": "ViT-B-16-quickgelu", "dataset": "voc21", "whiten": "none", "shrink": 0.5, "short": 336, "limit": null, "offset": 0, "vocab_file": "perturbed_vocabs/voc21_plain.json", "stats_vocab": null, "skip_dev": true, "miou": 0.408282263885964, "miou_all": 0.408282263885964, "secs": 86.68859553337097}
Using cache found in /root/.cache/torch/hub/facebookresearch_dino_main
  [100] running mIoU=39.12
  [200] running mIoU=38.86
  [300] running mIoU=38.22
  [400] running mIoU=38.82
  [500] running mIoU=38.95
  [600] running mIoU=38.60
  [700] running mIoU=38.03
  [800] running mIoU=38.09
  [900] running mIoU=38.16
  [1000] running mIoU=38.20
  [1100] running mIoU=38.34
  [1200] running mIoU=38.39
  [1300] running mIoU=38.06
{"variant": "lposs", "model": "ViT-B-16-quickgelu", "dataset": "voc21", "whiten": "none", "shrink": 0.5, "short": 336, "limit": null, "offset": 0, "vocab_file": "perturbed_vocabs/voc21_syn50_s0.json", "stats_vocab": null, "skip_dev": true, "miou": 0.3810793528292857, "miou_all": 0.3810793528292857, "secs": 87.12036490440369}
Using cache found in /root/.cache/torch/hub/facebookresearch_dino_main
  [100] running mIoU=38.35
  [200] running mIoU=38.88
  [300] running mIoU=38.27
  [400] running mIoU=38.59
  [500] running mIoU=39.08
  [600] running mIoU=38.88
  [700] running mIoU=38.46
  [800] running mIoU=38.52
  [900] running mIoU=38.53
  [1000] running mIoU=38.57
  [1100] running mIoU=38.81
  [1200] running mIoU=38.81
  [1300] running mIoU=38.62
{"variant": "lposs", "model": "ViT-B-16-quickgelu", "dataset": "voc21", "whiten": "none", "shrink": 0.5, "short": 336, "limit": null, "offset": 0, "vocab_file": "perturbed_vocabs/voc21_syn50_s1.json", "stats_vocab": null, "skip_dev": true, "miou": 0.38638490763579963, "miou_all": 0.38638490763579963, "secs": 87.38510012626648}
Using cache found in /root/.cache/torch/hub/facebookresearch_dino_main
  [100] running mIoU=37.42
  [200] running mIoU=36.62
  [300] running mIoU=36.00
  [400] running mIoU=36.06
  [500] running mIoU=36.33
  [600] running mIoU=36.02
  [700] running mIoU=35.66
  [800] running mIoU=35.96
  [900] running mIoU=35.98
  [1000] running mIoU=36.25
  [1100] running mIoU=36.45
  [1200] running mIoU=36.51
  [1300] running mIoU=36.31
{"variant": "lposs", "model": "ViT-B-16-quickgelu", "dataset": "voc21", "whiten": "none", "shrink": 0.5, "short": 336, "limit": null, "offset": 0, "vocab_file": "perturbed_vocabs/voc21_syn50_s2.json", "stats_vocab": null, "skip_dev": true, "miou": 0.3638156232608588, "miou_all": 0.3638156232608588, "secs": 86.60736417770386}
Using cache found in /root/.cache/torch/hub/facebookresearch_dino_main
  [100] running mIoU=32.74
  [200] running mIoU=32.85
  [300] running mIoU=31.85
  [400] running mIoU=31.88
  [500] running mIoU=32.53
  [600] running mIoU=32.43
  [700] running mIoU=32.28
  [800] running mIoU=32.42
  [900] running mIoU=32.68
  [1000] running mIoU=32.77
  [1100] running mIoU=32.90
  [1200] running mIoU=32.90
  [1300] running mIoU=32.71
{"variant": "lposs", "model": "ViT-B-16-quickgelu", "dataset": "voc21", "whiten": "none", "shrink": 0.5, "short": 336, "limit": null, "offset": 0, "vocab_file": "perturbed_vocabs/voc21_syn100_s0.json", "stats_vocab": null, "skip_dev": true, "miou": 0.3269564368673668, "miou_all": 0.3269564368673668, "secs": 86.34235644340515}
Using cache found in /root/.cache/torch/hub/facebookresearch_dino_main
  [100] running mIoU=47.73
  [200] running mIoU=47.50
  [300] running mIoU=45.79
  [400] running mIoU=46.58
  [500] running mIoU=46.43
  [600] running mIoU=46.14
  [700] running mIoU=46.34
  [800] running mIoU=45.83
  [900] running mIoU=45.63
  [1000] running mIoU=45.73
  [1100] running mIoU=46.23
  [1200] running mIoU=45.81
  [1300] running mIoU=45.76
{"variant": "lposs", "model": "ViT-B-16-quickgelu", "dataset": "voc21", "whiten": "none", "shrink": 0.5, "short": 336, "limit": null, "offset": 0, "vocab_file": "perturbed_vocabs/voc21_dis_near200.json", "stats_vocab": null, "skip_dev": true, "miou": 0.4554558027160236, "miou_all": 0.04327860568794795, "secs": 104.90567016601562}
  [100] running mIoU=56.08
  [200] running mIoU=57.12
  [300] running mIoU=56.66
  [400] running mIoU=57.68
  [500] running mIoU=57.39
  [600] running mIoU=58.29
  [700] running mIoU=58.27
  [800] running mIoU=58.32
  [900] running mIoU=58.30
  [1000] running mIoU=58.27
  [1100] running mIoU=58.76
  [1200] running mIoU=58.74
  [1300] running mIoU=58.46
{"variant": "scclip", "model": "ViT-B-16-quickgelu", "dataset": "voc21", "whiten": "none", "shrink": 0.5, "short": 336, "limit": null, "offset": 0, "vocab_file": "perturbed_vocabs/voc21_official.json", "stats_vocab": null, "skip_dev": true, "miou": 0.5841621218830492, "miou_all": 0.5841621218830492, "secs": 53.336040019989014}
  [100] running mIoU=37.26
  [200] running mIoU=37.95
  [300] running mIoU=38.05
  [400] running mIoU=38.37
  [500] running mIoU=38.28
  [600] running mIoU=38.07
  [700] running mIoU=37.84
  [800] running mIoU=37.98
  [900] running mIoU=37.92
  [1000] running mIoU=38.16
  [1100] running mIoU=38.44
  [1200] running mIoU=38.39
  [1300] running mIoU=38.23
{"variant": "scclip", "model": "ViT-B-16-quickgelu", "dataset": "voc21", "whiten": "none", "shrink": 0.5, "short": 336, "limit": null, "offset": 0, "vocab_file": "perturbed_vocabs/voc21_plain.json", "stats_vocab": null, "skip_dev": true, "miou": 0.3827593524986946, "miou_all": 0.3827593524986946, "secs": 50.9079053401947}
  [100] running mIoU=34.34
  [200] running mIoU=35.44
  [300] running mIoU=35.31
  [400] running mIoU=35.77
  [500] running mIoU=35.65
  [600] running mIoU=35.45
  [700] running mIoU=35.13
  [800] running mIoU=35.22
  [900] running mIoU=35.36
  [1000] running mIoU=35.56
  [1100] running mIoU=35.82
  [1200] running mIoU=35.84
  [1300] running mIoU=35.58
{"variant": "scclip", "model": "ViT-B-16-quickgelu", "dataset": "voc21", "whiten": "none", "shrink": 0.5, "short": 336, "limit": null, "offset": 0, "vocab_file": "perturbed_vocabs/voc21_syn50_s0.json", "stats_vocab": null, "skip_dev": true, "miou": 0.3559623631943432, "miou_all": 0.3559623631943432, "secs": 50.81280755996704}
  [100] running mIoU=35.04
  [200] running mIoU=36.18
  [300] running mIoU=35.82
  [400] running mIoU=36.26
  [500] running mIoU=36.42
  [600] running mIoU=36.33
  [700] running mIoU=36.18
  [800] running mIoU=36.32
  [900] running mIoU=36.32
  [1000] running mIoU=36.51
  [1100] running mIoU=36.81
  [1200] running mIoU=36.79
  [1300] running mIoU=36.61
{"variant": "scclip", "model": "ViT-B-16-quickgelu", "dataset": "voc21", "whiten": "none", "shrink": 0.5, "short": 336, "limit": null, "offset": 0, "vocab_file": "perturbed_vocabs/voc21_syn50_s1.json", "stats_vocab": null, "skip_dev": true, "miou": 0.3662544706120153, "miou_all": 0.3662544706120153, "secs": 50.849138259887695}
  [100] running mIoU=33.21
  [200] running mIoU=33.86
  [300] running mIoU=33.56
  [400] running mIoU=33.63
  [500] running mIoU=33.69
  [600] running mIoU=33.49
  [700] running mIoU=33.22
  [800] running mIoU=33.52
  [900] running mIoU=33.60
  [1000] running mIoU=33.94
  [1100] running mIoU=34.21
  [1200] running mIoU=34.23
  [1300] running mIoU=34.05
{"variant": "scclip", "model": "ViT-B-16-quickgelu", "dataset": "voc21", "whiten": "none", "shrink": 0.5, "short": 336, "limit": null, "offset": 0, "vocab_file": "perturbed_vocabs/voc21_syn50_s2.json", "stats_vocab": null, "skip_dev": true, "miou": 0.3407355910482285, "miou_all": 0.3407355910482285, "secs": 50.99112105369568}
  [100] running mIoU=30.81
  [200] running mIoU=31.60
  [300] running mIoU=30.68
  [400] running mIoU=30.59
  [500] running mIoU=30.91
  [600] running mIoU=30.85
  [700] running mIoU=30.77
  [800] running mIoU=31.02
  [900] running mIoU=31.26
  [1000] running mIoU=31.49
  [1100] running mIoU=31.72
  [1200] running mIoU=31.79
  [1300] running mIoU=31.64
{"variant": "scclip", "model": "ViT-B-16-quickgelu", "dataset": "voc21", "whiten": "none", "shrink": 0.5, "short": 336, "limit": null, "offset": 0, "vocab_file": "perturbed_vocabs/voc21_syn100_s0.json", "stats_vocab": null, "skip_dev": true, "miou": 0.316122779687762, "miou_all": 0.316122779687762, "secs": 50.9069607257843}
  [100] running mIoU=45.71
  [200] running mIoU=45.88
  [300] running mIoU=44.19
  [400] running mIoU=45.08
  [500] running mIoU=44.88
  [600] running mIoU=44.71
  [700] running mIoU=44.67
  [800] running mIoU=44.54
  [900] running mIoU=44.31
  [1000] running mIoU=44.41
  [1100] running mIoU=44.91
  [1200] running mIoU=44.46
  [1300] running mIoU=44.42
{"variant": "scclip", "model": "ViT-B-16-quickgelu", "dataset": "voc21", "whiten": "none", "shrink": 0.5, "short": 336, "limit": null, "offset": 0, "vocab_file": "perturbed_vocabs/voc21_dis_near200.json", "stats_vocab": null, "skip_dev": true, "miou": 0.4412415710529502, "miou_all": 0.04192793209100432, "secs": 68.75027704238892}
