/media/dell/DATA/ovss/miniconda3/envs/ovss/lib/python3.10/site-packages/segment_anything/build_sam.py:105: FutureWarning: You are using `torch.load` with `weights_only=False` (the current default value), which uses the default pickle module implicitly. It is possible to construct malicious pickle data which will execute arbitrary code during unpickling (See https://github.com/pytorch/pytorch/blob/main/SECURITY.md#untrusted-models for more details). In a future release, the default value for `weights_only` will be flipped to `True`. This limits the functions that could be executed during unpickling. Arbitrary objects will no longer be allowed to be loaded via this mode unless they are explicitly allowlisted by the user via `torch.serialization.add_safe_globals`. We recommend you start setting `weights_only=True` for any use case where you don't have full control of the loaded file. Please open an issue on GitHub for any issues related to this experimental feature.
  state_dict = torch.load(f)
/media/dell/DATA/ovss/miniconda3/envs/ovss/lib/python3.10/site-packages/transformers/models/owlvit/processing_owlvit.py:233: FutureWarning: `post_process_object_detection` method is deprecated for OwlVitProcessor and will be removed in v5. Use `post_process_grounded_object_detection` instead.
  warnings.warn(
[25] mIoU=71.44
[50] mIoU=70.30
[75] mIoU=68.65
[100] mIoU=64.62
[125] mIoU=64.98
[150] mIoU=64.68
[175] mIoU=65.90
[200] mIoU=66.45
[225] mIoU=66.77
[250] mIoU=66.58
[275] mIoU=65.58
[300] mIoU=63.97
{"vocab": "perturbed_vocabs/voc21_plain.json", "miou_gt": 63.97, "miou_all": 63.97}
/media/dell/DATA/ovss/miniconda3/envs/ovss/lib/python3.10/site-packages/timm/models/_factory.py:138: UserWarning: Mapping deprecated model name tf_efficientnet_b5_ns to current tf_efficientnet_b5.ns_jft_in1k.
  model = create_fn(
Unexpected keys (bn2.num_batches_tracked, bn2.bias, bn2.running_mean, bn2.running_var, bn2.weight, classifier.bias, classifier.weight, conv_head.weight) found while loading pretrained weights. This may be expected if model is being adapted.
Some weights of RobertaModel were not initialized from the model checkpoint at roberta-base and are newly initialized: ['roberta.pooler.dense.bias', 'roberta.pooler.dense.weight']
You should probably TRAIN this model on a down-stream task to be able to use it for predictions and inference.
/media/dell/DATA/ovss/miniconda3/envs/ovss/lib/python3.10/site-packages/segment_anything/build_sam.py:105: FutureWarning: You are using `torch.load` with `weights_only=False` (the current default value), which uses the default pickle module implicitly. It is possible to construct malicious pickle data which will execute arbitrary code during unpickling (See https://github.com/pytorch/pytorch/blob/main/SECURITY.md#untrusted-models for more details). In a future release, the default value for `weights_only` will be flipped to `True`. This limits the functions that could be executed during unpickling. Arbitrary objects will no longer be allowed to be loaded via this mode unless they are explicitly allowlisted by the user via `torch.serialization.add_safe_globals`. We recommend you start setting `weights_only=True` for any use case where you don't have full control of the loaded file. Please open an issue on GitHub for any issues related to this experimental feature.
  state_dict = torch.load(f)
Traceback (most recent call last):
  File "/media/dell/DATA/ovss/research_run/ovss/stage4_experiments/vocabaudit/probe_crossfam_mdetr.py", line 115, in <module>
    main()
  File "/media/dell/DATA/ovss/research_run/ovss/stage4_experiments/vocabaudit/probe_crossfam_mdetr.py", line 77, in main
    probs = 1 - out["pred_logits"].softmax(-1)[0, :, -1]
KeyError: 'pred_logits'
/media/dell/DATA/ovss/miniconda3/envs/ovss/lib/python3.10/site-packages/segment_anything/build_sam.py:105: FutureWarning: You are using `torch.load` with `weights_only=False` (the current default value), which uses the default pickle module implicitly. It is possible to construct malicious pickle data which will execute arbitrary code during unpickling (See https://github.com/pytorch/pytorch/blob/main/SECURITY.md#untrusted-models for more details). In a future release, the default value for `weights_only` will be flipped to `True`. This limits the functions that could be executed during unpickling. Arbitrary objects will no longer be allowed to be loaded via this mode unless they are explicitly allowlisted by the user via `torch.serialization.add_safe_globals`. We recommend you start setting `weights_only=True` for any use case where you don't have full control of the loaded file. Please open an issue on GitHub for any issues related to this experimental feature.
  state_dict = torch.load(f)
/media/dell/DATA/ovss/miniconda3/envs/ovss/lib/python3.10/site-packages/transformers/models/owlvit/processing_owlvit.py:233: FutureWarning: `post_process_object_detection` method is deprecated for OwlVitProcessor and will be removed in v5. Use `post_process_grounded_object_detection` instead.
  warnings.warn(
[25] mIoU=51.75
[50] mIoU=48.18
[75] mIoU=46.61
[100] mIoU=44.51
[125] mIoU=45.90
[150] mIoU=45.75
[175] mIoU=47.20
[200] mIoU=47.73
[225] mIoU=47.19
[250] mIoU=46.84
[275] mIoU=45.98
[300] mIoU=44.97
{"vocab": "perturbed_vocabs/voc21_syn100_s0.json", "miou_gt": 44.97, "miou_all": 44.97}
/media/dell/DATA/ovss/miniconda3/envs/ovss/lib/python3.10/site-packages/timm/models/_factory.py:138: UserWarning: Mapping deprecated model name tf_efficientnet_b5_ns to current tf_efficientnet_b5.ns_jft_in1k.
  model = create_fn(
Unexpected keys (bn2.num_batches_tracked, bn2.bias, bn2.running_mean, bn2.running_var, bn2.weight, classifier.bias, classifier.weight, conv_head.weight) found while loading pretrained weights. This may be expected if model is being adapted.
Some weights of RobertaModel were not initialized from the model checkpoint at roberta-base and are newly initialized: ['roberta.pooler.dense.bias', 'roberta.pooler.dense.weight']
You should probably TRAIN this model on a down-stream task to be able to use it for predictions and inference.
/media/dell/DATA/ovss/miniconda3/envs/ovss/lib/python3.10/site-packages/segment_anything/build_sam.py:105: FutureWarning: You are using `torch.load` with `weights_only=False` (the current default value), which uses the default pickle module implicitly. It is possible to construct malicious pickle data which will execute arbitrary code during unpickling (See https://github.com/pytorch/pytorch/blob/main/SECURITY.md#untrusted-models for more details). In a future release, the default value for `weights_only` will be flipped to `True`. This limits the functions that could be executed during unpickling. Arbitrary objects will no longer be allowed to be loaded via this mode unless they are explicitly allowlisted by the user via `torch.serialization.add_safe_globals`. We recommend you start setting `weights_only=True` for any use case where you don't have full control of the loaded file. Please open an issue on GitHub for any issues related to this experimental feature.
  state_dict = torch.load(f)
Traceback (most recent call last):
  File "/media/dell/DATA/ovss/research_run/ovss/stage4_experiments/vocabaudit/probe_crossfam_mdetr.py", line 115, in <module>
    main()
  File "/media/dell/DATA/ovss/research_run/ovss/stage4_experiments/vocabaudit/probe_crossfam_mdetr.py", line 77, in main
    probs = 1 - out["pred_logits"].softmax(-1)[0, :, -1]
KeyError: 'pred_logits'
w7b_done
/media/dell/DATA/ovss/miniconda3/envs/ovss/lib/python3.10/site-packages/timm/models/_factory.py:138: UserWarning: Mapping deprecated model name tf_efficientnet_b5_ns to current tf_efficientnet_b5.ns_jft_in1k.
  model = create_fn(
Unexpected keys (bn2.num_batches_tracked, bn2.bias, bn2.running_mean, bn2.running_var, bn2.weight, classifier.bias, classifier.weight, conv_head.weight) found while loading pretrained weights. This may be expected if model is being adapted.
Some weights of RobertaModel were not initialized from the model checkpoint at roberta-base and are newly initialized: ['roberta.pooler.dense.bias', 'roberta.pooler.dense.weight']
You should probably TRAIN this model on a down-stream task to be able to use it for predictions and inference.
/media/dell/DATA/ovss/miniconda3/envs/ovss/lib/python3.10/site-packages/segment_anything/build_sam.py:105: FutureWarning: You are using `torch.load` with `weights_only=False` (the current default value), which uses the default pickle module implicitly. It is possible to construct malicious pickle data which will execute arbitrary code during unpickling (See https://github.com/pytorch/pytorch/blob/main/SECURITY.md#untrusted-models for more details). In a future release, the default value for `weights_only` will be flipped to `True`. This limits the functions that could be executed during unpickling. Arbitrary objects will no longer be allowed to be loaded via this mode unless they are explicitly allowlisted by the user via `torch.serialization.add_safe_globals`. We recommend you start setting `weights_only=True` for any use case where you don't have full control of the loaded file. Please open an issue on GitHub for any issues related to this experimental feature.
  state_dict = torch.load(f)
[25] mIoU=4.01
[50] mIoU=3.78
[75] mIoU=3.49
[100] mIoU=3.38
[125] mIoU=3.44
[150] mIoU=3.44
[175] mIoU=3.47
[200] mIoU=3.48
[225] mIoU=3.44
[250] mIoU=3.41
[275] mIoU=3.44
[300] mIoU=3.43
{"vocab": "perturbed_vocabs/voc21_plain.json", "miou_gt": 3.43, "miou_all": 3.43}
/media/dell/DATA/ovss/miniconda3/envs/ovss/lib/python3.10/site-packages/timm/models/_factory.py:138: UserWarning: Mapping deprecated model name tf_efficientnet_b5_ns to current tf_efficientnet_b5.ns_jft_in1k.
  model = create_fn(
Unexpected keys (bn2.num_batches_tracked, bn2.bias, bn2.running_mean, bn2.running_var, bn2.weight, classifier.bias, classifier.weight, conv_head.weight) found while loading pretrained weights. This may be expected if model is being adapted.
Some weights of RobertaModel were not initialized from the model checkpoint at roberta-base and are newly initialized: ['roberta.pooler.dense.bias', 'roberta.pooler.dense.weight']
You should probably TRAIN this model on a down-stream task to be able to use it for predictions and inference.
/media/dell/DATA/ovss/miniconda3/envs/ovss/lib/python3.10/site-packages/segment_anything/build_sam.py:105: FutureWarning: You are using `torch.load` with `weights_only=False` (the current default value), which uses the default pickle module implicitly. It is possible to construct malicious pickle data which will execute arbitrary code during unpickling (See https://github.com/pytorch/pytorch/blob/main/SECURITY.md#untrusted-models for more details). In a future release, the default value for `weights_only` will be flipped to `True`. This limits the functions that could be executed during unpickling. Arbitrary objects will no longer be allowed to be loaded via this mode unless they are explicitly allowlisted by the user via `torch.serialization.add_safe_globals`. We recommend you start setting `weights_only=True` for any use case where you don't have full control of the loaded file. Please open an issue on GitHub for any issues related to this experimental feature.
  state_dict = torch.load(f)
[25] mIoU=4.01
[50] mIoU=3.78
[75] mIoU=3.49
[100] mIoU=3.38
[125] mIoU=3.44
[150] mIoU=3.44
[175] mIoU=3.47
[200] mIoU=3.48
[225] mIoU=3.44
[250] mIoU=3.41
[275] mIoU=3.44
[300] mIoU=3.43
{"vocab": "perturbed_vocabs/voc21_syn100_s0.json", "miou_gt": 3.43, "miou_all": 3.43}
mdetr_done
